OpenTitan UVM runtime
command: /private/tmp/current-tools/bin/vvp -n /private/tmp/pi/i2c-current-image-overlay-20261002/build/runtime/lowrisc_dv_i2c_sim_0.1/matrix-runtime.vvp +UVM_NO_RELNOTES +UVM_VERBOSITY=UVM_LOW +cdc_instrumentation_enabled=1 +smoke_test=1 +UVM_TESTNAME=i2c_base_test +UVM_TEST_SEQ=i2c_host_smoke_vseq
returncode: 0
duration_seconds: 756.713

UVM_INFO @ 0 ps: reporter [RNTST] Running test i2c_base_test...
UVM_INFO @    753743 ps: (i2c_reference_model.sv:714) uvm_test_top.env.model [uvm_test_top.env.model] i2c_reference_model is reset now.
UVM_INFO @    753743 ps: (i2c_scoreboard.sv:711) uvm_test_top.env.scoreboard [uvm_test_top.env.scoreboard] i2c_scoreboard is reset now.
UVM_INFO @   1430510 ps: (i2c_base_vseq.sv:334) uvm_test_top.env.virtual_sequencer [uvm_test_top.env.virtual_sequencer.i2c_host_smoke_vseq] 
  initialization is done, DUT/AGENT = Host/Target
UVM_INFO @ 1347823112 ps: (uvm_report_catcher.svh:705) [UVM/REPORT/CATCHER] 
--- UVM Report catcher Summary ---


Number of demoted UVM_FATAL reports  :    0
Number of demoted UVM_ERROR reports  :    0
Number of demoted UVM_WARNING reports:    0
Number of caught UVM_FATAL reports   :    0
Number of caught UVM_ERROR reports   :    0
Number of caught UVM_WARNING reports :    0

UVM_INFO @ 1347823112 ps: (uvm_report_server.svh:847) [UVM/REPORT/SERVER] 
--- UVM Report Summary ---

Quit count :     0 of     1
** Report counts by severity
UVM_INFO :    5
UVM_WARNING :    0
UVM_ERROR :    0
UVM_FATAL :    0
** Report counts by id
[RNTST]     1
[UVM/REPORT/CATCHER]     1
[uvm_test_top.env.model]     1
[uvm_test_top.env.scoreboard]     1
[uvm_test_top.env.virtual_sequencer.i2c_host_smoke_vseq]     1


TEST PASSED CHECKS
 _____         _                                  _ _ 
|_   _|__  ___| |_   _ __   __ _ ___ ___  ___  __| | |
  | |/ _ \/ __| __| | '_ \ / _` / __/ __|/ _ \/ _` | |
  | |  __/\__ \ |_  | |_) | (_| \__ \__ \  __/ (_| |_|
  |_|\___||___/\__| | .__/ \__,_|___/___/\___|\__,_(_)
                    |_|                               

/Users/danielellerbrock/projects/iverilog_uvm/iverilog-uvm-campaign-20260908/third_party/uvm-releases/sources/1.2/uvm-1.2/src/base/uvm_root.svh:517: $finish called at 1347823112 (1ps)
