OpenTitan Icarus compile
command: /private/tmp/current-tools/bin/iverilog -g2012 -stb -si2c_bind -ssec_cm_prim_count_bind -ssec_cm_prim_double_lfsr_bind -ssec_cm_prim_onehot_check_bind -ssec_cm_prim_sparse_fsm_flop_bind -gcommercial-unsafe -uvm -DUVM -DUVM_NO_DEPRECATED -DUVM_REG_ADDR_WIDTH=32 -DUVM_REG_DATA_WIDTH=32 -DUVM_REG_BYTENABLE_WIDTH=4 -DUVM_REGEX_NO_DPI -DSIMULATION -DDUT_HIER=tb.dut --uvm-home=/Users/danielellerbrock/projects/iverilog_uvm/iverilog-uvm-campaign-20260908/third_party/uvm-releases/sources/1.2/uvm-1.2/src -o /private/tmp/pi/i2c-current-image-overlay-20261002/build/runtime/lowrisc_dv_i2c_sim_0.1/matrix-runtime.vvp -c /private/tmp/pi/i2c-current-image-overlay-20261002/build/runtime/lowrisc_dv_i2c_sim_0.1/matrix-iverilog.scr
returncode: 0
duration_seconds: 3.983

../src/lowrisc_dv_i2c_agent_0.1/i2c_monitor.sv:85: warning: User function 'reset_state' is being called as a task.
../src/lowrisc_dv_i2c_sim_0.1/tb/tb.sv:78: warning: input port rst_n is coerced to inout.
../src/lowrisc_fpv_i2c_csr_assert_0/i2c_csr_assert_fpv.sv:91: warning: A non-blocking assignment should not be used in an always_comb process.
../src/lowrisc_fpv_i2c_csr_assert_0/i2c_csr_assert_fpv.sv:92: warning: A non-blocking assignment should not be used in an always_comb process.
../src/lowrisc_fpv_i2c_csr_assert_0/i2c_csr_assert_fpv.sv:93: warning: A non-blocking assignment should not be used in an always_comb process.
../src/lowrisc_fpv_i2c_csr_assert_0/i2c_csr_assert_fpv.sv:94: warning: A non-blocking assignment should not be used in an always_comb process.
../src/lowrisc_fpv_i2c_csr_assert_0/i2c_csr_assert_fpv.sv:95: warning: A non-blocking assignment should not be used in an always_comb process.
../src/lowrisc_fpv_i2c_csr_assert_0/i2c_csr_assert_fpv.sv:96: warning: A non-blocking assignment should not be used in an always_comb process.
../src/lowrisc_fpv_i2c_csr_assert_0/i2c_csr_assert_fpv.sv:97: warning: A non-blocking assignment should not be used in an always_comb process.
../src/lowrisc_fpv_i2c_csr_assert_0/i2c_csr_assert_fpv.sv:98: warning: A non-blocking assignment should not be used in an always_comb process.
../src/lowrisc_fpv_i2c_csr_assert_0/i2c_csr_assert_fpv.sv:99: warning: A non-blocking assignment should not be used in an always_comb process.
../src/lowrisc_fpv_i2c_csr_assert_0/i2c_csr_assert_fpv.sv:100: warning: A non-blocking assignment should not be used in an always_comb process.
../src/lowrisc_fpv_i2c_csr_assert_0/i2c_csr_assert_fpv.sv:101: warning: A non-blocking assignment should not be used in an always_comb process.
../src/lowrisc_fpv_i2c_csr_assert_0/i2c_csr_assert_fpv.sv:102: warning: A non-blocking assignment should not be used in an always_comb process.
../src/lowrisc_fpv_i2c_csr_assert_0/i2c_csr_assert_fpv.sv:103: warning: A non-blocking assignment should not be used in an always_comb process.
../src/lowrisc_fpv_i2c_csr_assert_0/i2c_csr_assert_fpv.sv:104: warning: A non-blocking assignment should not be used in an always_comb process.
../src/lowrisc_fpv_i2c_csr_assert_0/i2c_csr_assert_fpv.sv:105: warning: A non-blocking assignment should not be used in an always_comb process.
../src/lowrisc_fpv_i2c_csr_assert_0/i2c_csr_assert_fpv.sv:106: warning: A non-blocking assignment should not be used in an always_comb process.
../src/lowrisc_fpv_i2c_csr_assert_0/i2c_csr_assert_fpv.sv:107: warning: A non-blocking assignment should not be used in an always_comb process.
../src/lowrisc_fpv_i2c_csr_assert_0/i2c_csr_assert_fpv.sv:108: warning: A non-blocking assignment should not be used in an always_comb process.
../src/lowrisc_fpv_i2c_csr_assert_0/i2c_csr_assert_fpv.sv:109: warning: A non-blocking assignment should not be used in an always_comb process.
../src/lowrisc_fpv_i2c_csr_assert_0/i2c_csr_assert_fpv.sv:110: warning: A non-blocking assignment should not be used in an always_comb process.
../src/lowrisc_fpv_i2c_csr_assert_0/i2c_csr_assert_fpv.sv:112: warning: A non-blocking assignment should not be used in an always_comb process.
iverilog: note: wrote DPI export C stubs to /private/tmp/pi/i2c-current-image-overlay-20261002/build/runtime/lowrisc_dv_i2c_sim_0.1/matrix-runtime.dpiexport.c (compile it into your DPI object).
