OpenTitan Icarus compile
command: /Users/danielellerbrock/projects/iverilog_uvm/iverilog-uvm-opentitan-package-self-qual-20260925/local-install/bin/iverilog -g2012 -stb -sedn_bind -sedn_cov_bind -ssec_cm_prim_count_bind -ssec_cm_prim_double_lfsr_bind -ssec_cm_prim_onehot_check_bind -ssec_cm_prim_sparse_fsm_flop_bind -gcommercial-unsafe -uvm -DUVM -DUVM_NO_DEPRECATED -DUVM_REG_ADDR_WIDTH=32 -DUVM_REG_DATA_WIDTH=32 -DUVM_REG_BYTENABLE_WIDTH=4 -DUVM_REGEX_NO_DPI -DSIMULATION -DDUT_HIER=tb.dut --uvm-home=/Users/danielellerbrock/projects/iverilog_uvm/iverilog-uvm-campaign-20260908/third_party/uvm-releases/sources/1.2/uvm-1.2/src -o /private/tmp/ot-edn-package-self-qual-20260925/work/runtime/lowrisc_dv_edn_sim_0.1/matrix-runtime.vvp -c /private/tmp/ot-edn-package-self-qual-20260925/work/runtime/lowrisc_dv_edn_sim_0.1/matrix-iverilog.scr
returncode: 0
duration_seconds: 3.078

../src/lowrisc_dv_edn_env_0.1/seq_lib/edn_common_vseq.sv:125: warning: User function 'uvm_hdl_read' is being called as a task.
../src/lowrisc_dv_edn_sim_0.1/tb.sv:36: warning: input port rst_n is coerced to inout.
sorry: covergroup bin 'none' has a runtime range expression that cannot be represented; the bin is dropped.
sorry: covergroup bin 'some' has a runtime range expression that cannot be represented; the bin is dropped.
sorry: covergroup bin 'all' has a runtime range expression that cannot be represented; the bin is dropped.
../src/lowrisc_fpv_edn_csr_assert_0/edn_csr_assert_fpv.sv:91: warning: A non-blocking assignment should not be used in an always_comb process.
../src/lowrisc_fpv_edn_csr_assert_0/edn_csr_assert_fpv.sv:92: warning: A non-blocking assignment should not be used in an always_comb process.
../src/lowrisc_fpv_edn_csr_assert_0/edn_csr_assert_fpv.sv:93: warning: A non-blocking assignment should not be used in an always_comb process.
../src/lowrisc_fpv_edn_csr_assert_0/edn_csr_assert_fpv.sv:94: warning: A non-blocking assignment should not be used in an always_comb process.
../src/lowrisc_fpv_edn_csr_assert_0/edn_csr_assert_fpv.sv:95: warning: A non-blocking assignment should not be used in an always_comb process.
../src/lowrisc_fpv_edn_csr_assert_0/edn_csr_assert_fpv.sv:96: warning: A non-blocking assignment should not be used in an always_comb process.
../src/lowrisc_fpv_edn_csr_assert_0/edn_csr_assert_fpv.sv:97: warning: A non-blocking assignment should not be used in an always_comb process.
../src/lowrisc_fpv_edn_csr_assert_0/edn_csr_assert_fpv.sv:98: warning: A non-blocking assignment should not be used in an always_comb process.
../src/lowrisc_fpv_edn_csr_assert_0/edn_csr_assert_fpv.sv:99: warning: A non-blocking assignment should not be used in an always_comb process.
../src/lowrisc_fpv_edn_csr_assert_0/edn_csr_assert_fpv.sv:100: warning: A non-blocking assignment should not be used in an always_comb process.
../src/lowrisc_fpv_edn_csr_assert_0/edn_csr_assert_fpv.sv:101: warning: A non-blocking assignment should not be used in an always_comb process.
../src/lowrisc_fpv_edn_csr_assert_0/edn_csr_assert_fpv.sv:102: warning: A non-blocking assignment should not be used in an always_comb process.
../src/lowrisc_fpv_edn_csr_assert_0/edn_csr_assert_fpv.sv:104: warning: A non-blocking assignment should not be used in an always_comb process.
../src/lowrisc_prim_onehot_check_0/rtl/prim_onehot_check.sv:60: vvp.tgt warning: uwire "and_tree" has 63 drivers (compile-progress: treated as wire).
../src/lowrisc_prim_onehot_check_0/rtl/prim_onehot_check.sv:61: vvp.tgt warning: uwire "err_tree" has 63 drivers (compile-progress: treated as wire).
../src/lowrisc_prim_onehot_check_0/rtl/prim_onehot_check.sv:59: vvp.tgt warning: uwire "or_tree" has 63 drivers (compile-progress: treated as wire).
iverilog: note: wrote DPI export C stubs to /private/tmp/ot-edn-package-self-qual-20260925/work/runtime/lowrisc_dv_edn_sim_0.1/matrix-runtime.dpiexport.c (compile it into your DPI object).
