OpenTitan Icarus compile
command: /Users/danielellerbrock/projects/iverilog_uvm/iverilog-uvm-opentitan-package-self-qual-20260925/local-install/bin/iverilog -g2012 -stb -sotbn_bind -ssec_cm_prim_count_bind -ssec_cm_prim_double_lfsr_bind -ssec_cm_prim_onehot_check_bind -ssec_cm_prim_sparse_fsm_flop_bind -gcommercial-unsafe -uvm -DUVM -DUVM_NO_DEPRECATED -DUVM_REG_ADDR_WIDTH=32 -DUVM_REG_DATA_WIDTH=32 -DUVM_REG_BYTENABLE_WIDTH=4 -DUVM_REGEX_NO_DPI -DSIMULATION -DDUT_HIER=tb.dut --uvm-home=/Users/danielellerbrock/projects/iverilog_uvm/iverilog-uvm-campaign-20260908/third_party/uvm-releases/sources/1.2/uvm-1.2/src -o /private/tmp/ot-otbn-package-self-qual-20260925/work/uvm/lowrisc_dv_otbn_sim_0.1/matrix-uvm.vvp -c /private/tmp/ot-otbn-package-self-qual-20260925/work/uvm/lowrisc_dv_otbn_sim_0.1/matrix-iverilog.scr
returncode: 208
duration_seconds: 6.095

../src/lowrisc_dv_otbn_env_0.1/otbn_env_cov.sv:565: error: covergroup bin `csr_load_checksum' range expression references mutable enclosing-class property `csr_load_checksum'; IEEE 1800 19.5 permits only constant expressions, enclosing-class global or instance constants, or non-ref covergroup arguments.
../src/lowrisc_dv_otbn_env_0.1/otbn_env_cov.sv:566: error: covergroup bin `csr_ctrl' range expression references mutable enclosing-class property `csr_ctrl'; IEEE 1800 19.5 permits only constant expressions, enclosing-class global or instance constants, or non-ref covergroup arguments.
../src/lowrisc_dv_otbn_env_0.1/otbn_env_cov.sv:723: error: covergroup bin `mnem_add' range expression references mutable enclosing-class property `mnem_add'; IEEE 1800 19.5 permits only constant expressions, enclosing-class global or instance constants, or non-ref covergroup arguments.
../src/lowrisc_dv_otbn_env_0.1/otbn_env_cov.sv:723: error: covergroup bin `mnem_addi' range expression references mutable enclosing-class property `mnem_addi'; IEEE 1800 19.5 permits only constant expressions, enclosing-class global or instance constants, or non-ref covergroup arguments.
../src/lowrisc_dv_otbn_env_0.1/otbn_env_cov.sv:724: error: covergroup bin `mnem_lui' range expression references mutable enclosing-class property `mnem_lui'; IEEE 1800 19.5 permits only constant expressions, enclosing-class global or instance constants, or non-ref covergroup arguments.
../src/lowrisc_dv_otbn_env_0.1/otbn_env_cov.sv:724: error: covergroup bin `mnem_sub' range expression references mutable enclosing-class property `mnem_sub'; IEEE 1800 19.5 permits only constant expressions, enclosing-class global or instance constants, or non-ref covergroup arguments.
../src/lowrisc_dv_otbn_env_0.1/otbn_env_cov.sv:725: error: covergroup bin `mnem_sll' range expression references mutable enclosing-class property `mnem_sll'; IEEE 1800 19.5 permits only constant expressions, enclosing-class global or instance constants, or non-ref covergroup arguments.
../src/lowrisc_dv_otbn_env_0.1/otbn_env_cov.sv:725: error: covergroup bin `mnem_slli' range expression references mutable enclosing-class property `mnem_slli'; IEEE 1800 19.5 permits only constant expressions, enclosing-class global or instance constants, or non-ref covergroup arguments.
../src/lowrisc_dv_otbn_env_0.1/otbn_env_cov.sv:726: error: covergroup bin `mnem_srl' range expression references mutable enclosing-class property `mnem_srl'; IEEE 1800 19.5 permits only constant expressions, enclosing-class global or instance constants, or non-ref covergroup arguments.
../src/lowrisc_dv_otbn_env_0.1/otbn_env_cov.sv:726: error: covergroup bin `mnem_srli' range expression references mutable enclosing-class property `mnem_srli'; IEEE 1800 19.5 permits only constant expressions, enclosing-class global or instance constants, or non-ref covergroup arguments.
../src/lowrisc_dv_otbn_env_0.1/otbn_env_cov.sv:727: error: covergroup bin `mnem_sra' range expression references mutable enclosing-class property `mnem_sra'; IEEE 1800 19.5 permits only constant expressions, enclosing-class global or instance constants, or non-ref covergroup arguments.
../src/lowrisc_dv_otbn_env_0.1/otbn_env_cov.sv:727: error: covergroup bin `mnem_srai' range expression references mutable enclosing-class property `mnem_srai'; IEEE 1800 19.5 permits only constant expressions, enclosing-class global or instance constants, or non-ref covergroup arguments.
../src/lowrisc_dv_otbn_env_0.1/otbn_env_cov.sv:728: error: covergroup bin `mnem_and' range expression references mutable enclosing-class property `mnem_and'; IEEE 1800 19.5 permits only constant expressions, enclosing-class global or instance constants, or non-ref covergroup arguments.
../src/lowrisc_dv_otbn_env_0.1/otbn_env_cov.sv:728: error: covergroup bin `mnem_andi' range expression references mutable enclosing-class property `mnem_andi'; IEEE 1800 19.5 permits only constant expressions, enclosing-class global or instance constants, or non-ref covergroup arguments.
../src/lowrisc_dv_otbn_env_0.1/otbn_env_cov.sv:729: error: covergroup bin `mnem_or' range expression references mutable enclosing-class property `mnem_or'; IEEE 1800 19.5 permits only constant expressions, enclosing-class global or instance constants, or non-ref covergroup arguments.
../src/lowrisc_dv_otbn_env_0.1/otbn_env_cov.sv:729: error: covergroup bin `mnem_ori' range expression references mutable enclosing-class property `mnem_ori'; IEEE 1800 19.5 permits only constant expressions, enclosing-class global or instance constants, or non-ref covergroup arguments.
../src/lowrisc_dv_otbn_env_0.1/otbn_env_cov.sv:730: error: covergroup bin `mnem_xor' range expression references mutable enclosing-class property `mnem_xor'; IEEE 1800 19.5 permits only constant expressions, enclosing-class global or instance constants, or non-ref covergroup arguments.
../src/lowrisc_dv_otbn_env_0.1/otbn_env_cov.sv:730: error: covergroup bin `mnem_xori' range expression references mutable enclosing-class property `mnem_xori'; IEEE 1800 19.5 permits only constant expressions, enclosing-class global or instance constants, or non-ref covergroup arguments.
../src/lowrisc_dv_otbn_env_0.1/otbn_env_cov.sv:731: error: covergroup bin `mnem_lw' range expression references mutable enclosing-class property `mnem_lw'; IEEE 1800 19.5 permits only constant expressions, enclosing-class global or instance constants, or non-ref covergroup arguments.
../src/lowrisc_dv_otbn_env_0.1/otbn_env_cov.sv:731: error: covergroup bin `mnem_sw' range expression references mutable enclosing-class property `mnem_sw'; IEEE 1800 19.5 permits only constant expressions, enclosing-class global or instance constants, or non-ref covergroup arguments.
../src/lowrisc_dv_otbn_env_0.1/otbn_env_cov.sv:732: error: covergroup bin `mnem_beq' range expression references mutable enclosing-class property `mnem_beq'; IEEE 1800 19.5 permits only constant expressions, enclosing-class global or instance constants, or non-ref covergroup arguments.
../src/lowrisc_dv_otbn_env_0.1/otbn_env_cov.sv:732: error: covergroup bin `mnem_bne' range expression references mutable enclosing-class property `mnem_bne'; IEEE 1800 19.5 permits only constant expressions, enclosing-class global or instance constants, or non-ref covergroup arguments.
../src/lowrisc_dv_otbn_env_0.1/otbn_env_cov.sv:733: error: covergroup bin `mnem_jal' range expression references mutable enclosing-class property `mnem_jal'; IEEE 1800 19.5 permits only constant expressions, enclosing-class global or instance constants, or non-ref covergroup arguments.
../src/lowrisc_dv_otbn_env_0.1/otbn_env_cov.sv:733: error: covergroup bin `mnem_jalr' range expression references mutable enclosing-class property `mnem_jalr'; IEEE 1800 19.5 permits only constant expressions, enclosing-class global or instance constants, or non-ref covergroup arguments.
../src/lowrisc_dv_otbn_env_0.1/otbn_env_cov.sv:734: error: covergroup bin `mnem_csrrs' range expression references mutable enclosing-class property `mnem_csrrs'; IEEE 1800 19.5 permits only constant expressions, enclosing-class global or instance constants, or non-ref covergroup arguments.
../src/lowrisc_dv_otbn_env_0.1/otbn_env_cov.sv:734: error: covergroup bin `mnem_csrrw' range expression references mutable enclosing-class property `mnem_csrrw'; IEEE 1800 19.5 permits only constant expressions, enclosing-class global or instance constants, or non-ref covergroup arguments.
../src/lowrisc_dv_otbn_env_0.1/otbn_env_cov.sv:735: error: covergroup bin `mnem_loop' range expression references mutable enclosing-class property `mnem_loop'; IEEE 1800 19.5 permits only constant expressions, enclosing-class global or instance constants, or non-ref covergroup arguments.
../src/lowrisc_dv_otbn_env_0.1/otbn_env_cov.sv:735: error: covergroup bin `mnem_loopi' range expression references mutable enclosing-class property `mnem_loopi'; IEEE 1800 19.5 permits only constant expressions, enclosing-class global or instance constants, or non-ref covergroup arguments.
../src/lowrisc_dv_otbn_env_0.1/otbn_env_cov.sv:736: error: covergroup bin `mnem_bn_add' range expression references mutable enclosing-class property `mnem_bn_add'; IEEE 1800 19.5 permits only constant expressions, enclosing-class global or instance constants, or non-ref covergroup arguments.
../src/lowrisc_dv_otbn_env_0.1/otbn_env_cov.sv:736: error: covergroup bin `mnem_bn_addc' range expression references mutable enclosing-class property `mnem_bn_addc'; IEEE 1800 19.5 permits only constant expressions, enclosing-class global or instance constants, or non-ref covergroup arguments.
../src/lowrisc_dv_otbn_env_0.1/otbn_env_cov.sv:737: error: covergroup bin `mnem_bn_addi' range expression references mutable enclosing-class property `mnem_bn_addi'; IEEE 1800 19.5 permits only constant expressions, enclosing-class global or instance constants, or non-ref covergroup arguments.
../src/lowrisc_dv_otbn_env_0.1/otbn_env_cov.sv:737: error: covergroup bin `mnem_bn_addm' range expression references mutable enclosing-class property `mnem_bn_addm'; IEEE 1800 19.5 permits only constant expressions, enclosing-class global or instance constants, or non-ref covergroup arguments.
../src/lowrisc_dv_otbn_env_0.1/otbn_env_cov.sv:738: error: covergroup bin `mnem_bn_mulqacc' range expression references mutable enclosing-class property `mnem_bn_mulqacc'; IEEE 1800 19.5 permits only constant expressions, enclosing-class global or instance constants, or non-ref covergroup arguments.
../src/lowrisc_dv_otbn_env_0.1/otbn_env_cov.sv:738: error: covergroup bin `mnem_bn_mulqacc_wo' range expression references mutable enclosing-class property `mnem_bn_mulqacc_wo'; IEEE 1800 19.5 permits only constant expressions, enclosing-class global or instance constants, or non-ref covergroup arguments.
../src/lowrisc_dv_otbn_env_0.1/otbn_env_cov.sv:739: error: covergroup bin `mnem_bn_mulqacc_so' range expression references mutable enclosing-class property `mnem_bn_mulqacc_so'; IEEE 1800 19.5 permits only constant expressions, enclosing-class global or instance constants, or non-ref covergroup arguments.
../src/lowrisc_dv_otbn_env_0.1/otbn_env_cov.sv:740: error: covergroup bin `mnem_bn_sub' range expression references mutable enclosing-class property `mnem_bn_sub'; IEEE 1800 19.5 permits only constant expressions, enclosing-class global or instance constants, or non-ref covergroup arguments.
../src/lowrisc_dv_otbn_env_0.1/otbn_env_cov.sv:740: error: covergroup bin `mnem_bn_subb' range expression references mutable enclosing-class property `mnem_bn_subb'; IEEE 1800 19.5 permits only constant expressions, enclosing-class global or instance constants, or non-ref covergroup arguments.
../src/lowrisc_dv_otbn_env_0.1/otbn_env_cov.sv:741: error: covergroup bin `mnem_bn_subi' range expression references mutable enclosing-class property `mnem_bn_subi'; IEEE 1800 19.5 permits only constant expressions, enclosing-class global or instance constants, or non-ref covergroup arguments.
../src/lowrisc_dv_otbn_env_0.1/otbn_env_cov.sv:741: error: covergroup bin `mnem_bn_subm' range expression references mutable enclosing-class property `mnem_bn_subm'; IEEE 1800 19.5 permits only constant expressions, enclosing-class global or instance constants, or non-ref covergroup arguments.
../src/lowrisc_dv_otbn_env_0.1/otbn_env_cov.sv:742: error: covergroup bin `mnem_bn_and' range expression references mutable enclosing-class property `mnem_bn_and'; IEEE 1800 19.5 permits only constant expressions, enclosing-class global or instance constants, or non-ref covergroup arguments.
../src/lowrisc_dv_otbn_env_0.1/otbn_env_cov.sv:742: error: covergroup bin `mnem_bn_or' range expression references mutable enclosing-class property `mnem_bn_or'; IEEE 1800 19.5 permits only constant expressions, enclosing-class global or instance constants, or non-ref covergroup arguments.
../src/lowrisc_dv_otbn_env_0.1/otbn_env_cov.sv:743: error: covergroup bin `mnem_bn_not' range expression references mutable enclosing-class property `mnem_bn_not'; IEEE 1800 19.5 permits only constant expressions, enclosing-class global or instance constants, or non-ref covergroup arguments.
../src/lowrisc_dv_otbn_env_0.1/otbn_env_cov.sv:743: error: covergroup bin `mnem_bn_xor' range expression references mutable enclosing-class property `mnem_bn_xor'; IEEE 1800 19.5 permits only constant expressions, enclosing-class global or instance constants, or non-ref covergroup arguments.
../src/lowrisc_dv_otbn_env_0.1/otbn_env_cov.sv:744: error: covergroup bin `mnem_bn_rshi' range expression references mutable enclosing-class property `mnem_bn_rshi'; IEEE 1800 19.5 permits only constant expressions, enclosing-class global or instance constants, or non-ref covergroup arguments.
../src/lowrisc_dv_otbn_env_0.1/otbn_env_cov.sv:745: error: covergroup bin `mnem_bn_sel' range expression references mutable enclosing-class property `mnem_bn_sel'; IEEE 1800 19.5 permits only constant expressions, enclosing-class global or instance constants, or non-ref covergroup arguments.
../src/lowrisc_dv_otbn_env_0.1/otbn_env_cov.sv:746: error: covergroup bin `mnem_bn_cmp' range expression references mutable enclosing-class property `mnem_bn_cmp'; IEEE 1800 19.5 permits only constant expressions, enclosing-class global or instance constants, or non-ref covergroup arguments.
../src/lowrisc_dv_otbn_env_0.1/otbn_env_cov.sv:746: error: covergroup bin `mnem_bn_cmpb' range expression references mutable enclosing-class property `mnem_bn_cmpb'; IEEE 1800 19.5 permits only constant expressions, enclosing-class global or instance constants, or non-ref covergroup arguments.
../src/lowrisc_dv_otbn_env_0.1/otbn_env_cov.sv:747: error: covergroup bin `mnem_bn_lid' range expression references mutable enclosing-class property `mnem_bn_lid'; IEEE 1800 19.5 permits only constant expressions, enclosing-class global or instance constants, or non-ref covergroup arguments.
../src/lowrisc_dv_otbn_env_0.1/otbn_env_cov.sv:747: error: covergroup bin `mnem_bn_sid' range expression references mutable enclosing-class property `mnem_bn_sid'; IEEE 1800 19.5 permits only constant expressions, enclosing-class global or instance constants, or non-ref covergroup arguments.
../src/lowrisc_dv_otbn_env_0.1/otbn_env_cov.sv:748: error: covergroup bin `mnem_bn_mov' range expression references mutable enclosing-class property `mnem_bn_mov'; IEEE 1800 19.5 permits only constant expressions, enclosing-class global or instance constants, or non-ref covergroup arguments.
../src/lowrisc_dv_otbn_env_0.1/otbn_env_cov.sv:748: error: covergroup bin `mnem_bn_movr' range expression references mutable enclosing-class property `mnem_bn_movr'; IEEE 1800 19.5 permits only constant expressions, enclosing-class global or instance constants, or non-ref covergroup arguments.
../src/lowrisc_dv_otbn_env_0.1/otbn_env_cov.sv:749: error: covergroup bin `mnem_bn_wsrr' range expression references mutable enclosing-class property `mnem_bn_wsrr'; IEEE 1800 19.5 permits only constant expressions, enclosing-class global or instance constants, or non-ref covergroup arguments.
../src/lowrisc_dv_otbn_env_0.1/otbn_env_cov.sv:749: error: covergroup bin `mnem_bn_wsrw' range expression references mutable enclosing-class property `mnem_bn_wsrw'; IEEE 1800 19.5 permits only constant expressions, enclosing-class global or instance constants, or non-ref covergroup arguments.
../src/lowrisc_dv_otbn_env_0.1/otbn_env_cov.sv:724: error: covergroup bin `mnem_add' range expression references mutable enclosing-class property `mnem_add'; IEEE 1800 19.5 permits only constant expressions, enclosing-class global or instance constants, or non-ref covergroup arguments.
../src/lowrisc_dv_otbn_env_0.1/otbn_env_cov.sv:724: error: covergroup bin `mnem_addi' range expression references mutable enclosing-class property `mnem_addi'; IEEE 1800 19.5 permits only constant expressions, enclosing-class global or instance constants, or non-ref covergroup arguments.
../src/lowrisc_dv_otbn_env_0.1/otbn_env_cov.sv:725: error: covergroup bin `mnem_lui' range expression references mutable enclosing-class property `mnem_lui'; IEEE 1800 19.5 permits only constant expressions, enclosing-class global or instance constants, or non-ref covergroup arguments.
../src/lowrisc_dv_otbn_env_0.1/otbn_env_cov.sv:725: error: covergroup bin `mnem_sub' range expression references mutable enclosing-class property `mnem_sub'; IEEE 1800 19.5 permits only constant expressions, enclosing-class global or instance constants, or non-ref covergroup arguments.
../src/lowrisc_dv_otbn_env_0.1/otbn_env_cov.sv:726: error: covergroup bin `mnem_sll' range expression references mutable enclosing-class property `mnem_sll'; IEEE 1800 19.5 permits only constant expressions, enclosing-class global or instance constants, or non-ref covergroup arguments.
../src/lowrisc_dv_otbn_env_0.1/otbn_env_cov.sv:726: error: covergroup bin `mnem_slli' range expression references mutable enclosing-class property `mnem_slli'; IEEE 1800 19.5 permits only constant expressions, enclosing-class global or instance constants, or non-ref covergroup arguments.
../src/lowrisc_dv_otbn_env_0.1/otbn_env_cov.sv:727: error: covergroup bin `mnem_srl' range expression references mutable enclosing-class property `mnem_srl'; IEEE 1800 19.5 permits only constant expressions, enclosing-class global or instance constants, or non-ref covergroup arguments.
../src/lowrisc_dv_otbn_env_0.1/otbn_env_cov.sv:727: error: covergroup bin `mnem_srli' range expression references mutable enclosing-class property `mnem_srli'; IEEE 1800 19.5 permits only constant expressions, enclosing-class global or instance constants, or non-ref covergroup arguments.
../src/lowrisc_dv_otbn_env_0.1/otbn_env_cov.sv:728: error: covergroup bin `mnem_sra' range expression references mutable enclosing-class property `mnem_sra'; IEEE 1800 19.5 permits only constant expressions, enclosing-class global or instance constants, or non-ref covergroup arguments.
../src/lowrisc_dv_otbn_env_0.1/otbn_env_cov.sv:728: error: covergroup bin `mnem_srai' range expression references mutable enclosing-class property `mnem_srai'; IEEE 1800 19.5 permits only constant expressions, enclosing-class global or instance constants, or non-ref covergroup arguments.
../src/lowrisc_dv_otbn_env_0.1/otbn_env_cov.sv:729: error: covergroup bin `mnem_and' range expression references mutable enclosing-class property `mnem_and'; IEEE 1800 19.5 permits only constant expressions, enclosing-class global or instance constants, or non-ref covergroup arguments.
../src/lowrisc_dv_otbn_env_0.1/otbn_env_cov.sv:729: error: covergroup bin `mnem_andi' range expression references mutable enclosing-class property `mnem_andi'; IEEE 1800 19.5 permits only constant expressions, enclosing-class global or instance constants, or non-ref covergroup arguments.
../src/lowrisc_dv_otbn_env_0.1/otbn_env_cov.sv:730: error: covergroup bin `mnem_or' range expression references mutable enclosing-class property `mnem_or'; IEEE 1800 19.5 permits only constant expressions, enclosing-class global or instance constants, or non-ref covergroup arguments.
../src/lowrisc_dv_otbn_env_0.1/otbn_env_cov.sv:730: error: covergroup bin `mnem_ori' range expression references mutable enclosing-class property `mnem_ori'; IEEE 1800 19.5 permits only constant expressions, enclosing-class global or instance constants, or non-ref covergroup arguments.
../src/lowrisc_dv_otbn_env_0.1/otbn_env_cov.sv:731: error: covergroup bin `mnem_xor' range expression references mutable enclosing-class property `mnem_xor'; IEEE 1800 19.5 permits only constant expressions, enclosing-class global or instance constants, or non-ref covergroup arguments.
../src/lowrisc_dv_otbn_env_0.1/otbn_env_cov.sv:731: error: covergroup bin `mnem_xori' range expression references mutable enclosing-class property `mnem_xori'; IEEE 1800 19.5 permits only constant expressions, enclosing-class global or instance constants, or non-ref covergroup arguments.
../src/lowrisc_dv_otbn_env_0.1/otbn_env_cov.sv:732: error: covergroup bin `mnem_lw' range expression references mutable enclosing-class property `mnem_lw'; IEEE 1800 19.5 permits only constant expressions, enclosing-class global or instance constants, or non-ref covergroup arguments.
../src/lowrisc_dv_otbn_env_0.1/otbn_env_cov.sv:732: error: covergroup bin `mnem_sw' range expression references mutable enclosing-class property `mnem_sw'; IEEE 1800 19.5 permits only constant expressions, enclosing-class global or instance constants, or non-ref covergroup arguments.
../src/lowrisc_dv_otbn_env_0.1/otbn_env_cov.sv:733: error: covergroup bin `mnem_beq' range expression references mutable enclosing-class property `mnem_beq'; IEEE 1800 19.5 permits only constant expressions, enclosing-class global or instance constants, or non-ref covergroup arguments.
../src/lowrisc_dv_otbn_env_0.1/otbn_env_cov.sv:733: error: covergroup bin `mnem_bne' range expression references mutable enclosing-class property `mnem_bne'; IEEE 1800 19.5 permits only constant expressions, enclosing-class global or instance constants, or non-ref covergroup arguments.
../src/lowrisc_dv_otbn_env_0.1/otbn_env_cov.sv:734: error: covergroup bin `mnem_jal' range expression references mutable enclosing-class property `mnem_jal'; IEEE 1800 19.5 permits only constant expressions, enclosing-class global or instance constants, or non-ref covergroup arguments.
../src/lowrisc_dv_otbn_env_0.1/otbn_env_cov.sv:734: error: covergroup bin `mnem_jalr' range expression references mutable enclosing-class property `mnem_jalr'; IEEE 1800 19.5 permits only constant expressions, enclosing-class global or instance constants, or non-ref covergroup arguments.
../src/lowrisc_dv_otbn_env_0.1/otbn_env_cov.sv:735: error: covergroup bin `mnem_csrrs' range expression references mutable enclosing-class property `mnem_csrrs'; IEEE 1800 19.5 permits only constant expressions, enclosing-class global or instance constants, or non-ref covergroup arguments.
../src/lowrisc_dv_otbn_env_0.1/otbn_env_cov.sv:735: error: covergroup bin `mnem_csrrw' range expression references mutable enclosing-class property `mnem_csrrw'; IEEE 1800 19.5 permits only constant expressions, enclosing-class global or instance constants, or non-ref covergroup arguments.
../src/lowrisc_dv_otbn_env_0.1/otbn_env_cov.sv:736: error: covergroup bin `mnem_loop' range expression references mutable enclosing-class property `mnem_loop'; IEEE 1800 19.5 permits only constant expressions, enclosing-class global or instance constants, or non-ref covergroup arguments.
../src/lowrisc_dv_otbn_env_0.1/otbn_env_cov.sv:736: error: covergroup bin `mnem_loopi' range expression references mutable enclosing-class property `mnem_loopi'; IEEE 1800 19.5 permits only constant expressions, enclosing-class global or instance constants, or non-ref covergroup arguments.
../src/lowrisc_dv_otbn_env_0.1/otbn_env_cov.sv:737: error: covergroup bin `mnem_bn_add' range expression references mutable enclosing-class property `mnem_bn_add'; IEEE 1800 19.5 permits only constant expressions, enclosing-class global or instance constants, or non-ref covergroup arguments.
../src/lowrisc_dv_otbn_env_0.1/otbn_env_cov.sv:737: error: covergroup bin `mnem_bn_addc' range expression references mutable enclosing-class property `mnem_bn_addc'; IEEE 1800 19.5 permits only constant expressions, enclosing-class global or instance constants, or non-ref covergroup arguments.
../src/lowrisc_dv_otbn_env_0.1/otbn_env_cov.sv:738: error: covergroup bin `mnem_bn_addi' range expression references mutable enclosing-class property `mnem_bn_addi'; IEEE 1800 19.5 permits only constant expressions, enclosing-class global or instance constants, or non-ref covergroup arguments.
../src/lowrisc_dv_otbn_env_0.1/otbn_env_cov.sv:738: error: covergroup bin `mnem_bn_addm' range expression references mutable enclosing-class property `mnem_bn_addm'; IEEE 1800 19.5 permits only constant expressions, enclosing-class global or instance constants, or non-ref covergroup arguments.
../src/lowrisc_dv_otbn_env_0.1/otbn_env_cov.sv:739: error: covergroup bin `mnem_bn_mulqacc' range expression references mutable enclosing-class property `mnem_bn_mulqacc'; IEEE 1800 19.5 permits only constant expressions, enclosing-class global or instance constants, or non-ref covergroup arguments.
../src/lowrisc_dv_otbn_env_0.1/otbn_env_cov.sv:739: error: covergroup bin `mnem_bn_mulqacc_wo' range expression references mutable enclosing-class property `mnem_bn_mulqacc_wo'; IEEE 1800 19.5 permits only constant expressions, enclosing-class global or instance constants, or non-ref covergroup arguments.
../src/lowrisc_dv_otbn_env_0.1/otbn_env_cov.sv:740: error: covergroup bin `mnem_bn_mulqacc_so' range expression references mutable enclosing-class property `mnem_bn_mulqacc_so'; IEEE 1800 19.5 permits only constant expressions, enclosing-class global or instance constants, or non-ref covergroup arguments.
../src/lowrisc_dv_otbn_env_0.1/otbn_env_cov.sv:741: error: covergroup bin `mnem_bn_sub' range expression references mutable enclosing-class property `mnem_bn_sub'; IEEE 1800 19.5 permits only constant expressions, enclosing-class global or instance constants, or non-ref covergroup arguments.
../src/lowrisc_dv_otbn_env_0.1/otbn_env_cov.sv:741: error: covergroup bin `mnem_bn_subb' range expression references mutable enclosing-class property `mnem_bn_subb'; IEEE 1800 19.5 permits only constant expressions, enclosing-class global or instance constants, or non-ref covergroup arguments.
../src/lowrisc_dv_otbn_env_0.1/otbn_env_cov.sv:742: error: covergroup bin `mnem_bn_subi' range expression references mutable enclosing-class property `mnem_bn_subi'; IEEE 1800 19.5 permits only constant expressions, enclosing-class global or instance constants, or non-ref covergroup arguments.
../src/lowrisc_dv_otbn_env_0.1/otbn_env_cov.sv:742: error: covergroup bin `mnem_bn_subm' range expression references mutable enclosing-class property `mnem_bn_subm'; IEEE 1800 19.5 permits only constant expressions, enclosing-class global or instance constants, or non-ref covergroup arguments.
../src/lowrisc_dv_otbn_env_0.1/otbn_env_cov.sv:743: error: covergroup bin `mnem_bn_and' range expression references mutable enclosing-class property `mnem_bn_and'; IEEE 1800 19.5 permits only constant expressions, enclosing-class global or instance constants, or non-ref covergroup arguments.
../src/lowrisc_dv_otbn_env_0.1/otbn_env_cov.sv:743: error: covergroup bin `mnem_bn_or' range expression references mutable enclosing-class property `mnem_bn_or'; IEEE 1800 19.5 permits only constant expressions, enclosing-class global or instance constants, or non-ref covergroup arguments.
../src/lowrisc_dv_otbn_env_0.1/otbn_env_cov.sv:744: error: covergroup bin `mnem_bn_not' range expression references mutable enclosing-class property `mnem_bn_not'; IEEE 1800 19.5 permits only constant expressions, enclosing-class global or instance constants, or non-ref covergroup arguments.
../src/lowrisc_dv_otbn_env_0.1/otbn_env_cov.sv:744: error: covergroup bin `mnem_bn_xor' range expression references mutable enclosing-class property `mnem_bn_xor'; IEEE 1800 19.5 permits only constant expressions, enclosing-class global or instance constants, or non-ref covergroup arguments.
../src/lowrisc_dv_otbn_env_0.1/otbn_env_cov.sv:745: error: covergroup bin `mnem_bn_rshi' range expression references mutable enclosing-class property `mnem_bn_rshi'; IEEE 1800 19.5 permits only constant expressions, enclosing-class global or instance constants, or non-ref covergroup arguments.
../src/lowrisc_dv_otbn_env_0.1/otbn_env_cov.sv:746: error: covergroup bin `mnem_bn_sel' range expression references mutable enclosing-class property `mnem_bn_sel'; IEEE 1800 19.5 permits only constant expressions, enclosing-class global or instance constants, or non-ref covergroup arguments.
../src/lowrisc_dv_otbn_env_0.1/otbn_env_cov.sv:747: error: covergroup bin `mnem_bn_cmp' range expression references mutable enclosing-class property `mnem_bn_cmp'; IEEE 1800 19.5 permits only constant expressions, enclosing-class global or instance constants, or non-ref covergroup arguments.
../src/lowrisc_dv_otbn_env_0.1/otbn_env_cov.sv:747: error: covergroup bin `mnem_bn_cmpb' range expression references mutable enclosing-class property `mnem_bn_cmpb'; IEEE 1800 19.5 permits only constant expressions, enclosing-class global or instance constants, or non-ref covergroup arguments.
../src/lowrisc_dv_otbn_env_0.1/otbn_env_cov.sv:748: error: covergroup bin `mnem_bn_lid' range expression references mutable enclosing-class property `mnem_bn_lid'; IEEE 1800 19.5 permits only constant expressions, enclosing-class global or instance constants, or non-ref covergroup arguments.
../src/lowrisc_dv_otbn_env_0.1/otbn_env_cov.sv:748: error: covergroup bin `mnem_bn_sid' range expression references mutable enclosing-class property `mnem_bn_sid'; IEEE 1800 19.5 permits only constant expressions, enclosing-class global or instance constants, or non-ref covergroup arguments.
../src/lowrisc_dv_otbn_env_0.1/otbn_env_cov.sv:749: error: covergroup bin `mnem_bn_mov' range expression references mutable enclosing-class property `mnem_bn_mov'; IEEE 1800 19.5 permits only constant expressions, enclosing-class global or instance constants, or non-ref covergroup arguments.
../src/lowrisc_dv_otbn_env_0.1/otbn_env_cov.sv:749: error: covergroup bin `mnem_bn_movr' range expression references mutable enclosing-class property `mnem_bn_movr'; IEEE 1800 19.5 permits only constant expressions, enclosing-class global or instance constants, or non-ref covergroup arguments.
../src/lowrisc_dv_otbn_env_0.1/otbn_env_cov.sv:750: error: covergroup bin `mnem_bn_wsrr' range expression references mutable enclosing-class property `mnem_bn_wsrr'; IEEE 1800 19.5 permits only constant expressions, enclosing-class global or instance constants, or non-ref covergroup arguments.
../src/lowrisc_dv_otbn_env_0.1/otbn_env_cov.sv:750: error: covergroup bin `mnem_bn_wsrw' range expression references mutable enclosing-class property `mnem_bn_wsrw'; IEEE 1800 19.5 permits only constant expressions, enclosing-class global or instance constants, or non-ref covergroup arguments.
../src/lowrisc_dv_otbn_env_0.1/otbn_env_cov.sv:724: error: covergroup bin `mnem_ecall' range expression references mutable enclosing-class property `mnem_ecall'; IEEE 1800 19.5 permits only constant expressions, enclosing-class global or instance constants, or non-ref covergroup arguments.
../src/lowrisc_dv_otbn_env_0.1/otbn_env_cov.sv:725: error: covergroup bin `mnem_dummy' range expression references mutable enclosing-class property `mnem_dummy'; IEEE 1800 19.5 permits only constant expressions, enclosing-class global or instance constants, or non-ref covergroup arguments.
../src/lowrisc_dv_otbn_env_0.1/otbn_env_cov.sv:726: error: covergroup bin `mnem_question_mark' range expression references mutable enclosing-class property `mnem_question_mark'; IEEE 1800 19.5 permits only constant expressions, enclosing-class global or instance constants, or non-ref covergroup arguments.
../src/lowrisc_dv_otbn_env_0.1/otbn_env_cov.sv:742: error: covergroup bin `mnem_bn_and' range expression references mutable enclosing-class property `mnem_bn_and'; IEEE 1800 19.5 permits only constant expressions, enclosing-class global or instance constants, or non-ref covergroup arguments.
../src/lowrisc_dv_otbn_env_0.1/otbn_env_cov.sv:743: error: covergroup bin `mnem_bn_or' range expression references mutable enclosing-class property `mnem_bn_or'; IEEE 1800 19.5 permits only constant expressions, enclosing-class global or instance constants, or non-ref covergroup arguments.
../src/lowrisc_dv_otbn_env_0.1/otbn_env_cov.sv:744: error: covergroup bin `mnem_bn_xor' range expression references mutable enclosing-class property `mnem_bn_xor'; IEEE 1800 19.5 permits only constant expressions, enclosing-class global or instance constants, or non-ref covergroup arguments.
../src/lowrisc_dv_otbn_env_0.1/otbn_env_cov.sv:786: error: covergroup bin `mnem_bn_add' range expression references mutable enclosing-class property `mnem_bn_add'; IEEE 1800 19.5 permits only constant expressions, enclosing-class global or instance constants, or non-ref covergroup arguments.
../src/lowrisc_dv_otbn_env_0.1/otbn_env_cov.sv:787: error: covergroup bin `mnem_bn_addc' range expression references mutable enclosing-class property `mnem_bn_addc'; IEEE 1800 19.5 permits only constant expressions, enclosing-class global or instance constants, or non-ref covergroup arguments.
../src/lowrisc_dv_otbn_env_0.1/otbn_env_cov.sv:788: error: covergroup bin `mnem_bn_sub' range expression references mutable enclosing-class property `mnem_bn_sub'; IEEE 1800 19.5 permits only constant expressions, enclosing-class global or instance constants, or non-ref covergroup arguments.
../src/lowrisc_dv_otbn_env_0.1/otbn_env_cov.sv:789: error: covergroup bin `mnem_bn_subb' range expression references mutable enclosing-class property `mnem_bn_subb'; IEEE 1800 19.5 permits only constant expressions, enclosing-class global or instance constants, or non-ref covergroup arguments.
../src/lowrisc_dv_otbn_env_0.1/otbn_env_cov.sv:830: error: covergroup bin `mnem_bn_addi' range expression references mutable enclosing-class property `mnem_bn_addi'; IEEE 1800 19.5 permits only constant expressions, enclosing-class global or instance constants, or non-ref covergroup arguments.
../src/lowrisc_dv_otbn_env_0.1/otbn_env_cov.sv:831: error: covergroup bin `mnem_bn_subi' range expression references mutable enclosing-class property `mnem_bn_subi'; IEEE 1800 19.5 permits only constant expressions, enclosing-class global or instance constants, or non-ref covergroup arguments.
../src/lowrisc_dv_otbn_env_0.1/otbn_env_cov.sv:854: error: covergroup bin `mnem_bn_addm' range expression references mutable enclosing-class property `mnem_bn_addm'; IEEE 1800 19.5 permits only constant expressions, enclosing-class global or instance constants, or non-ref covergroup arguments.
../src/lowrisc_dv_otbn_env_0.1/otbn_env_cov.sv:855: error: covergroup bin `mnem_bn_subm' range expression references mutable enclosing-class property `mnem_bn_subm'; IEEE 1800 19.5 permits only constant expressions, enclosing-class global or instance constants, or non-ref covergroup arguments.
../src/lowrisc_dv_otbn_env_0.1/otbn_env_cov.sv:873: error: covergroup bin `mnem_bn_not' range expression references mutable enclosing-class property `mnem_bn_not'; IEEE 1800 19.5 permits only constant expressions, enclosing-class global or instance constants, or non-ref covergroup arguments.
../src/lowrisc_dv_otbn_env_0.1/otbn_env_cov.sv:910: error: covergroup bin `mnem_bn_mulqacc' range expression references mutable enclosing-class property `mnem_bn_mulqacc'; IEEE 1800 19.5 permits only constant expressions, enclosing-class global or instance constants, or non-ref covergroup arguments.
../src/lowrisc_dv_otbn_env_0.1/otbn_env_cov.sv:934: error: covergroup bin `mnem_bn_mulqacc_so' range expression references mutable enclosing-class property `mnem_bn_mulqacc_so'; IEEE 1800 19.5 permits only constant expressions, enclosing-class global or instance constants, or non-ref covergroup arguments.
../src/lowrisc_dv_otbn_env_0.1/otbn_env_cov.sv:969: error: covergroup bin `mnem_bn_mulqacc_wo' range expression references mutable enclosing-class property `mnem_bn_mulqacc_wo'; IEEE 1800 19.5 permits only constant expressions, enclosing-class global or instance constants, or non-ref covergroup arguments.
../src/lowrisc_dv_otbn_env_0.1/otbn_env_cov.sv:997: error: covergroup bin `mnem_bn_cmp' range expression references mutable enclosing-class property `mnem_bn_cmp'; IEEE 1800 19.5 permits only constant expressions, enclosing-class global or instance constants, or non-ref covergroup arguments.
../src/lowrisc_dv_otbn_env_0.1/otbn_env_cov.sv:998: error: covergroup bin `mnem_bn_cmpb' range expression references mutable enclosing-class property `mnem_bn_cmpb'; IEEE 1800 19.5 permits only constant expressions, enclosing-class global or instance constants, or non-ref covergroup arguments.
../src/lowrisc_dv_otbn_env_0.1/otbn_env_cov.sv:1038: error: covergroup bin `mnem_bn_mov' range expression references mutable enclosing-class property `mnem_bn_mov'; IEEE 1800 19.5 permits only constant expressions, enclosing-class global or instance constants, or non-ref covergroup arguments.
../src/lowrisc_dv_otbn_env_0.1/otbn_env_cov.sv:1052: error: covergroup bin `mnem_bn_movr' range expression references mutable enclosing-class property `mnem_bn_movr'; IEEE 1800 19.5 permits only constant expressions, enclosing-class global or instance constants, or non-ref covergroup arguments.
../src/lowrisc_dv_otbn_env_0.1/otbn_env_cov.sv:1080: error: covergroup bin `mnem_bn_rshi' range expression references mutable enclosing-class property `mnem_bn_rshi'; IEEE 1800 19.5 permits only constant expressions, enclosing-class global or instance constants, or non-ref covergroup arguments.
../src/lowrisc_dv_otbn_env_0.1/otbn_env_cov.sv:1098: error: covergroup bin `mnem_bn_sel' range expression references mutable enclosing-class property `mnem_bn_sel'; IEEE 1800 19.5 permits only constant expressions, enclosing-class global or instance constants, or non-ref covergroup arguments.
../src/lowrisc_dv_otbn_env_0.1/otbn_env_cov.sv:1120: error: covergroup bin `mnem_bn_lid' range expression references mutable enclosing-class property `mnem_bn_lid'; IEEE 1800 19.5 permits only constant expressions, enclosing-class global or instance constants, or non-ref covergroup arguments.
../src/lowrisc_dv_otbn_env_0.1/otbn_env_cov.sv:1121: error: covergroup bin `mnem_bn_sid' range expression references mutable enclosing-class property `mnem_bn_sid'; IEEE 1800 19.5 permits only constant expressions, enclosing-class global or instance constants, or non-ref covergroup arguments.
../src/lowrisc_dv_otbn_env_0.1/otbn_env_cov.sv:1156: error: covergroup bin `mnem_beq' range expression references mutable enclosing-class property `mnem_beq'; IEEE 1800 19.5 permits only constant expressions, enclosing-class global or instance constants, or non-ref covergroup arguments.
../src/lowrisc_dv_otbn_env_0.1/otbn_env_cov.sv:1157: error: covergroup bin `mnem_bne' range expression references mutable enclosing-class property `mnem_bne'; IEEE 1800 19.5 permits only constant expressions, enclosing-class global or instance constants, or non-ref covergroup arguments.
../src/lowrisc_dv_otbn_env_0.1/otbn_env_cov.sv:1180: error: covergroup bin `mnem_ecall' range expression references mutable enclosing-class property `mnem_ecall'; IEEE 1800 19.5 permits only constant expressions, enclosing-class global or instance constants, or non-ref covergroup arguments.
../src/lowrisc_dv_otbn_env_0.1/otbn_env_cov.sv:1191: error: covergroup bin `mnem_addi' range expression references mutable enclosing-class property `mnem_addi'; IEEE 1800 19.5 permits only constant expressions, enclosing-class global or instance constants, or non-ref covergroup arguments.
../src/lowrisc_dv_otbn_env_0.1/otbn_env_cov.sv:1192: error: covergroup bin `mnem_andi' range expression references mutable enclosing-class property `mnem_andi'; IEEE 1800 19.5 permits only constant expressions, enclosing-class global or instance constants, or non-ref covergroup arguments.
../src/lowrisc_dv_otbn_env_0.1/otbn_env_cov.sv:1193: error: covergroup bin `mnem_ori' range expression references mutable enclosing-class property `mnem_ori'; IEEE 1800 19.5 permits only constant expressions, enclosing-class global or instance constants, or non-ref covergroup arguments.
../src/lowrisc_dv_otbn_env_0.1/otbn_env_cov.sv:1194: error: covergroup bin `mnem_xori' range expression references mutable enclosing-class property `mnem_xori'; IEEE 1800 19.5 permits only constant expressions, enclosing-class global or instance constants, or non-ref covergroup arguments.
../src/lowrisc_dv_otbn_env_0.1/otbn_env_cov.sv:1195: error: covergroup bin `mnem_lw' range expression references mutable enclosing-class property `mnem_lw'; IEEE 1800 19.5 permits only constant expressions, enclosing-class global or instance constants, or non-ref covergroup arguments.
../src/lowrisc_dv_otbn_env_0.1/otbn_env_cov.sv:1196: error: covergroup bin `mnem_jalr' range expression references mutable enclosing-class property `mnem_jalr'; IEEE 1800 19.5 permits only constant expressions, enclosing-class global or instance constants, or non-ref covergroup arguments.
../src/lowrisc_dv_otbn_env_0.1/otbn_env_cov.sv:1197: error: covergroup bin `mnem_csrrs' range expression references mutable enclosing-class property `mnem_csrrs'; IEEE 1800 19.5 permits only constant expressions, enclosing-class global or instance constants, or non-ref covergroup arguments.
../src/lowrisc_dv_otbn_env_0.1/otbn_env_cov.sv:1198: error: covergroup bin `mnem_csrrw' range expression references mutable enclosing-class property `mnem_csrrw'; IEEE 1800 19.5 permits only constant expressions, enclosing-class global or instance constants, or non-ref covergroup arguments.
../src/lowrisc_dv_otbn_env_0.1/otbn_env_cov.sv:1220: error: covergroup bin `mnem_slli' range expression references mutable enclosing-class property `mnem_slli'; IEEE 1800 19.5 permits only constant expressions, enclosing-class global or instance constants, or non-ref covergroup arguments.
../src/lowrisc_dv_otbn_env_0.1/otbn_env_cov.sv:1221: error: covergroup bin `mnem_srli' range expression references mutable enclosing-class property `mnem_srli'; IEEE 1800 19.5 permits only constant expressions, enclosing-class global or instance constants, or non-ref covergroup arguments.
../src/lowrisc_dv_otbn_env_0.1/otbn_env_cov.sv:1222: error: covergroup bin `mnem_srai' range expression references mutable enclosing-class property `mnem_srai'; IEEE 1800 19.5 permits only constant expressions, enclosing-class global or instance constants, or non-ref covergroup arguments.
../src/lowrisc_dv_otbn_env_0.1/otbn_env_cov.sv:1239: error: covergroup bin `mnem_jal' range expression references mutable enclosing-class property `mnem_jal'; IEEE 1800 19.5 permits only constant expressions, enclosing-class global or instance constants, or non-ref covergroup arguments.
../src/lowrisc_dv_otbn_env_0.1/otbn_env_cov.sv:1255: error: covergroup bin `mnem_loop' range expression references mutable enclosing-class property `mnem_loop'; IEEE 1800 19.5 permits only constant expressions, enclosing-class global or instance constants, or non-ref covergroup arguments.
../src/lowrisc_dv_otbn_env_0.1/otbn_env_cov.sv:1269: error: covergroup bin `mnem_loopi' range expression references mutable enclosing-class property `mnem_loopi'; IEEE 1800 19.5 permits only constant expressions, enclosing-class global or instance constants, or non-ref covergroup arguments.
../src/lowrisc_dv_otbn_env_0.1/otbn_env_cov.sv:1284: error: covergroup bin `mnem_add' range expression references mutable enclosing-class property `mnem_add'; IEEE 1800 19.5 permits only constant expressions, enclosing-class global or instance constants, or non-ref covergroup arguments.
../src/lowrisc_dv_otbn_env_0.1/otbn_env_cov.sv:1285: error: covergroup bin `mnem_sub' range expression references mutable enclosing-class property `mnem_sub'; IEEE 1800 19.5 permits only constant expressions, enclosing-class global or instance constants, or non-ref covergroup arguments.
../src/lowrisc_dv_otbn_env_0.1/otbn_env_cov.sv:1286: error: covergroup bin `mnem_sll' range expression references mutable enclosing-class property `mnem_sll'; IEEE 1800 19.5 permits only constant expressions, enclosing-class global or instance constants, or non-ref covergroup arguments.
../src/lowrisc_dv_otbn_env_0.1/otbn_env_cov.sv:1287: error: covergroup bin `mnem_srl' range expression references mutable enclosing-class property `mnem_srl'; IEEE 1800 19.5 permits only constant expressions, enclosing-class global or instance constants, or non-ref covergroup arguments.
../src/lowrisc_dv_otbn_env_0.1/otbn_env_cov.sv:1288: error: covergroup bin `mnem_sra' range expression references mutable enclosing-class property `mnem_sra'; IEEE 1800 19.5 permits only constant expressions, enclosing-class global or instance constants, or non-ref covergroup arguments.
../src/lowrisc_dv_otbn_env_0.1/otbn_env_cov.sv:1289: error: covergroup bin `mnem_and' range expression references mutable enclosing-class property `mnem_and'; IEEE 1800 19.5 permits only constant expressions, enclosing-class global or instance constants, or non-ref covergroup arguments.
../src/lowrisc_dv_otbn_env_0.1/otbn_env_cov.sv:1290: error: covergroup bin `mnem_or' range expression references mutable enclosing-class property `mnem_or'; IEEE 1800 19.5 permits only constant expressions, enclosing-class global or instance constants, or non-ref covergroup arguments.
../src/lowrisc_dv_otbn_env_0.1/otbn_env_cov.sv:1291: error: covergroup bin `mnem_xor' range expression references mutable enclosing-class property `mnem_xor'; IEEE 1800 19.5 permits only constant expressions, enclosing-class global or instance constants, or non-ref covergroup arguments.
../src/lowrisc_dv_otbn_env_0.1/otbn_env_cov.sv:1313: error: covergroup bin `mnem_sw' range expression references mutable enclosing-class property `mnem_sw'; IEEE 1800 19.5 permits only constant expressions, enclosing-class global or instance constants, or non-ref covergroup arguments.
../src/lowrisc_dv_otbn_env_0.1/otbn_env_cov.sv:1331: error: covergroup bin `mnem_lui' range expression references mutable enclosing-class property `mnem_lui'; IEEE 1800 19.5 permits only constant expressions, enclosing-class global or instance constants, or non-ref covergroup arguments.
../src/lowrisc_dv_otbn_env_0.1/otbn_env_cov.sv:1342: error: covergroup bin `mnem_bn_wsrr' range expression references mutable enclosing-class property `mnem_bn_wsrr'; IEEE 1800 19.5 permits only constant expressions, enclosing-class global or instance constants, or non-ref covergroup arguments.
../src/lowrisc_dv_otbn_env_0.1/otbn_env_cov.sv:1343: error: covergroup bin `mnem_bn_wsrw' range expression references mutable enclosing-class property `mnem_bn_wsrw'; IEEE 1800 19.5 permits only constant expressions, enclosing-class global or instance constants, or non-ref covergroup arguments.
../src/lowrisc_dv_otbn_env_0.1/otbn_env_cov.sv:1361: error: covergroup bin `mnem_add' range expression references mutable enclosing-class property `mnem_add'; IEEE 1800 19.5 permits only constant expressions, enclosing-class global or instance constants, or non-ref covergroup arguments.
../src/lowrisc_dv_otbn_env_0.1/otbn_env_cov.sv:1362: error: covergroup bin `mnem_sub' range expression references mutable enclosing-class property `mnem_sub'; IEEE 1800 19.5 permits only constant expressions, enclosing-class global or instance constants, or non-ref covergroup arguments.
../src/lowrisc_dv_otbn_env_0.1/otbn_env_cov.sv:1456: error: covergroup bin `mnem_and' range expression references mutable enclosing-class property `mnem_and'; IEEE 1800 19.5 permits only constant expressions, enclosing-class global or instance constants, or non-ref covergroup arguments.
../src/lowrisc_dv_otbn_env_0.1/otbn_env_cov.sv:1457: error: covergroup bin `mnem_andi' range expression references mutable enclosing-class property `mnem_andi'; IEEE 1800 19.5 permits only constant expressions, enclosing-class global or instance constants, or non-ref covergroup arguments.
../src/lowrisc_dv_otbn_env_0.1/otbn_env_cov.sv:1458: error: covergroup bin `mnem_or' range expression references mutable enclosing-class property `mnem_or'; IEEE 1800 19.5 permits only constant expressions, enclosing-class global or instance constants, or non-ref covergroup arguments.
../src/lowrisc_dv_otbn_env_0.1/otbn_env_cov.sv:1459: error: covergroup bin `mnem_ori' range expression references mutable enclosing-class property `mnem_ori'; IEEE 1800 19.5 permits only constant expressions, enclosing-class global or instance constants, or non-ref covergroup arguments.
../src/lowrisc_dv_otbn_env_0.1/otbn_env_cov.sv:1460: error: covergroup bin `mnem_xor' range expression references mutable enclosing-class property `mnem_xor'; IEEE 1800 19.5 permits only constant expressions, enclosing-class global or instance constants, or non-ref covergroup arguments.
../src/lowrisc_dv_otbn_env_0.1/otbn_env_cov.sv:1461: error: covergroup bin `mnem_xori' range expression references mutable enclosing-class property `mnem_xori'; IEEE 1800 19.5 permits only constant expressions, enclosing-class global or instance constants, or non-ref covergroup arguments.
../src/lowrisc_dv_otbn_env_0.1/otbn_env_cov.sv:1486: error: covergroup bin `mnem_lw' range expression references mutable enclosing-class property `mnem_lw'; IEEE 1800 19.5 permits only constant expressions, enclosing-class global or instance constants, or non-ref covergroup arguments.
../src/lowrisc_dv_otbn_env_0.1/otbn_env_cov.sv:1487: error: covergroup bin `mnem_sw' range expression references mutable enclosing-class property `mnem_sw'; IEEE 1800 19.5 permits only constant expressions, enclosing-class global or instance constants, or non-ref covergroup arguments.
../src/lowrisc_dv_otbn_env_0.1/otbn_env_cov.sv:1562: error: covergroup bin `mnem_beq' range expression references mutable enclosing-class property `mnem_beq'; IEEE 1800 19.5 permits only constant expressions, enclosing-class global or instance constants, or non-ref covergroup arguments.
../src/lowrisc_dv_otbn_env_0.1/otbn_env_cov.sv:1563: error: covergroup bin `mnem_bne' range expression references mutable enclosing-class property `mnem_bne'; IEEE 1800 19.5 permits only constant expressions, enclosing-class global or instance constants, or non-ref covergroup arguments.
../src/lowrisc_dv_otbn_env_0.1/otbn_env_cov.sv:1882: error: covergroup bin `mnem_bn_mulqacc' range expression references mutable enclosing-class property `mnem_bn_mulqacc'; IEEE 1800 19.5 permits only constant expressions, enclosing-class global or instance constants, or non-ref covergroup arguments.
../src/lowrisc_dv_otbn_env_0.1/otbn_env_cov.sv:1883: error: covergroup bin `mnem_bn_mulqacc_so' range expression references mutable enclosing-class property `mnem_bn_mulqacc_so'; IEEE 1800 19.5 permits only constant expressions, enclosing-class global or instance constants, or non-ref covergroup arguments.
../src/lowrisc_dv_otbn_env_0.1/otbn_env_cov.sv:1884: error: covergroup bin `mnem_bn_mulqacc_wo' range expression references mutable enclosing-class property `mnem_bn_mulqacc_wo'; IEEE 1800 19.5 permits only constant expressions, enclosing-class global or instance constants, or non-ref covergroup arguments.
../src/lowrisc_dv_otbn_env_0.1/otbn_env_cov.sv:1897: error: covergroup bin `mnem_bn_subb' range expression references mutable enclosing-class property `mnem_bn_subb'; IEEE 1800 19.5 permits only constant expressions, enclosing-class global or instance constants, or non-ref covergroup arguments.
../src/lowrisc_dv_otbn_env_0.1/otbn_env_cov.sv:1898: error: covergroup bin `mnem_bn_cmpb' range expression references mutable enclosing-class property `mnem_bn_cmpb'; IEEE 1800 19.5 permits only constant expressions, enclosing-class global or instance constants, or non-ref covergroup arguments.
../src/lowrisc_dv_otbn_env_0.1/otbn_env_cov.sv:1954: error: covergroup bin `mnem_bn_lid' range expression references mutable enclosing-class property `mnem_bn_lid'; IEEE 1800 19.5 permits only constant expressions, enclosing-class global or instance constants, or non-ref covergroup arguments.
../src/lowrisc_dv_otbn_env_0.1/otbn_env_cov.sv:1955: error: covergroup bin `mnem_bn_sid' range expression references mutable enclosing-class property `mnem_bn_sid'; IEEE 1800 19.5 permits only constant expressions, enclosing-class global or instance constants, or non-ref covergroup arguments.
sorry: covergroup bin 'extremes' has a runtime range expression that cannot be represented; the bin is dropped.
sorry: covergroup bin 'extremes' has a runtime range expression that cannot be represented; the bin is dropped.
../src/lowrisc_dv_otbn_env_0.1/otbn_env_cov.sv:772: error: A reference to a net or variable (`insn_data['sd31]') is not allowed in a constant expression.
../src/lowrisc_dv_otbn_env_0.1/otbn_env_cov.sv:772: warning: Array index expressions must be constant here (compile-progress fallback, using 0).
../src/lowrisc_dv_otbn_env_0.1/otbn_env_cov.sv:2462: sorry: coverpoint 518 of covergroup '__covgrp_otbn_env_cov_enc_bna_cg_t' cannot be evaluated at this sample() site; it samples constant 0.
../src/lowrisc_dv_otbn_env_0.1/otbn_env_cov.sv:775: error: A reference to a net or variable (`insn_data['sd31]') is not allowed in a constant expression.
../src/lowrisc_dv_otbn_env_0.1/otbn_env_cov.sv:775: warning: Array index expressions must be constant here (compile-progress fallback, using 0).
../src/lowrisc_dv_otbn_env_0.1/otbn_env_cov.sv:2462: sorry: coverpoint 519 of covergroup '__covgrp_otbn_env_cov_enc_bna_cg_t' cannot be evaluated at this sample() site; it samples constant 0.
../src/lowrisc_dv_otbn_env_0.1/otbn_env_cov.sv:777: error: A reference to a net or variable (`insn_data['sd31]') is not allowed in a constant expression.
../src/lowrisc_dv_otbn_env_0.1/otbn_env_cov.sv:777: warning: Array index expressions must be constant here (compile-progress fallback, using 0).
../src/lowrisc_dv_otbn_env_0.1/otbn_env_cov.sv:2462: sorry: coverpoint 520 of covergroup '__covgrp_otbn_env_cov_enc_bna_cg_t' cannot be evaluated at this sample() site; it samples constant 0.
../src/lowrisc_dv_otbn_env_0.1/otbn_env_cov.sv:816: error: A reference to a net or variable (`insn_data['sd31]') is not allowed in a constant expression.
../src/lowrisc_dv_otbn_env_0.1/otbn_env_cov.sv:816: warning: Array index expressions must be constant here (compile-progress fallback, using 0).
../src/lowrisc_dv_otbn_env_0.1/otbn_env_cov.sv:2466: sorry: coverpoint 518 of covergroup '__covgrp_otbn_env_cov_enc_bnaf_cg_t' cannot be evaluated at this sample() site; it samples constant 0.
../src/lowrisc_dv_otbn_env_0.1/otbn_env_cov.sv:818: error: A reference to a net or variable (`insn_data['sd31]') is not allowed in a constant expression.
../src/lowrisc_dv_otbn_env_0.1/otbn_env_cov.sv:818: warning: Array index expressions must be constant here (compile-progress fallback, using 0).
../src/lowrisc_dv_otbn_env_0.1/otbn_env_cov.sv:2466: sorry: coverpoint 519 of covergroup '__covgrp_otbn_env_cov_enc_bnaf_cg_t' cannot be evaluated at this sample() site; it samples constant 0.
../src/lowrisc_dv_otbn_env_0.1/otbn_env_cov.sv:821: error: A reference to a net or variable (`insn_data['sd31]') is not allowed in a constant expression.
../src/lowrisc_dv_otbn_env_0.1/otbn_env_cov.sv:821: warning: Array index expressions must be constant here (compile-progress fallback, using 0).
../src/lowrisc_dv_otbn_env_0.1/otbn_env_cov.sv:2466: sorry: coverpoint 520 of covergroup '__covgrp_otbn_env_cov_enc_bnaf_cg_t' cannot be evaluated at this sample() site; it samples constant 0.
../src/lowrisc_dv_otbn_env_0.1/otbn_env_cov.sv:823: error: A reference to a net or variable (`insn_data['sd31]') is not allowed in a constant expression.
../src/lowrisc_dv_otbn_env_0.1/otbn_env_cov.sv:823: warning: Array index expressions must be constant here (compile-progress fallback, using 0).
../src/lowrisc_dv_otbn_env_0.1/otbn_env_cov.sv:2466: sorry: coverpoint 521 of covergroup '__covgrp_otbn_env_cov_enc_bnaf_cg_t' cannot be evaluated at this sample() site; it samples constant 0.
../src/lowrisc_dv_otbn_env_0.1/otbn_env_cov.sv:846: error: A reference to a net or variable (`insn_data['sd31]') is not allowed in a constant expression.
../src/lowrisc_dv_otbn_env_0.1/otbn_env_cov.sv:846: warning: Array index expressions must be constant here (compile-progress fallback, using 0).
../src/lowrisc_dv_otbn_env_0.1/otbn_env_cov.sv:2470: sorry: coverpoint 260 of covergroup '__covgrp_otbn_env_cov_enc_bnai_cg_t' cannot be evaluated at this sample() site; it samples constant 0.
../src/lowrisc_dv_otbn_env_0.1/otbn_env_cov.sv:848: error: A reference to a net or variable (`insn_data['sd31]') is not allowed in a constant expression.
../src/lowrisc_dv_otbn_env_0.1/otbn_env_cov.sv:848: warning: Array index expressions must be constant here (compile-progress fallback, using 0).
../src/lowrisc_dv_otbn_env_0.1/otbn_env_cov.sv:2470: sorry: coverpoint 261 of covergroup '__covgrp_otbn_env_cov_enc_bnai_cg_t' cannot be evaluated at this sample() site; it samples constant 0.
../src/lowrisc_dv_otbn_env_0.1/otbn_env_cov.sv:851: error: A reference to a net or variable (`insn_data['sd31]') is not allowed in a constant expression.
../src/lowrisc_dv_otbn_env_0.1/otbn_env_cov.sv:851: warning: Array index expressions must be constant here (compile-progress fallback, using 0).
../src/lowrisc_dv_otbn_env_0.1/otbn_env_cov.sv:2470: sorry: coverpoint 262 of covergroup '__covgrp_otbn_env_cov_enc_bnai_cg_t' cannot be evaluated at this sample() site; it samples constant 0.
../src/lowrisc_dv_otbn_env_0.1/otbn_env_cov.sv:853: error: A reference to a net or variable (`insn_data['sd31]') is not allowed in a constant expression.
../src/lowrisc_dv_otbn_env_0.1/otbn_env_cov.sv:853: warning: Array index expressions must be constant here (compile-progress fallback, using 0).
../src/lowrisc_dv_otbn_env_0.1/otbn_env_cov.sv:2470: sorry: coverpoint 263 of covergroup '__covgrp_otbn_env_cov_enc_bnai_cg_t' cannot be evaluated at this sample() site; it samples constant 0.
../src/lowrisc_dv_otbn_env_0.1/otbn_env_cov.sv:898: error: A reference to a net or variable (`insn_data['sd31]') is not allowed in a constant expression.
../src/lowrisc_dv_otbn_env_0.1/otbn_env_cov.sv:898: warning: Array index expressions must be constant here (compile-progress fallback, using 0).
../src/lowrisc_dv_otbn_env_0.1/otbn_env_cov.sv:2476: sorry: coverpoint 262 of covergroup '__covgrp_otbn_env_cov_enc_bnan_cg_t' cannot be evaluated at this sample() site; it samples constant 0.
../src/lowrisc_dv_otbn_env_0.1/otbn_env_cov.sv:901: error: A reference to a net or variable (`insn_data['sd31]') is not allowed in a constant expression.
../src/lowrisc_dv_otbn_env_0.1/otbn_env_cov.sv:901: warning: Array index expressions must be constant here (compile-progress fallback, using 0).
../src/lowrisc_dv_otbn_env_0.1/otbn_env_cov.sv:2476: sorry: coverpoint 263 of covergroup '__covgrp_otbn_env_cov_enc_bnan_cg_t' cannot be evaluated at this sample() site; it samples constant 0.
../src/lowrisc_dv_otbn_env_0.1/otbn_env_cov.sv:903: error: A reference to a net or variable (`insn_data['sd31]') is not allowed in a constant expression.
../src/lowrisc_dv_otbn_env_0.1/otbn_env_cov.sv:903: warning: Array index expressions must be constant here (compile-progress fallback, using 0).
../src/lowrisc_dv_otbn_env_0.1/otbn_env_cov.sv:2476: sorry: coverpoint 264 of covergroup '__covgrp_otbn_env_cov_enc_bnan_cg_t' cannot be evaluated at this sample() site; it samples constant 0.
../src/lowrisc_dv_otbn_env_0.1/otbn_env_cov.sv:954: error: A reference to a net or variable (`insn_data['sd31]') is not allowed in a constant expression.
../src/lowrisc_dv_otbn_env_0.1/otbn_env_cov.sv:954: warning: Array index expressions must be constant here (compile-progress fallback, using 0).
../src/lowrisc_dv_otbn_env_0.1/otbn_env_cov.sv:2483: sorry: coverpoint 520 of covergroup '__covgrp_otbn_env_cov_enc_bnaqs_cg_t' cannot be evaluated at this sample() site; it samples constant 0.
../src/lowrisc_dv_otbn_env_0.1/otbn_env_cov.sv:957: error: A reference to a net or variable (`insn_data['sd31]') is not allowed in a constant expression.
../src/lowrisc_dv_otbn_env_0.1/otbn_env_cov.sv:957: warning: Array index expressions must be constant here (compile-progress fallback, using 0).
../src/lowrisc_dv_otbn_env_0.1/otbn_env_cov.sv:2483: sorry: coverpoint 521 of covergroup '__covgrp_otbn_env_cov_enc_bnaqs_cg_t' cannot be evaluated at this sample() site; it samples constant 0.
../src/lowrisc_dv_otbn_env_0.1/otbn_env_cov.sv:959: error: A reference to a net or variable (`insn_data['sd31]') is not allowed in a constant expression.
../src/lowrisc_dv_otbn_env_0.1/otbn_env_cov.sv:959: warning: Array index expressions must be constant here (compile-progress fallback, using 0).
../src/lowrisc_dv_otbn_env_0.1/otbn_env_cov.sv:2483: sorry: coverpoint 522 of covergroup '__covgrp_otbn_env_cov_enc_bnaqs_cg_t' cannot be evaluated at this sample() site; it samples constant 0.
../src/lowrisc_dv_otbn_env_0.1/otbn_env_cov.sv:988: error: A reference to a net or variable (`insn_data['sd31]') is not allowed in a constant expression.
../src/lowrisc_dv_otbn_env_0.1/otbn_env_cov.sv:988: warning: Array index expressions must be constant here (compile-progress fallback, using 0).
../src/lowrisc_dv_otbn_env_0.1/otbn_env_cov.sv:2487: sorry: coverpoint 519 of covergroup '__covgrp_otbn_env_cov_enc_bnaqw_cg_t' cannot be evaluated at this sample() site; it samples constant 0.
../src/lowrisc_dv_otbn_env_0.1/otbn_env_cov.sv:991: error: A reference to a net or variable (`insn_data['sd31]') is not allowed in a constant expression.
../src/lowrisc_dv_otbn_env_0.1/otbn_env_cov.sv:991: warning: Array index expressions must be constant here (compile-progress fallback, using 0).
../src/lowrisc_dv_otbn_env_0.1/otbn_env_cov.sv:2487: sorry: coverpoint 520 of covergroup '__covgrp_otbn_env_cov_enc_bnaqw_cg_t' cannot be evaluated at this sample() site; it samples constant 0.
../src/lowrisc_dv_otbn_env_0.1/otbn_env_cov.sv:993: error: A reference to a net or variable (`insn_data['sd31]') is not allowed in a constant expression.
../src/lowrisc_dv_otbn_env_0.1/otbn_env_cov.sv:993: warning: Array index expressions must be constant here (compile-progress fallback, using 0).
../src/lowrisc_dv_otbn_env_0.1/otbn_env_cov.sv:2487: sorry: coverpoint 521 of covergroup '__covgrp_otbn_env_cov_enc_bnaqw_cg_t' cannot be evaluated at this sample() site; it samples constant 0.
../src/lowrisc_dv_otbn_env_0.1/otbn_env_cov.sv:1025: error: A reference to a net or variable (`insn_data['sd31]') is not allowed in a constant expression.
../src/lowrisc_dv_otbn_env_0.1/otbn_env_cov.sv:1025: warning: Array index expressions must be constant here (compile-progress fallback, using 0).
../src/lowrisc_dv_otbn_env_0.1/otbn_env_cov.sv:2491: sorry: coverpoint 518 of covergroup '__covgrp_otbn_env_cov_enc_bnc_cg_t' cannot be evaluated at this sample() site; it samples constant 0.
../src/lowrisc_dv_otbn_env_0.1/otbn_env_cov.sv:1027: error: A reference to a net or variable (`insn_data['sd31]') is not allowed in a constant expression.
../src/lowrisc_dv_otbn_env_0.1/otbn_env_cov.sv:1027: warning: Array index expressions must be constant here (compile-progress fallback, using 0).
../src/lowrisc_dv_otbn_env_0.1/otbn_env_cov.sv:2491: sorry: coverpoint 519 of covergroup '__covgrp_otbn_env_cov_enc_bnc_cg_t' cannot be evaluated at this sample() site; it samples constant 0.
../src/lowrisc_dv_otbn_env_0.1/otbn_env_cov.sv:1030: error: A reference to a net or variable (`insn_data['sd31]') is not allowed in a constant expression.
../src/lowrisc_dv_otbn_env_0.1/otbn_env_cov.sv:1030: warning: Array index expressions must be constant here (compile-progress fallback, using 0).
../src/lowrisc_dv_otbn_env_0.1/otbn_env_cov.sv:2491: sorry: coverpoint 520 of covergroup '__covgrp_otbn_env_cov_enc_bnc_cg_t' cannot be evaluated at this sample() site; it samples constant 0.
../src/lowrisc_dv_otbn_env_0.1/otbn_env_cov.sv:1032: error: A reference to a net or variable (`insn_data['sd31]') is not allowed in a constant expression.
../src/lowrisc_dv_otbn_env_0.1/otbn_env_cov.sv:1032: warning: Array index expressions must be constant here (compile-progress fallback, using 0).
../src/lowrisc_dv_otbn_env_0.1/otbn_env_cov.sv:2491: sorry: coverpoint 521 of covergroup '__covgrp_otbn_env_cov_enc_bnc_cg_t' cannot be evaluated at this sample() site; it samples constant 0.
../src/lowrisc_dv_otbn_env_0.1/otbn_env_cov.sv:1109: error: A reference to a net or variable (`insn_data['sd31]') is not allowed in a constant expression.
../src/lowrisc_dv_otbn_env_0.1/otbn_env_cov.sv:1109: warning: Array index expressions must be constant here (compile-progress fallback, using 0).
../src/lowrisc_dv_otbn_env_0.1/otbn_env_cov.sv:2501: sorry: coverpoint 516 of covergroup '__covgrp_otbn_env_cov_enc_bns_cg_t' cannot be evaluated at this sample() site; it samples constant 0.
../src/lowrisc_dv_otbn_env_0.1/otbn_env_cov.sv:1831: internal error: packed struct member select on '_ivl_203' has 1 base index(es), but the signal has 1 packed dimension(s).
../src/lowrisc_dv_otbn_env_0.1/otbn_env_cov.sv:2645: sorry: coverpoint 2 of covergroup '__covgrp_otbn_env_cov_insn_bn_addc_cg_t' cannot be evaluated at this sample() site; it samples constant 0.
../src/lowrisc_dv_otbn_env_0.1/otbn_env_cov.sv:1904: internal error: packed struct member select on '_ivl_216' has 1 base index(es), but the signal has 1 packed dimension(s).
../src/lowrisc_dv_otbn_env_0.1/otbn_env_cov.sv:2656: sorry: coverpoint 3 of covergroup '__covgrp_otbn_env_cov_insn_bn_subcmpb_cg_t' cannot be evaluated at this sample() site; it samples constant 0.
../src/lowrisc_dv_otbn_env_0.1/otbn_env_cov.sv:1904: internal error: packed struct member select on '_ivl_219' has 1 base index(es), but the signal has 1 packed dimension(s).
../src/lowrisc_dv_otbn_env_0.1/otbn_env_cov.sv:2656: sorry: coverpoint 3 of covergroup '__covgrp_otbn_env_cov_insn_bn_subcmpb_cg_t' cannot be evaluated at this sample() site; it samples constant 0.
../src/lowrisc_dv_otbn_sim_0.1/tb.sv:87: warning: input port rst_n is coerced to inout.
../src/lowrisc_ip_otbn_tracer_0/rtl/otbn_trace_if.sv:375: error: Unable to bind wire/reg/memory `controller_bad_int_i.loop_hw_intg_err' in `tb.dut.u_otbn_core.i_otbn_trace_if'
../src/lowrisc_ip_otbn_tracer_0/rtl/otbn_trace_if.sv:382:      : A symbol with that name was declared here. Check for declaration after use.
../src/lowrisc_ip_otbn_tracer_0/rtl/otbn_trace_if.sv:375: error: Unable to elaborate r-value: controller_bad_int_i.loop_hw_intg_err
../src/lowrisc_fpv_otbn_csr_assert_0/otbn_csr_assert_fpv.sv:91: warning: A non-blocking assignment should not be used in an always_comb process.
../src/lowrisc_fpv_otbn_csr_assert_0/otbn_csr_assert_fpv.sv:92: warning: A non-blocking assignment should not be used in an always_comb process.
../src/lowrisc_fpv_otbn_csr_assert_0/otbn_csr_assert_fpv.sv:93: warning: A non-blocking assignment should not be used in an always_comb process.
../src/lowrisc_fpv_otbn_csr_assert_0/otbn_csr_assert_fpv.sv:94: warning: A non-blocking assignment should not be used in an always_comb process.
../src/lowrisc_fpv_otbn_csr_assert_0/otbn_csr_assert_fpv.sv:96: warning: A non-blocking assignment should not be used in an always_comb process.
208 error(s) during elaboration.
