OpenTitan UVM runtime
command: /Users/danielellerbrock/projects/iverilog_uvm/iverilog-uvm-opentitan-cover-open-range-20260925/local-install/bin/vvp -n /private/tmp/ot-open-range-hmac-combined-20260925/work/runtime/lowrisc_dv_hmac_sim_0.1/matrix-runtime.vvp +UVM_NO_RELNOTES +UVM_VERBOSITY=UVM_LOW +cdc_instrumentation_enabled=1 +smoke_test=1 +UVM_TESTNAME=hmac_base_test +UVM_TEST_SEQ=hmac_smoke_vseq
returncode: 0
duration_seconds: 5.388

UVM_INFO @ 0 ps: reporter [RNTST] Running test hmac_base_test...
UVM_INFO @   3272326 ps: (hmac_smoke_vseq.sv:80) uvm_test_top.env.virtual_sequencer [uvm_test_top.env.virtual_sequencer.hmac_smoke_vseq] starting seq 1/49, message size 504 bits, hmac=0, sha=1
UVM_INFO @   3272326 ps: (hmac_smoke_vseq.sv:82) uvm_test_top.env.virtual_sequencer [uvm_test_top.env.virtual_sequencer.hmac_smoke_vseq] digest size=SHA2_384, key length=256
UVM_INFO @   3272326 ps: (hmac_smoke_vseq.sv:85) uvm_test_top.env.virtual_sequencer [uvm_test_top.env.virtual_sequencer.hmac_smoke_vseq] intr_fifo_empty/hmac_done/hmac_err=101, endian/digest/key_swap=110
UVM_INFO @   3272326 ps: (hmac_smoke_vseq.sv:86) uvm_test_top.env.virtual_sequencer [uvm_test_top.env.virtual_sequencer.hmac_smoke_vseq] wipe secret condition is: NoWipeSecret
UVM_INFO @   3498131 ps: (hmac_base_vseq.sv:123) uvm_test_top.env.virtual_sequencer [uvm_test_top.env.virtual_sequencer.hmac_smoke_vseq] invalid config: 0
UVM_INFO @   3562647 ps: (hmac_base_vseq.sv:213) uvm_test_top.env.virtual_sequencer [uvm_test_top.env.virtual_sequencer.hmac_smoke_vseq] wiping secret untriggered
UVM_INFO @   6659415 ps: (hmac_base_vseq.sv:213) uvm_test_top.env.virtual_sequencer [uvm_test_top.env.virtual_sequencer.hmac_smoke_vseq] wiping secret untriggered
UVM_INFO @   6659415 ps: (hmac_base_vseq.sv:161) uvm_test_top.env.virtual_sequencer [uvm_test_top.env.virtual_sequencer.hmac_smoke_vseq] triggering hash to start
UVM_INFO @   6691673 ps: (hmac_scoreboard.sv:126) uvm_test_top.env.scoreboard [uvm_test_top.env.scoreboard] invalid config at starting: 0
UVM_INFO @   6723931 ps: (hmac_base_vseq.sv:295) uvm_test_top.env.virtual_sequencer [uvm_test_top.env.virtual_sequencer.hmac_smoke_vseq] wr_addr = 125a, wr_mask = 1111, words = 0x7cf29b60
UVM_INFO @   6788447 ps: (hmac_base_vseq.sv:295) uvm_test_top.env.virtual_sequencer [uvm_test_top.env.virtual_sequencer.hmac_smoke_vseq] wr_addr = 14c8, wr_mask = 0010, words = 0x489240c5
UVM_INFO @   6852963 ps: (hmac_base_vseq.sv:295) uvm_test_top.env.virtual_sequencer [uvm_test_top.env.virtual_sequencer.hmac_smoke_vseq] wr_addr = 1741, wr_mask = 1110, words = 0x88bcdf7b
UVM_ERROR @   6981995 ps: (hmac_scoreboard.sv:481) [uvm_test_top.env.scoreboard] Check failed item.d_data == csr.get_mirrored_value() (2 [0x2] vs 16 [0x10]) status
UVM_INFO @   6981995 ps: (uvm_report_catcher.svh:705) [UVM/REPORT/CATCHER] 
--- UVM Report catcher Summary ---


Number of demoted UVM_FATAL reports  :    0
Number of demoted UVM_ERROR reports  :    0
Number of demoted UVM_WARNING reports:    0
Number of caught UVM_FATAL reports   :    0
Number of caught UVM_ERROR reports   :    0
Number of caught UVM_WARNING reports :    0

UVM_INFO @   6981995 ps: (uvm_report_server.svh:847) [UVM/REPORT/SERVER] 
--- UVM Report Summary ---

Quit count reached!
Quit count :     1 of     1
** Report counts by severity
UVM_INFO :   14
UVM_WARNING :    0
UVM_ERROR :    1
UVM_FATAL :    0
** Report counts by id
[RNTST]     1
[UVM/REPORT/CATCHER]     1
[uvm_test_top.env.scoreboard]     2
[uvm_test_top.env.virtual_sequencer.hmac_smoke_vseq]    11


TEST FAILED CHECKS
 _____         _      __       _ _          _ _ 
|_   _|__  ___| |_   / _| __ _(_) | ___  __| | |
  | |/ _ \/ __| __| | |_ / _` | | |/ _ \/ _` | |
  | |  __/\__ \ |_  |  _| (_| | | |  __/ (_| |_|
  |_|\___||___/\__| |_|  \__,_|_|_|\___|\__,_(_)

/Users/danielellerbrock/projects/iverilog_uvm/iverilog-uvm-campaign-20260908/third_party/uvm-releases/sources/1.2/uvm-1.2/src/base/uvm_root.svh:135: $finish called at 6981995 (1ps)
