   -- Testbench for csrng started --
*** Toggle reset.
WARNING: /Users/danielellerbrock/projects/iverilog_uvm/caliptra-rtl/src/csrng/rtl/csrng_reg_top.sv:2386: value is unhandled for priority or unique case statement
         Time: 0  Scope: csrng_tb.dut.u_reg
WARNING: /Users/danielellerbrock/projects/iverilog_uvm/caliptra-rtl/src/csrng/rtl/csrng_reg_top.sv:2386: value is unhandled for priority or unique case statement
         Time: 0  Scope: csrng_tb.dut.u_reg
WARNING: /Users/danielellerbrock/projects/iverilog_uvm/caliptra-rtl/src/csrng/rtl/csrng_reg_top.sv:2386: value is unhandled for priority or unique case statement
         Time: 0  Scope: csrng_tb.dut.u_reg
WARNING: /Users/danielellerbrock/projects/iverilog_uvm/caliptra-rtl/src/csrng/rtl/csrng_reg_top.sv:2386: value is unhandled for priority or unique case statement
         Time: 0  Scope: csrng_tb.dut.u_reg

[                4014] write_single_word(addr=0x00000014, word=0x00000666)
WARNING: /Users/danielellerbrock/projects/iverilog_uvm/caliptra-rtl/src/csrng/rtl/csrng_reg_top.sv:2386: value is unhandled for priority or unique case statement
         Time: 4018  Scope: csrng_tb.dut.u_reg
Instantiate Command - Use entropy Source Seed
[                4022] write_single_word(addr=0x00000018, word=0x00000901)
WARNING: /Users/danielellerbrock/projects/iverilog_uvm/caliptra-rtl/src/csrng/rtl/csrng_reg_top.sv:2386: value is unhandled for priority or unique case statement
         Time: 4022  Scope: csrng_tb.dut.u_reg
WARNING: /Users/danielellerbrock/projects/iverilog_uvm/caliptra-rtl/src/csrng/rtl/csrng_reg_top.sv:2386: value is unhandled for priority or unique case statement
         Time: 4026  Scope: csrng_tb.dut.u_reg
Wait for Request
WARNING: /Users/danielellerbrock/projects/iverilog_uvm/caliptra-rtl/src/csrng/rtl/csrng_reg_top.sv:2386: value is unhandled for priority or unique case statement
         Time: 4030  Scope: csrng_tb.dut.u_reg
WARNING: /Users/danielellerbrock/projects/iverilog_uvm/caliptra-rtl/src/csrng/rtl/csrng_reg_top.sv:2386: value is unhandled for priority or unique case statement
         Time: 4038  Scope: csrng_tb.dut.u_reg
WARNING: /Users/danielellerbrock/projects/iverilog_uvm/caliptra-rtl/src/csrng/rtl/csrng_reg_top.sv:2386: value is unhandled for priority or unique case statement
         Time: 4042  Scope: csrng_tb.dut.u_reg
WARNING: /Users/danielellerbrock/projects/iverilog_uvm/caliptra-rtl/src/csrng/rtl/csrng_reg_top.sv:2386: value is unhandled for priority or unique case statement
         Time: 4046  Scope: csrng_tb.dut.u_reg
WARNING: /Users/danielellerbrock/projects/iverilog_uvm/caliptra-rtl/src/csrng/rtl/csrng_reg_top.sv:2386: value is unhandled for priority or unique case statement
         Time: 24050  Scope: csrng_tb.dut.u_reg
WARNING: /Users/danielellerbrock/projects/iverilog_uvm/caliptra-rtl/src/csrng/rtl/csrng_reg_top.sv:2386: value is unhandled for priority or unique case statement
         Time: 24054  Scope: csrng_tb.dut.u_reg
WARNING: /Users/danielellerbrock/projects/iverilog_uvm/caliptra-rtl/src/csrng/rtl/csrng_reg_top.sv:2386: value is unhandled for priority or unique case statement
         Time: 24058  Scope: csrng_tb.dut.u_reg
Generate Request
[               24166] write_single_word(addr=0x00000018, word=0x00001003)
WARNING: /Users/danielellerbrock/projects/iverilog_uvm/caliptra-rtl/src/csrng/rtl/csrng_reg_top.sv:2386: value is unhandled for priority or unique case statement
         Time: 24170  Scope: csrng_tb.dut.u_reg
WARNING: /Users/danielellerbrock/projects/iverilog_uvm/caliptra-rtl/src/csrng/rtl/csrng_reg_top.sv:2386: value is unhandled for priority or unique case statement
         Time: 24174  Scope: csrng_tb.dut.u_reg
WARNING: /Users/danielellerbrock/projects/iverilog_uvm/caliptra-rtl/src/csrng/rtl/csrng_reg_top.sv:2386: value is unhandled for priority or unique case statement
         Time: 24178  Scope: csrng_tb.dut.u_reg
[               24182] read_single_word(addr=0x00000030) = 0x00000000
WARNING: /Users/danielellerbrock/projects/iverilog_uvm/caliptra-rtl/src/csrng/rtl/csrng_reg_top.sv:2386: value is unhandled for priority or unique case statement
         Time: 24182  Scope: csrng_tb.dut.u_reg
WARNING: /Users/danielellerbrock/projects/iverilog_uvm/caliptra-rtl/src/csrng/rtl/csrng_reg_top.sv:2386: value is unhandled for priority or unique case statement
         Time: 24226  Scope: csrng_tb.dut.u_reg
[               24230] read_single_word(addr=0x00000030) = 0x00000000
WARNING: /Users/danielellerbrock/projects/iverilog_uvm/caliptra-rtl/src/csrng/rtl/csrng_reg_top.sv:2386: value is unhandled for priority or unique case statement
         Time: 24274  Scope: csrng_tb.dut.u_reg
[               24278] read_single_word(addr=0x00000030) = 0x00000000
WARNING: /Users/danielellerbrock/projects/iverilog_uvm/caliptra-rtl/src/csrng/rtl/csrng_reg_top.sv:2386: value is unhandled for priority or unique case statement
         Time: 24282  Scope: csrng_tb.dut.u_reg
WARNING: /Users/danielellerbrock/projects/iverilog_uvm/caliptra-rtl/src/csrng/rtl/csrng_reg_top.sv:2386: value is unhandled for priority or unique case statement
         Time: 24290  Scope: csrng_tb.dut.u_reg
WARNING: /Users/danielellerbrock/projects/iverilog_uvm/caliptra-rtl/src/csrng/rtl/csrng_reg_top.sv:2386: value is unhandled for priority or unique case statement
         Time: 24298  Scope: csrng_tb.dut.u_reg
WARNING: /Users/danielellerbrock/projects/iverilog_uvm/caliptra-rtl/src/csrng/rtl/csrng_reg_top.sv:2386: value is unhandled for priority or unique case statement
         Time: 24302  Scope: csrng_tb.dut.u_reg
WARNING: /Users/danielellerbrock/projects/iverilog_uvm/caliptra-rtl/src/csrng/rtl/csrng_reg_top.sv:2386: value is unhandled for priority or unique case statement
         Time: 24306  Scope: csrng_tb.dut.u_reg
WARNING: /Users/danielellerbrock/projects/iverilog_uvm/caliptra-rtl/src/csrng/rtl/csrng_reg_top.sv:2386: value is unhandled for priority or unique case statement
         Time: 24310  Scope: csrng_tb.dut.u_reg
WARNING: /Users/danielellerbrock/projects/iverilog_uvm/caliptra-rtl/src/csrng/rtl/csrng_reg_top.sv:2386: value is unhandled for priority or unique case statement
         Time: 24314  Scope: csrng_tb.dut.u_reg
WARNING: /Users/danielellerbrock/projects/iverilog_uvm/caliptra-rtl/src/csrng/rtl/csrng_reg_top.sv:2386: value is unhandled for priority or unique case statement
         Time: 24322  Scope: csrng_tb.dut.u_reg
[               24326] read_single_word(addr=0x00000030) = 0x00000000
WARNING: /Users/danielellerbrock/projects/iverilog_uvm/caliptra-rtl/src/csrng/rtl/csrng_reg_top.sv:2386: value is unhandled for priority or unique case statement
         Time: 24370  Scope: csrng_tb.dut.u_reg
[               24374] read_single_word(addr=0x00000030) = 0x00000000
WARNING: /Users/danielellerbrock/projects/iverilog_uvm/caliptra-rtl/src/csrng/rtl/csrng_reg_top.sv:2386: value is unhandled for priority or unique case statement
         Time: 24418  Scope: csrng_tb.dut.u_reg
[               24422] read_single_word(addr=0x00000030) = 0x00000000
WARNING: /Users/danielellerbrock/projects/iverilog_uvm/caliptra-rtl/src/csrng/rtl/csrng_reg_top.sv:2386: value is unhandled for priority or unique case statement
         Time: 24466  Scope: csrng_tb.dut.u_reg
[               24470] read_single_word(addr=0x00000030) = 0x00000000
WARNING: /Users/danielellerbrock/projects/iverilog_uvm/caliptra-rtl/src/csrng/rtl/csrng_reg_top.sv:2386: value is unhandled for priority or unique case statement
         Time: 24514  Scope: csrng_tb.dut.u_reg
[               24518] read_single_word(addr=0x00000030) = 0x00000000
WARNING: /Users/danielellerbrock/projects/iverilog_uvm/caliptra-rtl/src/csrng/rtl/csrng_reg_top.sv:2386: value is unhandled for priority or unique case statement
         Time: 24562  Scope: csrng_tb.dut.u_reg
[               24566] read_single_word(addr=0x00000030) = 0x00000000
WARNING: /Users/danielellerbrock/projects/iverilog_uvm/caliptra-rtl/src/csrng/rtl/csrng_reg_top.sv:2386: value is unhandled for priority or unique case statement
         Time: 24610  Scope: csrng_tb.dut.u_reg
[               24614] read_single_word(addr=0x00000030) = 0x00000000
WARNING: /Users/danielellerbrock/projects/iverilog_uvm/caliptra-rtl/src/csrng/rtl/csrng_reg_top.sv:2386: value is unhandled for priority or unique case statement
         Time: 24618  Scope: csrng_tb.dut.u_reg
WARNING: /Users/danielellerbrock/projects/iverilog_uvm/caliptra-rtl/src/csrng/rtl/csrng_reg_top.sv:2386: value is unhandled for priority or unique case statement
         Time: 24622  Scope: csrng_tb.dut.u_reg
WARNING: /Users/danielellerbrock/projects/iverilog_uvm/caliptra-rtl/src/csrng/rtl/csrng_reg_top.sv:2386: value is unhandled for priority or unique case statement
         Time: 24622  Scope: csrng_tb.dut.u_reg
WARNING: /Users/danielellerbrock/projects/iverilog_uvm/caliptra-rtl/src/csrng/rtl/csrng_reg_top.sv:2386: value is unhandled for priority or unique case statement
         Time: 24622  Scope: csrng_tb.dut.u_reg
WARNING: /Users/danielellerbrock/projects/iverilog_uvm/caliptra-rtl/src/csrng/rtl/csrng_reg_top.sv:2386: value is unhandled for priority or unique case statement
         Time: 24658  Scope: csrng_tb.dut.u_reg
[               24662] read_single_word(addr=0x00000030) = 0x00000001
WARNING: /Users/danielellerbrock/projects/iverilog_uvm/caliptra-rtl/src/csrng/rtl/csrng_reg_top.sv:2386: value is unhandled for priority or unique case statement
         Time: 24706  Scope: csrng_tb.dut.u_reg
WARNING: /Users/danielellerbrock/projects/iverilog_uvm/caliptra-rtl/src/csrng/rtl/csrng_reg_top.sv:2386: value is unhandled for priority or unique case statement
         Time: 24706  Scope: csrng_tb.dut.u_reg
[               24710] read_single_word(addr=0x00000034) = 0x15eb2a44
WARNING: /Users/danielellerbrock/projects/iverilog_uvm/caliptra-rtl/src/csrng/rtl/csrng_reg_top.sv:2386: value is unhandled for priority or unique case statement
         Time: 24714  Scope: csrng_tb.dut.u_reg
WARNING: /Users/danielellerbrock/projects/iverilog_uvm/caliptra-rtl/src/csrng/rtl/csrng_reg_top.sv:2386: value is unhandled for priority or unique case statement
         Time: 24714  Scope: csrng_tb.dut.u_reg
[               24718] read_single_word(addr=0x00000034) = 0x310851dd
WARNING: /Users/danielellerbrock/projects/iverilog_uvm/caliptra-rtl/src/csrng/rtl/csrng_reg_top.sv:2386: value is unhandled for priority or unique case statement
         Time: 24722  Scope: csrng_tb.dut.u_reg
WARNING: /Users/danielellerbrock/projects/iverilog_uvm/caliptra-rtl/src/csrng/rtl/csrng_reg_top.sv:2386: value is unhandled for priority or unique case statement
         Time: 24722  Scope: csrng_tb.dut.u_reg
[               24726] read_single_word(addr=0x00000034) = 0xba1365ab
WARNING: /Users/danielellerbrock/projects/iverilog_uvm/caliptra-rtl/src/csrng/rtl/csrng_reg_top.sv:2386: value is unhandled for priority or unique case statement
         Time: 24730  Scope: csrng_tb.dut.u_reg
WARNING: /Users/danielellerbrock/projects/iverilog_uvm/caliptra-rtl/src/csrng/rtl/csrng_reg_top.sv:2386: value is unhandled for priority or unique case statement
         Time: 24730  Scope: csrng_tb.dut.u_reg
WARNING: /Users/danielellerbrock/projects/iverilog_uvm/caliptra-rtl/src/csrng/rtl/csrng_reg_top.sv:2386: value is unhandled for priority or unique case statement
         Time: 24730  Scope: csrng_tb.dut.u_reg
[               24734] read_single_word(addr=0x00000034) = 0x4c7322f4
Uninitiate Command
[               28734] write_single_word(addr=0x00000018, word=0x00000905)
WARNING: /Users/danielellerbrock/projects/iverilog_uvm/caliptra-rtl/src/csrng/rtl/csrng_reg_top.sv:2386: value is unhandled for priority or unique case statement
         Time: 28738  Scope: csrng_tb.dut.u_reg
WARNING: /Users/danielellerbrock/projects/iverilog_uvm/caliptra-rtl/src/csrng/rtl/csrng_reg_top.sv:2386: value is unhandled for priority or unique case statement
         Time: 28742  Scope: csrng_tb.dut.u_reg
WARNING: /Users/danielellerbrock/projects/iverilog_uvm/caliptra-rtl/src/csrng/rtl/csrng_reg_top.sv:2386: value is unhandled for priority or unique case statement
         Time: 28750  Scope: csrng_tb.dut.u_reg
WARNING: /Users/danielellerbrock/projects/iverilog_uvm/caliptra-rtl/src/csrng/rtl/csrng_reg_top.sv:2386: value is unhandled for priority or unique case statement
         Time: 28754  Scope: csrng_tb.dut.u_reg
WARNING: /Users/danielellerbrock/projects/iverilog_uvm/caliptra-rtl/src/csrng/rtl/csrng_reg_top.sv:2386: value is unhandled for priority or unique case statement
         Time: 28758  Scope: csrng_tb.dut.u_reg
WARNING: /Users/danielellerbrock/projects/iverilog_uvm/caliptra-rtl/src/csrng/rtl/csrng_reg_top.sv:2386: value is unhandled for priority or unique case statement
         Time: 28762  Scope: csrng_tb.dut.u_reg
WARNING: /Users/danielellerbrock/projects/iverilog_uvm/caliptra-rtl/src/csrng/rtl/csrng_reg_top.sv:2386: value is unhandled for priority or unique case statement
         Time: 28766  Scope: csrng_tb.dut.u_reg
WARNING: /Users/danielellerbrock/projects/iverilog_uvm/caliptra-rtl/src/csrng/rtl/csrng_reg_top.sv:2386: value is unhandled for priority or unique case statement
         Time: 28770  Scope: csrng_tb.dut.u_reg
WARNING: /Users/danielellerbrock/projects/iverilog_uvm/caliptra-rtl/src/csrng/rtl/csrng_reg_top.sv:2386: value is unhandled for priority or unique case statement
         Time: 28990  Scope: csrng_tb.dut.u_reg
WARNING: /Users/danielellerbrock/projects/iverilog_uvm/caliptra-rtl/src/csrng/rtl/csrng_reg_top.sv:2386: value is unhandled for priority or unique case statement
         Time: 28994  Scope: csrng_tb.dut.u_reg
WARNING: /Users/danielellerbrock/projects/iverilog_uvm/caliptra-rtl/src/csrng/rtl/csrng_reg_top.sv:2386: value is unhandled for priority or unique case statement
         Time: 29002  Scope: csrng_tb.dut.u_reg
WARNING: /Users/danielellerbrock/projects/iverilog_uvm/caliptra-rtl/src/csrng/rtl/csrng_reg_top.sv:2386: value is unhandled for priority or unique case statement
         Time: 29546  Scope: csrng_tb.dut.u_reg
[               29550] read_single_word(addr=0x0000002c) = 0x00000006
Initiate Command - Writing 48B of seed
[               29590] write_single_word(addr=0x00000018, word=0x000006c1)
WARNING: /Users/danielellerbrock/projects/iverilog_uvm/caliptra-rtl/src/csrng/rtl/csrng_reg_top.sv:2386: value is unhandled for priority or unique case statement
         Time: 29594  Scope: csrng_tb.dut.u_reg
[               29598] write_single_word(addr=0x00000018, word=0x73bec010)
WARNING: /Users/danielellerbrock/projects/iverilog_uvm/caliptra-rtl/src/csrng/rtl/csrng_reg_top.sv:2386: value is unhandled for priority or unique case statement
         Time: 29598  Scope: csrng_tb.dut.u_reg
WARNING: /Users/danielellerbrock/projects/iverilog_uvm/caliptra-rtl/src/csrng/rtl/csrng_reg_top.sv:2386: value is unhandled for priority or unique case statement
         Time: 29602  Scope: csrng_tb.dut.u_reg
[               29606] write_single_word(addr=0x00000018, word=0x9262474c)
WARNING: /Users/danielellerbrock/projects/iverilog_uvm/caliptra-rtl/src/csrng/rtl/csrng_reg_top.sv:2386: value is unhandled for priority or unique case statement
         Time: 29610  Scope: csrng_tb.dut.u_reg
[               29614] write_single_word(addr=0x00000018, word=0x16a30f76)
WARNING: /Users/danielellerbrock/projects/iverilog_uvm/caliptra-rtl/src/csrng/rtl/csrng_reg_top.sv:2386: value is unhandled for priority or unique case statement
         Time: 29618  Scope: csrng_tb.dut.u_reg
[               29622] write_single_word(addr=0x00000018, word=0x531b51de)
WARNING: /Users/danielellerbrock/projects/iverilog_uvm/caliptra-rtl/src/csrng/rtl/csrng_reg_top.sv:2386: value is unhandled for priority or unique case statement
         Time: 29626  Scope: csrng_tb.dut.u_reg
[               29630] write_single_word(addr=0x00000018, word=0x2ee494e5)
WARNING: /Users/danielellerbrock/projects/iverilog_uvm/caliptra-rtl/src/csrng/rtl/csrng_reg_top.sv:2386: value is unhandled for priority or unique case statement
         Time: 29634  Scope: csrng_tb.dut.u_reg
[               29638] write_single_word(addr=0x00000018, word=0xdfec9db3)
WARNING: /Users/danielellerbrock/projects/iverilog_uvm/caliptra-rtl/src/csrng/rtl/csrng_reg_top.sv:2386: value is unhandled for priority or unique case statement
         Time: 29642  Scope: csrng_tb.dut.u_reg
[               29646] write_single_word(addr=0x00000018, word=0xcb7a879d)
WARNING: /Users/danielellerbrock/projects/iverilog_uvm/caliptra-rtl/src/csrng/rtl/csrng_reg_top.sv:2386: value is unhandled for priority or unique case statement
         Time: 29650  Scope: csrng_tb.dut.u_reg
[               29654] write_single_word(addr=0x00000018, word=0x5600419c)
WARNING: /Users/danielellerbrock/projects/iverilog_uvm/caliptra-rtl/src/csrng/rtl/csrng_reg_top.sv:2386: value is unhandled for priority or unique case statement
         Time: 29658  Scope: csrng_tb.dut.u_reg
[               29662] write_single_word(addr=0x00000018, word=0xca79b0b0)
WARNING: /Users/danielellerbrock/projects/iverilog_uvm/caliptra-rtl/src/csrng/rtl/csrng_reg_top.sv:2386: value is unhandled for priority or unique case statement
         Time: 29666  Scope: csrng_tb.dut.u_reg
[               29670] write_single_word(addr=0x00000018, word=0xdda33b5c)
WARNING: /Users/danielellerbrock/projects/iverilog_uvm/caliptra-rtl/src/csrng/rtl/csrng_reg_top.sv:2386: value is unhandled for priority or unique case statement
         Time: 29674  Scope: csrng_tb.dut.u_reg
[               29678] write_single_word(addr=0x00000018, word=0xa468649e)
WARNING: /Users/danielellerbrock/projects/iverilog_uvm/caliptra-rtl/src/csrng/rtl/csrng_reg_top.sv:2386: value is unhandled for priority or unique case statement
         Time: 29682  Scope: csrng_tb.dut.u_reg
[               29686] write_single_word(addr=0x00000018, word=0xdf5d73fa)
WARNING: /Users/danielellerbrock/projects/iverilog_uvm/caliptra-rtl/src/csrng/rtl/csrng_reg_top.sv:2386: value is unhandled for priority or unique case statement
         Time: 29690  Scope: csrng_tb.dut.u_reg
WARNING: /Users/danielellerbrock/projects/iverilog_uvm/caliptra-rtl/src/csrng/rtl/csrng_reg_top.sv:2386: value is unhandled for priority or unique case statement
         Time: 29698  Scope: csrng_tb.dut.u_reg
[               29702] read_single_word(addr=0x0000002c) = 0x00000000
WARNING: /Users/danielellerbrock/projects/iverilog_uvm/caliptra-rtl/src/csrng/rtl/csrng_reg_top.sv:2386: value is unhandled for priority or unique case statement
         Time: 29702  Scope: csrng_tb.dut.u_reg
WARNING: /Users/danielellerbrock/projects/iverilog_uvm/caliptra-rtl/src/csrng/rtl/csrng_reg_top.sv:2386: value is unhandled for priority or unique case statement
         Time: 29706  Scope: csrng_tb.dut.u_reg
WARNING: /Users/danielellerbrock/projects/iverilog_uvm/caliptra-rtl/src/csrng/rtl/csrng_reg_top.sv:2386: value is unhandled for priority or unique case statement
         Time: 29710  Scope: csrng_tb.dut.u_reg
WARNING: /Users/danielellerbrock/projects/iverilog_uvm/caliptra-rtl/src/csrng/rtl/csrng_reg_top.sv:2386: value is unhandled for priority or unique case statement
         Time: 29714  Scope: csrng_tb.dut.u_reg
WARNING: /Users/danielellerbrock/projects/iverilog_uvm/caliptra-rtl/src/csrng/rtl/csrng_reg_top.sv:2386: value is unhandled for priority or unique case statement
         Time: 29746  Scope: csrng_tb.dut.u_reg
[               29750] read_single_word(addr=0x0000002c) = 0x00000002
WARNING: /Users/danielellerbrock/projects/iverilog_uvm/caliptra-rtl/src/csrng/rtl/csrng_reg_top.sv:2386: value is unhandled for priority or unique case statement
         Time: 29794  Scope: csrng_tb.dut.u_reg
[               29798] read_single_word(addr=0x0000002c) = 0x00000002
WARNING: /Users/danielellerbrock/projects/iverilog_uvm/caliptra-rtl/src/csrng/rtl/csrng_reg_top.sv:2386: value is unhandled for priority or unique case statement
         Time: 29842  Scope: csrng_tb.dut.u_reg
[               29846] read_single_word(addr=0x0000002c) = 0x00000002
WARNING: /Users/danielellerbrock/projects/iverilog_uvm/caliptra-rtl/src/csrng/rtl/csrng_reg_top.sv:2386: value is unhandled for priority or unique case statement
         Time: 29890  Scope: csrng_tb.dut.u_reg
[               29894] read_single_word(addr=0x0000002c) = 0x00000002
WARNING: /Users/danielellerbrock/projects/iverilog_uvm/caliptra-rtl/src/csrng/rtl/csrng_reg_top.sv:2386: value is unhandled for priority or unique case statement
         Time: 29938  Scope: csrng_tb.dut.u_reg
[               29942] read_single_word(addr=0x0000002c) = 0x00000002
WARNING: /Users/danielellerbrock/projects/iverilog_uvm/caliptra-rtl/src/csrng/rtl/csrng_reg_top.sv:2386: value is unhandled for priority or unique case statement
         Time: 29946  Scope: csrng_tb.dut.u_reg
WARNING: /Users/danielellerbrock/projects/iverilog_uvm/caliptra-rtl/src/csrng/rtl/csrng_reg_top.sv:2386: value is unhandled for priority or unique case statement
         Time: 29986  Scope: csrng_tb.dut.u_reg
[               29990] read_single_word(addr=0x0000002c) = 0x00000006
Generate Command - 512b
[               30030] write_single_word(addr=0x00000018, word=0x00004903)
WARNING: /Users/danielellerbrock/projects/iverilog_uvm/caliptra-rtl/src/csrng/rtl/csrng_reg_top.sv:2386: value is unhandled for priority or unique case statement
         Time: 30034  Scope: csrng_tb.dut.u_reg
WARNING: /Users/danielellerbrock/projects/iverilog_uvm/caliptra-rtl/src/csrng/rtl/csrng_reg_top.sv:2386: value is unhandled for priority or unique case statement
         Time: 30038  Scope: csrng_tb.dut.u_reg
WARNING: /Users/danielellerbrock/projects/iverilog_uvm/caliptra-rtl/src/csrng/rtl/csrng_reg_top.sv:2386: value is unhandled for priority or unique case statement
         Time: 30042  Scope: csrng_tb.dut.u_reg
[               30046] read_single_word(addr=0x00000030) = 0x00000000
WARNING: /Users/danielellerbrock/projects/iverilog_uvm/caliptra-rtl/src/csrng/rtl/csrng_reg_top.sv:2386: value is unhandled for priority or unique case statement
         Time: 30046  Scope: csrng_tb.dut.u_reg
WARNING: /Users/danielellerbrock/projects/iverilog_uvm/caliptra-rtl/src/csrng/rtl/csrng_reg_top.sv:2386: value is unhandled for priority or unique case statement
         Time: 30050  Scope: csrng_tb.dut.u_reg
WARNING: /Users/danielellerbrock/projects/iverilog_uvm/caliptra-rtl/src/csrng/rtl/csrng_reg_top.sv:2386: value is unhandled for priority or unique case statement
         Time: 30054  Scope: csrng_tb.dut.u_reg
WARNING: /Users/danielellerbrock/projects/iverilog_uvm/caliptra-rtl/src/csrng/rtl/csrng_reg_top.sv:2386: value is unhandled for priority or unique case statement
         Time: 30058  Scope: csrng_tb.dut.u_reg
WARNING: /Users/danielellerbrock/projects/iverilog_uvm/caliptra-rtl/src/csrng/rtl/csrng_reg_top.sv:2386: value is unhandled for priority or unique case statement
         Time: 30062  Scope: csrng_tb.dut.u_reg
WARNING: /Users/danielellerbrock/projects/iverilog_uvm/caliptra-rtl/src/csrng/rtl/csrng_reg_top.sv:2386: value is unhandled for priority or unique case statement
         Time: 30066  Scope: csrng_tb.dut.u_reg
WARNING: /Users/danielellerbrock/projects/iverilog_uvm/caliptra-rtl/src/csrng/rtl/csrng_reg_top.sv:2386: value is unhandled for priority or unique case statement
         Time: 30090  Scope: csrng_tb.dut.u_reg
[               30094] read_single_word(addr=0x00000030) = 0x00000000
WARNING: /Users/danielellerbrock/projects/iverilog_uvm/caliptra-rtl/src/csrng/rtl/csrng_reg_top.sv:2386: value is unhandled for priority or unique case statement
         Time: 30138  Scope: csrng_tb.dut.u_reg
[               30142] read_single_word(addr=0x00000030) = 0x00000000
WARNING: /Users/danielellerbrock/projects/iverilog_uvm/caliptra-rtl/src/csrng/rtl/csrng_reg_top.sv:2386: value is unhandled for priority or unique case statement
         Time: 30166  Scope: csrng_tb.dut.u_reg
WARNING: /Users/danielellerbrock/projects/iverilog_uvm/caliptra-rtl/src/csrng/rtl/csrng_reg_top.sv:2386: value is unhandled for priority or unique case statement
         Time: 30166  Scope: csrng_tb.dut.u_reg
WARNING: /Users/danielellerbrock/projects/iverilog_uvm/caliptra-rtl/src/csrng/rtl/csrng_reg_top.sv:2386: value is unhandled for priority or unique case statement
         Time: 30166  Scope: csrng_tb.dut.u_reg
WARNING: /Users/danielellerbrock/projects/iverilog_uvm/caliptra-rtl/src/csrng/rtl/csrng_reg_top.sv:2386: value is unhandled for priority or unique case statement
         Time: 30178  Scope: csrng_tb.dut.u_reg
WARNING: /Users/danielellerbrock/projects/iverilog_uvm/caliptra-rtl/src/csrng/rtl/csrng_reg_top.sv:2386: value is unhandled for priority or unique case statement
         Time: 30182  Scope: csrng_tb.dut.u_reg
WARNING: /Users/danielellerbrock/projects/iverilog_uvm/caliptra-rtl/src/csrng/rtl/csrng_reg_top.sv:2386: value is unhandled for priority or unique case statement
         Time: 30186  Scope: csrng_tb.dut.u_reg
[               30190] read_single_word(addr=0x00000030) = 0x00000001
WARNING: /Users/danielellerbrock/projects/iverilog_uvm/caliptra-rtl/src/csrng/rtl/csrng_reg_top.sv:2386: value is unhandled for priority or unique case statement
         Time: 30190  Scope: csrng_tb.dut.u_reg
WARNING: /Users/danielellerbrock/projects/iverilog_uvm/caliptra-rtl/src/csrng/rtl/csrng_reg_top.sv:2386: value is unhandled for priority or unique case statement
         Time: 30194  Scope: csrng_tb.dut.u_reg
WARNING: /Users/danielellerbrock/projects/iverilog_uvm/caliptra-rtl/src/csrng/rtl/csrng_reg_top.sv:2386: value is unhandled for priority or unique case statement
         Time: 30234  Scope: csrng_tb.dut.u_reg
WARNING: /Users/danielellerbrock/projects/iverilog_uvm/caliptra-rtl/src/csrng/rtl/csrng_reg_top.sv:2386: value is unhandled for priority or unique case statement
         Time: 30234  Scope: csrng_tb.dut.u_reg
[               30238] read_single_word(addr=0x00000034) = 0x378fca1e
WARNING: /Users/danielellerbrock/projects/iverilog_uvm/caliptra-rtl/src/csrng/rtl/csrng_reg_top.sv:2386: value is unhandled for priority or unique case statement
         Time: 30242  Scope: csrng_tb.dut.u_reg
WARNING: /Users/danielellerbrock/projects/iverilog_uvm/caliptra-rtl/src/csrng/rtl/csrng_reg_top.sv:2386: value is unhandled for priority or unique case statement
         Time: 30242  Scope: csrng_tb.dut.u_reg
[               30246] read_single_word(addr=0x00000034) = 0xcf763d08
WARNING: /Users/danielellerbrock/projects/iverilog_uvm/caliptra-rtl/src/csrng/rtl/csrng_reg_top.sv:2386: value is unhandled for priority or unique case statement
         Time: 30250  Scope: csrng_tb.dut.u_reg
WARNING: /Users/danielellerbrock/projects/iverilog_uvm/caliptra-rtl/src/csrng/rtl/csrng_reg_top.sv:2386: value is unhandled for priority or unique case statement
         Time: 30250  Scope: csrng_tb.dut.u_reg
[               30254] read_single_word(addr=0x00000034) = 0x17166e90
WARNING: /Users/danielellerbrock/projects/iverilog_uvm/caliptra-rtl/src/csrng/rtl/csrng_reg_top.sv:2386: value is unhandled for priority or unique case statement
         Time: 30258  Scope: csrng_tb.dut.u_reg
WARNING: /Users/danielellerbrock/projects/iverilog_uvm/caliptra-rtl/src/csrng/rtl/csrng_reg_top.sv:2386: value is unhandled for priority or unique case statement
         Time: 30258  Scope: csrng_tb.dut.u_reg
WARNING: /Users/danielellerbrock/projects/iverilog_uvm/caliptra-rtl/src/csrng/rtl/csrng_reg_top.sv:2386: value is unhandled for priority or unique case statement
         Time: 30258  Scope: csrng_tb.dut.u_reg
[               30262] read_single_word(addr=0x00000034) = 0x0b165308
WARNING: /Users/danielellerbrock/projects/iverilog_uvm/caliptra-rtl/src/csrng/rtl/csrng_reg_top.sv:2386: value is unhandled for priority or unique case statement
         Time: 30266  Scope: csrng_tb.dut.u_reg
[               30270] read_single_word(addr=0x00000030) = 0x00000000
WARNING: /Users/danielellerbrock/projects/iverilog_uvm/caliptra-rtl/src/csrng/rtl/csrng_reg_top.sv:2386: value is unhandled for priority or unique case statement
         Time: 30294  Scope: csrng_tb.dut.u_reg
WARNING: /Users/danielellerbrock/projects/iverilog_uvm/caliptra-rtl/src/csrng/rtl/csrng_reg_top.sv:2386: value is unhandled for priority or unique case statement
         Time: 30294  Scope: csrng_tb.dut.u_reg
WARNING: /Users/danielellerbrock/projects/iverilog_uvm/caliptra-rtl/src/csrng/rtl/csrng_reg_top.sv:2386: value is unhandled for priority or unique case statement
         Time: 30294  Scope: csrng_tb.dut.u_reg
WARNING: /Users/danielellerbrock/projects/iverilog_uvm/caliptra-rtl/src/csrng/rtl/csrng_reg_top.sv:2386: value is unhandled for priority or unique case statement
         Time: 30306  Scope: csrng_tb.dut.u_reg
WARNING: /Users/danielellerbrock/projects/iverilog_uvm/caliptra-rtl/src/csrng/rtl/csrng_reg_top.sv:2386: value is unhandled for priority or unique case statement
         Time: 30310  Scope: csrng_tb.dut.u_reg
WARNING: /Users/danielellerbrock/projects/iverilog_uvm/caliptra-rtl/src/csrng/rtl/csrng_reg_top.sv:2386: value is unhandled for priority or unique case statement
         Time: 30314  Scope: csrng_tb.dut.u_reg
[               30318] read_single_word(addr=0x00000030) = 0x00000001
WARNING: /Users/danielellerbrock/projects/iverilog_uvm/caliptra-rtl/src/csrng/rtl/csrng_reg_top.sv:2386: value is unhandled for priority or unique case statement
         Time: 30318  Scope: csrng_tb.dut.u_reg
WARNING: /Users/danielellerbrock/projects/iverilog_uvm/caliptra-rtl/src/csrng/rtl/csrng_reg_top.sv:2386: value is unhandled for priority or unique case statement
         Time: 30322  Scope: csrng_tb.dut.u_reg
WARNING: /Users/danielellerbrock/projects/iverilog_uvm/caliptra-rtl/src/csrng/rtl/csrng_reg_top.sv:2386: value is unhandled for priority or unique case statement
         Time: 30362  Scope: csrng_tb.dut.u_reg
WARNING: /Users/danielellerbrock/projects/iverilog_uvm/caliptra-rtl/src/csrng/rtl/csrng_reg_top.sv:2386: value is unhandled for priority or unique case statement
         Time: 30362  Scope: csrng_tb.dut.u_reg
[               30366] read_single_word(addr=0x00000034) = 0x359fbe3e
WARNING: /Users/danielellerbrock/projects/iverilog_uvm/caliptra-rtl/src/csrng/rtl/csrng_reg_top.sv:2386: value is unhandled for priority or unique case statement
         Time: 30370  Scope: csrng_tb.dut.u_reg
WARNING: /Users/danielellerbrock/projects/iverilog_uvm/caliptra-rtl/src/csrng/rtl/csrng_reg_top.sv:2386: value is unhandled for priority or unique case statement
         Time: 30370  Scope: csrng_tb.dut.u_reg
[               30374] read_single_word(addr=0x00000034) = 0xa69b1bf1
WARNING: /Users/danielellerbrock/projects/iverilog_uvm/caliptra-rtl/src/csrng/rtl/csrng_reg_top.sv:2386: value is unhandled for priority or unique case statement
         Time: 30378  Scope: csrng_tb.dut.u_reg
WARNING: /Users/danielellerbrock/projects/iverilog_uvm/caliptra-rtl/src/csrng/rtl/csrng_reg_top.sv:2386: value is unhandled for priority or unique case statement
         Time: 30378  Scope: csrng_tb.dut.u_reg
[               30382] read_single_word(addr=0x00000034) = 0x14117211
WARNING: /Users/danielellerbrock/projects/iverilog_uvm/caliptra-rtl/src/csrng/rtl/csrng_reg_top.sv:2386: value is unhandled for priority or unique case statement
         Time: 30386  Scope: csrng_tb.dut.u_reg
WARNING: /Users/danielellerbrock/projects/iverilog_uvm/caliptra-rtl/src/csrng/rtl/csrng_reg_top.sv:2386: value is unhandled for priority or unique case statement
         Time: 30386  Scope: csrng_tb.dut.u_reg
WARNING: /Users/danielellerbrock/projects/iverilog_uvm/caliptra-rtl/src/csrng/rtl/csrng_reg_top.sv:2386: value is unhandled for priority or unique case statement
         Time: 30386  Scope: csrng_tb.dut.u_reg
[               30390] read_single_word(addr=0x00000034) = 0xc01a0839
WARNING: /Users/danielellerbrock/projects/iverilog_uvm/caliptra-rtl/src/csrng/rtl/csrng_reg_top.sv:2386: value is unhandled for priority or unique case statement
         Time: 30394  Scope: csrng_tb.dut.u_reg
[               30398] read_single_word(addr=0x00000030) = 0x00000000
WARNING: /Users/danielellerbrock/projects/iverilog_uvm/caliptra-rtl/src/csrng/rtl/csrng_reg_top.sv:2386: value is unhandled for priority or unique case statement
         Time: 30422  Scope: csrng_tb.dut.u_reg
WARNING: /Users/danielellerbrock/projects/iverilog_uvm/caliptra-rtl/src/csrng/rtl/csrng_reg_top.sv:2386: value is unhandled for priority or unique case statement
         Time: 30422  Scope: csrng_tb.dut.u_reg
WARNING: /Users/danielellerbrock/projects/iverilog_uvm/caliptra-rtl/src/csrng/rtl/csrng_reg_top.sv:2386: value is unhandled for priority or unique case statement
         Time: 30422  Scope: csrng_tb.dut.u_reg
WARNING: /Users/danielellerbrock/projects/iverilog_uvm/caliptra-rtl/src/csrng/rtl/csrng_reg_top.sv:2386: value is unhandled for priority or unique case statement
         Time: 30434  Scope: csrng_tb.dut.u_reg
WARNING: /Users/danielellerbrock/projects/iverilog_uvm/caliptra-rtl/src/csrng/rtl/csrng_reg_top.sv:2386: value is unhandled for priority or unique case statement
         Time: 30438  Scope: csrng_tb.dut.u_reg
WARNING: /Users/danielellerbrock/projects/iverilog_uvm/caliptra-rtl/src/csrng/rtl/csrng_reg_top.sv:2386: value is unhandled for priority or unique case statement
         Time: 30442  Scope: csrng_tb.dut.u_reg
[               30446] read_single_word(addr=0x00000030) = 0x00000001
WARNING: /Users/danielellerbrock/projects/iverilog_uvm/caliptra-rtl/src/csrng/rtl/csrng_reg_top.sv:2386: value is unhandled for priority or unique case statement
         Time: 30446  Scope: csrng_tb.dut.u_reg
WARNING: /Users/danielellerbrock/projects/iverilog_uvm/caliptra-rtl/src/csrng/rtl/csrng_reg_top.sv:2386: value is unhandled for priority or unique case statement
         Time: 30450  Scope: csrng_tb.dut.u_reg
WARNING: /Users/danielellerbrock/projects/iverilog_uvm/caliptra-rtl/src/csrng/rtl/csrng_reg_top.sv:2386: value is unhandled for priority or unique case statement
         Time: 30490  Scope: csrng_tb.dut.u_reg
WARNING: /Users/danielellerbrock/projects/iverilog_uvm/caliptra-rtl/src/csrng/rtl/csrng_reg_top.sv:2386: value is unhandled for priority or unique case statement
         Time: 30490  Scope: csrng_tb.dut.u_reg
[               30494] read_single_word(addr=0x00000034) = 0x58d7e45d
WARNING: /Users/danielellerbrock/projects/iverilog_uvm/caliptra-rtl/src/csrng/rtl/csrng_reg_top.sv:2386: value is unhandled for priority or unique case statement
         Time: 30498  Scope: csrng_tb.dut.u_reg
WARNING: /Users/danielellerbrock/projects/iverilog_uvm/caliptra-rtl/src/csrng/rtl/csrng_reg_top.sv:2386: value is unhandled for priority or unique case statement
         Time: 30498  Scope: csrng_tb.dut.u_reg
[               30502] read_single_word(addr=0x00000034) = 0xc5e00eb8
WARNING: /Users/danielellerbrock/projects/iverilog_uvm/caliptra-rtl/src/csrng/rtl/csrng_reg_top.sv:2386: value is unhandled for priority or unique case statement
         Time: 30506  Scope: csrng_tb.dut.u_reg
WARNING: /Users/danielellerbrock/projects/iverilog_uvm/caliptra-rtl/src/csrng/rtl/csrng_reg_top.sv:2386: value is unhandled for priority or unique case statement
         Time: 30506  Scope: csrng_tb.dut.u_reg
[               30510] read_single_word(addr=0x00000034) = 0xce7ab38f
WARNING: /Users/danielellerbrock/projects/iverilog_uvm/caliptra-rtl/src/csrng/rtl/csrng_reg_top.sv:2386: value is unhandled for priority or unique case statement
         Time: 30514  Scope: csrng_tb.dut.u_reg
WARNING: /Users/danielellerbrock/projects/iverilog_uvm/caliptra-rtl/src/csrng/rtl/csrng_reg_top.sv:2386: value is unhandled for priority or unique case statement
         Time: 30514  Scope: csrng_tb.dut.u_reg
WARNING: /Users/danielellerbrock/projects/iverilog_uvm/caliptra-rtl/src/csrng/rtl/csrng_reg_top.sv:2386: value is unhandled for priority or unique case statement
         Time: 30514  Scope: csrng_tb.dut.u_reg
[               30518] read_single_word(addr=0x00000034) = 0x6e48e546
WARNING: /Users/danielellerbrock/projects/iverilog_uvm/caliptra-rtl/src/csrng/rtl/csrng_reg_top.sv:2386: value is unhandled for priority or unique case statement
         Time: 30522  Scope: csrng_tb.dut.u_reg
[               30526] read_single_word(addr=0x00000030) = 0x00000000
WARNING: /Users/danielellerbrock/projects/iverilog_uvm/caliptra-rtl/src/csrng/rtl/csrng_reg_top.sv:2386: value is unhandled for priority or unique case statement
         Time: 30570  Scope: csrng_tb.dut.u_reg
[               30574] read_single_word(addr=0x00000030) = 0x00000000
WARNING: /Users/danielellerbrock/projects/iverilog_uvm/caliptra-rtl/src/csrng/rtl/csrng_reg_top.sv:2386: value is unhandled for priority or unique case statement
         Time: 30618  Scope: csrng_tb.dut.u_reg
[               30622] read_single_word(addr=0x00000030) = 0x00000000
WARNING: /Users/danielellerbrock/projects/iverilog_uvm/caliptra-rtl/src/csrng/rtl/csrng_reg_top.sv:2386: value is unhandled for priority or unique case statement
         Time: 30666  Scope: csrng_tb.dut.u_reg
[               30670] read_single_word(addr=0x00000030) = 0x00000000
WARNING: /Users/danielellerbrock/projects/iverilog_uvm/caliptra-rtl/src/csrng/rtl/csrng_reg_top.sv:2386: value is unhandled for priority or unique case statement
         Time: 30714  Scope: csrng_tb.dut.u_reg
[               30718] read_single_word(addr=0x00000030) = 0x00000000
WARNING: /Users/danielellerbrock/projects/iverilog_uvm/caliptra-rtl/src/csrng/rtl/csrng_reg_top.sv:2386: value is unhandled for priority or unique case statement
         Time: 30754  Scope: csrng_tb.dut.u_reg
WARNING: /Users/danielellerbrock/projects/iverilog_uvm/caliptra-rtl/src/csrng/rtl/csrng_reg_top.sv:2386: value is unhandled for priority or unique case statement
         Time: 30758  Scope: csrng_tb.dut.u_reg
WARNING: /Users/danielellerbrock/projects/iverilog_uvm/caliptra-rtl/src/csrng/rtl/csrng_reg_top.sv:2386: value is unhandled for priority or unique case statement
         Time: 30762  Scope: csrng_tb.dut.u_reg
[               30766] read_single_word(addr=0x00000030) = 0x00000001
WARNING: /Users/danielellerbrock/projects/iverilog_uvm/caliptra-rtl/src/csrng/rtl/csrng_reg_top.sv:2386: value is unhandled for priority or unique case statement
         Time: 30766  Scope: csrng_tb.dut.u_reg
WARNING: /Users/danielellerbrock/projects/iverilog_uvm/caliptra-rtl/src/csrng/rtl/csrng_reg_top.sv:2386: value is unhandled for priority or unique case statement
         Time: 30810  Scope: csrng_tb.dut.u_reg
WARNING: /Users/danielellerbrock/projects/iverilog_uvm/caliptra-rtl/src/csrng/rtl/csrng_reg_top.sv:2386: value is unhandled for priority or unique case statement
         Time: 30810  Scope: csrng_tb.dut.u_reg
[               30814] read_single_word(addr=0x00000034) = 0x49de93f9
WARNING: /Users/danielellerbrock/projects/iverilog_uvm/caliptra-rtl/src/csrng/rtl/csrng_reg_top.sv:2386: value is unhandled for priority or unique case statement
         Time: 30818  Scope: csrng_tb.dut.u_reg
WARNING: /Users/danielellerbrock/projects/iverilog_uvm/caliptra-rtl/src/csrng/rtl/csrng_reg_top.sv:2386: value is unhandled for priority or unique case statement
         Time: 30818  Scope: csrng_tb.dut.u_reg
[               30822] read_single_word(addr=0x00000034) = 0x88a65ec7
WARNING: /Users/danielellerbrock/projects/iverilog_uvm/caliptra-rtl/src/csrng/rtl/csrng_reg_top.sv:2386: value is unhandled for priority or unique case statement
         Time: 30826  Scope: csrng_tb.dut.u_reg
WARNING: /Users/danielellerbrock/projects/iverilog_uvm/caliptra-rtl/src/csrng/rtl/csrng_reg_top.sv:2386: value is unhandled for priority or unique case statement
         Time: 30826  Scope: csrng_tb.dut.u_reg
[               30830] read_single_word(addr=0x00000034) = 0xc58a553e
WARNING: /Users/danielellerbrock/projects/iverilog_uvm/caliptra-rtl/src/csrng/rtl/csrng_reg_top.sv:2386: value is unhandled for priority or unique case statement
         Time: 30834  Scope: csrng_tb.dut.u_reg
WARNING: /Users/danielellerbrock/projects/iverilog_uvm/caliptra-rtl/src/csrng/rtl/csrng_reg_top.sv:2386: value is unhandled for priority or unique case statement
         Time: 30834  Scope: csrng_tb.dut.u_reg
WARNING: /Users/danielellerbrock/projects/iverilog_uvm/caliptra-rtl/src/csrng/rtl/csrng_reg_top.sv:2386: value is unhandled for priority or unique case statement
         Time: 30834  Scope: csrng_tb.dut.u_reg
[               30838] read_single_word(addr=0x00000034) = 0x5d6e1012
WARNING: /Users/danielellerbrock/projects/iverilog_uvm/caliptra-rtl/src/csrng/rtl/csrng_reg_top.sv:2386: value is unhandled for priority or unique case statement
         Time: 30842  Scope: csrng_tb.dut.u_reg
[               30846] read_single_word(addr=0x0000002c) = 0x00000006
Generate Command - 512b
[               30886] write_single_word(addr=0x00000018, word=0x00004903)
WARNING: /Users/danielellerbrock/projects/iverilog_uvm/caliptra-rtl/src/csrng/rtl/csrng_reg_top.sv:2386: value is unhandled for priority or unique case statement
         Time: 30890  Scope: csrng_tb.dut.u_reg
WARNING: /Users/danielellerbrock/projects/iverilog_uvm/caliptra-rtl/src/csrng/rtl/csrng_reg_top.sv:2386: value is unhandled for priority or unique case statement
         Time: 30894  Scope: csrng_tb.dut.u_reg
WARNING: /Users/danielellerbrock/projects/iverilog_uvm/caliptra-rtl/src/csrng/rtl/csrng_reg_top.sv:2386: value is unhandled for priority or unique case statement
         Time: 30898  Scope: csrng_tb.dut.u_reg
[               30902] read_single_word(addr=0x00000030) = 0x00000000
WARNING: /Users/danielellerbrock/projects/iverilog_uvm/caliptra-rtl/src/csrng/rtl/csrng_reg_top.sv:2386: value is unhandled for priority or unique case statement
         Time: 30902  Scope: csrng_tb.dut.u_reg
WARNING: /Users/danielellerbrock/projects/iverilog_uvm/caliptra-rtl/src/csrng/rtl/csrng_reg_top.sv:2386: value is unhandled for priority or unique case statement
         Time: 30906  Scope: csrng_tb.dut.u_reg
WARNING: /Users/danielellerbrock/projects/iverilog_uvm/caliptra-rtl/src/csrng/rtl/csrng_reg_top.sv:2386: value is unhandled for priority or unique case statement
         Time: 30910  Scope: csrng_tb.dut.u_reg
WARNING: /Users/danielellerbrock/projects/iverilog_uvm/caliptra-rtl/src/csrng/rtl/csrng_reg_top.sv:2386: value is unhandled for priority or unique case statement
         Time: 30914  Scope: csrng_tb.dut.u_reg
WARNING: /Users/danielellerbrock/projects/iverilog_uvm/caliptra-rtl/src/csrng/rtl/csrng_reg_top.sv:2386: value is unhandled for priority or unique case statement
         Time: 30918  Scope: csrng_tb.dut.u_reg
WARNING: /Users/danielellerbrock/projects/iverilog_uvm/caliptra-rtl/src/csrng/rtl/csrng_reg_top.sv:2386: value is unhandled for priority or unique case statement
         Time: 30922  Scope: csrng_tb.dut.u_reg
WARNING: /Users/danielellerbrock/projects/iverilog_uvm/caliptra-rtl/src/csrng/rtl/csrng_reg_top.sv:2386: value is unhandled for priority or unique case statement
         Time: 30946  Scope: csrng_tb.dut.u_reg
[               30950] read_single_word(addr=0x00000030) = 0x00000000
WARNING: /Users/danielellerbrock/projects/iverilog_uvm/caliptra-rtl/src/csrng/rtl/csrng_reg_top.sv:2386: value is unhandled for priority or unique case statement
         Time: 30994  Scope: csrng_tb.dut.u_reg
[               30998] read_single_word(addr=0x00000030) = 0x00000000
WARNING: /Users/danielellerbrock/projects/iverilog_uvm/caliptra-rtl/src/csrng/rtl/csrng_reg_top.sv:2386: value is unhandled for priority or unique case statement
         Time: 31022  Scope: csrng_tb.dut.u_reg
WARNING: /Users/danielellerbrock/projects/iverilog_uvm/caliptra-rtl/src/csrng/rtl/csrng_reg_top.sv:2386: value is unhandled for priority or unique case statement
         Time: 31022  Scope: csrng_tb.dut.u_reg
WARNING: /Users/danielellerbrock/projects/iverilog_uvm/caliptra-rtl/src/csrng/rtl/csrng_reg_top.sv:2386: value is unhandled for priority or unique case statement
         Time: 31022  Scope: csrng_tb.dut.u_reg
WARNING: /Users/danielellerbrock/projects/iverilog_uvm/caliptra-rtl/src/csrng/rtl/csrng_reg_top.sv:2386: value is unhandled for priority or unique case statement
         Time: 31034  Scope: csrng_tb.dut.u_reg
WARNING: /Users/danielellerbrock/projects/iverilog_uvm/caliptra-rtl/src/csrng/rtl/csrng_reg_top.sv:2386: value is unhandled for priority or unique case statement
         Time: 31038  Scope: csrng_tb.dut.u_reg
WARNING: /Users/danielellerbrock/projects/iverilog_uvm/caliptra-rtl/src/csrng/rtl/csrng_reg_top.sv:2386: value is unhandled for priority or unique case statement
         Time: 31042  Scope: csrng_tb.dut.u_reg
[               31046] read_single_word(addr=0x00000030) = 0x00000001
WARNING: /Users/danielellerbrock/projects/iverilog_uvm/caliptra-rtl/src/csrng/rtl/csrng_reg_top.sv:2386: value is unhandled for priority or unique case statement
         Time: 31046  Scope: csrng_tb.dut.u_reg
WARNING: /Users/danielellerbrock/projects/iverilog_uvm/caliptra-rtl/src/csrng/rtl/csrng_reg_top.sv:2386: value is unhandled for priority or unique case statement
         Time: 31050  Scope: csrng_tb.dut.u_reg
WARNING: /Users/danielellerbrock/projects/iverilog_uvm/caliptra-rtl/src/csrng/rtl/csrng_reg_top.sv:2386: value is unhandled for priority or unique case statement
         Time: 31090  Scope: csrng_tb.dut.u_reg
WARNING: /Users/danielellerbrock/projects/iverilog_uvm/caliptra-rtl/src/csrng/rtl/csrng_reg_top.sv:2386: value is unhandled for priority or unique case statement
         Time: 31090  Scope: csrng_tb.dut.u_reg
[               31094] read_single_word(addr=0x00000034) = 0xe48bb8cb
WARNING: /Users/danielellerbrock/projects/iverilog_uvm/caliptra-rtl/src/csrng/rtl/csrng_reg_top.sv:2386: value is unhandled for priority or unique case statement
         Time: 31098  Scope: csrng_tb.dut.u_reg
WARNING: /Users/danielellerbrock/projects/iverilog_uvm/caliptra-rtl/src/csrng/rtl/csrng_reg_top.sv:2386: value is unhandled for priority or unique case statement
         Time: 31098  Scope: csrng_tb.dut.u_reg
[               31102] read_single_word(addr=0x00000034) = 0x1012c84c
WARNING: /Users/danielellerbrock/projects/iverilog_uvm/caliptra-rtl/src/csrng/rtl/csrng_reg_top.sv:2386: value is unhandled for priority or unique case statement
         Time: 31106  Scope: csrng_tb.dut.u_reg
WARNING: /Users/danielellerbrock/projects/iverilog_uvm/caliptra-rtl/src/csrng/rtl/csrng_reg_top.sv:2386: value is unhandled for priority or unique case statement
         Time: 31106  Scope: csrng_tb.dut.u_reg
[               31110] read_single_word(addr=0x00000034) = 0x5af8a7f1
WARNING: /Users/danielellerbrock/projects/iverilog_uvm/caliptra-rtl/src/csrng/rtl/csrng_reg_top.sv:2386: value is unhandled for priority or unique case statement
         Time: 31114  Scope: csrng_tb.dut.u_reg
WARNING: /Users/danielellerbrock/projects/iverilog_uvm/caliptra-rtl/src/csrng/rtl/csrng_reg_top.sv:2386: value is unhandled for priority or unique case statement
         Time: 31114  Scope: csrng_tb.dut.u_reg
WARNING: /Users/danielellerbrock/projects/iverilog_uvm/caliptra-rtl/src/csrng/rtl/csrng_reg_top.sv:2386: value is unhandled for priority or unique case statement
         Time: 31114  Scope: csrng_tb.dut.u_reg
[               31118] read_single_word(addr=0x00000034) = 0xd1c07cd9
WARNING: /Users/danielellerbrock/projects/iverilog_uvm/caliptra-rtl/src/csrng/rtl/csrng_reg_top.sv:2386: value is unhandled for priority or unique case statement
         Time: 31122  Scope: csrng_tb.dut.u_reg
[               31126] read_single_word(addr=0x00000030) = 0x00000000
WARNING: /Users/danielellerbrock/projects/iverilog_uvm/caliptra-rtl/src/csrng/rtl/csrng_reg_top.sv:2386: value is unhandled for priority or unique case statement
         Time: 31150  Scope: csrng_tb.dut.u_reg
WARNING: /Users/danielellerbrock/projects/iverilog_uvm/caliptra-rtl/src/csrng/rtl/csrng_reg_top.sv:2386: value is unhandled for priority or unique case statement
         Time: 31150  Scope: csrng_tb.dut.u_reg
WARNING: /Users/danielellerbrock/projects/iverilog_uvm/caliptra-rtl/src/csrng/rtl/csrng_reg_top.sv:2386: value is unhandled for priority or unique case statement
         Time: 31150  Scope: csrng_tb.dut.u_reg
WARNING: /Users/danielellerbrock/projects/iverilog_uvm/caliptra-rtl/src/csrng/rtl/csrng_reg_top.sv:2386: value is unhandled for priority or unique case statement
         Time: 31162  Scope: csrng_tb.dut.u_reg
WARNING: /Users/danielellerbrock/projects/iverilog_uvm/caliptra-rtl/src/csrng/rtl/csrng_reg_top.sv:2386: value is unhandled for priority or unique case statement
         Time: 31166  Scope: csrng_tb.dut.u_reg
WARNING: /Users/danielellerbrock/projects/iverilog_uvm/caliptra-rtl/src/csrng/rtl/csrng_reg_top.sv:2386: value is unhandled for priority or unique case statement
         Time: 31170  Scope: csrng_tb.dut.u_reg
[               31174] read_single_word(addr=0x00000030) = 0x00000001
WARNING: /Users/danielellerbrock/projects/iverilog_uvm/caliptra-rtl/src/csrng/rtl/csrng_reg_top.sv:2386: value is unhandled for priority or unique case statement
         Time: 31174  Scope: csrng_tb.dut.u_reg
WARNING: /Users/danielellerbrock/projects/iverilog_uvm/caliptra-rtl/src/csrng/rtl/csrng_reg_top.sv:2386: value is unhandled for priority or unique case statement
         Time: 31178  Scope: csrng_tb.dut.u_reg
WARNING: /Users/danielellerbrock/projects/iverilog_uvm/caliptra-rtl/src/csrng/rtl/csrng_reg_top.sv:2386: value is unhandled for priority or unique case statement
         Time: 31218  Scope: csrng_tb.dut.u_reg
WARNING: /Users/danielellerbrock/projects/iverilog_uvm/caliptra-rtl/src/csrng/rtl/csrng_reg_top.sv:2386: value is unhandled for priority or unique case statement
         Time: 31218  Scope: csrng_tb.dut.u_reg
[               31222] read_single_word(addr=0x00000034) = 0xdf82ab22
WARNING: /Users/danielellerbrock/projects/iverilog_uvm/caliptra-rtl/src/csrng/rtl/csrng_reg_top.sv:2386: value is unhandled for priority or unique case statement
         Time: 31226  Scope: csrng_tb.dut.u_reg
WARNING: /Users/danielellerbrock/projects/iverilog_uvm/caliptra-rtl/src/csrng/rtl/csrng_reg_top.sv:2386: value is unhandled for priority or unique case statement
         Time: 31226  Scope: csrng_tb.dut.u_reg
[               31230] read_single_word(addr=0x00000034) = 0x771c619b
WARNING: /Users/danielellerbrock/projects/iverilog_uvm/caliptra-rtl/src/csrng/rtl/csrng_reg_top.sv:2386: value is unhandled for priority or unique case statement
         Time: 31234  Scope: csrng_tb.dut.u_reg
WARNING: /Users/danielellerbrock/projects/iverilog_uvm/caliptra-rtl/src/csrng/rtl/csrng_reg_top.sv:2386: value is unhandled for priority or unique case statement
         Time: 31234  Scope: csrng_tb.dut.u_reg
[               31238] read_single_word(addr=0x00000034) = 0xd40fccb1
WARNING: /Users/danielellerbrock/projects/iverilog_uvm/caliptra-rtl/src/csrng/rtl/csrng_reg_top.sv:2386: value is unhandled for priority or unique case statement
         Time: 31242  Scope: csrng_tb.dut.u_reg
WARNING: /Users/danielellerbrock/projects/iverilog_uvm/caliptra-rtl/src/csrng/rtl/csrng_reg_top.sv:2386: value is unhandled for priority or unique case statement
         Time: 31242  Scope: csrng_tb.dut.u_reg
WARNING: /Users/danielellerbrock/projects/iverilog_uvm/caliptra-rtl/src/csrng/rtl/csrng_reg_top.sv:2386: value is unhandled for priority or unique case statement
         Time: 31242  Scope: csrng_tb.dut.u_reg
[               31246] read_single_word(addr=0x00000034) = 0x87189e99
WARNING: /Users/danielellerbrock/projects/iverilog_uvm/caliptra-rtl/src/csrng/rtl/csrng_reg_top.sv:2386: value is unhandled for priority or unique case statement
         Time: 31250  Scope: csrng_tb.dut.u_reg
[               31254] read_single_word(addr=0x00000030) = 0x00000000
WARNING: /Users/danielellerbrock/projects/iverilog_uvm/caliptra-rtl/src/csrng/rtl/csrng_reg_top.sv:2386: value is unhandled for priority or unique case statement
         Time: 31278  Scope: csrng_tb.dut.u_reg
WARNING: /Users/danielellerbrock/projects/iverilog_uvm/caliptra-rtl/src/csrng/rtl/csrng_reg_top.sv:2386: value is unhandled for priority or unique case statement
         Time: 31278  Scope: csrng_tb.dut.u_reg
WARNING: /Users/danielellerbrock/projects/iverilog_uvm/caliptra-rtl/src/csrng/rtl/csrng_reg_top.sv:2386: value is unhandled for priority or unique case statement
         Time: 31278  Scope: csrng_tb.dut.u_reg
WARNING: /Users/danielellerbrock/projects/iverilog_uvm/caliptra-rtl/src/csrng/rtl/csrng_reg_top.sv:2386: value is unhandled for priority or unique case statement
         Time: 31290  Scope: csrng_tb.dut.u_reg
WARNING: /Users/danielellerbrock/projects/iverilog_uvm/caliptra-rtl/src/csrng/rtl/csrng_reg_top.sv:2386: value is unhandled for priority or unique case statement
         Time: 31294  Scope: csrng_tb.dut.u_reg
WARNING: /Users/danielellerbrock/projects/iverilog_uvm/caliptra-rtl/src/csrng/rtl/csrng_reg_top.sv:2386: value is unhandled for priority or unique case statement
         Time: 31298  Scope: csrng_tb.dut.u_reg
[               31302] read_single_word(addr=0x00000030) = 0x00000001
WARNING: /Users/danielellerbrock/projects/iverilog_uvm/caliptra-rtl/src/csrng/rtl/csrng_reg_top.sv:2386: value is unhandled for priority or unique case statement
         Time: 31302  Scope: csrng_tb.dut.u_reg
WARNING: /Users/danielellerbrock/projects/iverilog_uvm/caliptra-rtl/src/csrng/rtl/csrng_reg_top.sv:2386: value is unhandled for priority or unique case statement
         Time: 31306  Scope: csrng_tb.dut.u_reg
WARNING: /Users/danielellerbrock/projects/iverilog_uvm/caliptra-rtl/src/csrng/rtl/csrng_reg_top.sv:2386: value is unhandled for priority or unique case statement
         Time: 31346  Scope: csrng_tb.dut.u_reg
WARNING: /Users/danielellerbrock/projects/iverilog_uvm/caliptra-rtl/src/csrng/rtl/csrng_reg_top.sv:2386: value is unhandled for priority or unique case statement
         Time: 31346  Scope: csrng_tb.dut.u_reg
[               31350] read_single_word(addr=0x00000034) = 0x510494b3
WARNING: /Users/danielellerbrock/projects/iverilog_uvm/caliptra-rtl/src/csrng/rtl/csrng_reg_top.sv:2386: value is unhandled for priority or unique case statement
         Time: 31354  Scope: csrng_tb.dut.u_reg
WARNING: /Users/danielellerbrock/projects/iverilog_uvm/caliptra-rtl/src/csrng/rtl/csrng_reg_top.sv:2386: value is unhandled for priority or unique case statement
         Time: 31354  Scope: csrng_tb.dut.u_reg
[               31358] read_single_word(addr=0x00000034) = 0x64f7ac0c
WARNING: /Users/danielellerbrock/projects/iverilog_uvm/caliptra-rtl/src/csrng/rtl/csrng_reg_top.sv:2386: value is unhandled for priority or unique case statement
         Time: 31362  Scope: csrng_tb.dut.u_reg
WARNING: /Users/danielellerbrock/projects/iverilog_uvm/caliptra-rtl/src/csrng/rtl/csrng_reg_top.sv:2386: value is unhandled for priority or unique case statement
         Time: 31362  Scope: csrng_tb.dut.u_reg
[               31366] read_single_word(addr=0x00000034) = 0x2581f391
WARNING: /Users/danielellerbrock/projects/iverilog_uvm/caliptra-rtl/src/csrng/rtl/csrng_reg_top.sv:2386: value is unhandled for priority or unique case statement
         Time: 31370  Scope: csrng_tb.dut.u_reg
WARNING: /Users/danielellerbrock/projects/iverilog_uvm/caliptra-rtl/src/csrng/rtl/csrng_reg_top.sv:2386: value is unhandled for priority or unique case statement
         Time: 31370  Scope: csrng_tb.dut.u_reg
WARNING: /Users/danielellerbrock/projects/iverilog_uvm/caliptra-rtl/src/csrng/rtl/csrng_reg_top.sv:2386: value is unhandled for priority or unique case statement
         Time: 31370  Scope: csrng_tb.dut.u_reg
[               31374] read_single_word(addr=0x00000034) = 0x80b1dc2f
WARNING: /Users/danielellerbrock/projects/iverilog_uvm/caliptra-rtl/src/csrng/rtl/csrng_reg_top.sv:2386: value is unhandled for priority or unique case statement
         Time: 31378  Scope: csrng_tb.dut.u_reg
[               31382] read_single_word(addr=0x00000030) = 0x00000000
WARNING: /Users/danielellerbrock/projects/iverilog_uvm/caliptra-rtl/src/csrng/rtl/csrng_reg_top.sv:2386: value is unhandled for priority or unique case statement
         Time: 31426  Scope: csrng_tb.dut.u_reg
[               31430] read_single_word(addr=0x00000030) = 0x00000000
WARNING: /Users/danielellerbrock/projects/iverilog_uvm/caliptra-rtl/src/csrng/rtl/csrng_reg_top.sv:2386: value is unhandled for priority or unique case statement
         Time: 31474  Scope: csrng_tb.dut.u_reg
[               31478] read_single_word(addr=0x00000030) = 0x00000000
WARNING: /Users/danielellerbrock/projects/iverilog_uvm/caliptra-rtl/src/csrng/rtl/csrng_reg_top.sv:2386: value is unhandled for priority or unique case statement
         Time: 31522  Scope: csrng_tb.dut.u_reg
[               31526] read_single_word(addr=0x00000030) = 0x00000000
WARNING: /Users/danielellerbrock/projects/iverilog_uvm/caliptra-rtl/src/csrng/rtl/csrng_reg_top.sv:2386: value is unhandled for priority or unique case statement
         Time: 31570  Scope: csrng_tb.dut.u_reg
[               31574] read_single_word(addr=0x00000030) = 0x00000000
WARNING: /Users/danielellerbrock/projects/iverilog_uvm/caliptra-rtl/src/csrng/rtl/csrng_reg_top.sv:2386: value is unhandled for priority or unique case statement
         Time: 31610  Scope: csrng_tb.dut.u_reg
WARNING: /Users/danielellerbrock/projects/iverilog_uvm/caliptra-rtl/src/csrng/rtl/csrng_reg_top.sv:2386: value is unhandled for priority or unique case statement
         Time: 31614  Scope: csrng_tb.dut.u_reg
WARNING: /Users/danielellerbrock/projects/iverilog_uvm/caliptra-rtl/src/csrng/rtl/csrng_reg_top.sv:2386: value is unhandled for priority or unique case statement
         Time: 31618  Scope: csrng_tb.dut.u_reg
[               31622] read_single_word(addr=0x00000030) = 0x00000001
WARNING: /Users/danielellerbrock/projects/iverilog_uvm/caliptra-rtl/src/csrng/rtl/csrng_reg_top.sv:2386: value is unhandled for priority or unique case statement
         Time: 31622  Scope: csrng_tb.dut.u_reg
WARNING: /Users/danielellerbrock/projects/iverilog_uvm/caliptra-rtl/src/csrng/rtl/csrng_reg_top.sv:2386: value is unhandled for priority or unique case statement
         Time: 31666  Scope: csrng_tb.dut.u_reg
WARNING: /Users/danielellerbrock/projects/iverilog_uvm/caliptra-rtl/src/csrng/rtl/csrng_reg_top.sv:2386: value is unhandled for priority or unique case statement
         Time: 31666  Scope: csrng_tb.dut.u_reg
[               31670] read_single_word(addr=0x00000034) = 0x793e01c5
WARNING: /Users/danielellerbrock/projects/iverilog_uvm/caliptra-rtl/src/csrng/rtl/csrng_reg_top.sv:2386: value is unhandled for priority or unique case statement
         Time: 31674  Scope: csrng_tb.dut.u_reg
WARNING: /Users/danielellerbrock/projects/iverilog_uvm/caliptra-rtl/src/csrng/rtl/csrng_reg_top.sv:2386: value is unhandled for priority or unique case statement
         Time: 31674  Scope: csrng_tb.dut.u_reg
[               31678] read_single_word(addr=0x00000034) = 0x87b107ae
WARNING: /Users/danielellerbrock/projects/iverilog_uvm/caliptra-rtl/src/csrng/rtl/csrng_reg_top.sv:2386: value is unhandled for priority or unique case statement
         Time: 31682  Scope: csrng_tb.dut.u_reg
WARNING: /Users/danielellerbrock/projects/iverilog_uvm/caliptra-rtl/src/csrng/rtl/csrng_reg_top.sv:2386: value is unhandled for priority or unique case statement
         Time: 31682  Scope: csrng_tb.dut.u_reg
[               31686] read_single_word(addr=0x00000034) = 0xdb17514c
WARNING: /Users/danielellerbrock/projects/iverilog_uvm/caliptra-rtl/src/csrng/rtl/csrng_reg_top.sv:2386: value is unhandled for priority or unique case statement
         Time: 31690  Scope: csrng_tb.dut.u_reg
WARNING: /Users/danielellerbrock/projects/iverilog_uvm/caliptra-rtl/src/csrng/rtl/csrng_reg_top.sv:2386: value is unhandled for priority or unique case statement
         Time: 31690  Scope: csrng_tb.dut.u_reg
WARNING: /Users/danielellerbrock/projects/iverilog_uvm/caliptra-rtl/src/csrng/rtl/csrng_reg_top.sv:2386: value is unhandled for priority or unique case statement
         Time: 31690  Scope: csrng_tb.dut.u_reg
[               31694] read_single_word(addr=0x00000034) = 0xa43c41b7
WARNING: /Users/danielellerbrock/projects/iverilog_uvm/caliptra-rtl/src/csrng/rtl/csrng_reg_top.sv:2386: value is unhandled for priority or unique case statement
         Time: 31698  Scope: csrng_tb.dut.u_reg
[               31702] read_single_word(addr=0x0000002c) = 0x00000006
*** All 00 test cases completed successfully.
* TESTCASE PASSED
   -- Testbench for csrng done. --
/Users/danielellerbrock/projects/iverilog_uvm/caliptra-rtl/src/csrng/tb/csrng_tb.sv:506: $finish called at 31742 (1s)
