  aggregate_to_scalar                      PASS (rejected with diagnostic)
  array_parameter_typedef_duplicate_key    PASS (rejected with diagnostic)
  array_parameter_typedef_out_of_range_key PASS (rejected with diagnostic)
  assert_unclocked_no_enclosing_event      PASS (rejected with diagnostic)
  assert_unclocked_sibling_always          PASS (rejected with diagnostic)
  assoc_method_missing_arg                 PASS (rejected with diagnostic)
  bind_bad_instance_path                   PASS (rejected with diagnostic)
  checker_free_variable                    PASS (rejected with diagnostic)
  class_handle_to_scalar                   PASS (rejected with diagnostic)
  class_new_bad_target                     PASS (rejected with diagnostic)
  config_block                             PASS (rejected with diagnostic)
  darray_elem_type_mismatch                PASS (rejected with diagnostic)
  darray_scalar_assign                     PASS (rejected with diagnostic)
  enum_implicit_cast                       PASS (rejected with diagnostic)
  event_automatic_lifetime                 PASS (rejected with diagnostic)
  export_local_conflict                    PASS (rejected with diagnostic)
  g01_cycle_delay_no_default               PASS (rejected with diagnostic)
  g01_multiple_default_clocking            PASS (rejected with diagnostic)
  g01_undeclared_default_clocking          PASS (rejected with diagnostic)
  g10_reduction_non_integral               PASS (rejected with diagnostic)
  g12_stream_source_too_small              PASS (rejected with diagnostic)
  g12_stream_target_too_small              PASS (rejected with diagnostic)
  g26_modport_input_write                  PASS (rejected with diagnostic)
  generic_interface_port                   PASS (rejected with diagnostic)
  import_not_hierarchical                  PASS (rejected with diagnostic)
  m10_dpi_export_c_name_abi_collision      PASS (rejected with diagnostic)
  m10_dpi_export_c_name_packed_shape_collision PASS (rejected with diagnostic)
  m10_dpi_export_class_handle_argument     PASS (rejected with diagnostic)
  m10_dpi_export_fixed_array_argument      PASS (rejected with diagnostic)
  m10_dpi_export_open_array_argument       PASS (rejected with diagnostic)
  m10_dpi_export_same_scope_c_name         PASS (rejected with diagnostic)
  m10_dpi_export_same_subroutine_twice     PASS (rejected with diagnostic)
  m10_dpi_fixed_shortreal_array_argument   PASS (rejected with diagnostic)
  m10_dpi_import_export_same_subroutine    PASS (rejected with diagnostic)
  m10_dpi_open_shortreal_array_argument    PASS (rejected with diagnostic)
  m10_dpi_packed_enum_function_return      PASS (rejected with diagnostic)
  m10_dpi_packed_function_return           PASS (rejected with diagnostic)
  m10_dpi_pure_task                        PASS (rejected with diagnostic)
  m10_dpi_unpacked_struct_function_return  PASS (rejected with diagnostic)
  m13_bind_bad_port_ref                    PASS (rejected with diagnostic)
  m13_bind_self_recursive                  PASS (rejected with diagnostic)
  m13_bind_unknown_target                  PASS (rejected with diagnostic)
  m13_let_bad_args                         PASS (rejected with diagnostic)
  m13_let_recursive                        PASS (rejected with diagnostic)
  m13_trireg_unsupported                   PASS (rejected with diagnostic)
  m14_checker_unsupported                  PASS (rejected with diagnostic)
  m1_bad_enum_method_on_call               PASS (rejected with diagnostic)
  m1_bad_method_on_call_result             PASS (rejected with diagnostic)
  m1b3_unresolved_class_method_stub        PASS (rejected with diagnostic)
  m1b3_unresolved_free_function_stub       PASS (rejected with diagnostic)
  m1b3_unresolved_size_method_stub         PASS (rejected with diagnostic)
  m2_uarray_size_mismatch                  PASS (rejected with diagnostic)
  m8_clocking_input_write                  PASS (rejected with diagnostic)
  m8_global_clocking_items                 PASS (rejected with diagnostic)
  m8_vif_clocking_input_write              PASS (rejected with diagnostic)
  m9b_intersect_unequal_len                PASS (rejected with diagnostic)
  m9b_intersect_variable_len               PASS (rejected with diagnostic)
  m9c_eventually_unbounded                 PASS (rejected with diagnostic)
  m9c_nexttime_sequence_operand            PASS (rejected with diagnostic)
  m9c_throughout_range                     PASS (rejected with diagnostic)
  m9c_until_sequence_operand               PASS (rejected with diagnostic)
  m9c_within_left_longer                   PASS (rejected with diagnostic)
  m9d_param_arity_mismatch                 PASS (rejected with diagnostic)
  macro_unterminated_actual_argument       PASS (rejected with diagnostic)
  null_illegal_contexts                    PASS (rejected with diagnostic)
  object_array_as_handle_arg               PASS (rejected with diagnostic)
  object_array_to_handle                   PASS (rejected with diagnostic)
  packed_pattern_arity_mismatch            PASS (rejected with diagnostic)
  packed_pattern_arity_nested              PASS (rejected with diagnostic)
  packed_pattern_arity_underfill           PASS (rejected with diagnostic)
  packed_pattern_arity_w32                 PASS (rejected with diagnostic)
  param_array_pattern_arity                PASS (rejected with diagnostic)
  param_hier_ref                           PASS (rejected with diagnostic)
  param_too_many_indices                   PASS (rejected with diagnostic)
  rand_chandle_illegal                     PASS (rejected with diagnostic)
  rand_event_illegal                       PASS (rejected with diagnostic)
  rand_real_illegal                        PASS (rejected with diagnostic)
  rand_string_illegal                      PASS (rejected with diagnostic)
  randsequence_recursion                   PASS (rejected with diagnostic)
  stmt_input_outside_task                  PASS (rejected with diagnostic)
  sv_assign_pattern_no_context             PASS (rejected with diagnostic)
  sv_cond_unelaborable                     PASS (rejected with diagnostic)
  sv_enum_packed_sel_not_enum              PASS (rejected with diagnostic)
  sv_enum_packed_sel_type_mismatch         PASS (rejected with diagnostic)
  sv_pkg_import_without_export             PASS (rejected with diagnostic)
  sv_struct_member_real_overlap            PASS (rejected with diagnostic)
  sv_uarray_nb_pattern_evctl               PASS (rejected with diagnostic)
  sv_uarray_runtime_ternary                PASS (rejected with diagnostic)
  sv_uwire_generate_overlap_part           PASS (rejected with diagnostic)
  sv_uwire_generate_runtime_index          PASS (rejected with diagnostic)
  sv_uwire_generate_same_element           PASS (rejected with diagnostic)
  sv_uwire_generate_whole_signal           PASS (rejected with diagnostic)
  sv_vec4_bad_value_type                   PASS (rejected with diagnostic)
  sva_abort_sequence_operand               PASS (rejected with diagnostic)
  sva_endpoint_branch_local_antecedent     PASS (rejected with diagnostic)
  sva_endpoint_branch_local_consequence    PASS (rejected with diagnostic)
  sva_endpoint_dependent_local_rhs_call    PASS (rejected with diagnostic)
  sva_endpoint_dependent_local_rhs_future_collision PASS (rejected with diagnostic)
  sva_endpoint_dependent_local_rhs_unassigned PASS (rejected with diagnostic)
  sva_endpoint_dependent_local_rhs_unassigned_collision PASS (rejected with diagnostic)
  sva_endpoint_fused_local_antecedent      PASS (rejected with diagnostic)
  sva_endpoint_fused_local_consequence     PASS (rejected with diagnostic)
  sva_endpoint_fused_zero_range_antecedent PASS (rejected with diagnostic)
  sva_endpoint_fused_zero_range_consequence PASS (rejected with diagnostic)
  sva_endpoint_fused_zero_unbounded_antecedent PASS (rejected with diagnostic)
  sva_endpoint_fused_zero_unbounded_consequence PASS (rejected with diagnostic)
  sva_endpoint_var                         PASS (rejected with diagnostic)
  sva_expect_unsupported                   PASS (rejected with diagnostic)
  sva_first_match_composed                 PASS (rejected with diagnostic)
  sva_goto_nonconsec                       PASS (rejected with diagnostic)
  sva_goto_rep_tail                        PASS (rejected with diagnostic)
  sva_grouped_composite_concat_negative_delay PASS (rejected with diagnostic)
  sva_implies_sequence_operand             PASS (rejected with diagnostic)
  sva_late_default_no_cross_module         PASS (rejected with diagnostic)
  sva_late_default_undeclared_ref          PASS (rejected with diagnostic)
  sva_local_var_window                     PASS (rejected with diagnostic)
  sva_match_item_cover                     PASS (rejected with diagnostic)
  sva_match_item_intermediate              PASS (rejected with diagnostic)
  sva_match_item_multiclock                PASS (rejected with diagnostic)
  sva_match_item_non_display               PASS (rejected with diagnostic)
  sva_match_item_ranged                    PASS (rejected with diagnostic)
  sva_match_item_repeated                  PASS (rejected with diagnostic)
  sva_match_item_tree                      PASS (rejected with diagnostic)
  sva_multiclock_bad_boundary              PASS (rejected with diagnostic)
  sva_multiclock_chain_bad_boundary        PASS (rejected with diagnostic)
  sva_multiclock_chain_disable             PASS (rejected with diagnostic)
  sva_multiclock_property_if               PASS (rejected with diagnostic)
  sva_multiclock_unary_property            PASS (rejected with diagnostic)
  sva_named_param_consequent_multistep     PASS (rejected with diagnostic)
  sva_named_param_consequent_unknown       PASS (rejected with diagnostic)
  sva_named_prop_tree_reuse                PASS (rejected with diagnostic)
  sva_not_nested_property                  PASS (rejected with diagnostic)
  sva_past_zero_depth                      PASS (rejected with diagnostic)
  sva_seq_module_level_duplicate           PASS (rejected with diagnostic)
  sva_strong_seq                           PASS (rejected with diagnostic)
  sva_undefined_indexed_inert              PASS (rejected with diagnostic)
  sva_undefined_name_inert                 PASS (rejected with diagnostic)
  type_operator_mixed_operand              PASS (rejected with diagnostic)
  type_operator_relational                 PASS (rejected with diagnostic)
  type_operator_struct_compare             PASS (rejected with diagnostic)
  vif_comparison_case_operators            PASS (rejected with diagnostic)
  vif_comparison_concrete_instances        PASS (rejected with diagnostic)
  vif_comparison_different_interfaces      PASS (rejected with diagnostic)
  vif_comparison_scalar_operand            PASS (rejected with diagnostic)
  vif_comparison_shadowed_instance_array   PASS (rejected with diagnostic)
  vif_comparison_wildcard_operators        PASS (rejected with diagnostic)
  vif_explicit_interface_class_missing     PASS (rejected with diagnostic)
  vif_explicit_interface_class_modport_unlisted PASS (rejected with diagnostic)
  vif_explicit_interface_class_noninterface PASS (rejected with diagnostic)
  vif_forbidden_interface_item_direct_typedef PASS (rejected with diagnostic)
  vif_forbidden_interface_item_type_parameter PASS (rejected with diagnostic)
  vif_forbidden_port_direct_typedef        PASS (rejected with diagnostic)
  vif_forbidden_union_member_direct_typedef PASS (rejected with diagnostic)
  vif_modport_input_write                  PASS (rejected with diagnostic)
  vif_modport_unlisted_member              PASS (rejected with diagnostic)

Negative tests: 155 passed, 0 failed
