../src/lowrisc_dv_otp_ctrl_env_0.1/otp_ctrl_env_cov.sv:63: error: covergroup constructor method bin endpoint uses a nested receiver path whose const-state legality is unproven; strict mode currently supports only a direct non-ref constructor formal.
../src/lowrisc_dv_otp_ctrl_env_0.1/otp_ctrl_env_cov.sv:64: error: covergroup constructor method bin endpoint uses a nested receiver path whose const-state legality is unproven; strict mode currently supports only a direct non-ref constructor formal.
../src/lowrisc_dv_otp_ctrl_env_0.1/otp_ctrl_env_cov.sv:65: error: covergroup constructor method bin endpoint uses a nested receiver path whose const-state legality is unproven; strict mode currently supports only a direct non-ref constructor formal.
../src/lowrisc_dv_otp_ctrl_env_0.1/otp_ctrl_env_cov.sv:66: error: covergroup constructor method bin endpoint uses a nested receiver path whose const-state legality is unproven; strict mode currently supports only a direct non-ref constructor formal.
../src/lowrisc_dv_otp_ctrl_env_0.1/otp_ctrl_env_cov.sv:67: error: covergroup constructor method bin endpoint uses a nested receiver path whose const-state legality is unproven; strict mode currently supports only a direct non-ref constructor formal.
../src/lowrisc_dv_otp_ctrl_env_0.1/otp_ctrl_env_cov.sv:68: error: covergroup constructor method bin endpoint uses a nested receiver path whose const-state legality is unproven; strict mode currently supports only a direct non-ref constructor formal.
../src/lowrisc_dv_otp_ctrl_env_0.1/otp_ctrl_env_cov.sv:69: error: covergroup constructor method bin endpoint uses a nested receiver path whose const-state legality is unproven; strict mode currently supports only a direct non-ref constructor formal.
../src/lowrisc_dv_otp_ctrl_env_0.1/otp_ctrl_env_cov.sv:70: error: covergroup constructor method bin endpoint uses a nested receiver path whose const-state legality is unproven; strict mode currently supports only a direct non-ref constructor formal.
../src/lowrisc_dv_otp_ctrl_env_0.1/otp_ctrl_env_cov.sv:71: error: covergroup constructor method bin endpoint uses a nested receiver path whose const-state legality is unproven; strict mode currently supports only a direct non-ref constructor formal.
../src/lowrisc_dv_otp_ctrl_env_0.1/otp_ctrl_env_cov.sv:72: error: covergroup constructor method bin endpoint uses a nested receiver path whose const-state legality is unproven; strict mode currently supports only a direct non-ref constructor formal.
../src/lowrisc_dv_otp_ctrl_env_0.1/otp_ctrl_env_cov.sv:75: error: covergroup constructor method bin endpoint uses a nested receiver path whose const-state legality is unproven; strict mode currently supports only a direct non-ref constructor formal.
../src/lowrisc_dv_otp_ctrl_env_0.1/otp_ctrl_env_cov.sv:76: error: covergroup constructor method bin endpoint uses a nested receiver path whose const-state legality is unproven; strict mode currently supports only a direct non-ref constructor formal.
../src/lowrisc_dv_otp_ctrl_env_0.1/otp_ctrl_env_cov.sv:77: error: covergroup constructor method bin endpoint uses a nested receiver path whose const-state legality is unproven; strict mode currently supports only a direct non-ref constructor formal.
../src/lowrisc_dv_otp_ctrl_env_0.1/otp_ctrl_env_cov.sv:78: error: covergroup constructor method bin endpoint uses a nested receiver path whose const-state legality is unproven; strict mode currently supports only a direct non-ref constructor formal.
../src/lowrisc_dv_otp_ctrl_env_0.1/otp_ctrl_env_cov.sv:81: error: covergroup constructor method bin endpoint uses a nested receiver path whose const-state legality is unproven; strict mode currently supports only a direct non-ref constructor formal.
../src/lowrisc_dv_otp_ctrl_env_0.1/otp_ctrl_env_cov.sv:82: error: covergroup constructor method bin endpoint uses a nested receiver path whose const-state legality is unproven; strict mode currently supports only a direct non-ref constructor formal.
../src/lowrisc_dv_otp_ctrl_env_0.1/otp_ctrl_env_cov.sv:83: error: covergroup constructor method bin endpoint uses a nested receiver path whose const-state legality is unproven; strict mode currently supports only a direct non-ref constructor formal.
../src/lowrisc_dv_otp_ctrl_env_0.1/otp_ctrl_env_cov.sv:84: error: covergroup constructor method bin endpoint uses a nested receiver path whose const-state legality is unproven; strict mode currently supports only a direct non-ref constructor formal.
../src/lowrisc_dv_otp_ctrl_env_0.1/otp_ctrl_env_cov.sv:85: error: covergroup constructor method bin endpoint uses a nested receiver path whose const-state legality is unproven; strict mode currently supports only a direct non-ref constructor formal.
../src/lowrisc_dv_otp_ctrl_env_0.1/otp_ctrl_env_cov.sv:86: error: covergroup constructor method bin endpoint uses a nested receiver path whose const-state legality is unproven; strict mode currently supports only a direct non-ref constructor formal.
../src/lowrisc_dv_otp_ctrl_env_0.1/otp_ctrl_env_cov.sv:89: error: covergroup constructor method bin endpoint uses a nested receiver path whose const-state legality is unproven; strict mode currently supports only a direct non-ref constructor formal.
../src/lowrisc_dv_otp_ctrl_env_0.1/otp_ctrl_env_cov.sv:90: error: covergroup constructor method bin endpoint uses a nested receiver path whose const-state legality is unproven; strict mode currently supports only a direct non-ref constructor formal.
../src/lowrisc_dv_otp_ctrl_env_0.1/otp_ctrl_env_cov.sv:93: error: covergroup constructor method bin endpoint uses a nested receiver path whose const-state legality is unproven; strict mode currently supports only a direct non-ref constructor formal.
../src/lowrisc_dv_otp_ctrl_env_0.1/otp_ctrl_env_cov.sv:96: error: covergroup constructor method bin endpoint uses a nested receiver path whose const-state legality is unproven; strict mode currently supports only a direct non-ref constructor formal.
../src/lowrisc_dv_otp_ctrl_env_0.1/otp_ctrl_env_cov.sv:97: error: covergroup constructor method bin endpoint uses a nested receiver path whose const-state legality is unproven; strict mode currently supports only a direct non-ref constructor formal.
../src/lowrisc_dv_otp_ctrl_env_0.1/otp_ctrl_env_cov.sv:98: error: covergroup constructor method bin endpoint uses a nested receiver path whose const-state legality is unproven; strict mode currently supports only a direct non-ref constructor formal.
../src/lowrisc_dv_otp_ctrl_env_0.1/otp_ctrl_env_cov.sv:99: error: covergroup constructor method bin endpoint uses a nested receiver path whose const-state legality is unproven; strict mode currently supports only a direct non-ref constructor formal.
../src/lowrisc_dv_otp_ctrl_env_0.1/otp_ctrl_env_cov.sv:100: error: covergroup constructor method bin endpoint uses a nested receiver path whose const-state legality is unproven; strict mode currently supports only a direct non-ref constructor formal.
../src/lowrisc_dv_otp_ctrl_env_0.1/otp_ctrl_env_cov.sv:101: error: covergroup constructor method bin endpoint uses a nested receiver path whose const-state legality is unproven; strict mode currently supports only a direct non-ref constructor formal.
../src/lowrisc_dv_otp_ctrl_env_0.1/otp_ctrl_env_cov.sv:102: error: covergroup constructor method bin endpoint uses a nested receiver path whose const-state legality is unproven; strict mode currently supports only a direct non-ref constructor formal.
../src/lowrisc_dv_otp_ctrl_env_0.1/otp_ctrl_env_cov.sv:103: error: covergroup constructor method bin endpoint uses a nested receiver path whose const-state legality is unproven; strict mode currently supports only a direct non-ref constructor formal.
../src/lowrisc_dv_otp_ctrl_env_0.1/otp_ctrl_env_cov.sv:104: error: covergroup constructor method bin endpoint uses a nested receiver path whose const-state legality is unproven; strict mode currently supports only a direct non-ref constructor formal.
../src/lowrisc_dv_otp_ctrl_env_0.1/otp_ctrl_env_cov.sv:105: error: covergroup constructor method bin endpoint uses a nested receiver path whose const-state legality is unproven; strict mode currently supports only a direct non-ref constructor formal.
../src/lowrisc_dv_otp_ctrl_env_0.1/otp_ctrl_env_cov.sv:106: error: covergroup constructor method bin endpoint uses a nested receiver path whose const-state legality is unproven; strict mode currently supports only a direct non-ref constructor formal.
../src/lowrisc_dv_otp_ctrl_env_0.1/otp_ctrl_env_cov.sv:107: error: covergroup constructor method bin endpoint uses a nested receiver path whose const-state legality is unproven; strict mode currently supports only a direct non-ref constructor formal.
../src/lowrisc_dv_otp_ctrl_env_0.1/otp_ctrl_env_cov.sv:108: error: covergroup constructor method bin endpoint uses a nested receiver path whose const-state legality is unproven; strict mode currently supports only a direct non-ref constructor formal.
sorry: covergroup bin 'unbuffered_digests' has a runtime range expression that cannot be represented; the bin is dropped.
sorry: covergroup bin 'hw_digests' has a runtime range expression that cannot be represented; the bin is dropped.
sorry: covergroup bin 'secret_digests' has a runtime range expression that cannot be represented; the bin is dropped.
sorry: covergroup bin 'direct_access_rdata' has a runtime range expression that cannot be represented; the bin is dropped.
sorry: covergroup bin 'status' has a runtime range expression that cannot be represented; the bin is dropped.
sorry: covergroup bin 'error_code' has a runtime range expression that cannot be represented; the bin is dropped.
/tmp/ot-otp-backdoor-path-overlay-20260924/tb.sv:69: warning: input port rst_n is coerced to inout.
../src/lowrisc_fpv_otp_ctrl_csr_assert_0/otp_ctrl_core_csr_assert_fpv.sv:91: warning: A non-blocking assignment should not be used in an always_comb process.
../src/lowrisc_fpv_otp_ctrl_csr_assert_0/otp_ctrl_core_csr_assert_fpv.sv:92: warning: A non-blocking assignment should not be used in an always_comb process.
../src/lowrisc_fpv_otp_ctrl_csr_assert_0/otp_ctrl_core_csr_assert_fpv.sv:93: warning: A non-blocking assignment should not be used in an always_comb process.
../src/lowrisc_fpv_otp_ctrl_csr_assert_0/otp_ctrl_core_csr_assert_fpv.sv:94: warning: A non-blocking assignment should not be used in an always_comb process.
../src/lowrisc_fpv_otp_ctrl_csr_assert_0/otp_ctrl_core_csr_assert_fpv.sv:95: warning: A non-blocking assignment should not be used in an always_comb process.
../src/lowrisc_fpv_otp_ctrl_csr_assert_0/otp_ctrl_core_csr_assert_fpv.sv:96: warning: A non-blocking assignment should not be used in an always_comb process.
../src/lowrisc_fpv_otp_ctrl_csr_assert_0/otp_ctrl_core_csr_assert_fpv.sv:97: warning: A non-blocking assignment should not be used in an always_comb process.
../src/lowrisc_fpv_otp_ctrl_csr_assert_0/otp_ctrl_core_csr_assert_fpv.sv:98: warning: A non-blocking assignment should not be used in an always_comb process.
../src/lowrisc_fpv_otp_ctrl_csr_assert_0/otp_ctrl_core_csr_assert_fpv.sv:99: warning: A non-blocking assignment should not be used in an always_comb process.
../src/lowrisc_fpv_otp_ctrl_csr_assert_0/otp_ctrl_core_csr_assert_fpv.sv:100: warning: A non-blocking assignment should not be used in an always_comb process.
../src/lowrisc_fpv_otp_ctrl_csr_assert_0/otp_ctrl_core_csr_assert_fpv.sv:101: warning: A non-blocking assignment should not be used in an always_comb process.
../src/lowrisc_fpv_otp_ctrl_csr_assert_0/otp_ctrl_core_csr_assert_fpv.sv:102: warning: A non-blocking assignment should not be used in an always_comb process.
../src/lowrisc_fpv_otp_ctrl_csr_assert_0/otp_ctrl_core_csr_assert_fpv.sv:103: warning: A non-blocking assignment should not be used in an always_comb process.
../src/lowrisc_fpv_otp_ctrl_csr_assert_0/otp_ctrl_core_csr_assert_fpv.sv:104: warning: A non-blocking assignment should not be used in an always_comb process.
../src/lowrisc_fpv_otp_ctrl_csr_assert_0/otp_ctrl_core_csr_assert_fpv.sv:105: warning: A non-blocking assignment should not be used in an always_comb process.
../src/lowrisc_fpv_otp_ctrl_csr_assert_0/otp_ctrl_core_csr_assert_fpv.sv:106: warning: A non-blocking assignment should not be used in an always_comb process.
../src/lowrisc_fpv_otp_ctrl_csr_assert_0/otp_ctrl_core_csr_assert_fpv.sv:107: warning: A non-blocking assignment should not be used in an always_comb process.
../src/lowrisc_fpv_otp_ctrl_csr_assert_0/otp_ctrl_core_csr_assert_fpv.sv:108: warning: A non-blocking assignment should not be used in an always_comb process.
../src/lowrisc_fpv_otp_ctrl_csr_assert_0/otp_ctrl_core_csr_assert_fpv.sv:110: warning: A non-blocking assignment should not be used in an always_comb process.
36 error(s) during elaboration.
