  ante_zero_delay                          PASS (verdict parity)
  attempt_cover_nfa_only                   PASS (nfa-only vs gold)
  bounded_nexttime                         PASS (verdict parity)
  composed_range_and_or_nfa_only           PASS (nfa-only vs gold)
  concurrent_explicit_null                 PASS (verdict parity)
  cover_counts                             PASS (verdict parity)
  cover_midchain_nfa_only                  PASS (nfa-only vs gold)
  disable_sampled                          PASS (verdict parity)
  endpoint_obligation_fanout_nfa_only      PASS (nfa-only vs gold)
  endpoint_triggered                       PASS (verdict parity)
  expect_fixed_chain                       PASS (verdict parity)
  expect_general_nfa_only                  PASS (nfa-only vs gold)
  fallback_shapes                          PASS (verdict parity)
  first_match                              PASS (verdict parity)
  first_match_composed_nfa_only            PASS (nfa-only vs gold)
  goto_nonconsec_nfa_only                  PASS (nfa-only vs gold)
  goto_range_nfa_only                      PASS (nfa-only vs gold)
  grouped_composite_concat_nfa_only        PASS (nfa-only vs gold)
  impl_window_goto_nfa_only                PASS (nfa-only vs gold)
  implication                              PASS (verdict parity)
  intersect_fixed                          PASS (verdict parity)
  intersect_window_nfa_only                PASS (nfa-only vs gold)
  late_default_clock_execution             PASS (verdict parity)
  local_var                                PASS (verdict parity)
  local_var_decl                           PASS (verdict parity)
  local_var_index_preponed_nfa_only        PASS (nfa-only vs gold)
  local_var_repeat                         PASS (verdict parity)
  local_var_window_nfa_only                PASS (nfa-only vs gold)
  midchain_unbounded_nfa_only              PASS (nfa-only vs gold)
  midchain_window_nfa_only                 PASS (nfa-only vs gold)
  multiclock_chain                         PASS (verdict parity)
  multiclock_chain3                        PASS (verdict parity)
  multiclock_chain3_multicycle             PASS (verdict parity)
  multiclock_chain3_overlap                PASS (verdict parity)
  multiclock_impl                          PASS (verdict parity)
  named_antecedent_parameter_consequent_repeat PASS (verdict parity)
  named_prop_reuse                         PASS (verdict parity)
  negation                                 PASS (verdict parity)
  nesting_nfa_only                         PASS (nfa-only vs gold)
  or_branches_nfa_only                     PASS (nfa-only vs gold)
  overlap_implication                      PASS (verdict parity)
  overlap_midchain_nfa_only                PASS (nfa-only vs gold)
  param_bounds                             PASS (verdict parity)
  parameter_consequent_repeat              PASS (verdict parity)
  parameter_consequent_repeat_timing_nfa_only PASS (nfa-only vs gold)
  plain_fixed                              PASS (verdict parity)
  sampled_preponed                         PASS (verdict parity)
  scoped_static_function_specialization    PASS (verdict parity)
  seq_or_and_cover_nfa_only                PASS (nfa-only vs gold)
  seq_or_and_nfa_only                      PASS (nfa-only vs gold)
  sequence_match_item_nfa_only             PASS (nfa-only vs gold)
  strong_weak_nfa_only                     PASS (nfa-only vs gold)
  throughout_fixed                         PASS (verdict parity)
  throughout_nfa_only                      PASS (nfa-only vs gold)
  tree_implication_nfa_only                PASS (nfa-only vs gold)
  trig_compound                            PASS (verdict parity)
  window_final                             PASS (verdict parity)
  window_goto_isolation_nfa_only           PASS (nfa-only vs gold)
  window_goto_nfa_only                     PASS (nfa-only vs gold)
  within_fixed                             PASS (verdict parity)
  within_nfa_only                          PASS (nfa-only vs gold)
  zero_repeat_antecedent_nfa_only          PASS (nfa-only vs gold)

sva_nfa dual-run: 62 passed, 0 failed
