  sha pair1 base=6.164 new=3.208
  sha pair2 base=6.090 new=3.267
  sha pair3 base=5.947 new=3.400
sha ratios: 1.921 1.864 1.749 median=1.864 output=same
  pico pair1 base=7.103 new=5.752
  pico pair2 base=7.384 new=6.079
  pico pair3 base=7.372 new=5.941
pico ratios: 1.234 1.214 1.240 median=1.234 output=same
  a2b pair1 base=7.963 new=5.486
  a2b pair2 base=6.938 new=5.428
  a2b pair3 base=7.661 new=6.054
a2b ratios: 1.451 1.278 1.265 median=1.278 output=same
  uvmnone pair1 base=3.266 new=2.672
  uvmnone pair2 base=2.994 new=2.424
  uvmnone pair3 base=3.060 new=2.754
uvmnone ratios: 1.222 1.235 1.111 median=1.222 output=same
  uvm pair1 base=10.938 new=10.644
  uvm pair2 base=11.238 new=10.688
  uvm pair3 base=11.677 new=11.347
uvm ratios: 1.027 1.051 1.029 median=1.029 output=same
