COMMAND ["python3", "/Users/danielellerbrock/projects/iverilog_uvm/iverilog-uvm-campaign-20260908/ivtest/vvp_reg.py", "/tmp/vif-disjoint-private-20260924/vif_existing_guard_focus.list"]
EXIT 0
Running compiler/VVP tests for Icarus Verilog version: 13
Using list(s): /tmp/vif-disjoint-private-20260924/vif_existing_guard_focus.list
----------------------------------------------------------------------------
         sv_interface_port_mixed_driver_direct_port_strict: Passed - CE.
    sv_interface_port_mixed_driver_direct_port_strict_2023: Passed - CE.
         sv_interface_port_mixed_driver_direct_port_unsafe: Passed - CE.
    sv_interface_port_mixed_driver_direct_port_unsafe_2023: Passed - CE.
             sv_interface_port_mixed_driver_dynamic_unsafe: Passed - CE.
        sv_interface_port_mixed_driver_dynamic_unsafe_2023: Passed - CE.
     sv_interface_port_mixed_driver_modport_dynamic_unsafe: Passed - CE.
sv_interface_port_mixed_driver_modport_dynamic_unsafe_2023: Passed - CE.
            sv_interface_port_mixed_driver_ref_port_strict: Passed - CE.
       sv_interface_port_mixed_driver_ref_port_strict_2023: Passed - CE.
            sv_interface_port_mixed_driver_ref_port_unsafe: Passed - CE.
       sv_interface_port_mixed_driver_ref_port_unsafe_2023: Passed - CE.
                 sv_interface_task_mixed_driver_ref_strict: Passed - CE.
            sv_interface_task_mixed_driver_ref_strict_2023: Passed - CE.
                 sv_interface_task_mixed_driver_ref_unsafe: Passed - CE.
            sv_interface_task_mixed_driver_ref_unsafe_2023: Passed - CE.
============================================================================
Test results: Ran 16, Failed 0.
