tb.dut.u_lfsr.p_randomize_default_seed: DefaultSeed = 0xa8cee782, DefaultSeedLocal = 0x219b79a0
tb.dut.u_eflash.u_flash.gen_generic.u_impl_generic.gen_prim_flash_banks[0].u_prim_flash_bank.$unm_blk_13132: ReadLatency:1 ProgLatency:50 EraseLatency:200
tb.dut.u_eflash.u_flash.gen_generic.u_impl_generic.gen_prim_flash_banks[1].u_prim_flash_bank.$unm_blk_13132: ReadLatency:1 ProgLatency:50 EraseLatency:200
UVM_INFO @ 0.0 ns: reporter [RNTST] Running test flash_ctrl_base_test...
UVM_INFO @    0.0 ns: (flash_ctrl_env_cfg.sv:325) [cfg] ral_model_names: '{"flash_ctrl_core_reg_block", "flash_ctrl_eflash_reg_block", "flash_ctrl_prim_reg_block"}
UVM_INFO @    0.0 ns: (flash_ctrl_base_vseq.sv:814) uvm_test_top.env.virtual_sequencer [uvm_test_top.env.virtual_sequencer.flash_ctrl_smoke_vseq] Starting OTP Model ...
UVM_INFO @ 2115.3 ns: (mem_bkdr_util.sv:539) [mem_bkdr_util[FlashPartData][0]] Set memory
UVM_INFO @ 2115.3 ns: (mem_bkdr_util.sv:539) [mem_bkdr_util[FlashPartData][1]] Set memory
UVM_INFO @ 2115.3 ns: (mem_bkdr_util.sv:539) [mem_bkdr_util[FlashPartInfo][0]] Set memory
UVM_INFO @ 2115.3 ns: (mem_bkdr_util.sv:539) [mem_bkdr_util[FlashPartInfo][1]] Set memory
UVM_INFO @ 2115.3 ns: (mem_bkdr_util.sv:539) [mem_bkdr_util[FlashPartInfo1][0]] Set memory
UVM_INFO @ 2115.3 ns: (mem_bkdr_util.sv:539) [mem_bkdr_util[FlashPartInfo1][1]] Set memory
UVM_INFO @ 2115.3 ns: (mem_bkdr_util.sv:539) [mem_bkdr_util[FlashPartInfo2][0]] Set memory
UVM_INFO @ 2115.3 ns: (mem_bkdr_util.sv:539) [mem_bkdr_util[FlashPartInfo2][1]] Set memory
UVM_INFO @ 18541.2 ns: (flash_ctrl_rand_ops_base_vseq.sv:344) uvm_test_top.env.virtual_sequencer [uvm_test_top.env.virtual_sequencer.flash_ctrl_smoke_vseq] Starting flash_ctrl op: 1/3: 130373871483047440853616387
UVM_INFO @ 18541.2 ns: (mem_bkdr_util.sv:559) [mem_bkdr_util[FlashPartData][0]] Invalidating (Xs) mem contents
UVM_INFO @ 18541.2 ns: (mem_bkdr_util.sv:559) [mem_bkdr_util[FlashPartData][1]] Invalidating (Xs) mem contents
UVM_INFO @ 18945.4 ns: (flash_ctrl_scoreboard.sv:268) uvm_test_top.env.scoreboard [uvm_test_top.env.scoreboard] erase_sel: 0x1 part sel: 0x0 info sel 0x0
UVM_INFO @ 18945.4 ns: (flash_ctrl_scoreboard.sv:272) uvm_test_top.env.scoreboard [uvm_test_top.env.scoreboard] part: FlashPartData addr: 0x9c700 erase_bank_en: 0x3
UVM_INFO @ 18945.4 ns: (flash_ctrl_scoreboard.sv:723) uvm_test_top.env.scoreboard [uvm_test_top.env.scoreboard] erase_access bank: 0x1
UVM_INFO @ 18945.4 ns: (flash_ctrl_scoreboard.sv:279) uvm_test_top.env.scoreboard [uvm_test_top.env.scoreboard] erase_access: 0x1 part:FlashPartData erase_addr: 0x9c700
UVM_INFO @ 1414248.5 ns: (flash_ctrl_rand_ops_base_vseq.sv:344) uvm_test_top.env.virtual_sequencer [uvm_test_top.env.virtual_sequencer.flash_ctrl_smoke_vseq] Starting flash_ctrl op: 2/3: 122171576995347975198415151
UVM_INFO @ 1414248.5 ns: (mem_bkdr_util.sv:559) [mem_bkdr_util[FlashPartData][0]] Invalidating (Xs) mem contents
UVM_INFO @ 1414248.5 ns: (mem_bkdr_util.sv:559) [mem_bkdr_util[FlashPartData][1]] Invalidating (Xs) mem contents
UVM_INFO @ 1414652.8 ns: (flash_ctrl_scoreboard.sv:268) uvm_test_top.env.scoreboard [uvm_test_top.env.scoreboard] erase_sel: 0x1 part sel: 0x0 info sel 0x0
UVM_INFO @ 1414652.8 ns: (flash_ctrl_scoreboard.sv:272) uvm_test_top.env.scoreboard [uvm_test_top.env.scoreboard] part: FlashPartData addr: 0xb192c erase_bank_en: 0x3
UVM_INFO @ 1414652.8 ns: (flash_ctrl_scoreboard.sv:723) uvm_test_top.env.scoreboard [uvm_test_top.env.scoreboard] erase_access bank: 0x1
UVM_INFO @ 1414652.8 ns: (flash_ctrl_scoreboard.sv:279) uvm_test_top.env.scoreboard [uvm_test_top.env.scoreboard] erase_access: 0x1 part:FlashPartData erase_addr: 0xb192c
UVM_ERROR @ 2024558.0 ns: (tlul_assert.sv:301) [ASSERT FAILED] noOutstandingReqsAtEndOfSim_A
UVM_INFO @ 2024558.0 ns: (uvm_report_catcher.svh:705) [UVM/REPORT/CATCHER] 
--- UVM Report catcher Summary ---


Number of demoted UVM_FATAL reports  :    0
Number of demoted UVM_ERROR reports  :    0
Number of demoted UVM_WARNING reports:    0
Number of caught UVM_FATAL reports   :    0
Number of caught UVM_ERROR reports   :    0
Number of caught UVM_WARNING reports :    0

UVM_INFO @ 2024558.0 ns: (uvm_report_server.svh:847) [UVM/REPORT/SERVER] 
--- UVM Report Summary ---

Quit count reached!
Quit count :     1 of     1
** Report counts by severity
UVM_INFO :   26
UVM_WARNING :    0
UVM_ERROR :    1
UVM_FATAL :    0
** Report counts by id
[ASSERT FAILED]     1
[RNTST]     1
[UVM/REPORT/CATCHER]     1
[cfg]     1
[mem_bkdr_util[FlashPartData][0]]     3
[mem_bkdr_util[FlashPartData][1]]     3
[mem_bkdr_util[FlashPartInfo1][0]]     1
[mem_bkdr_util[FlashPartInfo1][1]]     1
[mem_bkdr_util[FlashPartInfo2][0]]     1
[mem_bkdr_util[FlashPartInfo2][1]]     1
[mem_bkdr_util[FlashPartInfo][0]]     1
[mem_bkdr_util[FlashPartInfo][1]]     1
[uvm_test_top.env.scoreboard]     8
[uvm_test_top.env.virtual_sequencer.flash_ctrl_smoke_vseq]     3


TEST FAILED CHECKS
 _____         _      __       _ _          _ _ 
|_   _|__  ___| |_   / _| __ _(_) | ___  __| | |
  | |/ _ \/ __| __| | |_ / _` | | |/ _ \/ _` | |
  | |  __/\__ \ |_  |  _| (_| | | |  __/ (_| |_|
  |_|\___||___/\__| |_|  \__,_|_|_|\___|\__,_(_)

/Users/danielellerbrock/projects/iverilog_uvm/iverilog-uvm-campaign-20260908/third_party/uvm-releases/sources/1.2/uvm-1.2/src/base/uvm_root.svh:135: $finish called at 2024557987 (1ps)
