OpenTitan UVM runtime
command: /private/tmp/current-tools/bin/vvp -n /private/tmp/pi/spid-passthrough-current-image-20261003/runtime/lowrisc_dv_spid_passthrough_sim_0.1/matrix-runtime.vvp +TESTNAME=readbasic +smoke_test=1
returncode: 0
duration_seconds: 4.069

UVM_INFO /Users/danielellerbrock/projects/iverilog_uvm/iverilog-uvm-campaign-20260908/third_party/uvm-releases/sources/1.2/uvm-1.2/src/base/uvm_root.svh(392) @ 0: reporter [UVM/RELNOTES] 
----------------------------------------------------------------
UVM-1.2
(C) 2007-2014 Mentor Graphics Corporation
(C) 2007-2014 Cadence Design Systems, Inc.
(C) 2006-2014 Synopsys, Inc.
(C) 2011-2013 Cypress Semiconductor Corp.
(C) 2013-2014 NVIDIA Corporation
----------------------------------------------------------------

  ***********       IMPORTANT RELEASE NOTES         ************

  You are using a version of the UVM library that has been compiled
  with `UVM_OBJECT_DO_NOT_NEED_CONSTRUCTOR undefined.
  See http://www.eda.org/svdb/view.php?id=3770 for more details.

      (Specify +UVM_NO_RELNOTES to turn off this notice)

/////////////////////
// SPI Flash Model //
/////////////////////

Configurations:
  JEDEC ID:  ID(0x1f) CC_NUM ( 7)
  Capacity:  1MB
  Fast Read: Enabled/ Dummy Cycle (8)
  Dual Mode: Enabled/ Dummy Cycle (4)
  Quad Mode: Enabled/ Dummy Cycle (3)
Intializing SPI_DEVICE: PassThrough mode
Status Received: 00
Received Status: 00h
SPIFlash: Command(9fh) received
Jedec ID Received: Manufacturer ID [1f], JEDEC_ID [1234]
Received Jedec ID: 1fh (CC:  7), Device ID: 1234h
SPIFlash: Command(5ah) received
                5613] SPIFlash: SFDP Address 00000000h
Read SFDP [0x  000000 + 0x00000020]
SPIFlash: Command(03h) received
T:9911] SPIFlash: Read Address 00000103h
Read Cmd [0x00000103 + 0x00000100]
SPIFlash: Command(6bh) received
T:39185] SPIFlash: Read Address 00000103h
Read Cmd [0x00000103 + 0x00000083]
Read Data size: 256 / 131
Read Data (1st): '{180, 107, 13, 240, 215, 249, 11, 2, 175, 119, 102, 183, 127, 79, 35, 255, 86, 169, 74, 225, 179, 151, 48, 223, 248, 62, 202, 136, 90, 141, 53, 208, 75, 138, 119, 81, 8, 210, 231, 172, 74, 160, 132, 53, 158, 119, 215, 217, 156, 121, 168, 183, 179, 137, 215, 96, 88, 31, 250, 235, 212, 205, 169, 20, 95, 76, 221, 104, 33, 244, 194, 77, 171, 122, 63, 59, 231, 152, 242, 39, 125, 164, 72, 219, 124, 97, 221, 118, 231, 80, 35, 79, 211, 184, 155, 210, 215, 95, 44, 125, 62, 224, 214, 122, 36, 212, 31, 118, 7, 255, 61, 7, 228, 207, 139, 202, 155, 244, 17, 20, 188, 242, 118, 140, 40, 49, 250, 82, 212, 239, 95, 77, 115, 144, 103, 118, 46, 160, 190, 234, 10, 73, 12, 10, 0, 10, 117, 91, 24, 235, 82, 161, 250, 220, 19, 32, 243, 253, 141, 16, 90, 132, 94, 47, 210, 60, 168, 200, 198, 53, 185, 15, 13, 196, 172, 33, 212, 134, 129, 121, 21, 171, 114, 150, 9, 87, 129, 216, 174, 132, 115, 121, 92, 110, 134, 43, 227, 160, 176, 95, 100, 143, 206, 238, 125, 180, 208, 62, 187, 129, 9, 204, 227, 105, 21, 7, 207, 189, 34, 10, 170, 121, 142, 28, 65, 127, 189, 54, 102, 117, 119, 118, 204, 37, 189, 134, 166, 83, 231, 221, 70, 26, 77, 139, 20, 26, 79, 242, 222, 75, 137, 135, 85, 243, 170, 120}
Read Data (2nd): '{180, 107, 13, 240, 215, 249, 11, 2, 175, 119, 102, 183, 127, 79, 35, 255, 86, 169, 74, 225, 179, 151, 48, 223, 248, 62, 202, 136, 90, 141, 53, 208, 75, 138, 119, 81, 8, 210, 231, 172, 74, 160, 132, 53, 158, 119, 215, 217, 156, 121, 168, 183, 179, 137, 215, 96, 88, 31, 250, 235, 212, 205, 169, 20, 95, 76, 221, 104, 33, 244, 194, 77, 171, 122, 63, 59, 231, 152, 242, 39, 125, 164, 72, 219, 124, 97, 221, 118, 231, 80, 35, 79, 211, 184, 155, 210, 215, 95, 44, 125, 62, 224, 214, 122, 36, 212, 31, 118, 7, 255, 61, 7, 228, 207, 139, 202, 155, 244, 17, 20, 188, 242, 118, 140, 40, 49, 250, 82, 212, 239, 95}
TEST PASSED CHECKS
../src/lowrisc_dv_spid_passthrough_sim_0.1/program/prog_passthrough_host.sv:114: $finish called at 43175446 (1ps)
