[1/49] runtime lowrisc:dv:aes_sim:0.1 -> FAIL
[2/49] runtime lowrisc:dv:adc_ctrl_sim:0.1 -> RUNTIME_FAIL
[3/49] runtime lowrisc:dv:aon_timer_sim:0.1 -> DEBT
[4/49] runtime lowrisc:dv:clkmgr_sim:0.1 -> FAIL
[5/49] runtime lowrisc:dv:chip_sim:0.1 -> FAIL
[6/49] runtime lowrisc:dv:csrng_sim:0.1 -> FAIL
[7/49] runtime lowrisc:dv:edn_sim:0.1 -> FAIL
[8/49] runtime lowrisc:dv:entropy_src_sim:0.1 -> FAIL
[9/49] runtime lowrisc:dv:flash_ctrl_sim:0.1 -> FAIL
[10/49] runtime lowrisc:dv:gpio_sim:0.1 -> DEBT
[11/49] runtime lowrisc:dv:hmac_sim:0.1 -> RUNTIME_FAIL
[12/49] runtime lowrisc:dv:ibex_icache_sim:0.1 -> FAIL
[13/49] runtime lowrisc:dv:i2c_sim:0.1 -> FAIL
[14/49] runtime lowrisc:dv:keymgr_sim:0.1 -> FAIL
[15/49] runtime lowrisc:dv:kmac_sim:0.1 -> RUNTIME_FAIL
[16/49] runtime lowrisc:dv:otbn_sim:0.1 -> FAIL
[17/49] runtime lowrisc:dv:otp_ctrl_sim:0.1 -> FAIL
[18/49] runtime lowrisc:dv:pattgen_sim:0.1 -> RUNTIME_FAIL
[19/49] runtime lowrisc:dv:prim_alert_sim:0.1 -> DEBT
[20/49] runtime lowrisc:dv:prim_esc_sim:0.1 -> DEBT
[21/49] runtime lowrisc:dv:prim_flop_2sync_sim:0.1 -> FAIL
[22/49] runtime lowrisc:dv:prim_lfsr_sim:0.1 -> FAIL
[23/49] runtime lowrisc:dv:prim_present_sim:0.1 -> RUNTIME_FAIL
[24/49] runtime lowrisc:dv:prim_prince_sim:0.1 -> RUNTIME_FAIL
[25/49] runtime lowrisc:dv:pwm_sim:0.1 -> FAIL
[26/49] runtime lowrisc:dv:pwrmgr_sim:0.1 -> DEBT
[27/49] runtime lowrisc:dv:rom_ctrl_sim:0.1 -> RUNTIME_FAIL
[28/49] runtime lowrisc:dv:lc_ctrl_sim:0.1 -> DEBT
[29/49] runtime lowrisc:dv:rstmgr_cnsty_chk_sim:0.1 -> FAIL
[30/49] runtime lowrisc:dv:rstmgr_sim:0.1 -> FAIL
[31/49] runtime lowrisc:dv:rv_dm_sim:0.1 -> FAIL
[32/49] runtime lowrisc:dv:rv_timer_sim:0.1 -> FAIL
[33/49] runtime lowrisc:dv:spi_device_sim:0.1 -> FAIL
[34/49] runtime lowrisc:dv:spi_host_sim:1.0 -> FAIL
[35/49] runtime lowrisc:dv:spi_tpm_sim:0.1 -> FAIL
[36/49] runtime lowrisc:dv:spid_jedec_sim:0.1 -> FAIL
[37/49] runtime lowrisc:dv:spid_passthrough_sim:0.1 -> FAIL
[38/49] runtime lowrisc:dv:spid_readcmd_sim:0.1 -> FAIL
[39/49] runtime lowrisc:dv:spid_status_sim:0.1 -> FAIL
[40/49] runtime lowrisc:dv:spid_upload_sim:0.1 -> FAIL
[41/49] runtime lowrisc:dv:sram_ctrl_sim:0.1 -> FAIL
[42/49] runtime lowrisc:dv:sysrst_ctrl_sim:0.1 -> FAIL
[43/49] runtime lowrisc:dv:tl_agent_sim:0.1 -> DEBT
[44/49] runtime lowrisc:dv:top_earlgrey_xbar_main_sim:0.1 -> DEBT
[45/49] runtime lowrisc:dv:uart_sim:0.1 -> FAIL
[46/49] runtime lowrisc:dv:usbdev_sim:0.1 -> FAIL
[47/49] runtime lowrisc:ip:trial1_sim:0.1 -> RUNTIME_FAIL
[48/49] runtime lowrisc:opentitan:top_earlgrey_alert_handler_sim:0.1 -> FAIL
[49/49] runtime lowrisc:dv:top_earlgrey_xbar_peri_sim:0.1 -> DEBT
JSON: /private/tmp/ot-harness-census-20260926/result.json
Markdown: /private/tmp/ot-harness-census-20260926/result.md
