branch: agent/opentitan-hotpath-repros-20261004
head: ec43ff4404f931a63de1c2d1f2281cc9933cb4d0
OpenTitan source: /private/tmp/ot-corpus-current-spid-passthrough-20261003/source
compiler/runtime fingerprints:
02f5a2f162250fd33b2a7a3c22109fd66f047dd890caa58b5fe09a510a1785f1  /Users/danielellerbrock/projects/iverilog_uvm/iverilog-uvm-unsafe-syntax-20260926/local-install/bin/iverilog
8dae711b38f7229b74b29455db587238ef76452928a66faeb5085aa429ef184c  /Users/danielellerbrock/projects/iverilog_uvm/iverilog-uvm-unsafe-syntax-20260926/local-install/lib/ivl/ivl
fe1361e12742b7d80bb63b837c4ea5f3b71c3239857c858f34a611c92ae08d73  /Users/danielellerbrock/projects/iverilog_uvm/iverilog-uvm-unsafe-syntax-20260926/local-install/lib/ivl/vvp.tgt
105caac4cc9d56ddba0fdd08b4d7672735bcfdc4d2ad606e11790dc5d17315fe  /Users/danielellerbrock/projects/iverilog_uvm/iverilog-uvm-unsafe-syntax-20260926/local-install/bin/vvp
Icarus Verilog version 13.0 (devel) ()

Copyright (c) 2000-2026 Stephen Williams (steve@icarus.com)

  This program is free software; you can redistribute it and/or modify
  it under the terms of the GNU General Public License as published by
  the Free Software Foundation; either version 2 of the License, or
  (at your option) any later version.

  This program is distributed in the hope that it will be useful,
  but WITHOUT ANY WARRANTY; without even the implied warranty of
  MERCHANTABILITY or FITNESS FOR A PARTICULAR PURPOSE.  See the
  GNU General Public License for more details.

  You should have received a copy of the GNU General Public License along
  with this program; if not, write to the Free Software Foundation, Inc.,
  51 Franklin Street, Fifth Floor, Boston, MA 02110-1301, USA.

Bundled UVM: Accellera:1800.2:UVM:2020.3.1
Icarus Verilog Preprocessor version 13.0 (devel) ()

Copyright (c) 1999-2026 Stephen Williams (steve@icarus.com)

  This program is free software; you can redistribute it and/or modify
  it under the terms of the GNU General Public License as published by
  the Free Software Foundation; either version 2 of the License, or
  (at your option) any later version.

  This program is distributed in the hope that it will be useful,
  but WITHOUT ANY WARRANTY; without even the implied warranty of
  MERCHANTABILITY or FITNESS FOR A PARTICULAR PURPOSE.  See the
  GNU General Public License for more details.

  You should have received a copy of the GNU General Public License along
  with this program; if not, write to the Free Software Foundation, Inc.,
  51 Franklin Street, Fifth Floor, Boston, MA 02110-1301, USA.

Icarus Verilog Parser/Elaborator version 13.0 (devel) ()

Copyright (c) 1998-2026 Stephen Williams (steve@icarus.com)

  This program is free software; you can redistribute it and/or modify
  it under the terms of the GNU General Public License as published by
  the Free Software Foundation; either version 2 of the License, or
  (at your option) any later version.

  This program is distributed in the hope that it will be useful,
  but WITHOUT ANY WARRANTY; without even the implied warranty of
  MERCHANTABILITY or FITNESS FOR A PARTICULAR PURPOSE.  See the
  GNU General Public License for more details.

  You should have received a copy of the GNU General Public License along
  with this program; if not, write to the Free Software Foundation, Inc.,
  51 Franklin Street, Fifth Floor, Boston, MA 02110-1301, USA.

 FLAGS DLL vvp.tgt
vvp.tgt: Icarus Verilog VVP Code Generator 13.0 (devel) ()

Copyright (c) 2001-2026 Stephen Williams (steve@icarus.com)

  This program is free software; you can redistribute it and/or modify
  it under the terms of the GNU General Public License as published by
  the Free Software Foundation; either version 2 of the License, or
  (at your option) any later version.

  This program is distributed in the hope that it will be useful,
  but WITHOUT ANY WARRANTY; without even the implied warranty of
  MERCHANTABILITY or FITNESS FOR A PARTICULAR PURPOSE.  See the
  GNU General Public License for more details.

  You should have received a copy of the GNU General Public License along
  with this program; if not, write to the Free Software Foundation, Inc.,
  51 Franklin Street, Fifth Floor, Boston, MA 02110-1301, USA.

focused compatibility patches are present (reverse dry-run):
patching file 'hw/ip/otp_ctrl/data/otp_ctrl_env_cov.sv.tpl'
patching file 'hw/ip/otp_ctrl/dv/env/otp_ctrl_env_cov.sv'
patching file 'hw/top_earlgrey/ip_autogen/flash_ctrl/dv/env/seq_lib/flash_ctrl_otf_base_vseq.sv'
patching file 'hw/top_earlgrey/ip_autogen/flash_ctrl/dv/env/seq_lib/flash_ctrl_mp_regions_vseq.sv'
patching file 'hw/ip/spi_device/pre_dv/tb/spi_tpm_tb.sv'
