[1/49] runtime lowrisc:dv:aes_sim:0.1 -> PASS
[2/49] runtime lowrisc:dv:aon_timer_sim:0.1 -> PASS
[3/49] runtime lowrisc:dv:adc_ctrl_sim:0.1 -> PASS
[4/49] runtime lowrisc:dv:clkmgr_sim:0.1 -> PASS
[5/49] runtime lowrisc:dv:csrng_sim:0.1 -> PASS
[6/49] runtime lowrisc:dv:chip_sim:0.1 -> PASS
[7/49] runtime lowrisc:dv:entropy_src_sim:0.1 -> PASS
[8/49] runtime lowrisc:dv:edn_sim:0.1 -> PASS
[9/49] runtime lowrisc:dv:gpio_sim:0.1 -> PASS
[10/49] runtime lowrisc:dv:hmac_sim:0.1 -> PASS
[11/49] runtime lowrisc:dv:i2c_sim:0.1 -> PASS
[12/49] runtime lowrisc:dv:ibex_icache_sim:0.1 -> PASS
[13/49] runtime lowrisc:dv:keymgr_sim:0.1 -> PASS
[14/49] runtime lowrisc:dv:kmac_sim:0.1 -> PASS
[15/49] runtime lowrisc:dv:lc_ctrl_sim:0.1 -> PASS
[16/49] runtime lowrisc:dv:otbn_sim:0.1 -> PASS
[17/49] runtime lowrisc:dv:otp_ctrl_sim:0.1 -> PASS
[18/49] runtime lowrisc:dv:pattgen_sim:0.1 -> PASS
[19/49] runtime lowrisc:dv:prim_alert_sim:0.1 -> PASS
[20/49] runtime lowrisc:dv:prim_esc_sim:0.1 -> PASS
[21/49] runtime lowrisc:dv:prim_flop_2sync_sim:0.1 -> PASS
[22/49] runtime lowrisc:dv:prim_lfsr_sim:0.1 -> PASS
[23/49] runtime lowrisc:dv:prim_present_sim:0.1 -> PASS
[24/49] runtime lowrisc:dv:prim_prince_sim:0.1 -> PASS
[25/49] runtime lowrisc:dv:pwm_sim:0.1 -> PASS
[26/49] runtime lowrisc:dv:pwrmgr_sim:0.1 -> PASS
[27/49] runtime lowrisc:dv:rom_ctrl_sim:0.1 -> PASS
[28/49] runtime lowrisc:dv:rstmgr_cnsty_chk_sim:0.1 -> PASS
[29/49] runtime lowrisc:dv:rstmgr_sim:0.1 -> PASS
[30/49] runtime lowrisc:dv:rv_dm_sim:0.1 -> PASS
[31/49] runtime lowrisc:dv:rv_timer_sim:0.1 -> PASS
[32/49] runtime lowrisc:dv:spi_device_sim:0.1 -> PASS
[33/49] runtime lowrisc:dv:flash_ctrl_sim:0.1 -> PASS
[34/49] runtime lowrisc:dv:spi_tpm_sim:0.1 -> PASS
[35/49] runtime lowrisc:dv:spid_jedec_sim:0.1 -> PASS
[36/49] runtime lowrisc:dv:spid_passthrough_sim:0.1 -> PASS
[37/49] runtime lowrisc:dv:spid_readcmd_sim:0.1 -> PASS
[38/49] runtime lowrisc:dv:spid_status_sim:0.1 -> PASS
[39/49] runtime lowrisc:dv:spid_upload_sim:0.1 -> PASS
[40/49] runtime lowrisc:dv:sram_ctrl_sim:0.1 -> PASS
[41/49] runtime lowrisc:dv:sysrst_ctrl_sim:0.1 -> PASS
[42/49] runtime lowrisc:dv:tl_agent_sim:0.1 -> PASS
[43/49] runtime lowrisc:dv:top_earlgrey_xbar_main_sim:0.1 -> PASS
[44/49] runtime lowrisc:dv:top_earlgrey_xbar_peri_sim:0.1 -> PASS
[45/49] runtime lowrisc:dv:uart_sim:0.1 -> PASS
[46/49] runtime lowrisc:dv:usbdev_sim:0.1 -> PASS
[47/49] runtime lowrisc:ip:trial1_sim:0.1 -> PASS
[48/49] runtime lowrisc:dv:spi_host_sim:1.0 -> PASS
[49/49] runtime lowrisc:opentitan:top_earlgrey_alert_handler_sim:0.1 -> PASS
JSON: /Users/danielellerbrock/projects/iverilog_uvm/iverilog-uvm-unsafe-syntax-20260926/evidence/opentitan-census-20261002/census14-post-vector-aa-index-20261004/result-census14.json
Markdown: /Users/danielellerbrock/projects/iverilog_uvm/iverilog-uvm-unsafe-syntax-20260926/evidence/opentitan-census-20261002/census14-post-vector-aa-index-20261004/result-census14.md
