trace z3-solve: begin class=flash_ctrl_smoke_vseq props=93 constraints=25 extra=0 slots=0 dyn=0
trace z3-solve: check class=flash_ctrl_smoke_vseq vars=1 soft=0 dist=0
trace z3-solve: end class=flash_ctrl_smoke_vseq result=1
trace z3-solve: begin class=flash_ctrl_smoke_vseq props=93 constraints=25 extra=0 slots=0 dyn=0
trace z3-solve: check class=flash_ctrl_smoke_vseq vars=13 soft=0 dist=46
trace z3-solve: end class=flash_ctrl_smoke_vseq result=1
trace z3-solve: begin class=flash_ctrl_smoke_vseq props=93 constraints=25 extra=0 slots=0 dyn=1
trace z3-solve: check class=flash_ctrl_smoke_vseq vars=13 soft=0 dist=228
trace z3-solve: end class=flash_ctrl_smoke_vseq result=1
trace z3-solve: begin class=flash_ctrl_smoke_vseq props=93 constraints=25 extra=0 slots=0 dyn=0
trace z3-solve: check class=flash_ctrl_smoke_vseq vars=1 soft=0 dist=0
trace z3-solve: end class=flash_ctrl_smoke_vseq result=1
trace z3-solve: begin class=flash_ctrl_smoke_vseq props=93 constraints=25 extra=0 slots=0 dyn=0
trace z3-solve: check class=flash_ctrl_smoke_vseq vars=12 soft=0 dist=46
trace z3-solve: end class=flash_ctrl_smoke_vseq result=1
trace z3-solve: begin class=flash_ctrl_smoke_vseq props=93 constraints=25 extra=0 slots=0 dyn=1
trace z3-solve: check class=flash_ctrl_smoke_vseq vars=12 soft=0 dist=228
trace z3-solve: end class=flash_ctrl_smoke_vseq result=1
trace z3-solve: begin class=flash_ctrl_smoke_vseq props=93 constraints=25 extra=0 slots=0 dyn=0
trace z3-solve: check class=flash_ctrl_smoke_vseq vars=2 soft=0 dist=46
trace z3-solve: end class=flash_ctrl_smoke_vseq result=1
trace z3-solve: begin class=flash_ctrl_smoke_vseq props=93 constraints=25 extra=0 slots=0 dyn=1
trace z3-solve: check class=flash_ctrl_smoke_vseq vars=2 soft=0 dist=228
trace z3-solve: end class=flash_ctrl_smoke_vseq result=1
tb.dut.u_lfsr.p_randomize_default_seed: DefaultSeed = 0xa8cee782, DefaultSeedLocal = 0x219b79a0
tb.dut.u_eflash.u_flash.gen_generic.u_impl_generic.gen_prim_flash_banks[0].u_prim_flash_bank.$unm_blk_13132: ReadLatency:1 ProgLatency:50 EraseLatency:200
tb.dut.u_eflash.u_flash.gen_generic.u_impl_generic.gen_prim_flash_banks[1].u_prim_flash_bank.$unm_blk_13132: ReadLatency:1 ProgLatency:50 EraseLatency:200
UVM_INFO @ 0.0 ns: reporter [RNTST] Running test flash_ctrl_base_test...
UVM_INFO @    0.0 ns: (flash_ctrl_env_cfg.sv:325) [cfg] ral_model_names: '{"flash_ctrl_core_reg_block", "flash_ctrl_eflash_reg_block", "flash_ctrl_prim_reg_block"}
UVM_INFO @    0.0 ns: (flash_ctrl_base_vseq.sv:814) uvm_test_top.env.virtual_sequencer [uvm_test_top.env.virtual_sequencer.flash_ctrl_smoke_vseq] Starting OTP Model ...
UVM_INFO @ 2115.3 ns: (mem_bkdr_util.sv:539) [mem_bkdr_util[FlashPartData][0]] Set memory
UVM_INFO @ 2115.3 ns: (mem_bkdr_util.sv:539) [mem_bkdr_util[FlashPartData][1]] Set memory
UVM_INFO @ 2115.3 ns: (mem_bkdr_util.sv:539) [mem_bkdr_util[FlashPartInfo][0]] Set memory
UVM_INFO @ 2115.3 ns: (mem_bkdr_util.sv:539) [mem_bkdr_util[FlashPartInfo][1]] Set memory
UVM_INFO @ 2115.3 ns: (mem_bkdr_util.sv:539) [mem_bkdr_util[FlashPartInfo1][0]] Set memory
UVM_INFO @ 2115.3 ns: (mem_bkdr_util.sv:539) [mem_bkdr_util[FlashPartInfo1][1]] Set memory
UVM_INFO @ 2115.3 ns: (mem_bkdr_util.sv:539) [mem_bkdr_util[FlashPartInfo2][0]] Set memory
UVM_INFO @ 2115.3 ns: (mem_bkdr_util.sv:539) [mem_bkdr_util[FlashPartInfo2][1]] Set memory
UVM_INFO @ 18541.2 ns: (flash_ctrl_rand_ops_base_vseq.sv:344) uvm_test_top.env.virtual_sequencer [uvm_test_top.env.virtual_sequencer.flash_ctrl_smoke_vseq] Starting flash_ctrl op: 1/3: 130373871483047440853616387
UVM_INFO @ 18541.2 ns: (mem_bkdr_util.sv:559) [mem_bkdr_util[FlashPartData][0]] Invalidating (Xs) mem contents
UVM_INFO @ 18541.2 ns: (mem_bkdr_util.sv:559) [mem_bkdr_util[FlashPartData][1]] Invalidating (Xs) mem contents
UVM_INFO @ 18945.4 ns: (flash_ctrl_scoreboard.sv:268) uvm_test_top.env.scoreboard [uvm_test_top.env.scoreboard] erase_sel: 0x1 part sel: 0x0 info sel 0x0
UVM_INFO @ 18945.4 ns: (flash_ctrl_scoreboard.sv:272) uvm_test_top.env.scoreboard [uvm_test_top.env.scoreboard] part: FlashPartData addr: 0x9c700 erase_bank_en: 0x3
UVM_INFO @ 18945.4 ns: (flash_ctrl_scoreboard.sv:723) uvm_test_top.env.scoreboard [uvm_test_top.env.scoreboard] erase_access bank: 0x1
UVM_INFO @ 18945.4 ns: (flash_ctrl_scoreboard.sv:279) uvm_test_top.env.scoreboard [uvm_test_top.env.scoreboard] erase_access: 0x1 part:FlashPartData erase_addr: 0x9c700
