RAM guard started; min_free=70%; command=['env', 'RV32_TOOL_AS=/Users/danielellerbrock/projects/iverilog_uvm/iverilog-uvm-campaign-20260908/evidence/caliptra-verilator-l0-enable-20260923/toolchain/xpack-riscv-none-elf-gcc-12.2.0-3/riscv-none-elf/bin/as', 'RV32_TOOL_LD=/Users/danielellerbrock/projects/iverilog_uvm/iverilog-uvm-campaign-20260908/evidence/caliptra-verilator-l0-enable-20260923/toolchain/xpack-riscv-none-elf-gcc-12.2.0-3/riscv-none-elf/bin/ld', '/Users/danielellerbrock/projects/iverilog_uvm/evidence/arm64-tooling/opentitan-python313/bin/python', 'scripts/opentitan_matrix.py', '--opentitan-root', '/private/tmp/ot-corpus-current-spid-passthrough-20261003/source', '--build-root', '/private/tmp/pi/iverilog-uvm-candidate-census18-20261005/build/candidate-runtime-20261005', '--iverilog', '/private/tmp/pi/iverilog-uvm-candidate-census18-20261005/install/bin/iverilog', '--uvm-home', '/Users/danielellerbrock/projects/iverilog_uvm/iverilog-uvm-campaign-20260908/third_party/uvm-releases/sources/1.2/uvm-1.2/src', '--fusesoc', '/Users/danielellerbrock/projects/iverilog_uvm/evidence/arm64-tooling/opentitan-python313/bin/fusesoc', '--fusesoc-python', '/Users/danielellerbrock/projects/iverilog_uvm/evidence/arm64-tooling/opentitan-python313/bin/python', '--lane', 'runtime', '--jobs', '1', '--setup-timeout', '600', '--compile-timeout', '600', '--runtime-timeout', '18000', '--runtime-memory-mib', '9536', '--commercial-unsafe', '--native-pkg-config', 'openssl', '--native-pkg-config', 'libelf', '--result-json', '/private/tmp/pi/iverilog-uvm-candidate-census18-20261005/results/candidate-runtime-20261005/result.json', '--result-md', '/private/tmp/pi/iverilog-uvm-candidate-census18-20261005/results/candidate-runtime-20261005/result.md']
RAM guard sample: free=78%, elapsed=0s
[1/49] runtime lowrisc:dv:adc_ctrl_sim:0.1
RAM guard sample: free=79%, elapsed=30s
RAM guard sample: free=79%, elapsed=60s
RAM guard sample: free=79%, elapsed=90s
RAM guard sample: free=79%, elapsed=120s
RAM guard sample: free=79%, elapsed=150s
RAM guard sample: free=79%, elapsed=180s
RAM guard sample: free=79%, elapsed=210s
RAM guard sample: free=79%, elapsed=240s
  -> PASS
[2/49] runtime lowrisc:dv:aes_sim:0.1
RAM guard sample: free=78%, elapsed=270s
  -> PASS
[3/49] runtime lowrisc:dv:aon_timer_sim:0.1
  -> PASS
[4/49] runtime lowrisc:dv:chip_sim:0.1
RAM guard sample: free=78%, elapsed=300s
RAM guard sample: free=79%, elapsed=330s
RAM guard sample: free=79%, elapsed=360s
RAM guard sample: free=79%, elapsed=390s
RAM guard sample: free=79%, elapsed=421s
RAM guard sample: free=79%, elapsed=451s
RAM guard sample: free=79%, elapsed=481s
RAM guard sample: free=79%, elapsed=511s
RAM guard sample: free=79%, elapsed=541s
RAM guard sample: free=79%, elapsed=571s
RAM guard sample: free=79%, elapsed=601s
RAM guard sample: free=79%, elapsed=631s
  -> PASS
[5/49] runtime lowrisc:dv:clkmgr_sim:0.1
  -> PASS
[6/49] runtime lowrisc:dv:csrng_sim:0.1
RAM guard sample: free=79%, elapsed=661s
RAM guard sample: free=79%, elapsed=691s
RAM guard sample: free=79%, elapsed=721s
  -> PASS
[7/49] runtime lowrisc:dv:edn_sim:0.1
RAM guard sample: free=79%, elapsed=751s
RAM guard sample: free=79%, elapsed=781s
RAM guard sample: free=79%, elapsed=811s
  -> PASS
[8/49] runtime lowrisc:dv:entropy_src_sim:0.1
RAM guard sample: free=79%, elapsed=841s
  -> PASS
[9/49] runtime lowrisc:dv:flash_ctrl_sim:0.1
RAM guard sample: free=79%, elapsed=872s
RAM guard sample: free=79%, elapsed=902s
RAM guard sample: free=79%, elapsed=932s
RAM guard sample: free=79%, elapsed=962s
RAM guard sample: free=79%, elapsed=992s
RAM guard sample: free=79%, elapsed=1022s
RAM guard sample: free=79%, elapsed=1052s
RAM guard sample: free=79%, elapsed=1082s
RAM guard sample: free=79%, elapsed=1112s
RAM guard sample: free=79%, elapsed=1142s
RAM guard sample: free=79%, elapsed=1172s
RAM guard sample: free=79%, elapsed=1202s
RAM guard sample: free=79%, elapsed=1232s
RAM guard sample: free=79%, elapsed=1262s
RAM guard sample: free=79%, elapsed=1293s
RAM guard sample: free=79%, elapsed=1323s
RAM guard sample: free=79%, elapsed=1353s
RAM guard sample: free=79%, elapsed=1383s
RAM guard sample: free=79%, elapsed=1413s
RAM guard sample: free=79%, elapsed=1443s
RAM guard sample: free=79%, elapsed=1473s
RAM guard sample: free=79%, elapsed=1503s
RAM guard sample: free=79%, elapsed=1533s
RAM guard sample: free=79%, elapsed=1563s
RAM guard sample: free=79%, elapsed=1593s
RAM guard sample: free=79%, elapsed=1623s
RAM guard sample: free=79%, elapsed=1653s
RAM guard sample: free=79%, elapsed=1683s
RAM guard sample: free=79%, elapsed=1714s
RAM guard sample: free=79%, elapsed=1744s
RAM guard sample: free=79%, elapsed=1774s
RAM guard sample: free=79%, elapsed=1804s
RAM guard sample: free=79%, elapsed=1834s
RAM guard sample: free=79%, elapsed=1864s
RAM guard sample: free=79%, elapsed=1894s
RAM guard sample: free=79%, elapsed=1924s
RAM guard sample: free=79%, elapsed=1954s
RAM guard sample: free=79%, elapsed=1984s
RAM guard sample: free=79%, elapsed=2014s
RAM guard sample: free=79%, elapsed=2044s
RAM guard sample: free=79%, elapsed=2074s
RAM guard sample: free=79%, elapsed=2105s
RAM guard sample: free=79%, elapsed=2135s
RAM guard sample: free=79%, elapsed=2165s
RAM guard sample: free=79%, elapsed=2195s
RAM guard sample: free=79%, elapsed=2225s
RAM guard sample: free=79%, elapsed=2255s
RAM guard sample: free=79%, elapsed=2285s
RAM guard sample: free=79%, elapsed=2315s
RAM guard sample: free=79%, elapsed=2345s
RAM guard sample: free=79%, elapsed=2375s
RAM guard sample: free=79%, elapsed=2405s
RAM guard sample: free=79%, elapsed=2435s
RAM guard sample: free=79%, elapsed=2465s
RAM guard sample: free=79%, elapsed=2495s
RAM guard sample: free=79%, elapsed=2526s
RAM guard sample: free=79%, elapsed=2556s
RAM guard sample: free=79%, elapsed=2586s
RAM guard sample: free=79%, elapsed=2616s
RAM guard sample: free=79%, elapsed=2646s
RAM guard sample: free=79%, elapsed=2676s
RAM guard sample: free=79%, elapsed=2706s
RAM guard sample: free=79%, elapsed=2736s
RAM guard sample: free=79%, elapsed=2766s
RAM guard sample: free=79%, elapsed=2796s
RAM guard sample: free=79%, elapsed=2826s
RAM guard sample: free=79%, elapsed=2856s
RAM guard sample: free=79%, elapsed=2886s
RAM guard sample: free=79%, elapsed=2916s
RAM guard sample: free=79%, elapsed=2947s
RAM guard sample: free=79%, elapsed=2977s
RAM guard sample: free=79%, elapsed=3007s
RAM guard sample: free=79%, elapsed=3037s
RAM guard sample: free=79%, elapsed=3067s
RAM guard sample: free=79%, elapsed=3097s
RAM guard sample: free=79%, elapsed=3127s
RAM guard sample: free=79%, elapsed=3157s
RAM guard sample: free=77%, elapsed=3187s
RAM guard sample: free=79%, elapsed=3217s
RAM guard sample: free=78%, elapsed=3247s
RAM guard sample: free=79%, elapsed=3277s
RAM guard sample: free=78%, elapsed=3307s
RAM guard sample: free=79%, elapsed=3338s
RAM guard sample: free=79%, elapsed=3368s
RAM guard sample: free=79%, elapsed=3398s
RAM guard sample: free=78%, elapsed=3428s
RAM guard sample: free=79%, elapsed=3458s
RAM guard sample: free=79%, elapsed=3488s
RAM guard sample: free=79%, elapsed=3518s
RAM guard sample: free=79%, elapsed=3548s
RAM guard sample: free=79%, elapsed=3578s
RAM guard sample: free=78%, elapsed=3608s
RAM guard sample: free=78%, elapsed=3638s
RAM guard sample: free=77%, elapsed=3668s
RAM guard sample: free=78%, elapsed=3698s
RAM guard sample: free=78%, elapsed=3728s
RAM guard sample: free=77%, elapsed=3759s
RAM guard sample: free=78%, elapsed=3789s
RAM guard sample: free=78%, elapsed=3819s
RAM guard sample: free=78%, elapsed=3849s
RAM guard sample: free=78%, elapsed=3879s
RAM guard sample: free=78%, elapsed=3909s
RAM guard sample: free=78%, elapsed=3939s
RAM guard sample: free=78%, elapsed=3969s
RAM guard sample: free=78%, elapsed=3999s
RAM guard sample: free=78%, elapsed=4029s
RAM guard sample: free=77%, elapsed=4059s
RAM guard sample: free=77%, elapsed=4089s
RAM guard sample: free=77%, elapsed=4119s
RAM guard sample: free=77%, elapsed=4149s
RAM guard sample: free=77%, elapsed=4180s
RAM guard sample: free=77%, elapsed=4210s
RAM guard sample: free=77%, elapsed=4240s
RAM guard sample: free=77%, elapsed=4270s
RAM guard sample: free=77%, elapsed=4300s
RAM guard sample: free=77%, elapsed=4330s
RAM guard sample: free=76%, elapsed=4360s
RAM guard sample: free=77%, elapsed=4390s
RAM guard sample: free=77%, elapsed=4420s
RAM guard sample: free=77%, elapsed=4450s
  -> PASS
[10/49] runtime lowrisc:dv:gpio_sim:0.1
RAM guard sample: free=77%, elapsed=4480s
  -> PASS
[11/49] runtime lowrisc:dv:hmac_sim:0.1
RAM guard sample: free=77%, elapsed=4510s
RAM guard sample: free=77%, elapsed=4540s
RAM guard sample: free=77%, elapsed=4570s
RAM guard sample: free=77%, elapsed=4601s
RAM guard sample: free=77%, elapsed=4631s
RAM guard sample: free=78%, elapsed=4661s
RAM guard sample: free=78%, elapsed=4691s
RAM guard sample: free=78%, elapsed=4721s
RAM guard sample: free=78%, elapsed=4751s
RAM guard sample: free=77%, elapsed=4781s
  -> PASS
[12/49] runtime lowrisc:dv:i2c_sim:0.1
RAM guard sample: free=78%, elapsed=4811s
RAM guard sample: free=78%, elapsed=4841s
RAM guard sample: free=78%, elapsed=4871s
RAM guard sample: free=78%, elapsed=4901s
RAM guard sample: free=78%, elapsed=4931s
RAM guard sample: free=78%, elapsed=4961s
RAM guard sample: free=78%, elapsed=4991s
RAM guard sample: free=78%, elapsed=5022s
RAM guard sample: free=78%, elapsed=5052s
RAM guard sample: free=78%, elapsed=5082s
RAM guard sample: free=78%, elapsed=5112s
RAM guard sample: free=78%, elapsed=5142s
RAM guard sample: free=78%, elapsed=5172s
RAM guard sample: free=78%, elapsed=5202s
RAM guard sample: free=77%, elapsed=5232s
RAM guard sample: free=78%, elapsed=5262s
RAM guard sample: free=78%, elapsed=5292s
RAM guard sample: free=77%, elapsed=5322s
RAM guard sample: free=79%, elapsed=5352s
RAM guard sample: free=79%, elapsed=5382s
RAM guard sample: free=79%, elapsed=5412s
RAM guard sample: free=79%, elapsed=5443s
RAM guard sample: free=79%, elapsed=5473s
RAM guard sample: free=79%, elapsed=5503s
RAM guard sample: free=79%, elapsed=5533s
RAM guard sample: free=79%, elapsed=5563s
RAM guard sample: free=73%, elapsed=5593s
RAM guard sample: free=73%, elapsed=5623s
RAM guard sample: free=75%, elapsed=5653s
  -> PASS
[13/49] runtime lowrisc:dv:ibex_icache_sim:0.1
RAM guard sample: free=75%, elapsed=5683s
RAM guard sample: free=75%, elapsed=5713s
RAM guard sample: free=76%, elapsed=5743s
RAM guard sample: free=76%, elapsed=5773s
RAM guard sample: free=76%, elapsed=5803s
  -> PASS
[14/49] runtime lowrisc:dv:keymgr_sim:0.1
RAM guard sample: free=76%, elapsed=5834s
RAM guard sample: free=76%, elapsed=5864s
RAM guard sample: free=77%, elapsed=5894s
  -> PASS
[15/49] runtime lowrisc:dv:kmac_sim:0.1
RAM guard sample: free=77%, elapsed=5924s
RAM guard sample: free=77%, elapsed=5954s
RAM guard sample: free=77%, elapsed=5984s
RAM guard sample: free=77%, elapsed=6014s
RAM guard sample: free=77%, elapsed=6044s
RAM guard sample: free=75%, elapsed=6074s
RAM guard sample: free=75%, elapsed=6104s
RAM guard sample: free=75%, elapsed=6134s
RAM guard sample: free=75%, elapsed=6164s
RAM guard sample: free=74%, elapsed=6194s
RAM guard sample: free=75%, elapsed=6224s
RAM guard sample: free=75%, elapsed=6254s
  -> PASS
[16/49] runtime lowrisc:dv:lc_ctrl_sim:0.1
RAM guard sample: free=74%, elapsed=6285s
RAM guard sample: free=75%, elapsed=6315s
RAM guard sample: free=75%, elapsed=6345s
RAM guard sample: free=74%, elapsed=6375s
RAM guard sample: free=75%, elapsed=6405s
  -> PASS
[17/49] runtime lowrisc:dv:otbn_sim:0.1
RAM guard sample: free=75%, elapsed=6435s
RAM guard sample: free=75%, elapsed=6465s
RAM guard sample: free=75%, elapsed=6495s
RAM guard sample: free=75%, elapsed=6525s
RAM guard sample: free=75%, elapsed=6555s
  -> PASS
[18/49] runtime lowrisc:dv:otp_ctrl_sim:0.1
RAM guard sample: free=75%, elapsed=6585s
RAM guard sample: free=75%, elapsed=6615s
RAM guard sample: free=75%, elapsed=6645s
  -> PASS
[19/49] runtime lowrisc:dv:pattgen_sim:0.1
RAM guard sample: free=75%, elapsed=6675s
  -> PASS
[20/49] runtime lowrisc:dv:prim_alert_sim:0.1
  -> PASS
[21/49] runtime lowrisc:dv:prim_esc_sim:0.1
  -> PASS
[22/49] runtime lowrisc:dv:prim_flop_2sync_sim:0.1
  -> PASS
[23/49] runtime lowrisc:dv:prim_lfsr_sim:0.1
RAM guard sample: free=75%, elapsed=6706s
  -> PASS
[24/49] runtime lowrisc:dv:prim_present_sim:0.1
  -> PASS
[25/49] runtime lowrisc:dv:prim_prince_sim:0.1
  -> PASS
[26/49] runtime lowrisc:dv:pwm_sim:0.1
RAM guard sample: free=75%, elapsed=6736s
RAM guard sample: free=75%, elapsed=6766s
  -> PASS
[27/49] runtime lowrisc:dv:pwrmgr_sim:0.1
  -> PASS
[28/49] runtime lowrisc:dv:rom_ctrl_sim:0.1
RAM guard sample: free=75%, elapsed=6796s
RAM guard sample: free=75%, elapsed=6826s
RAM guard sample: free=75%, elapsed=6856s
RAM guard sample: free=75%, elapsed=6886s
RAM guard sample: free=75%, elapsed=6916s
RAM guard sample: free=75%, elapsed=6946s
RAM guard sample: free=75%, elapsed=6976s
  -> PASS
[29/49] runtime lowrisc:dv:rstmgr_cnsty_chk_sim:0.1
RAM guard sample: free=75%, elapsed=7006s
RAM guard sample: free=75%, elapsed=7036s
  -> PASS
[30/49] runtime lowrisc:dv:rstmgr_sim:0.1
RAM guard sample: free=75%, elapsed=7066s
  -> PASS
[31/49] runtime lowrisc:dv:rv_dm_sim:0.1
RAM guard sample: free=75%, elapsed=7096s
RAM guard sample: free=75%, elapsed=7127s
RAM guard sample: free=75%, elapsed=7157s
RAM guard sample: free=75%, elapsed=7187s
RAM guard sample: free=75%, elapsed=7217s
  -> PASS
[32/49] runtime lowrisc:dv:rv_timer_sim:0.1
RAM guard sample: free=75%, elapsed=7247s
  -> PASS
[33/49] runtime lowrisc:dv:spi_device_sim:0.1
RAM guard sample: free=75%, elapsed=7277s
RAM guard sample: free=75%, elapsed=7307s
RAM guard sample: free=75%, elapsed=7337s
RAM guard sample: free=75%, elapsed=7367s
RAM guard sample: free=75%, elapsed=7397s
RAM guard sample: free=75%, elapsed=7427s
RAM guard sample: free=75%, elapsed=7457s
RAM guard sample: free=74%, elapsed=7487s
RAM guard sample: free=74%, elapsed=7517s
RAM guard sample: free=74%, elapsed=7548s
RAM guard sample: free=74%, elapsed=7578s
RAM guard sample: free=75%, elapsed=7608s
RAM guard sample: free=75%, elapsed=7638s
RAM guard sample: free=74%, elapsed=7668s
RAM guard sample: free=74%, elapsed=7698s
RAM guard sample: free=74%, elapsed=7728s
RAM guard sample: free=74%, elapsed=7758s
RAM guard sample: free=74%, elapsed=7788s
RAM guard sample: free=74%, elapsed=7818s
RAM guard sample: free=74%, elapsed=7848s
RAM guard sample: free=74%, elapsed=7878s
RAM guard sample: free=74%, elapsed=7908s
RAM guard sample: free=74%, elapsed=7939s
RAM guard sample: free=75%, elapsed=7969s
  -> PASS
[34/49] runtime lowrisc:dv:spi_host_sim:1.0
RAM guard sample: free=75%, elapsed=7999s
RAM guard sample: free=75%, elapsed=8029s
RAM guard sample: free=75%, elapsed=8059s
RAM guard sample: free=75%, elapsed=8089s
RAM guard sample: free=75%, elapsed=8119s
RAM guard sample: free=75%, elapsed=8149s
RAM guard sample: free=75%, elapsed=8179s
RAM guard sample: free=73%, elapsed=8209s
RAM guard sample: free=73%, elapsed=8239s
RAM guard sample: free=74%, elapsed=8269s
RAM guard sample: free=74%, elapsed=8299s
RAM guard sample: free=74%, elapsed=8329s
RAM guard sample: free=74%, elapsed=8360s
RAM guard sample: free=74%, elapsed=8390s
RAM guard sample: free=74%, elapsed=8420s
RAM guard sample: free=74%, elapsed=8450s
RAM guard sample: free=74%, elapsed=8480s
RAM guard sample: free=74%, elapsed=8510s
RAM guard sample: free=74%, elapsed=8540s
RAM guard sample: free=74%, elapsed=8570s
RAM guard sample: free=74%, elapsed=8600s
RAM guard sample: free=74%, elapsed=8630s
RAM guard sample: free=74%, elapsed=8660s
RAM guard sample: free=74%, elapsed=8690s
RAM guard tripped at free=68%; stopping child group
Interrupted after 33/49 jobs; partial report preserved at /private/tmp/pi/iverilog-uvm-candidate-census18-20261005/results/candidate-runtime-20261005/result.json
