OpenTitan UVM runtime
command: /Users/danielellerbrock/projects/iverilog_uvm/iverilog-uvm-unsafe-syntax-20260926/local-install/bin/vvp -n /private/tmp/ot-trial1-layout-20260929/selected-seed2/runtime/lowrisc_ip_trial1_sim_0.1/matrix-runtime.vvp +smoke_test=1
returncode: 0
duration_seconds: 1.022

UVM_INFO /Users/danielellerbrock/projects/iverilog_uvm/iverilog-uvm-campaign-20260908/third_party/uvm-releases/sources/1.2/uvm-1.2/src/base/uvm_root.svh(392) @ 0: reporter [UVM/RELNOTES] 
----------------------------------------------------------------
UVM-1.2
(C) 2007-2014 Mentor Graphics Corporation
(C) 2007-2014 Cadence Design Systems, Inc.
(C) 2006-2014 Synopsys, Inc.
(C) 2011-2013 Cypress Semiconductor Corp.
(C) 2013-2014 NVIDIA Corporation
----------------------------------------------------------------

  ***********       IMPORTANT RELEASE NOTES         ************

  You are using a version of the UVM library that has been compiled
  with `UVM_OBJECT_DO_NOT_NEED_CONSTRUCTOR undefined.
  See http://www.eda.org/svdb/view.php?id=3770 for more details.

      (Specify +UVM_NO_RELNOTES to turn off this notice)

INFO: got expected rd value for RWTYPE0 of 00bc614e
INFO: got expected q value for RWTYPE0 of 00bc614e
INFO: got expected rd value for RWTYPE0 of 00bc614e
INFO: got expected q value for RWTYPE0 of 00bc614e
INFO: got expected rd value for RWTYPE0 of deadbeef
INFO: got expected q value for RWTYPE0 of deadbeef
INFO: got expected rd value for RWTYPE0 of deadbeef
INFO: got expected q value for RWTYPE0 of deadbeef
INFO: got expected rd value for RWTYPE0 of 21524110
INFO: got expected q value for RWTYPE0 of 21524110
INFO: got expected rd value for RWTYPE0 of 21524110
INFO: got expected q value for RWTYPE0 of 21524110
INFO: got expected rd value for RWTYPE1 of 00006411
INFO: got expected q value for RWTYPE1.field0 of 00000001
INFO: got expected q value for RWTYPE1.field1 of 00000000
INFO: got expected q value for RWTYPE1.field4 of 00000001
INFO: got expected q value for RWTYPE1.field15_8 of 00000064
INFO: got expected rd value for RWTYPE1 of 00006411
INFO: got expected q value for RWTYPE1.field0 of 00000001
INFO: got expected q value for RWTYPE1.field1 of 00000000
INFO: got expected q value for RWTYPE1.field4 of 00000001
INFO: got expected q value for RWTYPE1.field15_8 of 00000064
INFO: got expected rd value for RWTYPE1 of 0000be03
INFO: got expected q value for RWTYPE1.field0 of 00000001
INFO: got expected q value for RWTYPE1.field1 of 00000001
INFO: got expected q value for RWTYPE1.field4 of 00000000
INFO: got expected q value for RWTYPE1.field15_8 of 000000be
INFO: got expected rd value for RWTYPE1 of 0000be03
INFO: got expected q value for RWTYPE1.field0 of 00000001
INFO: got expected q value for RWTYPE1.field1 of 00000001
INFO: got expected q value for RWTYPE1.field4 of 00000000
INFO: got expected q value for RWTYPE1.field15_8 of 000000be
INFO: got expected rd value for RWTYPE1 of 00004110
INFO: got expected q value for RWTYPE1.field0 of 00000000
INFO: got expected q value for RWTYPE1.field1 of 00000000
INFO: got expected q value for RWTYPE1.field4 of 00000001
INFO: got expected q value for RWTYPE1.field15_8 of 00000041
INFO: got expected rd value for RWTYPE1 of 00004110
INFO: got expected q value for RWTYPE1.field0 of 00000000
INFO: got expected q value for RWTYPE1.field1 of 00000000
INFO: got expected q value for RWTYPE1.field4 of 00000001
INFO: got expected q value for RWTYPE1.field15_8 of 00000041
INFO: got expected rd value for RWTYPE2 of 04000400
INFO: got expected q value for RWTYPE2 of 04000400
INFO: got expected rd value for RWTYPE2 of 04000400
INFO: got expected q value for RWTYPE2 of 04000400
INFO: got expected rd value for RWTYPE2 of deadbeef
INFO: got expected q value for RWTYPE2 of deadbeef
INFO: got expected rd value for RWTYPE2 of deadbeef
INFO: got expected q value for RWTYPE2 of deadbeef
INFO: got expected rd value for RWTYPE2 of 21524110
INFO: got expected q value for RWTYPE2 of 21524110
INFO: got expected rd value for RWTYPE2 of 21524110
INFO: got expected q value for RWTYPE2 of 21524110
INFO: got expected rd value for RWTYPE2 of f188b9f7
INFO: got expected q value for RWTYPE2 of f188b9f7
INFO: got expected rd value for RWTYPE2 of f188b9f7
INFO: got expected q value for RWTYPE2 of f188b9f7
INFO: got expected rd value for RWTYPE2 of 0e774608
INFO: got expected q value for RWTYPE2 of 0e774608
INFO: got expected rd value for RWTYPE2 of 0e774608
INFO: got expected q value for RWTYPE2 of 0e774608
INFO: got expected rd value for RWTYPE2 of aaaaaaaa
INFO: got expected q value for RWTYPE2 of aaaaaaaa
INFO: got expected rd value for RWTYPE2 of aaaaaaaa
INFO: got expected q value for RWTYPE2 of aaaaaaaa
INFO: got expected rd value for RWTYPE3 of ee66cc55
INFO: got expected q value for RWTYPE3.field0 of 0000cc55
INFO: got expected q value for RWTYPE3.field1 of 0000ee66
INFO: got expected rd value for RWTYPE3 of ee66cc55
INFO: got expected q value for RWTYPE3.field0 of 0000cc55
INFO: got expected q value for RWTYPE3.field1 of 0000ee66
INFO: got expected rd value for RWTYPE3 of deadbeef
INFO: got expected q value for RWTYPE3.field0 of 0000beef
INFO: got expected q value for RWTYPE3.field1 of 0000dead
INFO: got expected rd value for RWTYPE3 of deadbeef
INFO: got expected q value for RWTYPE3.field0 of 0000beef
INFO: got expected q value for RWTYPE3.field1 of 0000dead
INFO: got expected rd value for RWTYPE3 of 21524110
INFO: got expected q value for RWTYPE3.field0 of 00004110
INFO: got expected q value for RWTYPE3.field1 of 00002152
INFO: got expected rd value for RWTYPE3 of 21524110
INFO: got expected q value for RWTYPE3.field0 of 00004110
INFO: got expected q value for RWTYPE3.field1 of 00002152
INFO: got expected rd value for RWTYPE3 of 21521c85
INFO: got expected q value for RWTYPE3.field0 of 00001c85
INFO: got expected q value for RWTYPE3.field1 of 00002152
INFO: got expected rd value for RWTYPE3 of 21521c85
INFO: got expected q value for RWTYPE3.field0 of 00001c85
INFO: got expected q value for RWTYPE3.field1 of 00002152
INFO: got expected rd value for RWTYPE3 of 350e1c85
INFO: got expected q value for RWTYPE3.field0 of 00001c85
INFO: got expected q value for RWTYPE3.field1 of 0000350e
INFO: got expected rd value for RWTYPE3 of 350e1c85
INFO: got expected q value for RWTYPE3.field0 of 00001c85
INFO: got expected q value for RWTYPE3.field1 of 0000350e
INFO: got expected rd value for RWTYPE3 of caf11c85
INFO: got expected q value for RWTYPE3.field0 of 00001c85
INFO: got expected q value for RWTYPE3.field1 of 0000caf1
INFO: got expected rd value for RWTYPE3 of caf11c85
INFO: got expected q value for RWTYPE3.field0 of 00001c85
INFO: got expected q value for RWTYPE3.field1 of 0000caf1
INFO: got expected rd value for RWTYPE3 of caf1e37a
INFO: got expected q value for RWTYPE3.field0 of 0000e37a
INFO: got expected q value for RWTYPE3.field1 of 0000caf1
INFO: got expected rd value for RWTYPE3 of caf1e37a
INFO: got expected q value for RWTYPE3.field0 of 0000e37a
INFO: got expected q value for RWTYPE3.field1 of 0000caf1
INFO: got expected rd value for RWTYPE3 of aaaaaaaa
INFO: got expected q value for RWTYPE3.field0 of 0000aaaa
INFO: got expected q value for RWTYPE3.field1 of 0000aaaa
INFO: got expected rd value for RWTYPE3 of aaaaaaaa
INFO: got expected q value for RWTYPE3.field0 of 0000aaaa
INFO: got expected q value for RWTYPE3.field1 of 0000aaaa
INFO: got expected rd value for RWTYPE3 of cccccccc
INFO: got expected q value for RWTYPE3.field0 of 0000cccc
INFO: got expected q value for RWTYPE3.field1 of 0000cccc
INFO: got expected rd value for RWTYPE3 of cccccccc
INFO: got expected q value for RWTYPE3.field0 of 0000cccc
INFO: got expected q value for RWTYPE3.field1 of 0000cccc
INFO: got expected rd value for RWTYPE4 of 80004000
INFO: got expected q value for RWTYPE4.field0 of 00004000
INFO: got expected q value for RWTYPE4.field1 of 00008000
INFO: got expected rd value for RWTYPE4 of 80004000
INFO: got expected q value for RWTYPE4.field0 of 00004000
INFO: got expected q value for RWTYPE4.field1 of 00008000
INFO: got expected rd value for RWTYPE4 of deadbeef
INFO: got expected q value for RWTYPE4.field0 of 0000beef
INFO: got expected q value for RWTYPE4.field1 of 0000dead
INFO: got expected rd value for RWTYPE4 of deadbeef
INFO: got expected q value for RWTYPE4.field0 of 0000beef
INFO: got expected q value for RWTYPE4.field1 of 0000dead
INFO: got expected rd value for RWTYPE4 of 21524110
INFO: got expected q value for RWTYPE4.field0 of 00004110
INFO: got expected q value for RWTYPE4.field1 of 00002152
INFO: got expected rd value for RWTYPE4 of 21524110
INFO: got expected q value for RWTYPE4.field0 of 00004110
INFO: got expected q value for RWTYPE4.field1 of 00002152
INFO: got expected rd value for ROTYPE0 of 11111111
INFO: got expected q value for ROTYPE0 of 11111111
INFO: got expected rd value for ROTYPE0 of 11111111
INFO: got expected q value for ROTYPE0 of 11111111
INFO: got expected rd value for ROTYPE0 of 11111111
INFO: got expected q value for ROTYPE0 of 11111111
INFO: got expected rd value for ROTYPE0 of 11111111
INFO: got expected q value for ROTYPE0 of 11111111
INFO: got expected rd value for ROTYPE0 of 11111111
INFO: got expected q value for ROTYPE0 of 11111111
INFO: got expected rd value for ROTYPE0 of 11111111
INFO: got expected q value for ROTYPE0 of 11111111
INFO: got expected rd value for ROTYPE0 of 1d591eb0
INFO: got expected q value for ROTYPE0 of 1d591eb0
INFO: got expected rd value for ROTYPE0 of 1d591eb0
INFO: got expected q value for ROTYPE0 of 1d591eb0
INFO: got expected rd value for ROTYPE0 of e2a6e14f
INFO: got expected q value for ROTYPE0 of e2a6e14f
INFO: got expected rd value for ROTYPE0 of e2a6e14f
INFO: got expected q value for ROTYPE0 of e2a6e14f
INFO: got expected rd value for W1CTYPE0 of bbccddee
INFO: got expected q value for W1CTYPE0 of bbccddee
INFO: got expected rd value for W1CTYPE0 of bbccddee
INFO: got expected q value for W1CTYPE0 of bbccddee
INFO: got expected rd value for W1CTYPE0 of 21404100
INFO: got expected q value for W1CTYPE0 of 21404100
INFO: got expected rd value for W1CTYPE0 of 21404100
INFO: got expected q value for W1CTYPE0 of 21404100
INFO: got expected rd value for W1CTYPE0 of 21404100
INFO: got expected q value for W1CTYPE0 of 21404100
INFO: got expected rd value for W1CTYPE0 of 21404100
INFO: got expected q value for W1CTYPE0 of 21404100
INFO: got expected rd value for W1CTYPE1 of 7777eeee
INFO: got expected q value for W1CTYPE1.field0 of 0000eeee
INFO: got expected q value for W1CTYPE1.field1 of 00007777
INFO: got expected rd value for W1CTYPE1 of 7777eeee
INFO: got expected q value for W1CTYPE1.field0 of 0000eeee
INFO: got expected q value for W1CTYPE1.field1 of 00007777
INFO: got expected rd value for W1CTYPE1 of 21524000
INFO: got expected q value for W1CTYPE1.field0 of 00004000
INFO: got expected q value for W1CTYPE1.field1 of 00002152
INFO: got expected rd value for W1CTYPE1 of 21524000
INFO: got expected q value for W1CTYPE1.field0 of 00004000
INFO: got expected q value for W1CTYPE1.field1 of 00002152
INFO: got expected rd value for W1CTYPE1 of 00000000
INFO: got expected q value for W1CTYPE1.field0 of 00000000
INFO: got expected q value for W1CTYPE1.field1 of 00000000
INFO: got expected rd value for W1CTYPE1 of 00000000
INFO: got expected q value for W1CTYPE1.field0 of 00000000
INFO: got expected q value for W1CTYPE1.field1 of 00000000
INFO: got expected rd value for W1CTYPE2 of aa775566
INFO: got expected q value for W1CTYPE2 of aa775566
INFO: got expected rd value for W1CTYPE2 of aa775566
INFO: got expected q value for W1CTYPE2 of aa775566
INFO: got expected rd value for W1CTYPE2 of 20524100
INFO: got expected q value for W1CTYPE2 of 20524100
INFO: got expected rd value for W1CTYPE2 of 20524100
INFO: got expected q value for W1CTYPE2 of 20524100
INFO: got expected rd value for W1CTYPE2 of 00000000
INFO: got expected q value for W1CTYPE2 of 00000000
INFO: got expected rd value for W1CTYPE2 of 00000000
INFO: got expected q value for W1CTYPE2 of 00000000
INFO: got expected rd value for W1CTYPE2 of 9c3d67e9
INFO: got expected q value for W1CTYPE2 of 9c3d67e9
INFO: got expected rd value for W1CTYPE2 of 9c3d67e9
INFO: got expected q value for W1CTYPE2 of 9c3d67e9
INFO: got expected rd value for W1CTYPE2 of 63c29816
INFO: got expected q value for W1CTYPE2 of 63c29816
INFO: got expected rd value for W1CTYPE2 of 63c29816
INFO: got expected q value for W1CTYPE2 of 63c29816
INFO: got expected rd value for W1CTYPE2 of 21420010
INFO: got expected q value for W1CTYPE2 of 21420010
INFO: got expected rd value for W1CTYPE2 of 21420010
INFO: got expected q value for W1CTYPE2 of 21420010
INFO: got expected rd value for W1CTYPE2 of aa99bb33
INFO: got expected q value for W1CTYPE2 of aa99bb33
INFO: got expected rd value for W1CTYPE2 of aa99bb33
INFO: got expected q value for W1CTYPE2 of aa99bb33
INFO: got expected rd value for W1STYPE2 of 11224488
INFO: got expected q value for W1STYPE2 of 11224488
INFO: got expected rd value for W1STYPE2 of 11224488
INFO: got expected q value for W1STYPE2 of 11224488
INFO: got expected rd value for W1STYPE2 of dfaffeef
INFO: got expected q value for W1STYPE2 of dfaffeef
INFO: got expected rd value for W1STYPE2 of dfaffeef
INFO: got expected q value for W1STYPE2 of dfaffeef
INFO: got expected rd value for W1STYPE2 of ffffffff
INFO: got expected q value for W1STYPE2 of ffffffff
INFO: got expected rd value for W1STYPE2 of ffffffff
INFO: got expected q value for W1STYPE2 of ffffffff
INFO: got expected rd value for W1STYPE2 of 483ee3c5
INFO: got expected q value for W1STYPE2 of 483ee3c5
INFO: got expected rd value for W1STYPE2 of 483ee3c5
INFO: got expected q value for W1STYPE2 of 483ee3c5
INFO: got expected rd value for W1STYPE2 of b7c11c3a
INFO: got expected q value for W1STYPE2 of b7c11c3a
INFO: got expected rd value for W1STYPE2 of b7c11c3a
INFO: got expected q value for W1STYPE2 of b7c11c3a
INFO: got expected rd value for W1STYPE2 of ffedbeff
INFO: got expected q value for W1STYPE2 of ffedbeff
INFO: got expected rd value for W1STYPE2 of ffedbeff
INFO: got expected q value for W1STYPE2 of ffedbeff
INFO: got expected rd value for W1STYPE2 of dd55cc77
INFO: got expected q value for W1STYPE2 of dd55cc77
INFO: got expected rd value for W1STYPE2 of dd55cc77
INFO: got expected q value for W1STYPE2 of dd55cc77
INFO: got expected rd value for W0CTYPE2 of fec8137f
INFO: got expected q value for W0CTYPE2 of fec8137f
INFO: got expected rd value for W0CTYPE2 of fec8137f
INFO: got expected q value for W0CTYPE2 of fec8137f
INFO: got expected rd value for W0CTYPE2 of de88126f
INFO: got expected q value for W0CTYPE2 of de88126f
INFO: got expected rd value for W0CTYPE2 of de88126f
INFO: got expected q value for W0CTYPE2 of de88126f
INFO: got expected rd value for W0CTYPE2 of 00000000
INFO: got expected q value for W0CTYPE2 of 00000000
INFO: got expected rd value for W0CTYPE2 of 00000000
INFO: got expected q value for W0CTYPE2 of 00000000
INFO: got expected rd value for W0CTYPE2 of 2151a6fd
INFO: got expected q value for W0CTYPE2 of 2151a6fd
INFO: got expected rd value for W0CTYPE2 of 2151a6fd
INFO: got expected q value for W0CTYPE2 of 2151a6fd
INFO: got expected rd value for W0CTYPE2 of deae5902
INFO: got expected q value for W0CTYPE2 of deae5902
INFO: got expected rd value for W0CTYPE2 of deae5902
INFO: got expected q value for W0CTYPE2 of deae5902
INFO: got expected rd value for W0CTYPE2 of deac1802
INFO: got expected q value for W0CTYPE2 of deac1802
INFO: got expected rd value for W0CTYPE2 of deac1802
INFO: got expected q value for W0CTYPE2 of deac1802
INFO: got expected rd value for W0CTYPE2 of ac25a8c4
INFO: got expected q value for W0CTYPE2 of ac25a8c4
INFO: got expected rd value for W0CTYPE2 of ac25a8c4
INFO: got expected q value for W0CTYPE2 of ac25a8c4
INFO: got expected rd value for R0W1CTYPE2 of 00000000
INFO: got expected q value for R0W1CTYPE2 of aa775566
INFO: got expected rd value for R0W1CTYPE2 of 00000000
INFO: got expected q value for R0W1CTYPE2 of aa775566
INFO: got expected rd value for R0W1CTYPE2 of 00000000
INFO: got expected q value for R0W1CTYPE2 of 20524100
INFO: got expected rd value for R0W1CTYPE2 of 00000000
INFO: got expected q value for R0W1CTYPE2 of 20524100
INFO: got expected rd value for R0W1CTYPE2 of 00000000
INFO: got expected q value for R0W1CTYPE2 of 00000000
INFO: got expected rd value for R0W1CTYPE2 of 00000000
INFO: got expected q value for R0W1CTYPE2 of 00000000
INFO: got expected rd value for R0W1CTYPE2 of 00000000
INFO: got expected q value for R0W1CTYPE2 of e946059a
INFO: got expected rd value for R0W1CTYPE2 of 00000000
INFO: got expected q value for R0W1CTYPE2 of e946059a
INFO: got expected rd value for R0W1CTYPE2 of 00000000
INFO: got expected q value for R0W1CTYPE2 of 16b9fa65
INFO: got expected rd value for R0W1CTYPE2 of 00000000
INFO: got expected q value for R0W1CTYPE2 of 16b9fa65
INFO: got expected rd value for R0W1CTYPE2 of 00000000
INFO: got expected q value for R0W1CTYPE2 of 00104000
INFO: got expected rd value for R0W1CTYPE2 of 00000000
INFO: got expected q value for R0W1CTYPE2 of 00104000
INFO: got expected rd value for R0W1CTYPE2 of 00000000
INFO: got expected q value for R0W1CTYPE2 of aa99bb33
INFO: got expected rd value for R0W1CTYPE2 of 00000000
INFO: got expected q value for R0W1CTYPE2 of aa99bb33
INFO: got expected q value for RCTYPE0 of 77443399
INFO: got expected rd value for RCTYPE0 of 77443399
INFO: got expected rd value for RCTYPE0 of 00000000
INFO: got expected q value for RCTYPE0 of 00000000
INFO: got expected q value for RCTYPE0 of 00000000
INFO: got expected rd value for RCTYPE0 of 00000000
INFO: got expected rd value for RCTYPE0 of 00000000
INFO: got expected q value for RCTYPE0 of 00000000
INFO: got expected q value for RCTYPE0 of 00000000
INFO: got expected rd value for RCTYPE0 of 00000000
INFO: got expected rd value for RCTYPE0 of 00000000
INFO: got expected q value for RCTYPE0 of 00000000
INFO: got expected q value for RCTYPE0 of 189ea96e
INFO: got expected rd value for RCTYPE0 of 189ea96e
INFO: got expected rd value for RCTYPE0 of 00000000
INFO: got expected q value for RCTYPE0 of 00000000
INFO: got expected q value for RCTYPE0 of e7615691
INFO: got expected rd value for RCTYPE0 of e7615691
INFO: got expected rd value for RCTYPE0 of 00000000
INFO: got expected q value for RCTYPE0 of 00000000
INFO: got expected rd value for WOTYPE0 of 00000000
INFO: got expected q value for WOTYPE0 of 11223344
INFO: got expected rd value for WOTYPE0 of 00000000
INFO: got expected q value for WOTYPE0 of 11223344
INFO: got expected rd value for WOTYPE0 of 00000000
INFO: got expected q value for WOTYPE0 of deadbeef
INFO: got expected rd value for WOTYPE0 of 00000000
INFO: got expected q value for WOTYPE0 of deadbeef
INFO: got expected rd value for WOTYPE0 of 00000000
INFO: got expected q value for WOTYPE0 of 21524110
INFO: got expected rd value for WOTYPE0 of 00000000
INFO: got expected q value for WOTYPE0 of 21524110
INFO: got expected q value for MIXTYPE0.field0 of 00000001
INFO: got expected q value for MIXTYPE0.field1 of 00000002
INFO: got expected q value for MIXTYPE0.field2 of 00000003
INFO: got expected q value for MIXTYPE0.field3 of 00000004
INFO: got expected q value for MIXTYPE0.field4 of 00000005
INFO: got expected q value for MIXTYPE0.field5 of 00000006
INFO: got expected q value for MIXTYPE0.field6 of 00000007
INFO: got expected q value for MIXTYPE0.field7 of 00000008
INFO: got expected rd value for MIXTYPE0 of 07654321
INFO: got expected rd value for MIXTYPE0 of 07654321
INFO: got expected q value for MIXTYPE0.field0 of 00000001
INFO: got expected q value for MIXTYPE0.field1 of 00000002
INFO: got expected q value for MIXTYPE0.field2 of 00000003
INFO: got expected q value for MIXTYPE0.field3 of 00000004
INFO: got expected q value for MIXTYPE0.field4 of 00000005
INFO: got expected q value for MIXTYPE0.field5 of 00000006
INFO: got expected q value for MIXTYPE0.field6 of 00000007
INFO: got expected q value for MIXTYPE0.field7 of 00000008
INFO: got expected q value for MIXTYPE0.field0 of 00000005
INFO: got expected q value for MIXTYPE0.field1 of 00000005
INFO: got expected q value for MIXTYPE0.field2 of 00000003
INFO: got expected q value for MIXTYPE0.field3 of 00000004
INFO: got expected q value for MIXTYPE0.field4 of 00000000
INFO: got expected q value for MIXTYPE0.field5 of 00000007
INFO: got expected q value for MIXTYPE0.field6 of 00000005
INFO: got expected q value for MIXTYPE0.field7 of 00000005
INFO: got expected rd value for MIXTYPE0 of 05704355
INFO: got expected rd value for MIXTYPE0 of 05704355
INFO: got expected q value for MIXTYPE0.field0 of 00000005
INFO: got expected q value for MIXTYPE0.field1 of 00000005
INFO: got expected q value for MIXTYPE0.field2 of 00000003
INFO: got expected q value for MIXTYPE0.field3 of 00000004
INFO: got expected q value for MIXTYPE0.field4 of 00000000
INFO: got expected q value for MIXTYPE0.field5 of 00000007
INFO: got expected q value for MIXTYPE0.field6 of 00000005
INFO: got expected q value for MIXTYPE0.field7 of 00000005
INFO: got expected q value for MIXTYPE0.field0 of 0000000a
INFO: got expected q value for MIXTYPE0.field1 of 0000000a
INFO: got expected q value for MIXTYPE0.field2 of 00000003
INFO: got expected q value for MIXTYPE0.field3 of 00000004
INFO: got expected q value for MIXTYPE0.field4 of 00000000
INFO: got expected q value for MIXTYPE0.field5 of 0000000f
INFO: got expected q value for MIXTYPE0.field6 of 0000000a
INFO: got expected q value for MIXTYPE0.field7 of 0000000a
INFO: got expected rd value for MIXTYPE0 of 0af043aa
INFO: got expected rd value for MIXTYPE0 of 0af043aa
INFO: got expected q value for MIXTYPE0.field0 of 0000000a
INFO: got expected q value for MIXTYPE0.field1 of 0000000a
INFO: got expected q value for MIXTYPE0.field2 of 00000003
INFO: got expected q value for MIXTYPE0.field3 of 00000004
INFO: got expected q value for MIXTYPE0.field4 of 00000000
INFO: got expected q value for MIXTYPE0.field5 of 0000000f
INFO: got expected q value for MIXTYPE0.field6 of 0000000a
INFO: got expected q value for MIXTYPE0.field7 of 0000000a
INFO: trying field[1] with c1a2ec31
INFO: got expected q value for MIXTYPE0.field0 of 0000000a
INFO: got expected q value for MIXTYPE0.field1 of 00000003
INFO: got expected q value for MIXTYPE0.field2 of 00000003
INFO: got expected q value for MIXTYPE0.field3 of 00000004
INFO: got expected q value for MIXTYPE0.field4 of 00000000
INFO: got expected q value for MIXTYPE0.field5 of 0000000f
INFO: got expected q value for MIXTYPE0.field6 of 0000000a
INFO: got expected q value for MIXTYPE0.field7 of 0000000a
INFO: got expected rd value for MIXTYPE0 of 0af0433a
INFO: got expected rd value for MIXTYPE0 of 0af0433a
INFO: got expected q value for MIXTYPE0.field0 of 0000000a
INFO: got expected q value for MIXTYPE0.field1 of 00000003
INFO: got expected q value for MIXTYPE0.field2 of 00000003
INFO: got expected q value for MIXTYPE0.field3 of 00000004
INFO: got expected q value for MIXTYPE0.field4 of 00000000
INFO: got expected q value for MIXTYPE0.field5 of 0000000f
INFO: got expected q value for MIXTYPE0.field6 of 0000000a
INFO: got expected q value for MIXTYPE0.field7 of 0000000a
INFO: trying field[3] with c1a2ec31
INFO: got expected q value for MIXTYPE0.field0 of 0000000a
INFO: got expected q value for MIXTYPE0.field1 of 00000003
INFO: got expected q value for MIXTYPE0.field2 of 00000003
INFO: got expected q value for MIXTYPE0.field3 of 0000000e
INFO: got expected q value for MIXTYPE0.field4 of 00000000
INFO: got expected q value for MIXTYPE0.field5 of 0000000f
INFO: got expected q value for MIXTYPE0.field6 of 0000000a
INFO: got expected q value for MIXTYPE0.field7 of 0000000a
INFO: got expected rd value for MIXTYPE0 of 0af0e33a
INFO: got expected rd value for MIXTYPE0 of 0af0e33a
INFO: got expected q value for MIXTYPE0.field0 of 0000000a
INFO: got expected q value for MIXTYPE0.field1 of 00000003
INFO: got expected q value for MIXTYPE0.field2 of 00000003
INFO: got expected q value for MIXTYPE0.field3 of 0000000e
INFO: got expected q value for MIXTYPE0.field4 of 00000000
INFO: got expected q value for MIXTYPE0.field5 of 0000000f
INFO: got expected q value for MIXTYPE0.field6 of 0000000a
INFO: got expected q value for MIXTYPE0.field7 of 0000000a
INFO: trying field[4] with c1a2ec31
INFO: got expected q value for MIXTYPE0.field0 of 0000000a
INFO: got expected q value for MIXTYPE0.field1 of 00000003
INFO: got expected q value for MIXTYPE0.field2 of 00000003
INFO: got expected q value for MIXTYPE0.field3 of 0000000e
INFO: got expected q value for MIXTYPE0.field4 of 00000002
INFO: got expected q value for MIXTYPE0.field5 of 0000000f
INFO: got expected q value for MIXTYPE0.field6 of 0000000a
INFO: got expected q value for MIXTYPE0.field7 of 0000000a
INFO: got expected rd value for MIXTYPE0 of 0af2e33a
INFO: got expected rd value for MIXTYPE0 of 0af2e33a
INFO: got expected q value for MIXTYPE0.field0 of 0000000a
INFO: got expected q value for MIXTYPE0.field1 of 00000003
INFO: got expected q value for MIXTYPE0.field2 of 00000003
INFO: got expected q value for MIXTYPE0.field3 of 0000000e
INFO: got expected q value for MIXTYPE0.field4 of 00000002
INFO: got expected q value for MIXTYPE0.field5 of 0000000f
INFO: got expected q value for MIXTYPE0.field6 of 0000000a
INFO: got expected q value for MIXTYPE0.field7 of 0000000a
INFO: trying field[5] with c1a2ec31
INFO: got expected q value for MIXTYPE0.field0 of 0000000a
INFO: got expected q value for MIXTYPE0.field1 of 00000003
INFO: got expected q value for MIXTYPE0.field2 of 00000003
INFO: got expected q value for MIXTYPE0.field3 of 0000000e
INFO: got expected q value for MIXTYPE0.field4 of 00000002
INFO: got expected q value for MIXTYPE0.field5 of 0000000a
INFO: got expected q value for MIXTYPE0.field6 of 0000000a
INFO: got expected q value for MIXTYPE0.field7 of 0000000a
INFO: got expected rd value for MIXTYPE0 of 0aa2e33a
INFO: got expected rd value for MIXTYPE0 of 0aa2e33a
INFO: got expected q value for MIXTYPE0.field0 of 0000000a
INFO: got expected q value for MIXTYPE0.field1 of 00000003
INFO: got expected q value for MIXTYPE0.field2 of 00000003
INFO: got expected q value for MIXTYPE0.field3 of 0000000e
INFO: got expected q value for MIXTYPE0.field4 of 00000002
INFO: got expected q value for MIXTYPE0.field5 of 0000000a
INFO: got expected q value for MIXTYPE0.field6 of 0000000a
INFO: got expected q value for MIXTYPE0.field7 of 0000000a
INFO: trying field[6] with c1a2ec31
INFO: got expected q value for MIXTYPE0.field0 of 0000000a
INFO: got expected q value for MIXTYPE0.field1 of 00000003
INFO: got expected q value for MIXTYPE0.field2 of 00000003
INFO: got expected q value for MIXTYPE0.field3 of 0000000e
INFO: got expected q value for MIXTYPE0.field4 of 00000002
INFO: got expected q value for MIXTYPE0.field5 of 0000000a
INFO: got expected q value for MIXTYPE0.field6 of 00000001
INFO: got expected q value for MIXTYPE0.field7 of 0000000a
INFO: got expected rd value for MIXTYPE0 of 01a2e33a
INFO: got expected rd value for MIXTYPE0 of 01a2e33a
INFO: got expected q value for MIXTYPE0.field0 of 0000000a
INFO: got expected q value for MIXTYPE0.field1 of 00000003
INFO: got expected q value for MIXTYPE0.field2 of 00000003
INFO: got expected q value for MIXTYPE0.field3 of 0000000e
INFO: got expected q value for MIXTYPE0.field4 of 00000002
INFO: got expected q value for MIXTYPE0.field5 of 0000000a
INFO: got expected q value for MIXTYPE0.field6 of 00000001
INFO: got expected q value for MIXTYPE0.field7 of 0000000a
INFO: trying field[1] with 791ce774
INFO: got expected q value for MIXTYPE0.field0 of 0000000a
INFO: got expected q value for MIXTYPE0.field1 of 00000007
INFO: got expected q value for MIXTYPE0.field2 of 00000003
INFO: got expected q value for MIXTYPE0.field3 of 0000000e
INFO: got expected q value for MIXTYPE0.field4 of 00000002
INFO: got expected q value for MIXTYPE0.field5 of 0000000a
INFO: got expected q value for MIXTYPE0.field6 of 00000001
INFO: got expected q value for MIXTYPE0.field7 of 0000000a
INFO: got expected rd value for MIXTYPE0 of 01a2e37a
INFO: got expected rd value for MIXTYPE0 of 01a2e37a
INFO: got expected q value for MIXTYPE0.field0 of 0000000a
INFO: got expected q value for MIXTYPE0.field1 of 00000007
INFO: got expected q value for MIXTYPE0.field2 of 00000003
INFO: got expected q value for MIXTYPE0.field3 of 0000000e
INFO: got expected q value for MIXTYPE0.field4 of 00000002
INFO: got expected q value for MIXTYPE0.field5 of 0000000a
INFO: got expected q value for MIXTYPE0.field6 of 00000001
INFO: got expected q value for MIXTYPE0.field7 of 0000000a
INFO: trying field[3] with 791ce774
INFO: got expected q value for MIXTYPE0.field0 of 0000000a
INFO: got expected q value for MIXTYPE0.field1 of 00000007
INFO: got expected q value for MIXTYPE0.field2 of 00000003
INFO: got expected q value for MIXTYPE0.field3 of 0000000e
INFO: got expected q value for MIXTYPE0.field4 of 00000002
INFO: got expected q value for MIXTYPE0.field5 of 0000000a
INFO: got expected q value for MIXTYPE0.field6 of 00000001
INFO: got expected q value for MIXTYPE0.field7 of 0000000a
INFO: got expected rd value for MIXTYPE0 of 01a2e37a
INFO: got expected rd value for MIXTYPE0 of 01a2e37a
INFO: got expected q value for MIXTYPE0.field0 of 0000000a
INFO: got expected q value for MIXTYPE0.field1 of 00000007
INFO: got expected q value for MIXTYPE0.field2 of 00000003
INFO: got expected q value for MIXTYPE0.field3 of 0000000e
INFO: got expected q value for MIXTYPE0.field4 of 00000002
INFO: got expected q value for MIXTYPE0.field5 of 0000000a
INFO: got expected q value for MIXTYPE0.field6 of 00000001
INFO: got expected q value for MIXTYPE0.field7 of 0000000a
INFO: trying field[4] with 791ce774
INFO: got expected q value for MIXTYPE0.field0 of 0000000a
INFO: got expected q value for MIXTYPE0.field1 of 00000007
INFO: got expected q value for MIXTYPE0.field2 of 00000003
INFO: got expected q value for MIXTYPE0.field3 of 0000000e
INFO: got expected q value for MIXTYPE0.field4 of 0000000c
INFO: got expected q value for MIXTYPE0.field5 of 0000000a
INFO: got expected q value for MIXTYPE0.field6 of 00000001
INFO: got expected q value for MIXTYPE0.field7 of 0000000a
INFO: got expected rd value for MIXTYPE0 of 01ace37a
INFO: got expected rd value for MIXTYPE0 of 01ace37a
INFO: got expected q value for MIXTYPE0.field0 of 0000000a
INFO: got expected q value for MIXTYPE0.field1 of 00000007
INFO: got expected q value for MIXTYPE0.field2 of 00000003
INFO: got expected q value for MIXTYPE0.field3 of 0000000e
INFO: got expected q value for MIXTYPE0.field4 of 0000000c
INFO: got expected q value for MIXTYPE0.field5 of 0000000a
INFO: got expected q value for MIXTYPE0.field6 of 00000001
INFO: got expected q value for MIXTYPE0.field7 of 0000000a
INFO: trying field[5] with 791ce774
INFO: got expected q value for MIXTYPE0.field0 of 0000000a
INFO: got expected q value for MIXTYPE0.field1 of 00000007
INFO: got expected q value for MIXTYPE0.field2 of 00000003
INFO: got expected q value for MIXTYPE0.field3 of 0000000e
INFO: got expected q value for MIXTYPE0.field4 of 0000000c
INFO: got expected q value for MIXTYPE0.field5 of 00000001
INFO: got expected q value for MIXTYPE0.field6 of 00000001
INFO: got expected q value for MIXTYPE0.field7 of 0000000a
INFO: got expected rd value for MIXTYPE0 of 011ce37a
INFO: got expected rd value for MIXTYPE0 of 011ce37a
INFO: got expected q value for MIXTYPE0.field0 of 0000000a
INFO: got expected q value for MIXTYPE0.field1 of 00000007
INFO: got expected q value for MIXTYPE0.field2 of 00000003
INFO: got expected q value for MIXTYPE0.field3 of 0000000e
INFO: got expected q value for MIXTYPE0.field4 of 0000000c
INFO: got expected q value for MIXTYPE0.field5 of 00000001
INFO: got expected q value for MIXTYPE0.field6 of 00000001
INFO: got expected q value for MIXTYPE0.field7 of 0000000a
INFO: trying field[6] with 791ce774
INFO: got expected q value for MIXTYPE0.field0 of 0000000a
INFO: got expected q value for MIXTYPE0.field1 of 00000007
INFO: got expected q value for MIXTYPE0.field2 of 00000003
INFO: got expected q value for MIXTYPE0.field3 of 0000000e
INFO: got expected q value for MIXTYPE0.field4 of 0000000c
INFO: got expected q value for MIXTYPE0.field5 of 00000001
INFO: got expected q value for MIXTYPE0.field6 of 00000009
INFO: got expected q value for MIXTYPE0.field7 of 0000000a
INFO: got expected rd value for MIXTYPE0 of 091ce37a
INFO: got expected rd value for MIXTYPE0 of 091ce37a
INFO: got expected q value for MIXTYPE0.field0 of 0000000a
INFO: got expected q value for MIXTYPE0.field1 of 00000007
INFO: got expected q value for MIXTYPE0.field2 of 00000003
INFO: got expected q value for MIXTYPE0.field3 of 0000000e
INFO: got expected q value for MIXTYPE0.field4 of 0000000c
INFO: got expected q value for MIXTYPE0.field5 of 00000001
INFO: got expected q value for MIXTYPE0.field6 of 00000009
INFO: got expected q value for MIXTYPE0.field7 of 0000000a
INFO: trying field collision with we 90a42bf1 de 0c3b0375
INFO: got expected q value for MIXTYPE0.field0 of 00000001
INFO: got expected q value for MIXTYPE0.field1 of 0000000f
INFO: got expected q value for MIXTYPE0.field2 of 00000003
INFO: got expected q value for MIXTYPE0.field3 of 00000000
INFO: got expected q value for MIXTYPE0.field4 of 0000000b
INFO: got expected q value for MIXTYPE0.field5 of 0000000b
INFO: got expected q value for MIXTYPE0.field6 of 00000000
INFO: got expected q value for MIXTYPE0.field7 of 00000009
INFO: got expected rd value for MIXTYPE0 of 00bb03f1
INFO: got expected rd value for MIXTYPE0 of 00bb03f1
INFO: got expected q value for MIXTYPE0.field0 of 00000001
INFO: got expected q value for MIXTYPE0.field1 of 0000000f
INFO: got expected q value for MIXTYPE0.field2 of 00000003
INFO: got expected q value for MIXTYPE0.field3 of 00000000
INFO: got expected q value for MIXTYPE0.field4 of 0000000b
INFO: got expected q value for MIXTYPE0.field5 of 0000000b
INFO: got expected q value for MIXTYPE0.field6 of 00000000
INFO: got expected q value for MIXTYPE0.field7 of 00000009
INFO: trying field collision with we 3de46228 de 3008730c
INFO: got expected q value for MIXTYPE0.field0 of 00000008
INFO: got expected q value for MIXTYPE0.field1 of 00000002
INFO: got expected q value for MIXTYPE0.field2 of 00000003
INFO: got expected q value for MIXTYPE0.field3 of 00000007
INFO: got expected q value for MIXTYPE0.field4 of 00000008
INFO: got expected q value for MIXTYPE0.field5 of 0000000e
INFO: got expected q value for MIXTYPE0.field6 of 0000000d
INFO: got expected q value for MIXTYPE0.field7 of 00000003
INFO: got expected rd value for MIXTYPE0 of 0de87328
INFO: got expected rd value for MIXTYPE0 of 0de87328
INFO: got expected q value for MIXTYPE0.field0 of 00000008
INFO: got expected q value for MIXTYPE0.field1 of 00000002
INFO: got expected q value for MIXTYPE0.field2 of 00000003
INFO: got expected q value for MIXTYPE0.field3 of 00000007
INFO: got expected q value for MIXTYPE0.field4 of 00000008
INFO: got expected q value for MIXTYPE0.field5 of 0000000e
INFO: got expected q value for MIXTYPE0.field6 of 0000000d
INFO: got expected q value for MIXTYPE0.field7 of 00000003
INFO: got expected rd value for RWTYPE5 of babababa
INFO: got expected q value for RWTYPE5 of babababa
INFO: got expected rd value for RWTYPE5 of babababa
INFO: got expected q value for RWTYPE5 of babababa
INFO: got expected rd value for RWTYPE5 of deadbeef
INFO: got expected q value for RWTYPE5 of deadbeef
INFO: got expected rd value for RWTYPE5 of deadbeef
INFO: got expected q value for RWTYPE5 of deadbeef
INFO: got expected hwqe captured value for RWTYPE5 of deadbeef
INFO: got expected rd value for RWTYPE5 of 21524110
INFO: got expected q value for RWTYPE5 of 21524110
INFO: got expected rd value for RWTYPE5 of 21524110
INFO: got expected q value for RWTYPE5 of 21524110
INFO: got expected hwqe captured value for RWTYPE5 of 21524110
INFO: got expected rd value for RWTYPE5 of dd36357f
INFO: got expected q value for RWTYPE5 of dd36357f
INFO: got expected rd value for RWTYPE5 of dd36357f
INFO: got expected q value for RWTYPE5 of dd36357f
INFO: got expected hwqe captured value for RWTYPE5 of dd36357f
INFO: got expected rd value for RWTYPE5 of 22c9ca80
INFO: got expected q value for RWTYPE5 of 22c9ca80
INFO: got expected rd value for RWTYPE5 of 22c9ca80
INFO: got expected q value for RWTYPE5 of 22c9ca80
INFO: got expected hwqe captured value for RWTYPE5 of 22c9ca80
INFO: got expected rd value for RWTYPE5 of aaaaaaaa
INFO: got expected q value for RWTYPE5 of aaaaaaaa
INFO: got expected rd value for RWTYPE5 of aaaaaaaa
INFO: got expected q value for RWTYPE5 of aaaaaaaa
INFO: got expected hwqe captured value for RWTYPE5 of aaaaaaaa
INFO: got expected rd value for RWTYPE6 of c8c8c8c8
INFO: got expected rd value for RWTYPE6 of c8c8c8c8
INFO: got expected rd value for RWTYPE6 of deadbeef
INFO: got expected rd value for RWTYPE6 of deadbeef
INFO: got expected hwqe captured value for RWTYPE6 of deadbeef
INFO: got expected rd value for RWTYPE6 of 21524110
INFO: got expected rd value for RWTYPE6 of 21524110
INFO: got expected hwqe captured value for RWTYPE6 of 21524110
INFO: got expected rd value for ROTYPE1 of 66aa66aa
INFO: got expected rd value for ROTYPE1 of 66aa66aa
INFO: got expected rd value for ROTYPE1 of 66aa66aa
INFO: got expected rd value for ROTYPE1 of 66aa66aa
INFO: got expected hwqe captured value for ROTYPE1 of 66aa66aa
INFO: got expected rd value for ROTYPE1 of 66aa66aa
INFO: got expected rd value for ROTYPE1 of 66aa66aa
INFO: got expected hwqe captured value for ROTYPE1 of 66aa66aa
INFO: got expected rd value for ROTYPE1 of 66778899
INFO: got expected rd value for ROTYPE1 of 66778899
INFO: got expected hwqe captured value for ROTYPE1 of 66778899
INFO: got expected rd value for ROTYPE1 of 99887766
INFO: got expected rd value for ROTYPE1 of 99887766
INFO: got expected hwqe captured value for ROTYPE1 of 99887766
INFO: got expected rd value for ROTYPE2 of 9b908a79
INFO: got expected rd value for ROTYPE2 of 9b908a79
INFO: got expected rd value for ROTYPE2 of 9b908a79
INFO: got expected rd value for ROTYPE2 of 9b908a79
INFO: got expected rd value for ROTYPE2 of 9b908a79
INFO: got expected rd value for ROTYPE2 of 9b908a79
INFO: got expected rd value for RWTYPE7 of f6f6f6f6
INFO: got expected rd value for RWTYPE7 of f6f6f6f6
INFO: got expected rd value for RWTYPE7 of deadbeef
INFO: got expected rd value for RWTYPE7 of deadbeef
INFO: got expected rd value for RWTYPE7 of 21524110
INFO: got expected rd value for RWTYPE7 of 21524110
INFO: test completed with           0 errors

TEST PASSED CHECKS
 _____         _                                  _ _ 
|_   _|__  ___| |_   _ __   __ _ ___ ___  ___  __| | |
  | |/ _ \/ __| __| | '_ \ / _` / __/ __|/ _ \/ _` | |
  | |  __/\__ \ |_  | |_) | (_| \__ \__ \  __/ (_| |_|
  |_|\___||___/\__| | .__/ \__,_|___/___/\___|\__,_(_)
                    |_|                               

../src/lowrisc_ip_trial1_sim_0.1/dv/tb.sv:28: $finish called at 100035000 (1ps)
