UVM_INFO /Users/danielellerbrock/projects/iverilog_uvm/iverilog-uvm-campaign-20260908/third_party/uvm-releases/sources/1.2/uvm-1.2/src/base/uvm_root.svh(392) @ 0: reporter [UVM/RELNOTES] 
----------------------------------------------------------------
UVM-1.2
(C) 2007-2014 Mentor Graphics Corporation
(C) 2007-2014 Cadence Design Systems, Inc.
(C) 2006-2014 Synopsys, Inc.
(C) 2011-2013 Cypress Semiconductor Corp.
(C) 2013-2014 NVIDIA Corporation
----------------------------------------------------------------

  ***********       IMPORTANT RELEASE NOTES         ************

  You are using a version of the UVM library that has been compiled
  with `UVM_OBJECT_DO_NOT_NEED_CONSTRUCTOR undefined.
  See http://www.eda.org/svdb/view.php?id=3770 for more details.

      (Specify +UVM_NO_RELNOTES to turn off this notice)

/////////////////////
// SPI Flash Model //
/////////////////////

Configurations:
  JEDEC ID:  ID(0x1f) CC_NUM ( 7)
  Capacity:  1MB
  Fast Read: Enabled/ Dummy Cycle (8)
  Dual Mode: Enabled/ Dummy Cycle (4)
  Quad Mode: Enabled/ Dummy Cycle (3)
Intializing SPI_DEVICE: PassThrough mode
Status Received: 00
Received Status: 00h
SPIFlash: Command(06h) received
Status Received: 02
Received Status: 02h
SPIFlash: Command(06h) received
Status Received: 02
Received Status: 02h
SPIFlash: Command(06h) received
Status Received: 02
Received Status: 02h
SPIFlash: Command(04h) received
Status Received: 00
Received Status: 00h
SPIFlash: Command(06h) received
Status Received: 02
Received Status: 02h
SPIFlash: Command(04h) received
Status Received: 00
Received Status: 00h
SPIFlash: Command(06h) received
Status Received: 02
Received Status: 02h
SPIFlash: Command(06h) received
Status Received: 02
Received Status: 02h
SPIFlash: Command(04h) received
Status Received: 00
Received Status: 00h
SPIFlash: Command(04h) received
TEST PASSED CHECKS
../src/lowrisc_dv_spid_passthrough_sim_0.1/program/prog_passthrough_host.sv:114: $finish called at 9502830 (1ps)
