../src/lowrisc_dv_dv_utils_0/dv_utils_pkg.sv:205: Warning: Calling system function $system() as a task.
../src/lowrisc_dv_dv_utils_0/dv_utils_pkg.sv:205:          The functions return value will be ignored.
runtime error: %wait/vif/posedge attempted to use a null or non-virtual interface; a virtual interface must be initialized before referencing one of its components.
UVM_INFO @ 0 ps: reporter [RNTST] Running test csrng_smoke_test...
UVM_INFO @         0 ps: (csrng_smoke_test.sv:18) uvm_test_top [uvm_test_top] 

	 |**************** csrng_env_cfg *************************| 	
	 |***** otp_en_cs_sw_app_read           :       'h96 *****| 	
	 |***** lc_hw_debug_en                  :       'h05 *****| 	
	 |***** enable                          :  MuBi4True *****| 	
	 |***** sw_app_enable                   : MuBi4False *****| 	
	 |***** read_int_state                  :  MuBi4True *****| 	
	 |***** regwen                          :          1 *****| 	
	 |***** check_int_state                 :          1 *****| 	
	 |***** int_state_read_enable           :        'h7 *****| 	
	 |***** int_state_read_enable_regwen    :          0 *****| 	
	 |***** fips_force_enable               :          9 *****| 	
	 |---------------- knobs ---------------------------------| 	
	 |***** otp_en_cs_sw_app_read_pct       :         80 *****| 	
	 |***** otp_en_cs_sw_app_read_inval_pct :         80 *****| 	
	 |***** lc_hw_debug_en_pct              :         50 *****| 	
	 |***** enable_pct                      :        100 *****| 	
	 |***** sw_app_enable_pct               :         90 *****| 	
	 |***** read_int_state_pct              :         95 *****| 	
	 |***** regwen_pct                      :        100 *****| 	
	 |***** check_int_state_pct             :        100 *****| 	
	 |***** int_state_read_enable_pct       :         95 *****| 	
	 |***** int_state_read_enable_regwen_pct:         50 *****| 	
	 |***** fips_force_enable_pct           :         50 *****| 	
	 |***** num_cmds_min                    :          0 *****| 	
	 |***** num_cmds_max                    :          0 *****| 	
	 |***** min_aes_halt_clks               :          0 *****| 	
	 |***** max_aes_halt_clks               :          0 *****| 	
	 |********************************************************| 	

UVM_ERROR @         0 ps: (tlul_assert.sv:301) [ASSERT FAILED] noOutstandingReqsAtEndOfSim_A
UVM_INFO @         0 ps: (uvm_report_catcher.svh:705) [UVM/REPORT/CATCHER] 
--- UVM Report catcher Summary ---


Number of demoted UVM_FATAL reports  :    0
Number of demoted UVM_ERROR reports  :    0
Number of demoted UVM_WARNING reports:    0
Number of caught UVM_FATAL reports   :    0
Number of caught UVM_ERROR reports   :    0
Number of caught UVM_WARNING reports :    0

UVM_INFO @         0 ps: (uvm_report_server.svh:847) [UVM/REPORT/SERVER] 
--- UVM Report Summary ---

Quit count reached!
Quit count :     1 of     1
** Report counts by severity
UVM_INFO :    3
UVM_WARNING :    0
UVM_ERROR :    1
UVM_FATAL :    0
** Report counts by id
[ASSERT FAILED]     1
[RNTST]     1
[UVM/REPORT/CATCHER]     1
[uvm_test_top]     1


TEST FAILED CHECKS
 _____         _      __       _ _          _ _ 
|_   _|__  ___| |_   / _| __ _(_) | ___  __| | |
  | |/ _ \/ __| __| | |_ / _` | | |/ _ \/ _` | |
  | |  __/\__ \ |_  |  _| (_| | | |  __/ (_| |_|
  |_|\___||___/\__| |_|  \__,_|_|_|\___|\__,_(_)

/Users/danielellerbrock/projects/iverilog_uvm/iverilog-uvm-campaign-20260908/third_party/uvm-releases/sources/1.2/uvm-1.2/src/base/uvm_root.svh:135: $finish called at 0 (1ps)
