../src/lowrisc_dv_dv_utils_0/dv_utils_pkg.sv:205: Warning: Calling system function $system() as a task.
../src/lowrisc_dv_dv_utils_0/dv_utils_pkg.sv:205:          The functions return value will be ignored.
tb.dut.u_otp_ctrl_lfsr_timer.u_prim_double_lfsr.gen_double_lfsr[0].u_prim_lfsr.p_randomize_default_seed: DefaultSeed = 0x453d28ea98, DefaultSeedLocal = 0xd1bb3b6c98
tb.dut.u_otp_ctrl_lfsr_timer.u_prim_double_lfsr.gen_double_lfsr[1].u_prim_lfsr.p_randomize_default_seed: DefaultSeed = 0x453d28ea98, DefaultSeedLocal = 0xc890a3bd43
tb.dut.u_otp_ctrl_lfsr_timer.u_prim_double_lfsr.p_sync_lfsr_default_seed: Updated gen_double_lfsr[1].u_prim_lfsr.DefaultSeedLocal = 0xd1bb3b6c98
UVM_INFO @ 0 ps: reporter [RNTST] Running test  (via factory override for test "otp_ctrl_base_test")...
UVM_FATAL @         0 ps: (dv_base_seq.sv:10) uvm_test_top.env.m_edn_pull_agent[0].sequencer [DCLPSQ] dv_lib_pkg::_ivl_86.m_set_p_sequencer uvm_test_top.env.m_edn_pull_agent[0].sequencer.<unknown> Error casting p_sequencer, please verify that this sequence/sequence item is intended to execute on this type of sequencer
UVM_INFO @         0 ps: (uvm_report_catcher.svh:705) [UVM/REPORT/CATCHER] 
--- UVM Report catcher Summary ---


Number of demoted UVM_FATAL reports  :    0
Number of demoted UVM_ERROR reports  :    0
Number of demoted UVM_WARNING reports:    0
Number of caught UVM_FATAL reports   :    0
Number of caught UVM_ERROR reports   :    0
Number of caught UVM_WARNING reports :    0

UVM_INFO @         0 ps: (uvm_report_server.svh:847) [UVM/REPORT/SERVER] 
--- UVM Report Summary ---

Quit count :     0 of     1
** Report counts by severity
UVM_INFO :    2
UVM_WARNING :    0
UVM_ERROR :    0
UVM_FATAL :    1
** Report counts by id
[DCLPSQ]     1
[RNTST]     1
[UVM/REPORT/CATCHER]     1


TEST FAILED CHECKS
 _____         _      __       _ _          _ _ 
|_   _|__  ___| |_   / _| __ _(_) | ___  __| | |
  | |/ _ \/ __| __| | |_ / _` | | |/ _ \/ _` | |
  | |  __/\__ \ |_  |  _| (_| | | |  __/ (_| |_|
  |_|\___||___/\__| |_|  \__,_|_|_|\___|\__,_(_)

/Users/danielellerbrock/projects/iverilog_uvm/iverilog-uvm-campaign-20260908/third_party/uvm-releases/sources/1.2/uvm-1.2/src/base/uvm_root.svh:135: $finish called at 0 (1ps)
UVM_ERROR @         0 ps: (tlul_assert.sv:301) [ASSERT FAILED] noOutstandingReqsAtEndOfSim_A
UVM_INFO @         0 ps: (uvm_report_catcher.svh:705) [UVM/REPORT/CATCHER] 
--- UVM Report catcher Summary ---


Number of demoted UVM_FATAL reports  :    0
Number of demoted UVM_ERROR reports  :    0
Number of demoted UVM_WARNING reports:    0
Number of caught UVM_FATAL reports   :    0
Number of caught UVM_ERROR reports   :    0
Number of caught UVM_WARNING reports :    0

UVM_INFO @         0 ps: (uvm_report_server.svh:847) [UVM/REPORT/SERVER] 
--- UVM Report Summary ---

Quit count reached!
Quit count :     1 of     1
** Report counts by severity
UVM_INFO :    4
UVM_WARNING :    0
UVM_ERROR :    1
UVM_FATAL :    1
** Report counts by id
[ASSERT FAILED]     1
[DCLPSQ]     1
[RNTST]     1
[UVM/REPORT/CATCHER]     2
[UVM/REPORT/SERVER]     1

FATAL: ../src/lowrisc_dv_dv_test_status_0/dv_test_status_pkg.sv:16: prim_util_pkg::end_of_simulation was already signaled!
       Time: 0  Scope: dv_test_status_pkg::dv_test_status
