OpenTitan UVM runtime
command: /private/tmp/current-tools/bin/vvp -n /private/tmp/pi/spi-device-current-image-long-20261002/build/runtime/lowrisc_dv_spi_device_sim_0.1/matrix-runtime.vvp +UVM_NO_RELNOTES +UVM_VERBOSITY=UVM_LOW +cdc_instrumentation_enabled=1 +smoke_test=1 +UVM_TESTNAME=spi_device_base_test +UVM_TEST_SEQ=spi_device_flash_mode_vseq
returncode: 0
duration_seconds: 584.430

UVM_INFO @ 0 ps: reporter [RNTST] Running test spi_device_base_test...
SRAM ingress start = 0x1bb59e00
UVM_INFO @   1482703 ps: (spi_device_base_vseq.sv:127) uvm_test_top.env.virtual_sequencer [uvm_test_top.env.virtual_sequencer.spi_device_flash_mode_vseq] [PRE_START] - Test will run: num_trans = 10
UVM_INFO @ 2648722703 ps: (uvm_report_catcher.svh:705) [UVM/REPORT/CATCHER] 
--- UVM Report catcher Summary ---


Number of demoted UVM_FATAL reports  :    0
Number of demoted UVM_ERROR reports  :    0
Number of demoted UVM_WARNING reports:    0
Number of caught UVM_FATAL reports   :    0
Number of caught UVM_ERROR reports   :    0
Number of caught UVM_WARNING reports :    0

UVM_INFO @ 2648722703 ps: (uvm_report_server.svh:847) [UVM/REPORT/SERVER] 
--- UVM Report Summary ---

Quit count :     0 of    50
** Report counts by severity
UVM_INFO :    3
UVM_WARNING :    0
UVM_ERROR :    0
UVM_FATAL :    0
** Report counts by id
[RNTST]     1
[UVM/REPORT/CATCHER]     1
[uvm_test_top.env.virtual_sequencer.spi_device_flash_mode_vseq]     1


TEST PASSED CHECKS
 _____         _                                  _ _ 
|_   _|__  ___| |_   _ __   __ _ ___ ___  ___  __| | |
  | |/ _ \/ __| __| | '_ \ / _` / __/ __|/ _ \/ _` | |
  | |  __/\__ \ |_  | |_) | (_| \__ \__ \  __/ (_| |_|
  |_|\___||___/\__| | .__/ \__,_|___/___/\___|\__,_(_)
                    |_|                               

/Users/danielellerbrock/projects/iverilog_uvm/iverilog-uvm-campaign-20260908/third_party/uvm-releases/sources/1.2/uvm-1.2/src/base/uvm_root.svh:517: $finish called at 2648722703 (1ps)
