OpenTitan FuseSoC setup
command: /Users/danielellerbrock/projects/iverilog_uvm/evidence/arm64-tooling/opentitan-python313/bin/fusesoc --cores-root=/private/tmp/ot-corpus-current-chip-qualified-20261002/source run --target=sim --tool=icarus --setup --build-root=/private/tmp/pi/otp-cover-literal-offsets-no-cap/runtime/lowrisc_dv_otp_ctrl_sim_0.1 --flag=fileset_ip lowrisc:dv:otp_ctrl_sim:0.1
returncode: 0
duration_seconds: 2.256

INFO: Preparing lowrisc:constants:top_pkg:0
INFO: Preparing lowrisc:dv:crypto_dpi_present:0.1
INFO: Preparing lowrisc:dv:crypto_prince_ref:0.1
INFO: Preparing lowrisc:dv:digestpp_dpi:0.1
INFO: Preparing lowrisc:dv:dv_fcov_macros:0
INFO: Preparing lowrisc:dv:dv_macros:0
INFO: Preparing lowrisc:dv:pins_if:0
INFO: Preparing lowrisc:dv:ralgen:0
INFO: Preparing lowrisc:dv:rst_shadowed_if:0
INFO: Preparing lowrisc:fpv:csr_assert_gen_script:0
INFO: Preparing lowrisc:ip:entropy_src_pkg:0.1
INFO: Preparing lowrisc:ip:jtag_pkg:0.1
INFO: Preparing lowrisc:prim:assert:0.1
INFO: Preparing lowrisc:prim:cipher_pkg:0.1
INFO: Preparing lowrisc:prim:pad_wrapper_pkg:0
INFO: Preparing lowrisc:prim:primgen:0.1
INFO: Preparing lowrisc:prim:ram_1p_pkg:0
INFO: Preparing lowrisc:prim:secded:0.1
INFO: Preparing lowrisc:prim:sha2_pkg:0
INFO: Preparing lowrisc:dv:common_ifs:0
INFO: Preparing lowrisc:dv:crypto_dpi_prince:0.1
INFO: Preparing lowrisc:dv:str_utils:0
INFO: Preparing lowrisc:fpv:csr_assert_gen:0
INFO: Preparing lowrisc:opentitan:bus_params_pkg:0
INFO: Preparing lowrisc:prim:arbiter:0
INFO: Preparing lowrisc:prim:cdc_rand_delay:0
INFO: Preparing lowrisc:prim:cipher:0
INFO: Preparing lowrisc:prim:count:0
INFO: Preparing lowrisc:prim:lfsr:0.1
INFO: Preparing lowrisc:prim:prim_dom_and_2share:0.1
INFO: Preparing lowrisc:prim:prim_pkg:0.1
INFO: Preparing lowrisc:prim:sec_anchor:0.1
INFO: Preparing lowrisc:prim:sha2:0
INFO: Preparing lowrisc:prim:sparse_fsm:0
INFO: Preparing lowrisc:prim:util:0.1
INFO: Preparing lowrisc:dv:dv_test_status:0
INFO: Preparing lowrisc:dv:mem_model:0
INFO: Preparing lowrisc:ip:lc_ctrl_state_pkg:0.1
INFO: Preparing lowrisc:prim:and2:0
INFO: Preparing lowrisc:prim:buf:0
INFO: Preparing lowrisc:prim:clock_gating:0
INFO: Preparing lowrisc:prim:clock_inv:0
INFO: Preparing lowrisc:prim:clock_mux2:0
INFO: Preparing lowrisc:prim:flop:0
INFO: Preparing lowrisc:prim:flop_en:0
INFO: Preparing lowrisc:prim:onehot_check:0
INFO: Preparing lowrisc:prim:pad_wrapper:0
INFO: Preparing lowrisc:prim:ram_1p:0
INFO: Preparing lowrisc:prim:xnor2:0
INFO: Preparing lowrisc:prim:xor2:0
INFO: Preparing lowrisc:dv:dv_utils:0
INFO: Preparing lowrisc:prim:blanker:0
INFO: Preparing lowrisc:prim:double_lfsr:0
INFO: Preparing lowrisc:prim:flop_2sync:0
INFO: Preparing lowrisc:prim:mubi:0.1
INFO: Preparing lowrisc:prim:otp:0
INFO: Preparing lowrisc:prim:reg_we_check:0
INFO: Preparing lowrisc:dv:dv_base_reg:0
INFO: Preparing lowrisc:prim:diff_decode:0
INFO: Preparing lowrisc:prim:fifo:0
INFO: Preparing lowrisc:prim:rst_sync:0
INFO: Preparing lowrisc:prim:subreg:0
INFO: Preparing lowrisc:tlul:headers:0.1
INFO: Preparing lowrisc:dv:csr_utils:0
INFO: Preparing lowrisc:dv:otp_ctrl_sva:0.1
INFO: Preparing lowrisc:ip:lc_ctrl_pkg:0.1
INFO: Preparing lowrisc:opentitan:top_earlgrey_flash_ctrl_reg:0.1
INFO: Preparing lowrisc:prim:esc:0
INFO: Preparing lowrisc:tlul:trans_intg:0.1
INFO: Preparing lowrisc:dv:dv_lib:0
INFO: Preparing lowrisc:ip:csrng_pkg:0.1
INFO: Preparing lowrisc:ip:otp_ctrl_pkg:1.0
INFO: Preparing lowrisc:prim:alert:0
INFO: Preparing lowrisc:prim:lc_sender:0.1
INFO: Preparing lowrisc:prim:lc_sync:0.1
INFO: Preparing lowrisc:systems:ast_pkg:0
INFO: Preparing lowrisc:tlul:common:0.1
INFO: Preparing lowrisc:dv:push_pull_agent:0.1
INFO: Preparing lowrisc:dv:sec_cm:0
INFO: Preparing lowrisc:dv:tl_agent:0
INFO: Preparing lowrisc:ip:edn_pkg:0.1
INFO: Preparing lowrisc:prim:all:0.1
INFO: Preparing lowrisc:tlul:adapter_reg:0.1
INFO: Preparing lowrisc:tlul:adapter_sram:0.1
INFO: Preparing lowrisc:tlul:lc_gate:0.1
INFO: Preparing lowrisc:tlul:socket_1n:0.1
INFO: Preparing lowrisc:tlul:socket_m1:0.1
INFO: Preparing lowrisc:tlul:sram2tlul:0.1
INFO: Preparing lowrisc:dv:alert_esc_agent:0
INFO: Preparing lowrisc:ip:tlul:0.1
INFO: Preparing lowrisc:prim:edn_req:0.1
INFO: Preparing lowrisc:dv:cip_lib:0
INFO: Preparing lowrisc:ip:sha3:0.1
INFO: Preparing lowrisc:opentitan:top_earlgrey_pwrmgr_reg:0.1
INFO: Preparing lowrisc:dv:lc_ctrl_dv_utils:0.1
INFO: Preparing lowrisc:ip:kmac_pkg:0.1
INFO: Preparing lowrisc:opentitan:top_earlgrey_pwrmgr_pkg:0.1
INFO: Preparing lowrisc:ip:otp_ctrl:1.0
INFO: Preparing lowrisc:opentitan:top_earlgrey_flash_ctrl_pkg:0.1
INFO: Preparing lowrisc:dv:mem_bkdr_util:0
INFO: Preparing lowrisc:dv:otp_ctrl_cov:0
INFO: Preparing lowrisc:dv:otp_ctrl_env:0.1
INFO: Preparing lowrisc:dv:otp_ctrl_test:0.1
INFO: Preparing lowrisc:dv:otp_ctrl_sim:0.1
INFO: Generating lowrisc:prim:prim_pkg-impl:0.1
Creating prim_pkg.sv
Core file written to prim_pkg.core.
INFO: Generating lowrisc:prim:and2-impl:0
Implementations for primitive and2: xilinx, xilinx_ultrascale, generic
Inspecting generic module /private/tmp/ot-corpus-current-chip-qualified-20261002/source/hw/ip/prim_generic/rtl/prim_generic_and2.sv
[Errno 2] No such file or directory: 'verible-verilog-syntax'
Verible parser failed, using regex fallback instead.
Creating SystemVerilog module for abstract primitive
Abstract primitive written to /private/var/folders/kt/49lpgwld33s6v4r2xn718tkh0000gn/T/lowrisc_prim_and2-impl_0c5m4r9gb/prim_and2.sv
Creating core file for primitive and2.
Core file written to /private/var/folders/kt/49lpgwld33s6v4r2xn718tkh0000gn/T/lowrisc_prim_and2-impl_0c5m4r9gb/prim_and2.core
INFO: Generating lowrisc:prim:buf-impl:0
Implementations for primitive buf: xilinx_ultrascale, xilinx, generic
Inspecting generic module /private/tmp/ot-corpus-current-chip-qualified-20261002/source/hw/ip/prim_generic/rtl/prim_generic_buf.sv
[Errno 2] No such file or directory: 'verible-verilog-syntax'
Verible parser failed, using regex fallback instead.
Creating SystemVerilog module for abstract primitive
Abstract primitive written to /private/var/folders/kt/49lpgwld33s6v4r2xn718tkh0000gn/T/lowrisc_prim_buf-impl_0duw75z12/prim_buf.sv
Creating core file for primitive buf.
Core file written to /private/var/folders/kt/49lpgwld33s6v4r2xn718tkh0000gn/T/lowrisc_prim_buf-impl_0duw75z12/prim_buf.core
INFO: Generating lowrisc:prim:clock_gating-impl:0
Implementations for primitive clock_gating: generic, xilinx_ultrascale, xilinx
Inspecting generic module /private/tmp/ot-corpus-current-chip-qualified-20261002/source/hw/ip/prim_generic/rtl/prim_generic_clock_gating.sv
[Errno 2] No such file or directory: 'verible-verilog-syntax'
Verible parser failed, using regex fallback instead.
Creating SystemVerilog module for abstract primitive
Abstract primitive written to /private/var/folders/kt/49lpgwld33s6v4r2xn718tkh0000gn/T/lowrisc_prim_clock_gating-impl_0jjdvc6zp/prim_clock_gating.sv
Creating core file for primitive clock_gating.
Core file written to /private/var/folders/kt/49lpgwld33s6v4r2xn718tkh0000gn/T/lowrisc_prim_clock_gating-impl_0jjdvc6zp/prim_clock_gating.core
INFO: Generating lowrisc:prim:clock_inv-impl:0
Implementations for primitive clock_inv: xilinx_ultrascale, generic
Inspecting generic module /private/tmp/ot-corpus-current-chip-qualified-20261002/source/hw/ip/prim_generic/rtl/prim_generic_clock_inv.sv
[Errno 2] No such file or directory: 'verible-verilog-syntax'
Verible parser failed, using regex fallback instead.
Creating SystemVerilog module for abstract primitive
Abstract primitive written to /private/var/folders/kt/49lpgwld33s6v4r2xn718tkh0000gn/T/lowrisc_prim_clock_inv-impl_0les_lip9/prim_clock_inv.sv
Creating core file for primitive clock_inv.
Core file written to /private/var/folders/kt/49lpgwld33s6v4r2xn718tkh0000gn/T/lowrisc_prim_clock_inv-impl_0les_lip9/prim_clock_inv.core
INFO: Generating lowrisc:prim:clock_mux2-impl:0
Implementations for primitive clock_mux2: generic, xilinx, xilinx_ultrascale
Inspecting generic module /private/tmp/ot-corpus-current-chip-qualified-20261002/source/hw/ip/prim_generic/rtl/prim_generic_clock_mux2.sv
[Errno 2] No such file or directory: 'verible-verilog-syntax'
Verible parser failed, using regex fallback instead.
Creating SystemVerilog module for abstract primitive
Abstract primitive written to /private/var/folders/kt/49lpgwld33s6v4r2xn718tkh0000gn/T/lowrisc_prim_clock_mux2-impl_00hf08hy7/prim_clock_mux2.sv
Creating core file for primitive clock_mux2.
Core file written to /private/var/folders/kt/49lpgwld33s6v4r2xn718tkh0000gn/T/lowrisc_prim_clock_mux2-impl_00hf08hy7/prim_clock_mux2.core
INFO: Generating lowrisc:prim:flop-impl:0
Implementations for primitive flop: generic, xilinx, xilinx_ultrascale
Inspecting generic module /private/tmp/ot-corpus-current-chip-qualified-20261002/source/hw/ip/prim_generic/rtl/prim_generic_flop.sv
[Errno 2] No such file or directory: 'verible-verilog-syntax'
Verible parser failed, using regex fallback instead.
Creating SystemVerilog module for abstract primitive
Abstract primitive written to /private/var/folders/kt/49lpgwld33s6v4r2xn718tkh0000gn/T/lowrisc_prim_flop-impl_0ps1ahjg5/prim_flop.sv
Creating core file for primitive flop.
Core file written to /private/var/folders/kt/49lpgwld33s6v4r2xn718tkh0000gn/T/lowrisc_prim_flop-impl_0ps1ahjg5/prim_flop.core
INFO: Generating lowrisc:prim:flop_en-impl:0
Implementations for primitive flop_en: xilinx_ultrascale, xilinx, generic
Inspecting generic module /private/tmp/ot-corpus-current-chip-qualified-20261002/source/hw/ip/prim_generic/rtl/prim_generic_flop_en.sv
[Errno 2] No such file or directory: 'verible-verilog-syntax'
Verible parser failed, using regex fallback instead.
Creating SystemVerilog module for abstract primitive
Abstract primitive written to /private/var/folders/kt/49lpgwld33s6v4r2xn718tkh0000gn/T/lowrisc_prim_flop_en-impl_0tf9jgklp/prim_flop_en.sv
Creating core file for primitive flop_en.
Core file written to /private/var/folders/kt/49lpgwld33s6v4r2xn718tkh0000gn/T/lowrisc_prim_flop_en-impl_0tf9jgklp/prim_flop_en.core
INFO: Generating lowrisc:prim:pad_wrapper-impl:0
Implementations for primitive pad_wrapper: xilinx_ultrascale, generic, xilinx
Inspecting generic module /private/tmp/ot-corpus-current-chip-qualified-20261002/source/hw/ip/prim_generic/rtl/prim_generic_pad_wrapper.sv
[Errno 2] No such file or directory: 'verible-verilog-syntax'
Verible parser failed, using regex fallback instead.
Creating SystemVerilog module for abstract primitive
Abstract primitive written to /private/var/folders/kt/49lpgwld33s6v4r2xn718tkh0000gn/T/lowrisc_prim_pad_wrapper-impl_0482n9zql/prim_pad_wrapper.sv
Creating core file for primitive pad_wrapper.
Core file written to /private/var/folders/kt/49lpgwld33s6v4r2xn718tkh0000gn/T/lowrisc_prim_pad_wrapper-impl_0482n9zql/prim_pad_wrapper.core
INFO: Generating lowrisc:prim:ram_1p-impl:0
Implementations for primitive ram_1p: badbit, generic
Inspecting generic module /private/tmp/ot-corpus-current-chip-qualified-20261002/source/hw/ip/prim_generic/rtl/prim_generic_ram_1p.sv
[Errno 2] No such file or directory: 'verible-verilog-syntax'
Verible parser failed, using regex fallback instead.
Creating SystemVerilog module for abstract primitive
Abstract primitive written to /private/var/folders/kt/49lpgwld33s6v4r2xn718tkh0000gn/T/lowrisc_prim_ram_1p-impl_0lqnjy49f/prim_ram_1p.sv
Creating core file for primitive ram_1p.
Core file written to /private/var/folders/kt/49lpgwld33s6v4r2xn718tkh0000gn/T/lowrisc_prim_ram_1p-impl_0lqnjy49f/prim_ram_1p.core
INFO: Generating lowrisc:prim:xnor2-impl:0
Implementations for primitive xnor2: generic
Inspecting generic module /private/tmp/ot-corpus-current-chip-qualified-20261002/source/hw/ip/prim_generic/rtl/prim_generic_xnor2.sv
[Errno 2] No such file or directory: 'verible-verilog-syntax'
Verible parser failed, using regex fallback instead.
Creating SystemVerilog module for abstract primitive
Abstract primitive written to /private/var/folders/kt/49lpgwld33s6v4r2xn718tkh0000gn/T/lowrisc_prim_xnor2-impl_0sg7jvn4f/prim_xnor2.sv
Creating core file for primitive xnor2.
Core file written to /private/var/folders/kt/49lpgwld33s6v4r2xn718tkh0000gn/T/lowrisc_prim_xnor2-impl_0sg7jvn4f/prim_xnor2.core
INFO: Generating lowrisc:prim:xor2-impl:0
Implementations for primitive xor2: xilinx_ultrascale, xilinx, generic
Inspecting generic module /private/tmp/ot-corpus-current-chip-qualified-20261002/source/hw/ip/prim_generic/rtl/prim_generic_xor2.sv
[Errno 2] No such file or directory: 'verible-verilog-syntax'
Verible parser failed, using regex fallback instead.
Creating SystemVerilog module for abstract primitive
Abstract primitive written to /private/var/folders/kt/49lpgwld33s6v4r2xn718tkh0000gn/T/lowrisc_prim_xor2-impl_038_351mw/prim_xor2.sv
Creating core file for primitive xor2.
Core file written to /private/var/folders/kt/49lpgwld33s6v4r2xn718tkh0000gn/T/lowrisc_prim_xor2-impl_038_351mw/prim_xor2.core
INFO: Generating lowrisc:prim:flop_2sync-impl:0
Implementations for primitive flop_2sync: generic
Inspecting generic module /private/tmp/ot-corpus-current-chip-qualified-20261002/source/hw/ip/prim_generic/rtl/prim_generic_flop_2sync.sv
[Errno 2] No such file or directory: 'verible-verilog-syntax'
Verible parser failed, using regex fallback instead.
Creating SystemVerilog module for abstract primitive
Abstract primitive written to /private/var/folders/kt/49lpgwld33s6v4r2xn718tkh0000gn/T/lowrisc_prim_flop_2sync-impl_0drnibuqz/prim_flop_2sync.sv
Creating core file for primitive flop_2sync.
Core file written to /private/var/folders/kt/49lpgwld33s6v4r2xn718tkh0000gn/T/lowrisc_prim_flop_2sync-impl_0drnibuqz/prim_flop_2sync.core
INFO: Generating lowrisc:prim:otp-impl:0
Implementations for primitive otp: generic
Inspecting generic module /private/tmp/ot-corpus-current-chip-qualified-20261002/source/hw/ip/prim_generic/rtl/prim_generic_otp.sv
[Errno 2] No such file or directory: 'verible-verilog-syntax'
Verible parser failed, using regex fallback instead.
Creating SystemVerilog module for abstract primitive
Abstract primitive written to /private/var/folders/kt/49lpgwld33s6v4r2xn718tkh0000gn/T/lowrisc_prim_otp-impl_0vm52k32d/prim_otp.sv
Creating core file for primitive otp.
Core file written to /private/var/folders/kt/49lpgwld33s6v4r2xn718tkh0000gn/T/lowrisc_prim_otp-impl_0vm52k32d/prim_otp.core
INFO: Generating lowrisc:dv:otp_ctrl_sva-csr_assert_gen:0.1
INFO: Generating lowrisc:dv:otp_ctrl_env-ral:0.1
Calling tool in ralgen.py: /private/tmp/ot-corpus-current-chip-qualified-20261002/source/hw/dv/tools/ralgen/../../../../util/regtool.py -s -t /private/var/folders/kt/49lpgwld33s6v4r2xn718tkh0000gn/T/lowrisc_dv_otp_ctrl_env-ral_0.13lvdb3d8 /private/tmp/ot-corpus-current-chip-qualified-20261002/source/hw/ip/otp_ctrl/dv/env/../../data/otp_ctrl.hjson
RAL pkg for otp_ctrl written to /private/var/folders/kt/49lpgwld33s6v4r2xn718tkh0000gn/T/lowrisc_dv_otp_ctrl_env-ral_0.13lvdb3d8.
INFO: Wrote dependency graph to /private/tmp/pi/otp-cover-literal-offsets-no-cap/runtime/lowrisc_dv_otp_ctrl_sim_0.1/sim-icarus/lowrisc_dv_otp_ctrl_sim_0.1.deps-after-generators.dot
INFO: Setting up project
WARNING: This backend is deprecated and will eventually be removed. Please migrate to the flow API instead.  See https://edalize.readthedocs.io/en/latest/ref/migrations.html#migrating-from-the-tool-api-to-the-flow-api for more details.
WARNING: ../src/lowrisc_dv_crypto_dpi_present_0.1/crypto_dpi_present.cc has unknown file type 'cppSource'
WARNING: ../src/lowrisc_dv_digestpp_dpi_0.1/digestpp_dpi.cc has unknown file type 'cppSource'
WARNING: ../src/lowrisc_dv_crypto_dpi_prince_0.1/crypto_dpi_prince.c has unknown file type 'cSource'

