OpenTitan Icarus compile
command: /private/tmp/current-tools/bin/iverilog -g2012 -stb -ssec_cm_prim_count_bind -ssec_cm_prim_double_lfsr_bind -ssec_cm_prim_onehot_check_bind -ssec_cm_prim_sparse_fsm_flop_bind -sspi_device_bind -gcommercial-unsafe -uvm -DUVM -DUVM_NO_DEPRECATED -DUVM_REG_ADDR_WIDTH=32 -DUVM_REG_DATA_WIDTH=32 -DUVM_REG_BYTENABLE_WIDTH=4 -DUVM_REGEX_NO_DPI -DSIMULATION -DDUT_HIER=tb.dut -DSRAM_TYPE=spi_device_pkg::SramType1r1w --uvm-home=/Users/danielellerbrock/projects/iverilog_uvm/iverilog-uvm-campaign-20260908/third_party/uvm-releases/sources/1.2/uvm-1.2/src -o /private/tmp/pi/spi-device-current-image-elevated-20261002/build/runtime/lowrisc_dv_spi_device_sim_0.1/matrix-runtime.vvp -c /private/tmp/pi/spi-device-current-image-elevated-20261002/build/runtime/lowrisc_dv_spi_device_sim_0.1/matrix-iverilog.scr
returncode: 0
duration_seconds: 2.949

../src/lowrisc_dv_spi_device_env_0.1/spi_device_scoreboard.sv:2747: warning: User function 'check_opcode_enable' is being called as a task.
../src/lowrisc_dv_spi_device_env_0.1/spi_device_scoreboard.sv:1514: warning: User function 'uvm_hdl_read' is being called as a task.
../src/lowrisc_dv_spi_device_env_0.1/seq_lib/spi_device_pass_base_vseq.sv:672: warning: User function 'uvm_hdl_read' is being called as a task.
../src/lowrisc_dv_spi_device_sim_0.1/tb/tb.sv:47: warning: input port rst_n is coerced to inout.
../src/lowrisc_fpv_spi_device_csr_assert_0/spi_device_csr_assert_fpv.sv:91: warning: A non-blocking assignment should not be used in an always_comb process.
../src/lowrisc_fpv_spi_device_csr_assert_0/spi_device_csr_assert_fpv.sv:92: warning: A non-blocking assignment should not be used in an always_comb process.
../src/lowrisc_fpv_spi_device_csr_assert_0/spi_device_csr_assert_fpv.sv:93: warning: A non-blocking assignment should not be used in an always_comb process.
../src/lowrisc_fpv_spi_device_csr_assert_0/spi_device_csr_assert_fpv.sv:94: warning: A non-blocking assignment should not be used in an always_comb process.
../src/lowrisc_fpv_spi_device_csr_assert_0/spi_device_csr_assert_fpv.sv:95: warning: A non-blocking assignment should not be used in an always_comb process.
../src/lowrisc_fpv_spi_device_csr_assert_0/spi_device_csr_assert_fpv.sv:96: warning: A non-blocking assignment should not be used in an always_comb process.
../src/lowrisc_fpv_spi_device_csr_assert_0/spi_device_csr_assert_fpv.sv:97: warning: A non-blocking assignment should not be used in an always_comb process.
../src/lowrisc_fpv_spi_device_csr_assert_0/spi_device_csr_assert_fpv.sv:98: warning: A non-blocking assignment should not be used in an always_comb process.
../src/lowrisc_fpv_spi_device_csr_assert_0/spi_device_csr_assert_fpv.sv:99: warning: A non-blocking assignment should not be used in an always_comb process.
../src/lowrisc_fpv_spi_device_csr_assert_0/spi_device_csr_assert_fpv.sv:100: warning: A non-blocking assignment should not be used in an always_comb process.
../src/lowrisc_fpv_spi_device_csr_assert_0/spi_device_csr_assert_fpv.sv:101: warning: A non-blocking assignment should not be used in an always_comb process.
../src/lowrisc_fpv_spi_device_csr_assert_0/spi_device_csr_assert_fpv.sv:102: warning: A non-blocking assignment should not be used in an always_comb process.
../src/lowrisc_fpv_spi_device_csr_assert_0/spi_device_csr_assert_fpv.sv:103: warning: A non-blocking assignment should not be used in an always_comb process.
../src/lowrisc_fpv_spi_device_csr_assert_0/spi_device_csr_assert_fpv.sv:104: warning: A non-blocking assignment should not be used in an always_comb process.
../src/lowrisc_fpv_spi_device_csr_assert_0/spi_device_csr_assert_fpv.sv:105: warning: A non-blocking assignment should not be used in an always_comb process.
../src/lowrisc_fpv_spi_device_csr_assert_0/spi_device_csr_assert_fpv.sv:106: warning: A non-blocking assignment should not be used in an always_comb process.
../src/lowrisc_fpv_spi_device_csr_assert_0/spi_device_csr_assert_fpv.sv:107: warning: A non-blocking assignment should not be used in an always_comb process.
../src/lowrisc_fpv_spi_device_csr_assert_0/spi_device_csr_assert_fpv.sv:108: warning: A non-blocking assignment should not be used in an always_comb process.
../src/lowrisc_fpv_spi_device_csr_assert_0/spi_device_csr_assert_fpv.sv:109: warning: A non-blocking assignment should not be used in an always_comb process.
../src/lowrisc_fpv_spi_device_csr_assert_0/spi_device_csr_assert_fpv.sv:110: warning: A non-blocking assignment should not be used in an always_comb process.
../src/lowrisc_fpv_spi_device_csr_assert_0/spi_device_csr_assert_fpv.sv:111: warning: A non-blocking assignment should not be used in an always_comb process.
../src/lowrisc_fpv_spi_device_csr_assert_0/spi_device_csr_assert_fpv.sv:112: warning: A non-blocking assignment should not be used in an always_comb process.
../src/lowrisc_fpv_spi_device_csr_assert_0/spi_device_csr_assert_fpv.sv:113: warning: A non-blocking assignment should not be used in an always_comb process.
../src/lowrisc_fpv_spi_device_csr_assert_0/spi_device_csr_assert_fpv.sv:114: warning: A non-blocking assignment should not be used in an always_comb process.
../src/lowrisc_fpv_spi_device_csr_assert_0/spi_device_csr_assert_fpv.sv:115: warning: A non-blocking assignment should not be used in an always_comb process.
../src/lowrisc_fpv_spi_device_csr_assert_0/spi_device_csr_assert_fpv.sv:116: warning: A non-blocking assignment should not be used in an always_comb process.
../src/lowrisc_fpv_spi_device_csr_assert_0/spi_device_csr_assert_fpv.sv:117: warning: A non-blocking assignment should not be used in an always_comb process.
../src/lowrisc_fpv_spi_device_csr_assert_0/spi_device_csr_assert_fpv.sv:118: warning: A non-blocking assignment should not be used in an always_comb process.
../src/lowrisc_fpv_spi_device_csr_assert_0/spi_device_csr_assert_fpv.sv:119: warning: A non-blocking assignment should not be used in an always_comb process.
../src/lowrisc_fpv_spi_device_csr_assert_0/spi_device_csr_assert_fpv.sv:120: warning: A non-blocking assignment should not be used in an always_comb process.
../src/lowrisc_fpv_spi_device_csr_assert_0/spi_device_csr_assert_fpv.sv:121: warning: A non-blocking assignment should not be used in an always_comb process.
../src/lowrisc_fpv_spi_device_csr_assert_0/spi_device_csr_assert_fpv.sv:122: warning: A non-blocking assignment should not be used in an always_comb process.
../src/lowrisc_fpv_spi_device_csr_assert_0/spi_device_csr_assert_fpv.sv:123: warning: A non-blocking assignment should not be used in an always_comb process.
../src/lowrisc_fpv_spi_device_csr_assert_0/spi_device_csr_assert_fpv.sv:124: warning: A non-blocking assignment should not be used in an always_comb process.
../src/lowrisc_fpv_spi_device_csr_assert_0/spi_device_csr_assert_fpv.sv:125: warning: A non-blocking assignment should not be used in an always_comb process.
../src/lowrisc_fpv_spi_device_csr_assert_0/spi_device_csr_assert_fpv.sv:126: warning: A non-blocking assignment should not be used in an always_comb process.
../src/lowrisc_fpv_spi_device_csr_assert_0/spi_device_csr_assert_fpv.sv:127: warning: A non-blocking assignment should not be used in an always_comb process.
../src/lowrisc_fpv_spi_device_csr_assert_0/spi_device_csr_assert_fpv.sv:128: warning: A non-blocking assignment should not be used in an always_comb process.
../src/lowrisc_fpv_spi_device_csr_assert_0/spi_device_csr_assert_fpv.sv:129: warning: A non-blocking assignment should not be used in an always_comb process.
../src/lowrisc_fpv_spi_device_csr_assert_0/spi_device_csr_assert_fpv.sv:130: warning: A non-blocking assignment should not be used in an always_comb process.
../src/lowrisc_fpv_spi_device_csr_assert_0/spi_device_csr_assert_fpv.sv:131: warning: A non-blocking assignment should not be used in an always_comb process.
../src/lowrisc_fpv_spi_device_csr_assert_0/spi_device_csr_assert_fpv.sv:132: warning: A non-blocking assignment should not be used in an always_comb process.
../src/lowrisc_fpv_spi_device_csr_assert_0/spi_device_csr_assert_fpv.sv:133: warning: A non-blocking assignment should not be used in an always_comb process.
../src/lowrisc_fpv_spi_device_csr_assert_0/spi_device_csr_assert_fpv.sv:134: warning: A non-blocking assignment should not be used in an always_comb process.
../src/lowrisc_fpv_spi_device_csr_assert_0/spi_device_csr_assert_fpv.sv:135: warning: A non-blocking assignment should not be used in an always_comb process.
../src/lowrisc_fpv_spi_device_csr_assert_0/spi_device_csr_assert_fpv.sv:136: warning: A non-blocking assignment should not be used in an always_comb process.
../src/lowrisc_fpv_spi_device_csr_assert_0/spi_device_csr_assert_fpv.sv:137: warning: A non-blocking assignment should not be used in an always_comb process.
../src/lowrisc_fpv_spi_device_csr_assert_0/spi_device_csr_assert_fpv.sv:138: warning: A non-blocking assignment should not be used in an always_comb process.
../src/lowrisc_fpv_spi_device_csr_assert_0/spi_device_csr_assert_fpv.sv:139: warning: A non-blocking assignment should not be used in an always_comb process.
../src/lowrisc_fpv_spi_device_csr_assert_0/spi_device_csr_assert_fpv.sv:140: warning: A non-blocking assignment should not be used in an always_comb process.
../src/lowrisc_fpv_spi_device_csr_assert_0/spi_device_csr_assert_fpv.sv:141: warning: A non-blocking assignment should not be used in an always_comb process.
../src/lowrisc_fpv_spi_device_csr_assert_0/spi_device_csr_assert_fpv.sv:142: warning: A non-blocking assignment should not be used in an always_comb process.
../src/lowrisc_fpv_spi_device_csr_assert_0/spi_device_csr_assert_fpv.sv:143: warning: A non-blocking assignment should not be used in an always_comb process.
../src/lowrisc_fpv_spi_device_csr_assert_0/spi_device_csr_assert_fpv.sv:144: warning: A non-blocking assignment should not be used in an always_comb process.
../src/lowrisc_fpv_spi_device_csr_assert_0/spi_device_csr_assert_fpv.sv:145: warning: A non-blocking assignment should not be used in an always_comb process.
../src/lowrisc_fpv_spi_device_csr_assert_0/spi_device_csr_assert_fpv.sv:146: warning: A non-blocking assignment should not be used in an always_comb process.
../src/lowrisc_fpv_spi_device_csr_assert_0/spi_device_csr_assert_fpv.sv:147: warning: A non-blocking assignment should not be used in an always_comb process.
../src/lowrisc_fpv_spi_device_csr_assert_0/spi_device_csr_assert_fpv.sv:148: warning: A non-blocking assignment should not be used in an always_comb process.
../src/lowrisc_fpv_spi_device_csr_assert_0/spi_device_csr_assert_fpv.sv:149: warning: A non-blocking assignment should not be used in an always_comb process.
../src/lowrisc_fpv_spi_device_csr_assert_0/spi_device_csr_assert_fpv.sv:150: warning: A non-blocking assignment should not be used in an always_comb process.
../src/lowrisc_fpv_spi_device_csr_assert_0/spi_device_csr_assert_fpv.sv:152: warning: A non-blocking assignment should not be used in an always_comb process.
iverilog: note: wrote DPI export C stubs to /private/tmp/pi/spi-device-current-image-elevated-20261002/build/runtime/lowrisc_dv_spi_device_sim_0.1/matrix-runtime.dpiexport.c (compile it into your DPI object).
