OpenTitan FuseSoC setup
command: /Users/danielellerbrock/projects/iverilog_uvm/evidence/arm64-tooling/opentitan-python313/bin/fusesoc --cores-root=/private/tmp/ot-corpus-current-overlays-20261002/source run --target=sim --tool=icarus --setup --build-root=/private/tmp/pi/spi-device-current-image-elevated-20261002/build/runtime/lowrisc_dv_spi_device_sim_0.1 --flag=fileset_ip lowrisc:dv:spi_device_sim:0.1
returncode: 0
duration_seconds: 2.489

INFO: Preparing lowrisc:constants:top_pkg:0
INFO: Preparing lowrisc:dv:dv_fcov_macros:0
INFO: Preparing lowrisc:dv:dv_macros:0
INFO: Preparing lowrisc:dv:pins_if:0
INFO: Preparing lowrisc:dv:ralgen:0
INFO: Preparing lowrisc:dv:rst_shadowed_if:0
INFO: Preparing lowrisc:fpv:csr_assert_gen_script:0
INFO: Preparing lowrisc:ip:spi_device_pkg:0.1
INFO: Preparing lowrisc:prim:assert:0.1
INFO: Preparing lowrisc:prim:cipher_pkg:0.1
INFO: Preparing lowrisc:prim:pad_wrapper_pkg:0
INFO: Preparing lowrisc:prim:primgen:0.1
INFO: Preparing lowrisc:prim:ram_2p_pkg:0
INFO: Preparing lowrisc:prim:secded:0.1
INFO: Preparing lowrisc:prim:sha2_pkg:0
INFO: Preparing lowrisc:dv:common_ifs:0
INFO: Preparing lowrisc:dv:str_utils:0
INFO: Preparing lowrisc:fpv:csr_assert_gen:0
INFO: Preparing lowrisc:opentitan:bus_params_pkg:0
INFO: Preparing lowrisc:prim:arbiter:0
INFO: Preparing lowrisc:prim:cdc_rand_delay:0
INFO: Preparing lowrisc:prim:cipher:0
INFO: Preparing lowrisc:prim:count:0
INFO: Preparing lowrisc:prim:lfsr:0.1
INFO: Preparing lowrisc:prim:prim_pkg:0.1
INFO: Preparing lowrisc:prim:sec_anchor:0.1
INFO: Preparing lowrisc:prim:sha2:0
INFO: Preparing lowrisc:prim:sparse_fsm:0
INFO: Preparing lowrisc:prim:util:0.1
INFO: Preparing lowrisc:dv:dv_test_status:0
INFO: Preparing lowrisc:dv:mem_model:0
INFO: Preparing lowrisc:ip:lc_ctrl_state_pkg:0.1
INFO: Preparing lowrisc:prim:and2:0
INFO: Preparing lowrisc:prim:buf:0
INFO: Preparing lowrisc:prim:clock_buf:0
INFO: Preparing lowrisc:prim:clock_gating:0
INFO: Preparing lowrisc:prim:clock_inv:0
INFO: Preparing lowrisc:prim:clock_mux2:0
INFO: Preparing lowrisc:prim:flop:0
INFO: Preparing lowrisc:prim:flop_en:0
INFO: Preparing lowrisc:prim:onehot_check:0
INFO: Preparing lowrisc:prim:pad_wrapper:0
INFO: Preparing lowrisc:prim:ram_1r1w:0
INFO: Preparing lowrisc:prim:ram_2p:0
INFO: Preparing lowrisc:prim:xnor2:0
INFO: Preparing lowrisc:prim:xor2:0
INFO: Preparing lowrisc:dv:dv_utils:0
INFO: Preparing lowrisc:prim:blanker:0
INFO: Preparing lowrisc:prim:double_lfsr:0
INFO: Preparing lowrisc:prim:flop_2sync:0
INFO: Preparing lowrisc:prim:mubi:0.1
INFO: Preparing lowrisc:prim:ram_1r1w_async_adv:0.1
INFO: Preparing lowrisc:prim:ram_2p_async_adv:0.1
INFO: Preparing lowrisc:prim:reg_we_check:0
INFO: Preparing lowrisc:dv:dv_base_reg:0
INFO: Preparing lowrisc:prim:diff_decode:0
INFO: Preparing lowrisc:prim:edge_detector:0.1
INFO: Preparing lowrisc:prim:fifo:0
INFO: Preparing lowrisc:prim:rst_sync:0
INFO: Preparing lowrisc:prim:subreg:0
INFO: Preparing lowrisc:tlul:headers:0.1
INFO: Preparing lowrisc:dv:csr_utils:0
INFO: Preparing lowrisc:dv:spi_device_sva:0.1
INFO: Preparing lowrisc:ip:lc_ctrl_pkg:0.1
INFO: Preparing lowrisc:prim:esc:0
INFO: Preparing lowrisc:tlul:trans_intg:0.1
INFO: Preparing lowrisc:dv:dv_lib:0
INFO: Preparing lowrisc:prim:alert:0
INFO: Preparing lowrisc:prim:lc_sync:0.1
INFO: Preparing lowrisc:tlul:common:0.1
INFO: Preparing lowrisc:dv:push_pull_agent:0.1
INFO: Preparing lowrisc:dv:sec_cm:0
INFO: Preparing lowrisc:dv:spi_agent:0.1
INFO: Preparing lowrisc:dv:tl_agent:0
INFO: Preparing lowrisc:prim:all:0.1
INFO: Preparing lowrisc:tlul:adapter_reg:0.1
INFO: Preparing lowrisc:tlul:adapter_sram:0.1
INFO: Preparing lowrisc:tlul:lc_gate:0.1
INFO: Preparing lowrisc:tlul:socket_1n:0.1
INFO: Preparing lowrisc:tlul:socket_m1:0.1
INFO: Preparing lowrisc:tlul:sram2tlul:0.1
INFO: Preparing lowrisc:dv:alert_esc_agent:0
INFO: Preparing lowrisc:ip:tlul:0.1
INFO: Preparing lowrisc:dv:cip_lib:0
INFO: Preparing lowrisc:ip:spi_device:0.1
INFO: Preparing lowrisc:dv:spi_device_env:0.1
INFO: Preparing lowrisc:dv:spi_device_test:0.1
INFO: Preparing lowrisc:dv:spi_device_sim:0.1
INFO: Generating lowrisc:prim:prim_pkg-impl:0.1
Creating prim_pkg.sv
Core file written to prim_pkg.core.
INFO: Generating lowrisc:prim:and2-impl:0
Implementations for primitive and2: xilinx, xilinx_ultrascale, generic
Inspecting generic module /private/tmp/ot-corpus-current-overlays-20261002/source/hw/ip/prim_generic/rtl/prim_generic_and2.sv
[Errno 2] No such file or directory: 'verible-verilog-syntax'
Verible parser failed, using regex fallback instead.
Creating SystemVerilog module for abstract primitive
Abstract primitive written to /private/var/folders/kt/49lpgwld33s6v4r2xn718tkh0000gn/T/lowrisc_prim_and2-impl_0afzdjdnh/prim_and2.sv
Creating core file for primitive and2.
Core file written to /private/var/folders/kt/49lpgwld33s6v4r2xn718tkh0000gn/T/lowrisc_prim_and2-impl_0afzdjdnh/prim_and2.core
INFO: Generating lowrisc:prim:buf-impl:0
Implementations for primitive buf: xilinx, xilinx_ultrascale, generic
Inspecting generic module /private/tmp/ot-corpus-current-overlays-20261002/source/hw/ip/prim_generic/rtl/prim_generic_buf.sv
[Errno 2] No such file or directory: 'verible-verilog-syntax'
Verible parser failed, using regex fallback instead.
Creating SystemVerilog module for abstract primitive
Abstract primitive written to /private/var/folders/kt/49lpgwld33s6v4r2xn718tkh0000gn/T/lowrisc_prim_buf-impl_0_6alke13/prim_buf.sv
Creating core file for primitive buf.
Core file written to /private/var/folders/kt/49lpgwld33s6v4r2xn718tkh0000gn/T/lowrisc_prim_buf-impl_0_6alke13/prim_buf.core
INFO: Generating lowrisc:prim:clock_buf-impl:0
Implementations for primitive clock_buf: xilinx, xilinx_ultrascale, generic
Inspecting generic module /private/tmp/ot-corpus-current-overlays-20261002/source/hw/ip/prim_generic/rtl/prim_generic_clock_buf.sv
[Errno 2] No such file or directory: 'verible-verilog-syntax'
Verible parser failed, using regex fallback instead.
Creating SystemVerilog module for abstract primitive
Abstract primitive written to /private/var/folders/kt/49lpgwld33s6v4r2xn718tkh0000gn/T/lowrisc_prim_clock_buf-impl_096pid2w4/prim_clock_buf.sv
Creating core file for primitive clock_buf.
Core file written to /private/var/folders/kt/49lpgwld33s6v4r2xn718tkh0000gn/T/lowrisc_prim_clock_buf-impl_096pid2w4/prim_clock_buf.core
INFO: Generating lowrisc:prim:clock_gating-impl:0
Implementations for primitive clock_gating: xilinx, xilinx_ultrascale, generic
Inspecting generic module /private/tmp/ot-corpus-current-overlays-20261002/source/hw/ip/prim_generic/rtl/prim_generic_clock_gating.sv
[Errno 2] No such file or directory: 'verible-verilog-syntax'
Verible parser failed, using regex fallback instead.
Creating SystemVerilog module for abstract primitive
Abstract primitive written to /private/var/folders/kt/49lpgwld33s6v4r2xn718tkh0000gn/T/lowrisc_prim_clock_gating-impl_0u65687he/prim_clock_gating.sv
Creating core file for primitive clock_gating.
Core file written to /private/var/folders/kt/49lpgwld33s6v4r2xn718tkh0000gn/T/lowrisc_prim_clock_gating-impl_0u65687he/prim_clock_gating.core
INFO: Generating lowrisc:prim:clock_inv-impl:0
Implementations for primitive clock_inv: xilinx_ultrascale, generic
Inspecting generic module /private/tmp/ot-corpus-current-overlays-20261002/source/hw/ip/prim_generic/rtl/prim_generic_clock_inv.sv
[Errno 2] No such file or directory: 'verible-verilog-syntax'
Verible parser failed, using regex fallback instead.
Creating SystemVerilog module for abstract primitive
Abstract primitive written to /private/var/folders/kt/49lpgwld33s6v4r2xn718tkh0000gn/T/lowrisc_prim_clock_inv-impl_0diae_vu8/prim_clock_inv.sv
Creating core file for primitive clock_inv.
Core file written to /private/var/folders/kt/49lpgwld33s6v4r2xn718tkh0000gn/T/lowrisc_prim_clock_inv-impl_0diae_vu8/prim_clock_inv.core
INFO: Generating lowrisc:prim:clock_mux2-impl:0
Implementations for primitive clock_mux2: xilinx, xilinx_ultrascale, generic
Inspecting generic module /private/tmp/ot-corpus-current-overlays-20261002/source/hw/ip/prim_generic/rtl/prim_generic_clock_mux2.sv
[Errno 2] No such file or directory: 'verible-verilog-syntax'
Verible parser failed, using regex fallback instead.
Creating SystemVerilog module for abstract primitive
Abstract primitive written to /private/var/folders/kt/49lpgwld33s6v4r2xn718tkh0000gn/T/lowrisc_prim_clock_mux2-impl_0w9hbz1hp/prim_clock_mux2.sv
Creating core file for primitive clock_mux2.
Core file written to /private/var/folders/kt/49lpgwld33s6v4r2xn718tkh0000gn/T/lowrisc_prim_clock_mux2-impl_0w9hbz1hp/prim_clock_mux2.core
INFO: Generating lowrisc:prim:flop-impl:0
Implementations for primitive flop: xilinx, xilinx_ultrascale, generic
Inspecting generic module /private/tmp/ot-corpus-current-overlays-20261002/source/hw/ip/prim_generic/rtl/prim_generic_flop.sv
[Errno 2] No such file or directory: 'verible-verilog-syntax'
Verible parser failed, using regex fallback instead.
Creating SystemVerilog module for abstract primitive
Abstract primitive written to /private/var/folders/kt/49lpgwld33s6v4r2xn718tkh0000gn/T/lowrisc_prim_flop-impl_08bdkoec7/prim_flop.sv
Creating core file for primitive flop.
Core file written to /private/var/folders/kt/49lpgwld33s6v4r2xn718tkh0000gn/T/lowrisc_prim_flop-impl_08bdkoec7/prim_flop.core
INFO: Generating lowrisc:prim:flop_en-impl:0
Implementations for primitive flop_en: xilinx, xilinx_ultrascale, generic
Inspecting generic module /private/tmp/ot-corpus-current-overlays-20261002/source/hw/ip/prim_generic/rtl/prim_generic_flop_en.sv
[Errno 2] No such file or directory: 'verible-verilog-syntax'
Verible parser failed, using regex fallback instead.
Creating SystemVerilog module for abstract primitive
Abstract primitive written to /private/var/folders/kt/49lpgwld33s6v4r2xn718tkh0000gn/T/lowrisc_prim_flop_en-impl_04zwrpdle/prim_flop_en.sv
Creating core file for primitive flop_en.
Core file written to /private/var/folders/kt/49lpgwld33s6v4r2xn718tkh0000gn/T/lowrisc_prim_flop_en-impl_04zwrpdle/prim_flop_en.core
INFO: Generating lowrisc:prim:pad_wrapper-impl:0
Implementations for primitive pad_wrapper: xilinx, xilinx_ultrascale, generic
Inspecting generic module /private/tmp/ot-corpus-current-overlays-20261002/source/hw/ip/prim_generic/rtl/prim_generic_pad_wrapper.sv
[Errno 2] No such file or directory: 'verible-verilog-syntax'
Verible parser failed, using regex fallback instead.
Creating SystemVerilog module for abstract primitive
Abstract primitive written to /private/var/folders/kt/49lpgwld33s6v4r2xn718tkh0000gn/T/lowrisc_prim_pad_wrapper-impl_0v4qve5ci/prim_pad_wrapper.sv
Creating core file for primitive pad_wrapper.
Core file written to /private/var/folders/kt/49lpgwld33s6v4r2xn718tkh0000gn/T/lowrisc_prim_pad_wrapper-impl_0v4qve5ci/prim_pad_wrapper.core
INFO: Generating lowrisc:prim:ram_1r1w-impl:0
Implementations for primitive ram_1r1w: generic
Inspecting generic module /private/tmp/ot-corpus-current-overlays-20261002/source/hw/ip/prim_generic/rtl/prim_generic_ram_1r1w.sv
[Errno 2] No such file or directory: 'verible-verilog-syntax'
Verible parser failed, using regex fallback instead.
Creating SystemVerilog module for abstract primitive
Abstract primitive written to /private/var/folders/kt/49lpgwld33s6v4r2xn718tkh0000gn/T/lowrisc_prim_ram_1r1w-impl_03zjy28be/prim_ram_1r1w.sv
Creating core file for primitive ram_1r1w.
Core file written to /private/var/folders/kt/49lpgwld33s6v4r2xn718tkh0000gn/T/lowrisc_prim_ram_1r1w-impl_03zjy28be/prim_ram_1r1w.core
INFO: Generating lowrisc:prim:ram_2p-impl:0
Implementations for primitive ram_2p: generic
Inspecting generic module /private/tmp/ot-corpus-current-overlays-20261002/source/hw/ip/prim_generic/rtl/prim_generic_ram_2p.sv
[Errno 2] No such file or directory: 'verible-verilog-syntax'
Verible parser failed, using regex fallback instead.
Creating SystemVerilog module for abstract primitive
Abstract primitive written to /private/var/folders/kt/49lpgwld33s6v4r2xn718tkh0000gn/T/lowrisc_prim_ram_2p-impl_0kcksv123/prim_ram_2p.sv
Creating core file for primitive ram_2p.
Core file written to /private/var/folders/kt/49lpgwld33s6v4r2xn718tkh0000gn/T/lowrisc_prim_ram_2p-impl_0kcksv123/prim_ram_2p.core
INFO: Generating lowrisc:prim:xnor2-impl:0
Implementations for primitive xnor2: generic
Inspecting generic module /private/tmp/ot-corpus-current-overlays-20261002/source/hw/ip/prim_generic/rtl/prim_generic_xnor2.sv
[Errno 2] No such file or directory: 'verible-verilog-syntax'
Verible parser failed, using regex fallback instead.
Creating SystemVerilog module for abstract primitive
Abstract primitive written to /private/var/folders/kt/49lpgwld33s6v4r2xn718tkh0000gn/T/lowrisc_prim_xnor2-impl_09oym3v69/prim_xnor2.sv
Creating core file for primitive xnor2.
Core file written to /private/var/folders/kt/49lpgwld33s6v4r2xn718tkh0000gn/T/lowrisc_prim_xnor2-impl_09oym3v69/prim_xnor2.core
INFO: Generating lowrisc:prim:xor2-impl:0
Implementations for primitive xor2: xilinx, xilinx_ultrascale, generic
Inspecting generic module /private/tmp/ot-corpus-current-overlays-20261002/source/hw/ip/prim_generic/rtl/prim_generic_xor2.sv
[Errno 2] No such file or directory: 'verible-verilog-syntax'
Verible parser failed, using regex fallback instead.
Creating SystemVerilog module for abstract primitive
Abstract primitive written to /private/var/folders/kt/49lpgwld33s6v4r2xn718tkh0000gn/T/lowrisc_prim_xor2-impl_0_be0jwi0/prim_xor2.sv
Creating core file for primitive xor2.
Core file written to /private/var/folders/kt/49lpgwld33s6v4r2xn718tkh0000gn/T/lowrisc_prim_xor2-impl_0_be0jwi0/prim_xor2.core
INFO: Generating lowrisc:prim:flop_2sync-impl:0
Implementations for primitive flop_2sync: generic
Inspecting generic module /private/tmp/ot-corpus-current-overlays-20261002/source/hw/ip/prim_generic/rtl/prim_generic_flop_2sync.sv
[Errno 2] No such file or directory: 'verible-verilog-syntax'
Verible parser failed, using regex fallback instead.
Creating SystemVerilog module for abstract primitive
Abstract primitive written to /private/var/folders/kt/49lpgwld33s6v4r2xn718tkh0000gn/T/lowrisc_prim_flop_2sync-impl_079xkq7sd/prim_flop_2sync.sv
Creating core file for primitive flop_2sync.
Core file written to /private/var/folders/kt/49lpgwld33s6v4r2xn718tkh0000gn/T/lowrisc_prim_flop_2sync-impl_079xkq7sd/prim_flop_2sync.core
INFO: Generating lowrisc:dv:spi_device_sva-csr_assert_gen:0.1
INFO: Generating lowrisc:dv:spi_device_env-ral:0.1
Calling tool in ralgen.py: /private/tmp/ot-corpus-current-overlays-20261002/source/hw/dv/tools/ralgen/../../../../util/regtool.py -s -t /private/var/folders/kt/49lpgwld33s6v4r2xn718tkh0000gn/T/lowrisc_dv_spi_device_env-ral_0.1l7r_w83m /private/tmp/ot-corpus-current-overlays-20261002/source/hw/ip/spi_device/dv/env/../../data/spi_device.hjson
RAL pkg for spi_device written to /private/var/folders/kt/49lpgwld33s6v4r2xn718tkh0000gn/T/lowrisc_dv_spi_device_env-ral_0.1l7r_w83m.
INFO: Wrote dependency graph to /private/tmp/pi/spi-device-current-image-elevated-20261002/build/runtime/lowrisc_dv_spi_device_sim_0.1/sim-icarus/lowrisc_dv_spi_device_sim_0.1.deps-after-generators.dot
INFO: Setting up project
WARNING: This backend is deprecated and will eventually be removed. Please migrate to the flow API instead.  See https://edalize.readthedocs.io/en/latest/ref/migrations.html#migrating-from-the-tool-api-to-the-flow-api for more details.

