g++ -DHAVE_CONFIG_H -I. -Ilibmisc -I/opt/homebrew/opt/libffi/include -I/opt/homebrew/opt/z3/include -Wall -Wextra -Wshadow   -g0 -O2 -std=c++11 -MD -c elaborate.cc -o elaborate.o
elaborate.cc:32601:41: warning: declaration shadows a local variable [-Wshadow]
 32601 |             } else if (const PECastSize*cast = dynamic_cast<const PECastSize*>(expr)) {
       |                                         ^
elaborate.cc:32588:34: note: previous declaration is here
 32588 |             if (const PECastType*cast = dynamic_cast<const PECastType*>(expr)) {
       |                                  ^
elaborate.cc:31633:27: warning: comparison of integers of different signs: 'unsigned int' and 'const int' [-Wsign-compare]
 31633 |                       && (unsigned)qidx == dynforeach_emit_ctx_->prop_idx) {
       |                          ~~~~~~~~~~~~~~ ^  ~~~~~~~~~~~~~~~~~~~~~~~~~~~~~~
elaborate.cc:37993:19: warning: enumeration value 'SEL_WITH' not handled in switch [-Wswitch]
 37993 |                                       switch (s->op) {
       |                                               ^~~~~
elaborate.cc:37993:19: note: add missing switch cases
 37993 |                                       switch (s->op) {
       |                                               ^
3 warnings generated.
mv elaborate.d dep/elaborate.d
g++ -Wl,-all_load  -L/opt/homebrew/opt/libffi/lib -L/opt/homebrew/opt/z3/lib -o ivl main.o async.o design_dump.o discipline.o dup_expr.o elaborate.o sv_edition.o elab_expr.o elaborate_analog.o elab_lval.o elab_net.o elab_scope.o elab_sig.o elab_sig_analog.o elab_type.o emit.o eval_attrib.o eval_tree.o expr_synth.o functor.o lexor.o lexor_keyword.o link_const.o load_module.o netlist.o netmisc.o nettypes.o net_analog.o net_assign.o net_design.o netclass.o netdarray.o netenum.o netparray.o netqueue.o netscalar.o netstruct.o netvector.o net_event.o net_expr.o net_func.o net_func_eval.o net_link.o net_modulo.o net_nex_input.o net_nex_output.o net_proc.o net_scope.o net_tran.o net_udp.o map_named_args.o pad_to_width.o parse.o parse_misc.o pform.o pform_sva_nfa.o pform_analog.o pform_disciplines.o pform_dump.o pform_package.o pform_pclass.o pform_types.o symbol_search.o sync.o sys_funcs.o verinum.o verireal.o vpi_modules.o target.o Attrib.o HName.o Module.o PClass.o PDelays.o PEvent.o PExpr.o PFunction.o PGate.o PGenerate.o PModport.o PNamedItem.o PPackage.o PScope.o PSpec.o PTimingCheck.o PTask.o PUdp.o PWire.o Statement.o AStatement.o LineInfo.o StringHeap.o cprop.o exposenodes.o nodangle.o synth.o synth2.o syn-rules.o t-dll.o t-dll-api.o t-dll-expr.o t-dll-proc.o t-dll-analog.o -ldl
/Applications/Xcode.app/Contents/Developer/usr/bin/make -C ivlpp all &&  /Applications/Xcode.app/Contents/Developer/usr/bin/make -C vhdlpp all &&  /Applications/Xcode.app/Contents/Developer/usr/bin/make -C vvp all &&  /Applications/Xcode.app/Contents/Developer/usr/bin/make -C vpi all &&  /Applications/Xcode.app/Contents/Developer/usr/bin/make -C tgt-null all &&  /Applications/Xcode.app/Contents/Developer/usr/bin/make -C tgt-stub all &&  /Applications/Xcode.app/Contents/Developer/usr/bin/make -C tgt-vvp all &&  /Applications/Xcode.app/Contents/Developer/usr/bin/make -C tgt-vhdl all &&  /Applications/Xcode.app/Contents/Developer/usr/bin/make -C tgt-vlog95 all &&  /Applications/Xcode.app/Contents/Developer/usr/bin/make -C tgt-pcb all &&  /Applications/Xcode.app/Contents/Developer/usr/bin/make -C tgt-blif all &&  /Applications/Xcode.app/Contents/Developer/usr/bin/make -C tgt-sizer all &&  /Applications/Xcode.app/Contents/Developer/usr/bin/make -C driver all &&  /Applications/Xcode.app/Contents/Developer/usr/bin/make -C libveriuser all &&  /Applications/Xcode.app/Contents/Developer/usr/bin/make -C cadpli all &&  true
make[1]: Nothing to be done for `all'.
make[1]: Nothing to be done for `all'.
g++ -I. -I.. -I/opt/homebrew/opt/libffi/include -I/opt/homebrew/opt/z3/include -DHAVE_CONFIG_H -DICARUS_VPI_CONST=const -DUSE_LIBFFI=1 -DIVL_SUFFIX='""' -DMODULE_DIR1='"/Users/danielellerbrock/projects/iverilog_uvm/iverilog-uvm-opentitan-otp-dai-rand-index-20260925/local-install/lib/ivl"'  -Wall -Wextra -Wshadow   -g0 -O2 -std=c++11 -MD -c vvp_z3.cc -o vvp_z3.o
vvp_z3.cc:1629:12: warning: declaration shadows a local variable [-Wshadow]
 1629 |                   Z3_ast value = Z3_mk_unsigned_int64(
      |                          ^
vvp_z3.cc:1604:19: note: previous declaration is here
 1604 |             vvp_object_t value;
      |                          ^
vvp_z3.cc:8195:38: warning: declaration shadows a local variable [-Wshadow]
 8195 |                         const string&base = builder.type(ref.idx)
      |                                      ^
vvp_z3.cc:7602:17: note: previous declaration is here
 7602 |       Z3_solver base = Z3_mk_simple_solver(ctx);
      |                 ^
vvp_z3.cc:10406:40: warning: declaration shadows a local variable [-Wshadow]
 10406 |                               uint64_t words = cobj_darray_size(
       |                                        ^
vvp_z3.cc:10386:28: note: previous declaration is here
 10386 |                   uint64_t words = type->property_array_size(pid);
       |                            ^
3 warnings generated.
mv vvp_z3.d dep/vvp_z3.d
g++ -Wl,-all_load  -L/opt/homebrew/opt/libffi/lib -L/opt/homebrew/opt/z3/lib -o vvp main.o lib_main.o parse.o parse_misc.o lexor.o arith.o array_common.o array.o bufif.o compile.o concat.o dff.o class_type.o enum_type.o extend.o file_line.o latch.o npmos.o part.o permaheap.o reduce.o resolv.o sfunc.o stop.o substitute.o symbols.o ufunc.o codes.o vthread.o schedule.o statistics.o tables.o udp.o vvp_island.o vvp_net.o vvp_net_sig.o vvp_object.o vvp_assoc.o vvp_cobject.o vvp_darray.o vvp_dpi.o vvp_mailbox.o vvp_vinterface.o vvp_z3.o event.o logic.o delay.o words.o island_tran.o vpi_modules.o vpi_bit.o vpi_callback.o vpi_cobject.o vpi_const.o vpi_darray.o vpi_event.o vpi_iter.o vpi_mcd.o vpi_priv.o vpi_scope.o vpi_real.o vpi_signal.o vpi_string.o vpi_tasks.o vpi_time.o vpi_vthr_vector.o vpip_bin.o vpip_hex.o vpip_oct.o vpip_to_dec.o vpip_format.o vvp_vpi.o -lbz2 -lz -lpthread -lreadline -ltermcap   -lz3 -lffi -ldl
make[1]: Nothing to be done for `all'.
make[1]: Nothing to be done for `all'.
make[1]: Nothing to be done for `all'.
make[1]: Nothing to be done for `all'.
make[1]: Nothing to be done for `all'.
make[1]: Nothing to be done for `all'.
make[1]: Nothing to be done for `all'.
make[1]: Nothing to be done for `all'.
make[1]: Nothing to be done for `all'.
make[1]: Nothing to be done for `all'.
make[1]: Nothing to be done for `all'.
make[1]: Nothing to be done for `all'.
