DEBUG joint cap=1 vars=1: p24:32
DEBUG joint cap=1024 vars=2: p66:8 p67:8
ERROR: global constraint sampling failed: the complete joint solution set exceeds the enumeration limit.
UVM_INFO @ 0 ps: reporter [RNTST] Running test adc_ctrl_base_test...
UVM_FATAL @         0 ps: (dv_base_test.sv:41) [uvm_test_top] Check failed (cfg.randomize()) Randomization failed! 
UVM_INFO @         0 ps: (uvm_report_catcher.svh:705) [UVM/REPORT/CATCHER] 
--- UVM Report catcher Summary ---


Number of demoted UVM_FATAL reports  :    0
Number of demoted UVM_ERROR reports  :    0
Number of demoted UVM_WARNING reports:    0
Number of caught UVM_FATAL reports   :    0
Number of caught UVM_ERROR reports   :    0
Number of caught UVM_WARNING reports :    0

UVM_INFO @         0 ps: (uvm_report_server.svh:847) [UVM/REPORT/SERVER] 
--- UVM Report Summary ---

** Report counts by severity
UVM_INFO :    2
UVM_WARNING :    0
UVM_ERROR :    0
UVM_FATAL :    1
** Report counts by id
[RNTST]     1
[UVM/REPORT/CATCHER]     1
[uvm_test_top]     1


TEST FAILED CHECKS
 _____         _      __       _ _          _ _ 
|_   _|__  ___| |_   / _| __ _(_) | ___  __| | |
  | |/ _ \/ __| __| | |_ / _` | | |/ _ \/ _` | |
  | |  __/\__ \ |_  |  _| (_| | | |  __/ (_| |_|
  |_|\___||___/\__| |_|  \__,_|_|_|\___|\__,_(_)

/Users/danielellerbrock/projects/iverilog_uvm/iverilog-uvm-campaign-20260908/third_party/uvm-releases/sources/1.2/uvm-1.2/src/base/uvm_root.svh:135: $finish called at 0 (1ps)
UVM_ERROR @         0 ps: (tlul_assert.sv:301) [ASSERT FAILED] noOutstandingReqsAtEndOfSim_A
UVM_ERROR @         0 ps: (tlul_assert.sv:301) [ASSERT FAILED] noOutstandingReqsAtEndOfSim_A
UVM_ERROR @         0 ps: (tlul_assert.sv:301) [ASSERT FAILED] noOutstandingReqsAtEndOfSim_A
UVM_ERROR @         0 ps: (tlul_assert.sv:301) [ASSERT FAILED] noOutstandingReqsAtEndOfSim_A
UVM_ERROR @         0 ps: (tlul_assert.sv:301) [ASSERT FAILED] noOutstandingReqsAtEndOfSim_A
UVM_ERROR @         0 ps: (tlul_assert.sv:301) [ASSERT FAILED] noOutstandingReqsAtEndOfSim_A
UVM_ERROR @         0 ps: (tlul_assert.sv:301) [ASSERT FAILED] noOutstandingReqsAtEndOfSim_A
UVM_ERROR @         0 ps: (tlul_assert.sv:301) [ASSERT FAILED] noOutstandingReqsAtEndOfSim_A
UVM_ERROR @         0 ps: (tlul_assert.sv:301) [ASSERT FAILED] noOutstandingReqsAtEndOfSim_A
UVM_ERROR @         0 ps: (tlul_assert.sv:301) [ASSERT FAILED] noOutstandingReqsAtEndOfSim_A
UVM_ERROR @         0 ps: (tlul_assert.sv:301) [ASSERT FAILED] noOutstandingReqsAtEndOfSim_A
UVM_ERROR @         0 ps: (tlul_assert.sv:301) [ASSERT FAILED] noOutstandingReqsAtEndOfSim_A
UVM_ERROR @         0 ps: (tlul_assert.sv:301) [ASSERT FAILED] noOutstandingReqsAtEndOfSim_A
UVM_ERROR @         0 ps: (tlul_assert.sv:301) [ASSERT FAILED] noOutstandingReqsAtEndOfSim_A
UVM_ERROR @         0 ps: (tlul_assert.sv:301) [ASSERT FAILED] noOutstandingReqsAtEndOfSim_A
UVM_ERROR @         0 ps: (tlul_assert.sv:301) [ASSERT FAILED] noOutstandingReqsAtEndOfSim_A
UVM_ERROR @         0 ps: (tlul_assert.sv:301) [ASSERT FAILED] noOutstandingReqsAtEndOfSim_A
UVM_ERROR @         0 ps: (tlul_assert.sv:301) [ASSERT FAILED] noOutstandingReqsAtEndOfSim_A
UVM_ERROR @         0 ps: (tlul_assert.sv:301) [ASSERT FAILED] noOutstandingReqsAtEndOfSim_A
UVM_ERROR @         0 ps: (tlul_assert.sv:301) [ASSERT FAILED] noOutstandingReqsAtEndOfSim_A
UVM_ERROR @         0 ps: (tlul_assert.sv:301) [ASSERT FAILED] noOutstandingReqsAtEndOfSim_A
UVM_ERROR @         0 ps: (tlul_assert.sv:301) [ASSERT FAILED] noOutstandingReqsAtEndOfSim_A
UVM_ERROR @         0 ps: (tlul_assert.sv:301) [ASSERT FAILED] noOutstandingReqsAtEndOfSim_A
UVM_ERROR @         0 ps: (tlul_assert.sv:301) [ASSERT FAILED] noOutstandingReqsAtEndOfSim_A
UVM_ERROR @         0 ps: (tlul_assert.sv:301) [ASSERT FAILED] noOutstandingReqsAtEndOfSim_A
UVM_ERROR @         0 ps: (tlul_assert.sv:301) [ASSERT FAILED] noOutstandingReqsAtEndOfSim_A
UVM_ERROR @         0 ps: (tlul_assert.sv:301) [ASSERT FAILED] noOutstandingReqsAtEndOfSim_A
UVM_ERROR @         0 ps: (tlul_assert.sv:301) [ASSERT FAILED] noOutstandingReqsAtEndOfSim_A
UVM_ERROR @         0 ps: (tlul_assert.sv:301) [ASSERT FAILED] noOutstandingReqsAtEndOfSim_A
UVM_ERROR @         0 ps: (tlul_assert.sv:301) [ASSERT FAILED] noOutstandingReqsAtEndOfSim_A
UVM_ERROR @         0 ps: (tlul_assert.sv:301) [ASSERT FAILED] noOutstandingReqsAtEndOfSim_A
UVM_ERROR @         0 ps: (tlul_assert.sv:301) [ASSERT FAILED] noOutstandingReqsAtEndOfSim_A
UVM_ERROR @         0 ps: (tlul_assert.sv:301) [ASSERT FAILED] noOutstandingReqsAtEndOfSim_A
UVM_ERROR @         0 ps: (tlul_assert.sv:301) [ASSERT FAILED] noOutstandingReqsAtEndOfSim_A
UVM_ERROR @         0 ps: (tlul_assert.sv:301) [ASSERT FAILED] noOutstandingReqsAtEndOfSim_A
UVM_ERROR @         0 ps: (tlul_assert.sv:301) [ASSERT FAILED] noOutstandingReqsAtEndOfSim_A
UVM_ERROR @         0 ps: (tlul_assert.sv:301) [ASSERT FAILED] noOutstandingReqsAtEndOfSim_A
UVM_ERROR @         0 ps: (tlul_assert.sv:301) [ASSERT FAILED] noOutstandingReqsAtEndOfSim_A
UVM_ERROR @         0 ps: (tlul_assert.sv:301) [ASSERT FAILED] noOutstandingReqsAtEndOfSim_A
UVM_ERROR @         0 ps: (tlul_assert.sv:301) [ASSERT FAILED] noOutstandingReqsAtEndOfSim_A
UVM_ERROR @         0 ps: (tlul_assert.sv:301) [ASSERT FAILED] noOutstandingReqsAtEndOfSim_A
UVM_ERROR @         0 ps: (tlul_assert.sv:301) [ASSERT FAILED] noOutstandingReqsAtEndOfSim_A
UVM_ERROR @         0 ps: (tlul_assert.sv:301) [ASSERT FAILED] noOutstandingReqsAtEndOfSim_A
UVM_ERROR @         0 ps: (tlul_assert.sv:301) [ASSERT FAILED] noOutstandingReqsAtEndOfSim_A
UVM_ERROR @         0 ps: (tlul_assert.sv:301) [ASSERT FAILED] noOutstandingReqsAtEndOfSim_A
UVM_ERROR @         0 ps: (tlul_assert.sv:301) [ASSERT FAILED] noOutstandingReqsAtEndOfSim_A
UVM_ERROR @         0 ps: (tlul_assert.sv:301) [ASSERT FAILED] noOutstandingReqsAtEndOfSim_A
UVM_ERROR @         0 ps: (tlul_assert.sv:301) [ASSERT FAILED] noOutstandingReqsAtEndOfSim_A
UVM_ERROR @         0 ps: (tlul_assert.sv:301) [ASSERT FAILED] noOutstandingReqsAtEndOfSim_A
UVM_ERROR @         0 ps: (tlul_assert.sv:301) [ASSERT FAILED] noOutstandingReqsAtEndOfSim_A
UVM_ERROR @         0 ps: (tlul_assert.sv:301) [ASSERT FAILED] noOutstandingReqsAtEndOfSim_A
UVM_ERROR @         0 ps: (tlul_assert.sv:301) [ASSERT FAILED] noOutstandingReqsAtEndOfSim_A
UVM_ERROR @         0 ps: (tlul_assert.sv:301) [ASSERT FAILED] noOutstandingReqsAtEndOfSim_A
UVM_ERROR @         0 ps: (tlul_assert.sv:301) [ASSERT FAILED] noOutstandingReqsAtEndOfSim_A
UVM_ERROR @         0 ps: (tlul_assert.sv:301) [ASSERT FAILED] noOutstandingReqsAtEndOfSim_A
UVM_ERROR @         0 ps: (tlul_assert.sv:301) [ASSERT FAILED] noOutstandingReqsAtEndOfSim_A
UVM_ERROR @         0 ps: (tlul_assert.sv:301) [ASSERT FAILED] noOutstandingReqsAtEndOfSim_A
UVM_ERROR @         0 ps: (tlul_assert.sv:301) [ASSERT FAILED] noOutstandingReqsAtEndOfSim_A
UVM_ERROR @         0 ps: (tlul_assert.sv:301) [ASSERT FAILED] noOutstandingReqsAtEndOfSim_A
UVM_ERROR @         0 ps: (tlul_assert.sv:301) [ASSERT FAILED] noOutstandingReqsAtEndOfSim_A
UVM_ERROR @         0 ps: (tlul_assert.sv:301) [ASSERT FAILED] noOutstandingReqsAtEndOfSim_A
UVM_ERROR @         0 ps: (tlul_assert.sv:301) [ASSERT FAILED] noOutstandingReqsAtEndOfSim_A
UVM_ERROR @         0 ps: (tlul_assert.sv:301) [ASSERT FAILED] noOutstandingReqsAtEndOfSim_A
UVM_ERROR @         0 ps: (tlul_assert.sv:301) [ASSERT FAILED] noOutstandingReqsAtEndOfSim_A
UVM_ERROR @         0 ps: (tlul_assert.sv:301) [ASSERT FAILED] noOutstandingReqsAtEndOfSim_A
UVM_ERROR @         0 ps: (tlul_assert.sv:301) [ASSERT FAILED] noOutstandingReqsAtEndOfSim_A
UVM_ERROR @         0 ps: (tlul_assert.sv:301) [ASSERT FAILED] noOutstandingReqsAtEndOfSim_A
UVM_ERROR @         0 ps: (tlul_assert.sv:301) [ASSERT FAILED] noOutstandingReqsAtEndOfSim_A
UVM_ERROR @         0 ps: (tlul_assert.sv:301) [ASSERT FAILED] noOutstandingReqsAtEndOfSim_A
UVM_ERROR @         0 ps: (tlul_assert.sv:301) [ASSERT FAILED] noOutstandingReqsAtEndOfSim_A
UVM_ERROR @         0 ps: (tlul_assert.sv:301) [ASSERT FAILED] noOutstandingReqsAtEndOfSim_A
UVM_ERROR @         0 ps: (tlul_assert.sv:301) [ASSERT FAILED] noOutstandingReqsAtEndOfSim_A
UVM_ERROR @         0 ps: (tlul_assert.sv:301) [ASSERT FAILED] noOutstandingReqsAtEndOfSim_A
UVM_ERROR @         0 ps: (tlul_assert.sv:301) [ASSERT FAILED] noOutstandingReqsAtEndOfSim_A
UVM_ERROR @         0 ps: (tlul_assert.sv:301) [ASSERT FAILED] noOutstandingReqsAtEndOfSim_A
UVM_ERROR @         0 ps: (tlul_assert.sv:301) [ASSERT FAILED] noOutstandingReqsAtEndOfSim_A
UVM_ERROR @         0 ps: (tlul_assert.sv:301) [ASSERT FAILED] noOutstandingReqsAtEndOfSim_A
UVM_ERROR @         0 ps: (tlul_assert.sv:301) [ASSERT FAILED] noOutstandingReqsAtEndOfSim_A
UVM_ERROR @         0 ps: (tlul_assert.sv:301) [ASSERT FAILED] noOutstandingReqsAtEndOfSim_A
UVM_ERROR @         0 ps: (tlul_assert.sv:301) [ASSERT FAILED] noOutstandingReqsAtEndOfSim_A
UVM_ERROR @         0 ps: (tlul_assert.sv:301) [ASSERT FAILED] noOutstandingReqsAtEndOfSim_A
UVM_ERROR @         0 ps: (tlul_assert.sv:301) [ASSERT FAILED] noOutstandingReqsAtEndOfSim_A
UVM_ERROR @         0 ps: (tlul_assert.sv:301) [ASSERT FAILED] noOutstandingReqsAtEndOfSim_A
UVM_ERROR @         0 ps: (tlul_assert.sv:301) [ASSERT FAILED] noOutstandingReqsAtEndOfSim_A
UVM_ERROR @         0 ps: (tlul_assert.sv:301) [ASSERT FAILED] noOutstandingReqsAtEndOfSim_A
UVM_ERROR @         0 ps: (tlul_assert.sv:301) [ASSERT FAILED] noOutstandingReqsAtEndOfSim_A
UVM_ERROR @         0 ps: (tlul_assert.sv:301) [ASSERT FAILED] noOutstandingReqsAtEndOfSim_A
UVM_ERROR @         0 ps: (tlul_assert.sv:301) [ASSERT FAILED] noOutstandingReqsAtEndOfSim_A
UVM_ERROR @         0 ps: (tlul_assert.sv:301) [ASSERT FAILED] noOutstandingReqsAtEndOfSim_A
UVM_ERROR @         0 ps: (tlul_assert.sv:301) [ASSERT FAILED] noOutstandingReqsAtEndOfSim_A
UVM_ERROR @         0 ps: (tlul_assert.sv:301) [ASSERT FAILED] noOutstandingReqsAtEndOfSim_A
UVM_ERROR @         0 ps: (tlul_assert.sv:301) [ASSERT FAILED] noOutstandingReqsAtEndOfSim_A
UVM_ERROR @         0 ps: (tlul_assert.sv:301) [ASSERT FAILED] noOutstandingReqsAtEndOfSim_A
UVM_ERROR @         0 ps: (tlul_assert.sv:301) [ASSERT FAILED] noOutstandingReqsAtEndOfSim_A
UVM_ERROR @         0 ps: (tlul_assert.sv:301) [ASSERT FAILED] noOutstandingReqsAtEndOfSim_A
UVM_ERROR @         0 ps: (tlul_assert.sv:301) [ASSERT FAILED] noOutstandingReqsAtEndOfSim_A
UVM_ERROR @         0 ps: (tlul_assert.sv:301) [ASSERT FAILED] noOutstandingReqsAtEndOfSim_A
UVM_ERROR @         0 ps: (tlul_assert.sv:301) [ASSERT FAILED] noOutstandingReqsAtEndOfSim_A
UVM_ERROR @         0 ps: (tlul_assert.sv:301) [ASSERT FAILED] noOutstandingReqsAtEndOfSim_A
UVM_ERROR @         0 ps: (tlul_assert.sv:301) [ASSERT FAILED] noOutstandingReqsAtEndOfSim_A
UVM_ERROR @         0 ps: (tlul_assert.sv:301) [ASSERT FAILED] noOutstandingReqsAtEndOfSim_A
UVM_ERROR @         0 ps: (tlul_assert.sv:301) [ASSERT FAILED] noOutstandingReqsAtEndOfSim_A
UVM_ERROR @         0 ps: (tlul_assert.sv:301) [ASSERT FAILED] noOutstandingReqsAtEndOfSim_A
UVM_ERROR @         0 ps: (tlul_assert.sv:301) [ASSERT FAILED] noOutstandingReqsAtEndOfSim_A
UVM_ERROR @         0 ps: (tlul_assert.sv:301) [ASSERT FAILED] noOutstandingReqsAtEndOfSim_A
UVM_ERROR @         0 ps: (tlul_assert.sv:301) [ASSERT FAILED] noOutstandingReqsAtEndOfSim_A
UVM_ERROR @         0 ps: (tlul_assert.sv:301) [ASSERT FAILED] noOutstandingReqsAtEndOfSim_A
UVM_ERROR @         0 ps: (tlul_assert.sv:301) [ASSERT FAILED] noOutstandingReqsAtEndOfSim_A
UVM_ERROR @         0 ps: (tlul_assert.sv:301) [ASSERT FAILED] noOutstandingReqsAtEndOfSim_A
UVM_ERROR @         0 ps: (tlul_assert.sv:301) [ASSERT FAILED] noOutstandingReqsAtEndOfSim_A
UVM_ERROR @         0 ps: (tlul_assert.sv:301) [ASSERT FAILED] noOutstandingReqsAtEndOfSim_A
UVM_ERROR @         0 ps: (tlul_assert.sv:301) [ASSERT FAILED] noOutstandingReqsAtEndOfSim_A
UVM_ERROR @         0 ps: (tlul_assert.sv:301) [ASSERT FAILED] noOutstandingReqsAtEndOfSim_A
UVM_ERROR @         0 ps: (tlul_assert.sv:301) [ASSERT FAILED] noOutstandingReqsAtEndOfSim_A
UVM_ERROR @         0 ps: (tlul_assert.sv:301) [ASSERT FAILED] noOutstandingReqsAtEndOfSim_A
UVM_ERROR @         0 ps: (tlul_assert.sv:301) [ASSERT FAILED] noOutstandingReqsAtEndOfSim_A
UVM_ERROR @         0 ps: (tlul_assert.sv:301) [ASSERT FAILED] noOutstandingReqsAtEndOfSim_A
UVM_ERROR @         0 ps: (tlul_assert.sv:301) [ASSERT FAILED] noOutstandingReqsAtEndOfSim_A
UVM_ERROR @         0 ps: (tlul_assert.sv:301) [ASSERT FAILED] noOutstandingReqsAtEndOfSim_A
UVM_ERROR @         0 ps: (tlul_assert.sv:301) [ASSERT FAILED] noOutstandingReqsAtEndOfSim_A
UVM_ERROR @         0 ps: (tlul_assert.sv:301) [ASSERT FAILED] noOutstandingReqsAtEndOfSim_A
UVM_ERROR @         0 ps: (tlul_assert.sv:301) [ASSERT FAILED] noOutstandingReqsAtEndOfSim_A
UVM_ERROR @         0 ps: (tlul_assert.sv:301) [ASSERT FAILED] noOutstandingReqsAtEndOfSim_A
UVM_ERROR @         0 ps: (tlul_assert.sv:301) [ASSERT FAILED] noOutstandingReqsAtEndOfSim_A
UVM_ERROR @         0 ps: (tlul_assert.sv:301) [ASSERT FAILED] noOutstandingReqsAtEndOfSim_A
UVM_ERROR @         0 ps: (tlul_assert.sv:301) [ASSERT FAILED] noOutstandingReqsAtEndOfSim_A
UVM_ERROR @         0 ps: (tlul_assert.sv:301) [ASSERT FAILED] noOutstandingReqsAtEndOfSim_A
UVM_ERROR @         0 ps: (tlul_assert.sv:301) [ASSERT FAILED] noOutstandingReqsAtEndOfSim_A
UVM_ERROR @         0 ps: (tlul_assert.sv:301) [ASSERT FAILED] noOutstandingReqsAtEndOfSim_A
UVM_ERROR @         0 ps: (tlul_assert.sv:301) [ASSERT FAILED] noOutstandingReqsAtEndOfSim_A
UVM_ERROR @         0 ps: (tlul_assert.sv:301) [ASSERT FAILED] noOutstandingReqsAtEndOfSim_A
UVM_ERROR @         0 ps: (tlul_assert.sv:301) [ASSERT FAILED] noOutstandingReqsAtEndOfSim_A
UVM_ERROR @         0 ps: (tlul_assert.sv:301) [ASSERT FAILED] noOutstandingReqsAtEndOfSim_A
UVM_ERROR @         0 ps: (tlul_assert.sv:301) [ASSERT FAILED] noOutstandingReqsAtEndOfSim_A
UVM_ERROR @         0 ps: (tlul_assert.sv:301) [ASSERT FAILED] noOutstandingReqsAtEndOfSim_A
UVM_ERROR @         0 ps: (tlul_assert.sv:301) [ASSERT FAILED] noOutstandingReqsAtEndOfSim_A
UVM_ERROR @         0 ps: (tlul_assert.sv:301) [ASSERT FAILED] noOutstandingReqsAtEndOfSim_A
UVM_ERROR @         0 ps: (tlul_assert.sv:301) [ASSERT FAILED] noOutstandingReqsAtEndOfSim_A
UVM_ERROR @         0 ps: (tlul_assert.sv:301) [ASSERT FAILED] noOutstandingReqsAtEndOfSim_A
UVM_ERROR @         0 ps: (tlul_assert.sv:301) [ASSERT FAILED] noOutstandingReqsAtEndOfSim_A
UVM_ERROR @         0 ps: (tlul_assert.sv:301) [ASSERT FAILED] noOutstandingReqsAtEndOfSim_A
UVM_ERROR @         0 ps: (tlul_assert.sv:301) [ASSERT FAILED] noOutstandingReqsAtEndOfSim_A
UVM_ERROR @         0 ps: (tlul_assert.sv:301) [ASSERT FAILED] noOutstandingReqsAtEndOfSim_A
UVM_ERROR @         0 ps: (tlul_assert.sv:301) [ASSERT FAILED] noOutstandingReqsAtEndOfSim_A
UVM_ERROR @         0 ps: (tlul_assert.sv:301) [ASSERT FAILED] noOutstandingReqsAtEndOfSim_A
UVM_ERROR @         0 ps: (tlul_assert.sv:301) [ASSERT FAILED] noOutstandingReqsAtEndOfSim_A
UVM_ERROR @         0 ps: (tlul_assert.sv:301) [ASSERT FAILED] noOutstandingReqsAtEndOfSim_A
UVM_ERROR @         0 ps: (tlul_assert.sv:301) [ASSERT FAILED] noOutstandingReqsAtEndOfSim_A
UVM_ERROR @         0 ps: (tlul_assert.sv:301) [ASSERT FAILED] noOutstandingReqsAtEndOfSim_A
UVM_ERROR @         0 ps: (tlul_assert.sv:301) [ASSERT FAILED] noOutstandingReqsAtEndOfSim_A
UVM_ERROR @         0 ps: (tlul_assert.sv:301) [ASSERT FAILED] noOutstandingReqsAtEndOfSim_A
UVM_ERROR @         0 ps: (tlul_assert.sv:301) [ASSERT FAILED] noOutstandingReqsAtEndOfSim_A
UVM_ERROR @         0 ps: (tlul_assert.sv:301) [ASSERT FAILED] noOutstandingReqsAtEndOfSim_A
UVM_ERROR @         0 ps: (tlul_assert.sv:301) [ASSERT FAILED] noOutstandingReqsAtEndOfSim_A
UVM_ERROR @         0 ps: (tlul_assert.sv:301) [ASSERT FAILED] noOutstandingReqsAtEndOfSim_A
UVM_ERROR @         0 ps: (tlul_assert.sv:301) [ASSERT FAILED] noOutstandingReqsAtEndOfSim_A
UVM_ERROR @         0 ps: (tlul_assert.sv:301) [ASSERT FAILED] noOutstandingReqsAtEndOfSim_A
UVM_ERROR @         0 ps: (tlul_assert.sv:301) [ASSERT FAILED] noOutstandingReqsAtEndOfSim_A
UVM_ERROR @         0 ps: (tlul_assert.sv:301) [ASSERT FAILED] noOutstandingReqsAtEndOfSim_A
UVM_ERROR @         0 ps: (tlul_assert.sv:301) [ASSERT FAILED] noOutstandingReqsAtEndOfSim_A
UVM_ERROR @         0 ps: (tlul_assert.sv:301) [ASSERT FAILED] noOutstandingReqsAtEndOfSim_A
UVM_ERROR @         0 ps: (tlul_assert.sv:301) [ASSERT FAILED] noOutstandingReqsAtEndOfSim_A
UVM_ERROR @         0 ps: (tlul_assert.sv:301) [ASSERT FAILED] noOutstandingReqsAtEndOfSim_A
UVM_ERROR @         0 ps: (tlul_assert.sv:301) [ASSERT FAILED] noOutstandingReqsAtEndOfSim_A
UVM_ERROR @         0 ps: (tlul_assert.sv:301) [ASSERT FAILED] noOutstandingReqsAtEndOfSim_A
UVM_ERROR @         0 ps: (tlul_assert.sv:301) [ASSERT FAILED] noOutstandingReqsAtEndOfSim_A
UVM_ERROR @         0 ps: (tlul_assert.sv:301) [ASSERT FAILED] noOutstandingReqsAtEndOfSim_A
UVM_ERROR @         0 ps: (tlul_assert.sv:301) [ASSERT FAILED] noOutstandingReqsAtEndOfSim_A
UVM_ERROR @         0 ps: (tlul_assert.sv:301) [ASSERT FAILED] noOutstandingReqsAtEndOfSim_A
UVM_ERROR @         0 ps: (tlul_assert.sv:301) [ASSERT FAILED] noOutstandingReqsAtEndOfSim_A
UVM_ERROR @         0 ps: (tlul_assert.sv:301) [ASSERT FAILED] noOutstandingReqsAtEndOfSim_A
UVM_ERROR @         0 ps: (tlul_assert.sv:301) [ASSERT FAILED] noOutstandingReqsAtEndOfSim_A
UVM_ERROR @         0 ps: (tlul_assert.sv:301) [ASSERT FAILED] noOutstandingReqsAtEndOfSim_A
UVM_ERROR @         0 ps: (tlul_assert.sv:301) [ASSERT FAILED] noOutstandingReqsAtEndOfSim_A
UVM_ERROR @         0 ps: (tlul_assert.sv:301) [ASSERT FAILED] noOutstandingReqsAtEndOfSim_A
UVM_ERROR @         0 ps: (tlul_assert.sv:301) [ASSERT FAILED] noOutstandingReqsAtEndOfSim_A
UVM_ERROR @         0 ps: (tlul_assert.sv:301) [ASSERT FAILED] noOutstandingReqsAtEndOfSim_A
UVM_ERROR @         0 ps: (tlul_assert.sv:301) [ASSERT FAILED] noOutstandingReqsAtEndOfSim_A
UVM_ERROR @         0 ps: (tlul_assert.sv:301) [ASSERT FAILED] noOutstandingReqsAtEndOfSim_A
UVM_ERROR @         0 ps: (tlul_assert.sv:301) [ASSERT FAILED] noOutstandingReqsAtEndOfSim_A
UVM_ERROR @         0 ps: (tlul_assert.sv:301) [ASSERT FAILED] noOutstandingReqsAtEndOfSim_A
UVM_ERROR @         0 ps: (tlul_assert.sv:301) [ASSERT FAILED] noOutstandingReqsAtEndOfSim_A
UVM_ERROR @         0 ps: (tlul_assert.sv:301) [ASSERT FAILED] noOutstandingReqsAtEndOfSim_A
UVM_ERROR @         0 ps: (tlul_assert.sv:301) [ASSERT FAILED] noOutstandingReqsAtEndOfSim_A
UVM_ERROR @         0 ps: (tlul_assert.sv:301) [ASSERT FAILED] noOutstandingReqsAtEndOfSim_A
UVM_ERROR @         0 ps: (tlul_assert.sv:301) [ASSERT FAILED] noOutstandingReqsAtEndOfSim_A
UVM_ERROR @         0 ps: (tlul_assert.sv:301) [ASSERT FAILED] noOutstandingReqsAtEndOfSim_A
UVM_ERROR @         0 ps: (tlul_assert.sv:301) [ASSERT FAILED] noOutstandingReqsAtEndOfSim_A
UVM_ERROR @         0 ps: (tlul_assert.sv:301) [ASSERT FAILED] noOutstandingReqsAtEndOfSim_A
UVM_ERROR @         0 ps: (tlul_assert.sv:301) [ASSERT FAILED] noOutstandingReqsAtEndOfSim_A
UVM_ERROR @         0 ps: (tlul_assert.sv:301) [ASSERT FAILED] noOutstandingReqsAtEndOfSim_A
UVM_ERROR @         0 ps: (tlul_assert.sv:301) [ASSERT FAILED] noOutstandingReqsAtEndOfSim_A
UVM_ERROR @         0 ps: (tlul_assert.sv:301) [ASSERT FAILED] noOutstandingReqsAtEndOfSim_A
UVM_ERROR @         0 ps: (tlul_assert.sv:301) [ASSERT FAILED] noOutstandingReqsAtEndOfSim_A
UVM_ERROR @         0 ps: (tlul_assert.sv:301) [ASSERT FAILED] noOutstandingReqsAtEndOfSim_A
UVM_ERROR @         0 ps: (tlul_assert.sv:301) [ASSERT FAILED] noOutstandingReqsAtEndOfSim_A
UVM_ERROR @         0 ps: (tlul_assert.sv:301) [ASSERT FAILED] noOutstandingReqsAtEndOfSim_A
UVM_ERROR @         0 ps: (tlul_assert.sv:301) [ASSERT FAILED] noOutstandingReqsAtEndOfSim_A
UVM_ERROR @         0 ps: (tlul_assert.sv:301) [ASSERT FAILED] noOutstandingReqsAtEndOfSim_A
UVM_ERROR @         0 ps: (tlul_assert.sv:301) [ASSERT FAILED] noOutstandingReqsAtEndOfSim_A
UVM_ERROR @         0 ps: (tlul_assert.sv:301) [ASSERT FAILED] noOutstandingReqsAtEndOfSim_A
UVM_ERROR @         0 ps: (tlul_assert.sv:301) [ASSERT FAILED] noOutstandingReqsAtEndOfSim_A
UVM_ERROR @         0 ps: (tlul_assert.sv:301) [ASSERT FAILED] noOutstandingReqsAtEndOfSim_A
UVM_ERROR @         0 ps: (tlul_assert.sv:301) [ASSERT FAILED] noOutstandingReqsAtEndOfSim_A
UVM_ERROR @         0 ps: (tlul_assert.sv:301) [ASSERT FAILED] noOutstandingReqsAtEndOfSim_A
UVM_ERROR @         0 ps: (tlul_assert.sv:301) [ASSERT FAILED] noOutstandingReqsAtEndOfSim_A
UVM_ERROR @         0 ps: (tlul_assert.sv:301) [ASSERT FAILED] noOutstandingReqsAtEndOfSim_A
UVM_ERROR @         0 ps: (tlul_assert.sv:301) [ASSERT FAILED] noOutstandingReqsAtEndOfSim_A
UVM_ERROR @         0 ps: (tlul_assert.sv:301) [ASSERT FAILED] noOutstandingReqsAtEndOfSim_A
UVM_ERROR @         0 ps: (tlul_assert.sv:301) [ASSERT FAILED] noOutstandingReqsAtEndOfSim_A
UVM_ERROR @         0 ps: (tlul_assert.sv:301) [ASSERT FAILED] noOutstandingReqsAtEndOfSim_A
UVM_ERROR @         0 ps: (tlul_assert.sv:301) [ASSERT FAILED] noOutstandingReqsAtEndOfSim_A
UVM_ERROR @         0 ps: (tlul_assert.sv:301) [ASSERT FAILED] noOutstandingReqsAtEndOfSim_A
UVM_ERROR @         0 ps: (tlul_assert.sv:301) [ASSERT FAILED] noOutstandingReqsAtEndOfSim_A
UVM_ERROR @         0 ps: (tlul_assert.sv:301) [ASSERT FAILED] noOutstandingReqsAtEndOfSim_A
UVM_ERROR @         0 ps: (tlul_assert.sv:301) [ASSERT FAILED] noOutstandingReqsAtEndOfSim_A
UVM_ERROR @         0 ps: (tlul_assert.sv:301) [ASSERT FAILED] noOutstandingReqsAtEndOfSim_A
UVM_ERROR @         0 ps: (tlul_assert.sv:301) [ASSERT FAILED] noOutstandingReqsAtEndOfSim_A
UVM_ERROR @         0 ps: (tlul_assert.sv:301) [ASSERT FAILED] noOutstandingReqsAtEndOfSim_A
UVM_ERROR @         0 ps: (tlul_assert.sv:301) [ASSERT FAILED] noOutstandingReqsAtEndOfSim_A
UVM_ERROR @         0 ps: (tlul_assert.sv:301) [ASSERT FAILED] noOutstandingReqsAtEndOfSim_A
UVM_ERROR @         0 ps: (tlul_assert.sv:301) [ASSERT FAILED] noOutstandingReqsAtEndOfSim_A
UVM_ERROR @         0 ps: (tlul_assert.sv:301) [ASSERT FAILED] noOutstandingReqsAtEndOfSim_A
UVM_ERROR @         0 ps: (tlul_assert.sv:301) [ASSERT FAILED] noOutstandingReqsAtEndOfSim_A
UVM_ERROR @         0 ps: (tlul_assert.sv:301) [ASSERT FAILED] noOutstandingReqsAtEndOfSim_A
UVM_ERROR @         0 ps: (tlul_assert.sv:301) [ASSERT FAILED] noOutstandingReqsAtEndOfSim_A
UVM_ERROR @         0 ps: (tlul_assert.sv:301) [ASSERT FAILED] noOutstandingReqsAtEndOfSim_A
UVM_ERROR @         0 ps: (tlul_assert.sv:301) [ASSERT FAILED] noOutstandingReqsAtEndOfSim_A
UVM_ERROR @         0 ps: (tlul_assert.sv:301) [ASSERT FAILED] noOutstandingReqsAtEndOfSim_A
UVM_ERROR @         0 ps: (tlul_assert.sv:301) [ASSERT FAILED] noOutstandingReqsAtEndOfSim_A
UVM_ERROR @         0 ps: (tlul_assert.sv:301) [ASSERT FAILED] noOutstandingReqsAtEndOfSim_A
UVM_ERROR @         0 ps: (tlul_assert.sv:301) [ASSERT FAILED] noOutstandingReqsAtEndOfSim_A
UVM_ERROR @         0 ps: (tlul_assert.sv:301) [ASSERT FAILED] noOutstandingReqsAtEndOfSim_A
UVM_ERROR @         0 ps: (tlul_assert.sv:301) [ASSERT FAILED] noOutstandingReqsAtEndOfSim_A
UVM_ERROR @         0 ps: (tlul_assert.sv:301) [ASSERT FAILED] noOutstandingReqsAtEndOfSim_A
UVM_ERROR @         0 ps: (tlul_assert.sv:301) [ASSERT FAILED] noOutstandingReqsAtEndOfSim_A
UVM_ERROR @         0 ps: (tlul_assert.sv:301) [ASSERT FAILED] noOutstandingReqsAtEndOfSim_A
UVM_ERROR @         0 ps: (tlul_assert.sv:301) [ASSERT FAILED] noOutstandingReqsAtEndOfSim_A
UVM_ERROR @         0 ps: (tlul_assert.sv:301) [ASSERT FAILED] noOutstandingReqsAtEndOfSim_A
UVM_ERROR @         0 ps: (tlul_assert.sv:301) [ASSERT FAILED] noOutstandingReqsAtEndOfSim_A
UVM_ERROR @         0 ps: (tlul_assert.sv:301) [ASSERT FAILED] noOutstandingReqsAtEndOfSim_A
UVM_ERROR @         0 ps: (tlul_assert.sv:301) [ASSERT FAILED] noOutstandingReqsAtEndOfSim_A
UVM_ERROR @         0 ps: (tlul_assert.sv:301) [ASSERT FAILED] noOutstandingReqsAtEndOfSim_A
UVM_ERROR @         0 ps: (tlul_assert.sv:301) [ASSERT FAILED] noOutstandingReqsAtEndOfSim_A
UVM_ERROR @         0 ps: (tlul_assert.sv:301) [ASSERT FAILED] noOutstandingReqsAtEndOfSim_A
UVM_ERROR @         0 ps: (tlul_assert.sv:301) [ASSERT FAILED] noOutstandingReqsAtEndOfSim_A
UVM_ERROR @         0 ps: (tlul_assert.sv:301) [ASSERT FAILED] noOutstandingReqsAtEndOfSim_A
UVM_ERROR @         0 ps: (tlul_assert.sv:301) [ASSERT FAILED] noOutstandingReqsAtEndOfSim_A
UVM_ERROR @         0 ps: (tlul_assert.sv:301) [ASSERT FAILED] noOutstandingReqsAtEndOfSim_A
UVM_ERROR @         0 ps: (tlul_assert.sv:301) [ASSERT FAILED] noOutstandingReqsAtEndOfSim_A
UVM_ERROR @         0 ps: (tlul_assert.sv:301) [ASSERT FAILED] noOutstandingReqsAtEndOfSim_A
UVM_ERROR @         0 ps: (tlul_assert.sv:301) [ASSERT FAILED] noOutstandingReqsAtEndOfSim_A
UVM_ERROR @         0 ps: (tlul_assert.sv:301) [ASSERT FAILED] noOutstandingReqsAtEndOfSim_A
UVM_ERROR @         0 ps: (tlul_assert.sv:301) [ASSERT FAILED] noOutstandingReqsAtEndOfSim_A
UVM_ERROR @         0 ps: (tlul_assert.sv:301) [ASSERT FAILED] noOutstandingReqsAtEndOfSim_A
UVM_ERROR @         0 ps: (tlul_assert.sv:301) [ASSERT FAILED] noOutstandingReqsAtEndOfSim_A
