=== focused legacy ivtest: regress-vif-class-nested-value-focus-legacy.list ===
Running compiler/VVP tests for Icarus Verilog version: 13.
----------------------------------------------------------------------------
            sv_vif_nested_clocking_event_hidden_child_fail: Passed - CE.
       sv_vif_nested_clocking_event_hidden_child_fail_2023: Passed - CE.
                 sv_vif_nested_clocking_event_missing_fail: Passed - CE.
            sv_vif_nested_clocking_event_missing_fail_2023: Passed - CE.
             sv_vif_nested_clocking_event_null_parent_fail: Passed - RE.
        sv_vif_nested_clocking_event_null_parent_fail_2023: Passed - RE.
                       sv_vif_nested_clocking_event_rebind: Passed.
                  sv_vif_nested_clocking_event_rebind_2023: Passed.
                         sv_vif_class_nested_value_handoff: Passed.
                    sv_vif_class_nested_value_handoff_2023: Passed.
                    sv_vif_class_nested_value_missing_fail: Passed - CE.
               sv_vif_class_nested_value_missing_fail_2023: Passed - CE.
                 sv_vif_class_nested_value_wrong_type_fail: Passed - CE.
            sv_vif_class_nested_value_wrong_type_fail_2023: Passed - CE.
              sv_vif_class_nested_value_wrong_modport_fail: Passed - CE.
         sv_vif_class_nested_value_wrong_modport_fail_2023: Passed - CE.
                       sv_vif_class_nested_value_null_fail: Passed - RE.
                  sv_vif_class_nested_value_null_fail_2023: Passed - RE.
           sv_vif_class_nested_value_null_no_instance_fail: Passed - RE.
      sv_vif_class_nested_value_null_no_instance_fail_2023: Passed - RE.
     sv_vif_class_nested_value_no_instance_wrong_type_fail: Passed - CE.
sv_vif_class_nested_value_no_instance_wrong_type_fail_2023: Passed - CE.
============================================================================
Test results:
  Total=22, Passed=22, Failed=0, Not Implemented=0, Expected Fail=0

=== focused JSON/VVP ivtest: regress-vif-class-nested-value-focus-vvp.list ===
Running compiler/VVP tests for Icarus Verilog version: 13
Using list(s): regress-vif-class-nested-value-focus-vvp.list
----------------------------------------------------------------------------
                         sv_vif_class_nested_value_handoff: Passed.
                    sv_vif_class_nested_value_handoff_2023: Passed.
                    sv_vif_class_nested_value_missing_fail: Passed - CE.
               sv_vif_class_nested_value_missing_fail_2023: Passed - CE.
     sv_vif_class_nested_value_no_instance_wrong_type_fail: Passed - CE.
sv_vif_class_nested_value_no_instance_wrong_type_fail_2023: Passed - CE.
                       sv_vif_class_nested_value_null_fail: Passed.
                  sv_vif_class_nested_value_null_fail_2023: Passed.
           sv_vif_class_nested_value_null_no_instance_fail: Passed.
      sv_vif_class_nested_value_null_no_instance_fail_2023: Passed.
              sv_vif_class_nested_value_wrong_modport_fail: Passed - CE.
         sv_vif_class_nested_value_wrong_modport_fail_2023: Passed - CE.
                 sv_vif_class_nested_value_wrong_type_fail: Passed - CE.
            sv_vif_class_nested_value_wrong_type_fail_2023: Passed - CE.
            sv_vif_nested_clocking_event_hidden_child_fail: Passed - CE.
       sv_vif_nested_clocking_event_hidden_child_fail_2023: Passed - CE.
                 sv_vif_nested_clocking_event_missing_fail: Passed - CE.
            sv_vif_nested_clocking_event_missing_fail_2023: Passed - CE.
             sv_vif_nested_clocking_event_null_parent_fail: Passed.
        sv_vif_nested_clocking_event_null_parent_fail_2023: Passed.
                       sv_vif_nested_clocking_event_rebind: Passed.
                  sv_vif_nested_clocking_event_rebind_2023: Passed.
============================================================================
Test results: Ran 22, Failed 0.
