OpenTitan FuseSoC setup
command: /Users/danielellerbrock/projects/iverilog_uvm/evidence/arm64-tooling/opentitan-python313/bin/fusesoc --cores-root=/private/tmp/ot-corpus-current-spid-passthrough-20261003/source --cores-root=/private/tmp/pi/iverilog-uvm-ibex-profile-check-20261006/build/matrix-provider-cores/source-overrides run --target=sim --tool=icarus --setup --build-root=/private/tmp/pi/iverilog-uvm-ibex-profile-check-20261006/build/rtl/lowrisc_ibex_tb_cs_registers_0 lowrisc:ibex:tb_cs_registers:0
returncode: 0
duration_seconds: 1.215

INFO: Preparing lowrisc:dv:dv_fcov_macros:0
INFO: Preparing lowrisc:ibex:ibex_pkg:0.1
INFO: Preparing lowrisc:prim:assert:0.1
INFO: Preparing lowrisc:prim:cipher_pkg:0.1
INFO: Preparing lowrisc:prim:primgen:0.1
INFO: Preparing lowrisc:prim:secded:0.1
INFO: Preparing lowrisc:tool:check_tool_requirements:0.1
INFO: Preparing lowrisc:ibex:ibex_icache:0.1
INFO: Preparing lowrisc:prim:lfsr:0.1
INFO: Preparing lowrisc:prim:prim_pkg:0.1
INFO: Preparing lowrisc:prim:buf:0
INFO: Preparing lowrisc:prim:clock_gating:0
INFO: Preparing lowrisc:prim:flop:0
INFO: Preparing lowrisc:prim:flop_2sync:0
INFO: Preparing lowrisc:prim:mubi:0.1
INFO: Preparing lowrisc:ibex:ibex_core:0.1
INFO: Preparing lowrisc:ibex:tb_cs_registers:0
INFO: Generating lowrisc:prim:prim_pkg-impl:0.1
Creating prim_pkg.sv
Core file written to prim_pkg.core.
INFO: Generating lowrisc:prim:buf-impl:0
Implementations for primitive buf: xilinx_ultrascale, xilinx, generic
Inspecting generic module /private/tmp/ot-corpus-current-spid-passthrough-20261003/source/hw/ip/prim_generic/rtl/prim_generic_buf.sv
[Errno 2] No such file or directory: 'verible-verilog-syntax'
Verible parser failed, using regex fallback instead.
Creating SystemVerilog module for abstract primitive
Abstract primitive written to /private/var/folders/kt/49lpgwld33s6v4r2xn718tkh0000gn/T/lowrisc_prim_buf-impl_0f6kqam50/prim_buf.sv
Creating core file for primitive buf.
Core file written to /private/var/folders/kt/49lpgwld33s6v4r2xn718tkh0000gn/T/lowrisc_prim_buf-impl_0f6kqam50/prim_buf.core
INFO: Generating lowrisc:prim:clock_gating-impl:0
Implementations for primitive clock_gating: generic, xilinx_ultrascale, xilinx
Inspecting generic module /private/tmp/ot-corpus-current-spid-passthrough-20261003/source/hw/ip/prim_generic/rtl/prim_generic_clock_gating.sv
[Errno 2] No such file or directory: 'verible-verilog-syntax'
Verible parser failed, using regex fallback instead.
Creating SystemVerilog module for abstract primitive
Abstract primitive written to /private/var/folders/kt/49lpgwld33s6v4r2xn718tkh0000gn/T/lowrisc_prim_clock_gating-impl_0_ktic8ee/prim_clock_gating.sv
Creating core file for primitive clock_gating.
Core file written to /private/var/folders/kt/49lpgwld33s6v4r2xn718tkh0000gn/T/lowrisc_prim_clock_gating-impl_0_ktic8ee/prim_clock_gating.core
INFO: Generating lowrisc:prim:flop-impl:0
Implementations for primitive flop: generic, xilinx_ultrascale, xilinx
Inspecting generic module /private/tmp/ot-corpus-current-spid-passthrough-20261003/source/hw/ip/prim_generic/rtl/prim_generic_flop.sv
[Errno 2] No such file or directory: 'verible-verilog-syntax'
Verible parser failed, using regex fallback instead.
Creating SystemVerilog module for abstract primitive
Abstract primitive written to /private/var/folders/kt/49lpgwld33s6v4r2xn718tkh0000gn/T/lowrisc_prim_flop-impl_0gkrn7gmr/prim_flop.sv
Creating core file for primitive flop.
Core file written to /private/var/folders/kt/49lpgwld33s6v4r2xn718tkh0000gn/T/lowrisc_prim_flop-impl_0gkrn7gmr/prim_flop.core
INFO: Generating lowrisc:prim:flop_2sync-impl:0
Implementations for primitive flop_2sync: generic
Inspecting generic module /private/tmp/ot-corpus-current-spid-passthrough-20261003/source/hw/ip/prim_generic/rtl/prim_generic_flop_2sync.sv
[Errno 2] No such file or directory: 'verible-verilog-syntax'
Verible parser failed, using regex fallback instead.
Creating SystemVerilog module for abstract primitive
Abstract primitive written to /private/var/folders/kt/49lpgwld33s6v4r2xn718tkh0000gn/T/lowrisc_prim_flop_2sync-impl_0i_bw0vzl/prim_flop_2sync.sv
Creating core file for primitive flop_2sync.
Core file written to /private/var/folders/kt/49lpgwld33s6v4r2xn718tkh0000gn/T/lowrisc_prim_flop_2sync-impl_0i_bw0vzl/prim_flop_2sync.core
INFO: Wrote dependency graph to /private/tmp/pi/iverilog-uvm-ibex-profile-check-20261006/build/rtl/lowrisc_ibex_tb_cs_registers_0/sim-icarus/lowrisc_ibex_tb_cs_registers_0.deps-after-generators.dot
INFO: Setting up project
WARNING: This backend is deprecated and will eventually be removed. Please migrate to the flow API instead.  See https://edalize.readthedocs.io/en/latest/ref/migrations.html#migrating-from-the-tool-api-to-the-flow-api for more details.

