../src/lowrisc_dv_dv_utils_0/dv_utils_pkg.sv:205: Warning: Calling system function $system() as a task.
../src/lowrisc_dv_dv_utils_0/dv_utils_pkg.sv:205:          The functions return value will be ignored.
trace z3-solve: begin class=push_pull_agent_cfg props=35 constraints=9 extra=0 slots=0 dyn=0
trace z3-solve: check class=push_pull_agent_cfg vars=9 soft=4 dist=5
trace z3-solve: end class=push_pull_agent_cfg result=1
trace z3-solve: begin class=otp_ctrl_env_cfg props=63 constraints=4 extra=0 slots=0 dyn=0
trace z3-solve: check class=otp_ctrl_env_cfg vars=84 soft=32 dist=49
trace z3-solve: end class=otp_ctrl_env_cfg result=1
trace z3-solve: begin class=otp_ctrl_env_cfg props=63 constraints=4 extra=0 slots=0 dyn=1
ERROR: global constraint sampling failed: a joint distribution has an unresolved random guard.
tb.dut.u_otp_ctrl_lfsr_timer.u_prim_double_lfsr.gen_double_lfsr[0].u_prim_lfsr.p_randomize_default_seed: DefaultSeed = 0x453d28ea98, DefaultSeedLocal = 0xd1bb3b6c98
tb.dut.u_otp_ctrl_lfsr_timer.u_prim_double_lfsr.gen_double_lfsr[1].u_prim_lfsr.p_randomize_default_seed: DefaultSeed = 0x453d28ea98, DefaultSeedLocal = 0xc890a3bd43
tb.dut.u_otp_ctrl_lfsr_timer.u_prim_double_lfsr.p_sync_lfsr_default_seed: Updated gen_double_lfsr[1].u_prim_lfsr.DefaultSeedLocal = 0xd1bb3b6c98
UVM_INFO @ 0 ps: reporter [RNTST] Running test  (via factory override for test "otp_ctrl_base_test")...
UVM_FATAL @         0 ps: (dv_base_test.sv:41) [uvm_test_top] Check failed (cfg.randomize()) Randomization failed! 
UVM_INFO @         0 ps: (uvm_report_catcher.svh:705) [UVM/REPORT/CATCHER] 
--- UVM Report catcher Summary ---


Number of demoted UVM_FATAL reports  :    0
Number of demoted UVM_ERROR reports  :    0
Number of demoted UVM_WARNING reports:    0
Number of caught UVM_FATAL reports   :    0
Number of caught UVM_ERROR reports   :    0
Number of caught UVM_WARNING reports :    0

UVM_INFO @         0 ps: (uvm_report_server.svh:847) [UVM/REPORT/SERVER] 
--- UVM Report Summary ---

** Report counts by severity
UVM_INFO :    2
UVM_WARNING :    0
UVM_ERROR :    0
UVM_FATAL :    1
** Report counts by id
[RNTST]     1
[UVM/REPORT/CATCHER]     1
[uvm_test_top]     1


TEST FAILED CHECKS
 _____         _      __       _ _          _ _ 
|_   _|__  ___| |_   / _| __ _(_) | ___  __| | |
  | |/ _ \/ __| __| | |_ / _` | | |/ _ \/ _` | |
  | |  __/\__ \ |_  |  _| (_| | | |  __/ (_| |_|
  |_|\___||___/\__| |_|  \__,_|_|_|\___|\__,_(_)

/Users/danielellerbrock/projects/iverilog_uvm/iverilog-uvm-campaign-20260908/third_party/uvm-releases/sources/1.2/uvm-1.2/src/base/uvm_root.svh:135: $finish called at 0 (1ps)
UVM_ERROR @         0 ps: (tlul_assert.sv:301) [ASSERT FAILED] noOutstandingReqsAtEndOfSim_A
UVM_ERROR @         0 ps: (tlul_assert.sv:301) [ASSERT FAILED] noOutstandingReqsAtEndOfSim_A
UVM_ERROR @         0 ps: (tlul_assert.sv:301) [ASSERT FAILED] noOutstandingReqsAtEndOfSim_A
UVM_ERROR @         0 ps: (tlul_assert.sv:301) [ASSERT FAILED] noOutstandingReqsAtEndOfSim_A
UVM_ERROR @         0 ps: (tlul_assert.sv:301) [ASSERT FAILED] noOutstandingReqsAtEndOfSim_A
UVM_ERROR @         0 ps: (tlul_assert.sv:301) [ASSERT FAILED] noOutstandingReqsAtEndOfSim_A
UVM_ERROR @         0 ps: (tlul_assert.sv:301) [ASSERT FAILED] noOutstandingReqsAtEndOfSim_A
UVM_ERROR @         0 ps: (tlul_assert.sv:301) [ASSERT FAILED] noOutstandingReqsAtEndOfSim_A
UVM_ERROR @         0 ps: (tlul_assert.sv:301) [ASSERT FAILED] noOutstandingReqsAtEndOfSim_A
UVM_ERROR @         0 ps: (tlul_assert.sv:301) [ASSERT FAILED] noOutstandingReqsAtEndOfSim_A
UVM_ERROR @         0 ps: (tlul_assert.sv:301) [ASSERT FAILED] noOutstandingReqsAtEndOfSim_A
UVM_ERROR @         0 ps: (tlul_assert.sv:301) [ASSERT FAILED] noOutstandingReqsAtEndOfSim_A
UVM_ERROR @         0 ps: (tlul_assert.sv:301) [ASSERT FAILED] noOutstandingReqsAtEndOfSim_A
UVM_ERROR @         0 ps: (tlul_assert.sv:301) [ASSERT FAILED] noOutstandingReqsAtEndOfSim_A
UVM_ERROR @         0 ps: (tlul_assert.sv:301) [ASSERT FAILED] noOutstandingReqsAtEndOfSim_A
UVM_ERROR @         0 ps: (tlul_assert.sv:301) [ASSERT FAILED] noOutstandingReqsAtEndOfSim_A
UVM_ERROR @         0 ps: (tlul_assert.sv:301) [ASSERT FAILED] noOutstandingReqsAtEndOfSim_A
UVM_ERROR @         0 ps: (tlul_assert.sv:301) [ASSERT FAILED] noOutstandingReqsAtEndOfSim_A
UVM_ERROR @         0 ps: (tlul_assert.sv:301) [ASSERT FAILED] noOutstandingReqsAtEndOfSim_A
UVM_ERROR @         0 ps: (tlul_assert.sv:301) [ASSERT FAILED] noOutstandingReqsAtEndOfSim_A
UVM_ERROR @         0 ps: (tlul_assert.sv:301) [ASSERT FAILED] noOutstandingReqsAtEndOfSim_A
UVM_ERROR @         0 ps: (tlul_assert.sv:301) [ASSERT FAILED] noOutstandingReqsAtEndOfSim_A
UVM_ERROR @         0 ps: (tlul_assert.sv:301) [ASSERT FAILED] noOutstandingReqsAtEndOfSim_A
UVM_ERROR @         0 ps: (tlul_assert.sv:301) [ASSERT FAILED] noOutstandingReqsAtEndOfSim_A
UVM_ERROR @         0 ps: (tlul_assert.sv:301) [ASSERT FAILED] noOutstandingReqsAtEndOfSim_A
UVM_ERROR @         0 ps: (tlul_assert.sv:301) [ASSERT FAILED] noOutstandingReqsAtEndOfSim_A
UVM_ERROR @         0 ps: (tlul_assert.sv:301) [ASSERT FAILED] noOutstandingReqsAtEndOfSim_A
UVM_ERROR @         0 ps: (tlul_assert.sv:301) [ASSERT FAILED] noOutstandingReqsAtEndOfSim_A
UVM_ERROR @         0 ps: (tlul_assert.sv:301) [ASSERT FAILED] noOutstandingReqsAtEndOfSim_A
UVM_ERROR @         0 ps: (tlul_assert.sv:301) [ASSERT FAILED] noOutstandingReqsAtEndOfSim_A
UVM_ERROR @         0 ps: (tlul_assert.sv:301) [ASSERT FAILED] noOutstandingReqsAtEndOfSim_A
UVM_ERROR @         0 ps: (tlul_assert.sv:301) [ASSERT FAILED] noOutstandingReqsAtEndOfSim_A
UVM_ERROR @         0 ps: (tlul_assert.sv:301) [ASSERT FAILED] noOutstandingReqsAtEndOfSim_A
UVM_ERROR @         0 ps: (tlul_assert.sv:301) [ASSERT FAILED] noOutstandingReqsAtEndOfSim_A
UVM_ERROR @         0 ps: (tlul_assert.sv:301) [ASSERT FAILED] noOutstandingReqsAtEndOfSim_A
UVM_ERROR @         0 ps: (tlul_assert.sv:301) [ASSERT FAILED] noOutstandingReqsAtEndOfSim_A
UVM_ERROR @         0 ps: (tlul_assert.sv:301) [ASSERT FAILED] noOutstandingReqsAtEndOfSim_A
UVM_ERROR @         0 ps: (tlul_assert.sv:301) [ASSERT FAILED] noOutstandingReqsAtEndOfSim_A
UVM_ERROR @         0 ps: (tlul_assert.sv:301) [ASSERT FAILED] noOutstandingReqsAtEndOfSim_A
UVM_ERROR @         0 ps: (tlul_assert.sv:301) [ASSERT FAILED] noOutstandingReqsAtEndOfSim_A
UVM_ERROR @         0 ps: (tlul_assert.sv:301) [ASSERT FAILED] noOutstandingReqsAtEndOfSim_A
UVM_ERROR @         0 ps: (tlul_assert.sv:301) [ASSERT FAILED] noOutstandingReqsAtEndOfSim_A
UVM_ERROR @         0 ps: (tlul_assert.sv:301) [ASSERT FAILED] noOutstandingReqsAtEndOfSim_A
UVM_ERROR @         0 ps: (tlul_assert.sv:301) [ASSERT FAILED] noOutstandingReqsAtEndOfSim_A
UVM_ERROR @         0 ps: (tlul_assert.sv:301) [ASSERT FAILED] noOutstandingReqsAtEndOfSim_A
UVM_ERROR @         0 ps: (tlul_assert.sv:301) [ASSERT FAILED] noOutstandingReqsAtEndOfSim_A
UVM_ERROR @         0 ps: (tlul_assert.sv:301) [ASSERT FAILED] noOutstandingReqsAtEndOfSim_A
UVM_ERROR @         0 ps: (tlul_assert.sv:301) [ASSERT FAILED] noOutstandingReqsAtEndOfSim_A
UVM_ERROR @         0 ps: (tlul_assert.sv:301) [ASSERT FAILED] noOutstandingReqsAtEndOfSim_A
UVM_ERROR @         0 ps: (tlul_assert.sv:301) [ASSERT FAILED] noOutstandingReqsAtEndOfSim_A
UVM_ERROR @         0 ps: (tlul_assert.sv:301) [ASSERT FAILED] noOutstandingReqsAtEndOfSim_A
UVM_ERROR @         0 ps: (tlul_assert.sv:301) [ASSERT FAILED] noOutstandingReqsAtEndOfSim_A
UVM_ERROR @         0 ps: (tlul_assert.sv:301) [ASSERT FAILED] noOutstandingReqsAtEndOfSim_A
UVM_ERROR @         0 ps: (tlul_assert.sv:301) [ASSERT FAILED] noOutstandingReqsAtEndOfSim_A
UVM_ERROR @         0 ps: (tlul_assert.sv:301) [ASSERT FAILED] noOutstandingReqsAtEndOfSim_A
UVM_ERROR @         0 ps: (tlul_assert.sv:301) [ASSERT FAILED] noOutstandingReqsAtEndOfSim_A
UVM_ERROR @         0 ps: (tlul_assert.sv:301) [ASSERT FAILED] noOutstandingReqsAtEndOfSim_A
UVM_ERROR @         0 ps: (tlul_assert.sv:301) [ASSERT FAILED] noOutstandingReqsAtEndOfSim_A
UVM_ERROR @         0 ps: (tlul_assert.sv:301) [ASSERT FAILED] noOutstandingReqsAtEndOfSim_A
UVM_ERROR @         0 ps: (tlul_assert.sv:301) [ASSERT FAILED] noOutstandingReqsAtEndOfSim_A
UVM_ERROR @         0 ps: (tlul_assert.sv:301) [ASSERT FAILED] noOutstandingReqsAtEndOfSim_A
UVM_ERROR @         0 ps: (tlul_assert.sv:301) [ASSERT FAILED] noOutstandingReqsAtEndOfSim_A
UVM_ERROR @         0 ps: (tlul_assert.sv:301) [ASSERT FAILED] noOutstandingReqsAtEndOfSim_A
UVM_ERROR @         0 ps: (tlul_assert.sv:301) [ASSERT FAILED] noOutstandingReqsAtEndOfSim_A
UVM_ERROR @         0 ps: (tlul_assert.sv:301) [ASSERT FAILED] noOutstandingReqsAtEndOfSim_A
UVM_ERROR @         0 ps: (tlul_assert.sv:301) [ASSERT FAILED] noOutstandingReqsAtEndOfSim_A
UVM_ERROR @         0 ps: (tlul_assert.sv:301) [ASSERT FAILED] noOutstandingReqsAtEndOfSim_A
UVM_ERROR @         0 ps: (tlul_assert.sv:301) [ASSERT FAILED] noOutstandingReqsAtEndOfSim_A
UVM_ERROR @         0 ps: (tlul_assert.sv:301) [ASSERT FAILED] noOutstandingReqsAtEndOfSim_A
UVM_ERROR @         0 ps: (tlul_assert.sv:301) [ASSERT FAILED] noOutstandingReqsAtEndOfSim_A
UVM_ERROR @         0 ps: (tlul_assert.sv:301) [ASSERT FAILED] noOutstandingReqsAtEndOfSim_A
UVM_ERROR @         0 ps: (tlul_assert.sv:301) [ASSERT FAILED] noOutstandingReqsAtEndOfSim_A
UVM_ERROR @         0 ps: (tlul_assert.sv:301) [ASSERT FAILED] noOutstandingReqsAtEndOfSim_A
UVM_ERROR @         0 ps: (tlul_assert.sv:301) [ASSERT FAILED] noOutstandingReqsAtEndOfSim_A
UVM_ERROR @         0 ps: (tlul_assert.sv:301) [ASSERT FAILED] noOutstandingReqsAtEndOfSim_A
UVM_ERROR @         0 ps: (tlul_assert.sv:301) [ASSERT FAILED] noOutstandingReqsAtEndOfSim_A
UVM_ERROR @         0 ps: (tlul_assert.sv:301) [ASSERT FAILED] noOutstandingReqsAtEndOfSim_A
UVM_ERROR @         0 ps: (tlul_assert.sv:301) [ASSERT FAILED] noOutstandingReqsAtEndOfSim_A
UVM_ERROR @         0 ps: (tlul_assert.sv:301) [ASSERT FAILED] noOutstandingReqsAtEndOfSim_A
UVM_ERROR @         0 ps: (tlul_assert.sv:301) [ASSERT FAILED] noOutstandingReqsAtEndOfSim_A
UVM_ERROR @         0 ps: (tlul_assert.sv:301) [ASSERT FAILED] noOutstandingReqsAtEndOfSim_A
UVM_ERROR @         0 ps: (tlul_assert.sv:301) [ASSERT FAILED] noOutstandingReqsAtEndOfSim_A
UVM_ERROR @         0 ps: (tlul_assert.sv:301) [ASSERT FAILED] noOutstandingReqsAtEndOfSim_A
UVM_ERROR @         0 ps: (tlul_assert.sv:301) [ASSERT FAILED] noOutstandingReqsAtEndOfSim_A
UVM_ERROR @         0 ps: (tlul_assert.sv:301) [ASSERT FAILED] noOutstandingReqsAtEndOfSim_A
UVM_ERROR @         0 ps: (tlul_assert.sv:301) [ASSERT FAILED] noOutstandingReqsAtEndOfSim_A
UVM_ERROR @         0 ps: (tlul_assert.sv:301) [ASSERT FAILED] noOutstandingReqsAtEndOfSim_A
UVM_ERROR @         0 ps: (tlul_assert.sv:301) [ASSERT FAILED] noOutstandingReqsAtEndOfSim_A
UVM_ERROR @         0 ps: (tlul_assert.sv:301) [ASSERT FAILED] noOutstandingReqsAtEndOfSim_A
UVM_ERROR @         0 ps: (tlul_assert.sv:301) [ASSERT FAILED] noOutstandingReqsAtEndOfSim_A
UVM_ERROR @         0 ps: (tlul_assert.sv:301) [ASSERT FAILED] noOutstandingReqsAtEndOfSim_A
UVM_ERROR @         0 ps: (tlul_assert.sv:301) [ASSERT FAILED] noOutstandingReqsAtEndOfSim_A
UVM_ERROR @         0 ps: (tlul_assert.sv:301) [ASSERT FAILED] noOutstandingReqsAtEndOfSim_A
UVM_ERROR @         0 ps: (tlul_assert.sv:301) [ASSERT FAILED] noOutstandingReqsAtEndOfSim_A
UVM_ERROR @         0 ps: (tlul_assert.sv:301) [ASSERT FAILED] noOutstandingReqsAtEndOfSim_A
UVM_ERROR @         0 ps: (tlul_assert.sv:301) [ASSERT FAILED] noOutstandingReqsAtEndOfSim_A
UVM_ERROR @         0 ps: (tlul_assert.sv:301) [ASSERT FAILED] noOutstandingReqsAtEndOfSim_A
UVM_ERROR @         0 ps: (tlul_assert.sv:301) [ASSERT FAILED] noOutstandingReqsAtEndOfSim_A
UVM_ERROR @         0 ps: (tlul_assert.sv:301) [ASSERT FAILED] noOutstandingReqsAtEndOfSim_A
UVM_ERROR @         0 ps: (tlul_assert.sv:301) [ASSERT FAILED] noOutstandingReqsAtEndOfSim_A
UVM_ERROR @         0 ps: (tlul_assert.sv:301) [ASSERT FAILED] noOutstandingReqsAtEndOfSim_A
UVM_ERROR @         0 ps: (tlul_assert.sv:301) [ASSERT FAILED] noOutstandingReqsAtEndOfSim_A
UVM_ERROR @         0 ps: (tlul_assert.sv:301) [ASSERT FAILED] noOutstandingReqsAtEndOfSim_A
UVM_ERROR @         0 ps: (tlul_assert.sv:301) [ASSERT FAILED] noOutstandingReqsAtEndOfSim_A
UVM_ERROR @         0 ps: (tlul_assert.sv:301) [ASSERT FAILED] noOutstandingReqsAtEndOfSim_A
UVM_ERROR @         0 ps: (tlul_assert.sv:301) [ASSERT FAILED] noOutstandingReqsAtEndOfSim_A
UVM_ERROR @         0 ps: (tlul_assert.sv:301) [ASSERT FAILED] noOutstandingReqsAtEndOfSim_A
UVM_ERROR @         0 ps: (tlul_assert.sv:301) [ASSERT FAILED] noOutstandingReqsAtEndOfSim_A
UVM_ERROR @         0 ps: (tlul_assert.sv:301) [ASSERT FAILED] noOutstandingReqsAtEndOfSim_A
UVM_ERROR @         0 ps: (tlul_assert.sv:301) [ASSERT FAILED] noOutstandingReqsAtEndOfSim_A
UVM_ERROR @         0 ps: (tlul_assert.sv:301) [ASSERT FAILED] noOutstandingReqsAtEndOfSim_A
UVM_ERROR @         0 ps: (tlul_assert.sv:301) [ASSERT FAILED] noOutstandingReqsAtEndOfSim_A
UVM_ERROR @         0 ps: (tlul_assert.sv:301) [ASSERT FAILED] noOutstandingReqsAtEndOfSim_A
UVM_ERROR @         0 ps: (tlul_assert.sv:301) [ASSERT FAILED] noOutstandingReqsAtEndOfSim_A
UVM_ERROR @         0 ps: (tlul_assert.sv:301) [ASSERT FAILED] noOutstandingReqsAtEndOfSim_A
UVM_ERROR @         0 ps: (tlul_assert.sv:301) [ASSERT FAILED] noOutstandingReqsAtEndOfSim_A
UVM_ERROR @         0 ps: (tlul_assert.sv:301) [ASSERT FAILED] noOutstandingReqsAtEndOfSim_A
UVM_ERROR @         0 ps: (tlul_assert.sv:301) [ASSERT FAILED] noOutstandingReqsAtEndOfSim_A
UVM_ERROR @         0 ps: (tlul_assert.sv:301) [ASSERT FAILED] noOutstandingReqsAtEndOfSim_A
UVM_ERROR @         0 ps: (tlul_assert.sv:301) [ASSERT FAILED] noOutstandingReqsAtEndOfSim_A
UVM_ERROR @         0 ps: (tlul_assert.sv:301) [ASSERT FAILED] noOutstandingReqsAtEndOfSim_A
UVM_ERROR @         0 ps: (tlul_assert.sv:301) [ASSERT FAILED] noOutstandingReqsAtEndOfSim_A
UVM_ERROR @         0 ps: (tlul_assert.sv:301) [ASSERT FAILED] noOutstandingReqsAtEndOfSim_A
UVM_ERROR @         0 ps: (tlul_assert.sv:301) [ASSERT FAILED] noOutstandingReqsAtEndOfSim_A
UVM_ERROR @         0 ps: (tlul_assert.sv:301) [ASSERT FAILED] noOutstandingReqsAtEndOfSim_A
UVM_ERROR @         0 ps: (tlul_assert.sv:301) [ASSERT FAILED] noOutstandingReqsAtEndOfSim_A
UVM_ERROR @         0 ps: (tlul_assert.sv:301) [ASSERT FAILED] noOutstandingReqsAtEndOfSim_A
UVM_ERROR @         0 ps: (tlul_assert.sv:301) [ASSERT FAILED] noOutstandingReqsAtEndOfSim_A
UVM_ERROR @         0 ps: (tlul_assert.sv:301) [ASSERT FAILED] noOutstandingReqsAtEndOfSim_A
UVM_ERROR @         0 ps: (tlul_assert.sv:301) [ASSERT FAILED] noOutstandingReqsAtEndOfSim_A
UVM_ERROR @         0 ps: (tlul_assert.sv:301) [ASSERT FAILED] noOutstandingReqsAtEndOfSim_A
UVM_ERROR @         0 ps: (tlul_assert.sv:301) [ASSERT FAILED] noOutstandingReqsAtEndOfSim_A
UVM_ERROR @         0 ps: (tlul_assert.sv:301) [ASSERT FAILED] noOutstandingReqsAtEndOfSim_A
UVM_ERROR @         0 ps: (tlul_assert.sv:301) [ASSERT FAILED] noOutstandingReqsAtEndOfSim_A
UVM_ERROR @         0 ps: (tlul_assert.sv:301) [ASSERT FAILED] noOutstandingReqsAtEndOfSim_A
UVM_ERROR @         0 ps: (tlul_assert.sv:301) [ASSERT FAILED] noOutstandingReqsAtEndOfSim_A
UVM_ERROR @         0 ps: (tlul_assert.sv:301) [ASSERT FAILED] noOutstandingReqsAtEndOfSim_A
UVM_ERROR @         0 ps: (tlul_assert.sv:301) [ASSERT FAILED] noOutstandingReqsAtEndOfSim_A
UVM_ERROR @         0 ps: (tlul_assert.sv:301) [ASSERT FAILED] noOutstandingReqsAtEndOfSim_A
UVM_ERROR @         0 ps: (tlul_assert.sv:301) [ASSERT FAILED] noOutstandingReqsAtEndOfSim_A
UVM_ERROR @         0 ps: (tlul_assert.sv:301) [ASSERT FAILED] noOutstandingReqsAtEndOfSim_A
UVM_ERROR @         0 ps: (tlul_assert.sv:301) [ASSERT FAILED] noOutstandingReqsAtEndOfSim_A
UVM_ERROR @         0 ps: (tlul_assert.sv:301) [ASSERT FAILED] noOutstandingReqsAtEndOfSim_A
UVM_ERROR @         0 ps: (tlul_assert.sv:301) [ASSERT FAILED] noOutstandingReqsAtEndOfSim_A
UVM_ERROR @         0 ps: (tlul_assert.sv:301) [ASSERT FAILED] noOutstandingReqsAtEndOfSim_A
UVM_ERROR @         0 ps: (tlul_assert.sv:301) [ASSERT FAILED] noOutstandingReqsAtEndOfSim_A
UVM_ERROR @         0 ps: (tlul_assert.sv:301) [ASSERT FAILED] noOutstandingReqsAtEndOfSim_A
UVM_ERROR @         0 ps: (tlul_assert.sv:301) [ASSERT FAILED] noOutstandingReqsAtEndOfSim_A
UVM_ERROR @         0 ps: (tlul_assert.sv:301) [ASSERT FAILED] noOutstandingReqsAtEndOfSim_A
UVM_ERROR @         0 ps: (tlul_assert.sv:301) [ASSERT FAILED] noOutstandingReqsAtEndOfSim_A
UVM_ERROR @         0 ps: (tlul_assert.sv:301) [ASSERT FAILED] noOutstandingReqsAtEndOfSim_A
UVM_ERROR @         0 ps: (tlul_assert.sv:301) [ASSERT FAILED] noOutstandingReqsAtEndOfSim_A
UVM_ERROR @         0 ps: (tlul_assert.sv:301) [ASSERT FAILED] noOutstandingReqsAtEndOfSim_A
UVM_ERROR @         0 ps: (tlul_assert.sv:301) [ASSERT FAILED] noOutstandingReqsAtEndOfSim_A
UVM_ERROR @         0 ps: (tlul_assert.sv:301) [ASSERT FAILED] noOutstandingReqsAtEndOfSim_A
UVM_ERROR @         0 ps: (tlul_assert.sv:301) [ASSERT FAILED] noOutstandingReqsAtEndOfSim_A
UVM_ERROR @         0 ps: (tlul_assert.sv:301) [ASSERT FAILED] noOutstandingReqsAtEndOfSim_A
UVM_ERROR @         0 ps: (tlul_assert.sv:301) [ASSERT FAILED] noOutstandingReqsAtEndOfSim_A
UVM_ERROR @         0 ps: (tlul_assert.sv:301) [ASSERT FAILED] noOutstandingReqsAtEndOfSim_A
UVM_ERROR @         0 ps: (tlul_assert.sv:301) [ASSERT FAILED] noOutstandingReqsAtEndOfSim_A
UVM_ERROR @         0 ps: (tlul_assert.sv:301) [ASSERT FAILED] noOutstandingReqsAtEndOfSim_A
UVM_ERROR @         0 ps: (tlul_assert.sv:301) [ASSERT FAILED] noOutstandingReqsAtEndOfSim_A
UVM_ERROR @         0 ps: (tlul_assert.sv:301) [ASSERT FAILED] noOutstandingReqsAtEndOfSim_A
UVM_ERROR @         0 ps: (tlul_assert.sv:301) [ASSERT FAILED] noOutstandingReqsAtEndOfSim_A
UVM_ERROR @         0 ps: (tlul_assert.sv:301) [ASSERT FAILED] noOutstandingReqsAtEndOfSim_A
UVM_ERROR @         0 ps: (tlul_assert.sv:301) [ASSERT FAILED] noOutstandingReqsAtEndOfSim_A
UVM_ERROR @         0 ps: (tlul_assert.sv:301) [ASSERT FAILED] noOutstandingReqsAtEndOfSim_A
UVM_ERROR @         0 ps: (tlul_assert.sv:301) [ASSERT FAILED] noOutstandingReqsAtEndOfSim_A
UVM_ERROR @         0 ps: (tlul_assert.sv:301) [ASSERT FAILED] noOutstandingReqsAtEndOfSim_A
UVM_ERROR @         0 ps: (tlul_assert.sv:301) [ASSERT FAILED] noOutstandingReqsAtEndOfSim_A
UVM_ERROR @         0 ps: (tlul_assert.sv:301) [ASSERT FAILED] noOutstandingReqsAtEndOfSim_A
UVM_ERROR @         0 ps: (tlul_assert.sv:301) [ASSERT FAILED] noOutstandingReqsAtEndOfSim_A
UVM_ERROR @         0 ps: (tlul_assert.sv:301) [ASSERT FAILED] noOutstandingReqsAtEndOfSim_A
UVM_ERROR @         0 ps: (tlul_assert.sv:301) [ASSERT FAILED] noOutstandingReqsAtEndOfSim_A
UVM_ERROR @         0 ps: (tlul_assert.sv:301) [ASSERT FAILED] noOutstandingReqsAtEndOfSim_A
UVM_ERROR @         0 ps: (tlul_assert.sv:301) [ASSERT FAILED] noOutstandingReqsAtEndOfSim_A
UVM_ERROR @         0 ps: (tlul_assert.sv:301) [ASSERT FAILED] noOutstandingReqsAtEndOfSim_A
UVM_ERROR @         0 ps: (tlul_assert.sv:301) [ASSERT FAILED] noOutstandingReqsAtEndOfSim_A
UVM_ERROR @         0 ps: (tlul_assert.sv:301) [ASSERT FAILED] noOutstandingReqsAtEndOfSim_A
UVM_ERROR @         0 ps: (tlul_assert.sv:301) [ASSERT FAILED] noOutstandingReqsAtEndOfSim_A
UVM_ERROR @         0 ps: (tlul_assert.sv:301) [ASSERT FAILED] noOutstandingReqsAtEndOfSim_A
UVM_ERROR @         0 ps: (tlul_assert.sv:301) [ASSERT FAILED] noOutstandingReqsAtEndOfSim_A
UVM_ERROR @         0 ps: (tlul_assert.sv:301) [ASSERT FAILED] noOutstandingReqsAtEndOfSim_A
UVM_ERROR @         0 ps: (tlul_assert.sv:301) [ASSERT FAILED] noOutstandingReqsAtEndOfSim_A
UVM_ERROR @         0 ps: (tlul_assert.sv:301) [ASSERT FAILED] noOutstandingReqsAtEndOfSim_A
UVM_ERROR @         0 ps: (tlul_assert.sv:301) [ASSERT FAILED] noOutstandingReqsAtEndOfSim_A
UVM_ERROR @         0 ps: (tlul_assert.sv:301) [ASSERT FAILED] noOutstandingReqsAtEndOfSim_A
UVM_ERROR @         0 ps: (tlul_assert.sv:301) [ASSERT FAILED] noOutstandingReqsAtEndOfSim_A
UVM_ERROR @         0 ps: (tlul_assert.sv:301) [ASSERT FAILED] noOutstandingReqsAtEndOfSim_A
UVM_ERROR @         0 ps: (tlul_assert.sv:301) [ASSERT FAILED] noOutstandingReqsAtEndOfSim_A
UVM_ERROR @         0 ps: (tlul_assert.sv:301) [ASSERT FAILED] noOutstandingReqsAtEndOfSim_A
UVM_ERROR @         0 ps: (tlul_assert.sv:301) [ASSERT FAILED] noOutstandingReqsAtEndOfSim_A
UVM_ERROR @         0 ps: (tlul_assert.sv:301) [ASSERT FAILED] noOutstandingReqsAtEndOfSim_A
UVM_ERROR @         0 ps: (tlul_assert.sv:301) [ASSERT FAILED] noOutstandingReqsAtEndOfSim_A
UVM_ERROR @         0 ps: (tlul_assert.sv:301) [ASSERT FAILED] noOutstandingReqsAtEndOfSim_A
UVM_ERROR @         0 ps: (tlul_assert.sv:301) [ASSERT FAILED] noOutstandingReqsAtEndOfSim_A
UVM_ERROR @         0 ps: (tlul_assert.sv:301) [ASSERT FAILED] noOutstandingReqsAtEndOfSim_A
UVM_ERROR @         0 ps: (tlul_assert.sv:301) [ASSERT FAILED] noOutstandingReqsAtEndOfSim_A
UVM_ERROR @         0 ps: (tlul_assert.sv:301) [ASSERT FAILED] noOutstandingReqsAtEndOfSim_A
UVM_ERROR @         0 ps: (tlul_assert.sv:301) [ASSERT FAILED] noOutstandingReqsAtEndOfSim_A
UVM_ERROR @         0 ps: (tlul_assert.sv:301) [ASSERT FAILED] noOutstandingReqsAtEndOfSim_A
UVM_ERROR @         0 ps: (tlul_assert.sv:301) [ASSERT FAILED] noOutstandingReqsAtEndOfSim_A
UVM_ERROR @         0 ps: (tlul_assert.sv:301) [ASSERT FAILED] noOutstandingReqsAtEndOfSim_A
UVM_ERROR @         0 ps: (tlul_assert.sv:301) [ASSERT FAILED] noOutstandingReqsAtEndOfSim_A
UVM_ERROR @         0 ps: (tlul_assert.sv:301) [ASSERT FAILED] noOutstandingReqsAtEndOfSim_A
UVM_ERROR @         0 ps: (tlul_assert.sv:301) [ASSERT FAILED] noOutstandingReqsAtEndOfSim_A
UVM_ERROR @         0 ps: (tlul_assert.sv:301) [ASSERT FAILED] noOutstandingReqsAtEndOfSim_A
UVM_ERROR @         0 ps: (tlul_assert.sv:301) [ASSERT FAILED] noOutstandingReqsAtEndOfSim_A
UVM_ERROR @         0 ps: (tlul_assert.sv:301) [ASSERT FAILED] noOutstandingReqsAtEndOfSim_A
UVM_ERROR @         0 ps: (tlul_assert.sv:301) [ASSERT FAILED] noOutstandingReqsAtEndOfSim_A
UVM_ERROR @         0 ps: (tlul_assert.sv:301) [ASSERT FAILED] noOutstandingReqsAtEndOfSim_A
UVM_ERROR @         0 ps: (tlul_assert.sv:301) [ASSERT FAILED] noOutstandingReqsAtEndOfSim_A
UVM_ERROR @         0 ps: (tlul_assert.sv:301) [ASSERT FAILED] noOutstandingReqsAtEndOfSim_A
UVM_ERROR @         0 ps: (tlul_assert.sv:301) [ASSERT FAILED] noOutstandingReqsAtEndOfSim_A
UVM_ERROR @         0 ps: (tlul_assert.sv:301) [ASSERT FAILED] noOutstandingReqsAtEndOfSim_A
UVM_ERROR @         0 ps: (tlul_assert.sv:301) [ASSERT FAILED] noOutstandingReqsAtEndOfSim_A
UVM_ERROR @         0 ps: (tlul_assert.sv:301) [ASSERT FAILED] noOutstandingReqsAtEndOfSim_A
UVM_ERROR @         0 ps: (tlul_assert.sv:301) [ASSERT FAILED] noOutstandingReqsAtEndOfSim_A
UVM_ERROR @         0 ps: (tlul_assert.sv:301) [ASSERT FAILED] noOutstandingReqsAtEndOfSim_A
UVM_ERROR @         0 ps: (tlul_assert.sv:301) [ASSERT FAILED] noOutstandingReqsAtEndOfSim_A
UVM_ERROR @         0 ps: (tlul_assert.sv:301) [ASSERT FAILED] noOutstandingReqsAtEndOfSim_A
UVM_ERROR @         0 ps: (tlul_assert.sv:301) [ASSERT FAILED] noOutstandingReqsAtEndOfSim_A
UVM_ERROR @         0 ps: (tlul_assert.sv:301) [ASSERT FAILED] noOutstandingReqsAtEndOfSim_A
UVM_ERROR @         0 ps: (tlul_assert.sv:301) [ASSERT FAILED] noOutstandingReqsAtEndOfSim_A
UVM_ERROR @         0 ps: (tlul_assert.sv:301) [ASSERT FAILED] noOutstandingReqsAtEndOfSim_A
UVM_ERROR @         0 ps: (tlul_assert.sv:301) [ASSERT FAILED] noOutstandingReqsAtEndOfSim_A
UVM_ERROR @         0 ps: (tlul_assert.sv:301) [ASSERT FAILED] noOutstandingReqsAtEndOfSim_A
UVM_ERROR @         0 ps: (tlul_assert.sv:301) [ASSERT FAILED] noOutstandingReqsAtEndOfSim_A
UVM_ERROR @         0 ps: (tlul_assert.sv:301) [ASSERT FAILED] noOutstandingReqsAtEndOfSim_A
UVM_ERROR @         0 ps: (tlul_assert.sv:301) [ASSERT FAILED] noOutstandingReqsAtEndOfSim_A
UVM_ERROR @         0 ps: (tlul_assert.sv:301) [ASSERT FAILED] noOutstandingReqsAtEndOfSim_A
UVM_ERROR @         0 ps: (tlul_assert.sv:301) [ASSERT FAILED] noOutstandingReqsAtEndOfSim_A
UVM_ERROR @         0 ps: (tlul_assert.sv:301) [ASSERT FAILED] noOutstandingReqsAtEndOfSim_A
UVM_ERROR @         0 ps: (tlul_assert.sv:301) [ASSERT FAILED] noOutstandingReqsAtEndOfSim_A
UVM_ERROR @         0 ps: (tlul_assert.sv:301) [ASSERT FAILED] noOutstandingReqsAtEndOfSim_A
UVM_ERROR @         0 ps: (tlul_assert.sv:301) [ASSERT FAILED] noOutstandingReqsAtEndOfSim_A
UVM_ERROR @         0 ps: (tlul_assert.sv:301) [ASSERT FAILED] noOutstandingReqsAtEndOfSim_A
UVM_ERROR @         0 ps: (tlul_assert.sv:301) [ASSERT FAILED] noOutstandingReqsAtEndOfSim_A
UVM_ERROR @         0 ps: (tlul_assert.sv:301) [ASSERT FAILED] noOutstandingReqsAtEndOfSim_A
UVM_ERROR @         0 ps: (tlul_assert.sv:301) [ASSERT FAILED] noOutstandingReqsAtEndOfSim_A
UVM_ERROR @         0 ps: (tlul_assert.sv:301) [ASSERT FAILED] noOutstandingReqsAtEndOfSim_A
UVM_ERROR @         0 ps: (tlul_assert.sv:301) [ASSERT FAILED] noOutstandingReqsAtEndOfSim_A
UVM_ERROR @         0 ps: (tlul_assert.sv:301) [ASSERT FAILED] noOutstandingReqsAtEndOfSim_A
UVM_ERROR @         0 ps: (tlul_assert.sv:301) [ASSERT FAILED] noOutstandingReqsAtEndOfSim_A
UVM_ERROR @         0 ps: (tlul_assert.sv:301) [ASSERT FAILED] noOutstandingReqsAtEndOfSim_A
UVM_ERROR @         0 ps: (tlul_assert.sv:301) [ASSERT FAILED] noOutstandingReqsAtEndOfSim_A
UVM_ERROR @         0 ps: (tlul_assert.sv:301) [ASSERT FAILED] noOutstandingReqsAtEndOfSim_A
UVM_ERROR @         0 ps: (tlul_assert.sv:301) [ASSERT FAILED] noOutstandingReqsAtEndOfSim_A
UVM_ERROR @         0 ps: (tlul_assert.sv:301) [ASSERT FAILED] noOutstandingReqsAtEndOfSim_A
UVM_ERROR @         0 ps: (tlul_assert.sv:301) [ASSERT FAILED] noOutstandingReqsAtEndOfSim_A
UVM_ERROR @         0 ps: (tlul_assert.sv:301) [ASSERT FAILED] noOutstandingReqsAtEndOfSim_A
UVM_ERROR @         0 ps: (tlul_assert.sv:301) [ASSERT FAILED] noOutstandingReqsAtEndOfSim_A
UVM_ERROR @         0 ps: (tlul_assert.sv:301) [ASSERT FAILED] noOutstandingReqsAtEndOfSim_A
UVM_ERROR @         0 ps: (tlul_assert.sv:301) [ASSERT FAILED] noOutstandingReqsAtEndOfSim_A
UVM_ERROR @         0 ps: (tlul_assert.sv:301) [ASSERT FAILED] noOutstandingReqsAtEndOfSim_A
UVM_ERROR @         0 ps: (tlul_assert.sv:301) [ASSERT FAILED] noOutstandingReqsAtEndOfSim_A
UVM_ERROR @         0 ps: (tlul_assert.sv:301) [ASSERT FAILED] noOutstandingReqsAtEndOfSim_A
UVM_ERROR @         0 ps: (tlul_assert.sv:301) [ASSERT FAILED] noOutstandingReqsAtEndOfSim_A
UVM_ERROR @         0 ps: (tlul_assert.sv:301) [ASSERT FAILED] noOutstandingReqsAtEndOfSim_A
UVM_ERROR @         0 ps: (tlul_assert.sv:301) [ASSERT FAILED] noOutstandingReqsAtEndOfSim_A
UVM_ERROR @         0 ps: (tlul_assert.sv:301) [ASSERT FAILED] noOutstandingReqsAtEndOfSim_A
UVM_ERROR @         0 ps: (tlul_assert.sv:301) [ASSERT FAILED] noOutstandingReqsAtEndOfSim_A
UVM_ERROR @         0 ps: (tlul_assert.sv:301) [ASSERT FAILED] noOutstandingReqsAtEndOfSim_A
UVM_ERROR @         0 ps: (tlul_assert.sv:301) [ASSERT FAILED] noOutstandingReqsAtEndOfSim_A
UVM_ERROR @         0 ps: (tlul_assert.sv:301) [ASSERT FAILED] noOutstandingReqsAtEndOfSim_A
UVM_ERROR @         0 ps: (tlul_assert.sv:301) [ASSERT FAILED] noOutstandingReqsAtEndOfSim_A
UVM_ERROR @         0 ps: (tlul_assert.sv:301) [ASSERT FAILED] noOutstandingReqsAtEndOfSim_A
UVM_ERROR @         0 ps: (tlul_assert.sv:301) [ASSERT FAILED] noOutstandingReqsAtEndOfSim_A
UVM_ERROR @         0 ps: (tlul_assert.sv:301) [ASSERT FAILED] noOutstandingReqsAtEndOfSim_A
UVM_ERROR @         0 ps: (tlul_assert.sv:301) [ASSERT FAILED] noOutstandingReqsAtEndOfSim_A
UVM_ERROR @         0 ps: (tlul_assert.sv:301) [ASSERT FAILED] noOutstandingReqsAtEndOfSim_A
UVM_ERROR @         0 ps: (tlul_assert.sv:301) [ASSERT FAILED] noOutstandingReqsAtEndOfSim_A
UVM_ERROR @         0 ps: (tlul_assert.sv:301) [ASSERT FAILED] noOutstandingReqsAtEndOfSim_A
UVM_ERROR @         0 ps: (tlul_assert.sv:301) [ASSERT FAILED] noOutstandingReqsAtEndOfSim_A
UVM_ERROR @         0 ps: (tlul_assert.sv:301) [ASSERT FAILED] noOutstandingReqsAtEndOfSim_A
UVM_ERROR @         0 ps: (tlul_assert.sv:301) [ASSERT FAILED] noOutstandingReqsAtEndOfSim_A
UVM_ERROR @         0 ps: (tlul_assert.sv:301) [ASSERT FAILED] noOutstandingReqsAtEndOfSim_A
UVM_ERROR @         0 ps: (tlul_assert.sv:301) [ASSERT FAILED] noOutstandingReqsAtEndOfSim_A
UVM_ERROR @         0 ps: (tlul_assert.sv:301) [ASSERT FAILED] noOutstandingReqsAtEndOfSim_A
UVM_ERROR @         0 ps: (tlul_assert.sv:301) [ASSERT FAILED] noOutstandingReqsAtEndOfSim_A
UVM_ERROR @         0 ps: (tlul_assert.sv:301) [ASSERT FAILED] noOutstandingReqsAtEndOfSim_A
UVM_ERROR @         0 ps: (tlul_assert.sv:301) [ASSERT FAILED] noOutstandingReqsAtEndOfSim_A
UVM_ERROR @         0 ps: (tlul_assert.sv:301) [ASSERT FAILED] noOutstandingReqsAtEndOfSim_A
UVM_ERROR @         0 ps: (tlul_assert.sv:301) [ASSERT FAILED] noOutstandingReqsAtEndOfSim_A
UVM_ERROR @         0 ps: (tlul_assert.sv:301) [ASSERT FAILED] noOutstandingReqsAtEndOfSim_A
UVM_ERROR @         0 ps: (tlul_assert.sv:301) [ASSERT FAILED] noOutstandingReqsAtEndOfSim_A
UVM_ERROR @         0 ps: (tlul_assert.sv:301) [ASSERT FAILED] noOutstandingReqsAtEndOfSim_A
UVM_ERROR @         0 ps: (tlul_assert.sv:301) [ASSERT FAILED] noOutstandingReqsAtEndOfSim_A
UVM_ERROR @         0 ps: (tlul_assert.sv:301) [ASSERT FAILED] noOutstandingReqsAtEndOfSim_A
UVM_ERROR @         0 ps: (tlul_assert.sv:301) [ASSERT FAILED] noOutstandingReqsAtEndOfSim_A
UVM_ERROR @         0 ps: (tlul_assert.sv:301) [ASSERT FAILED] noOutstandingReqsAtEndOfSim_A
UVM_ERROR @         0 ps: (tlul_assert.sv:301) [ASSERT FAILED] noOutstandingReqsAtEndOfSim_A
UVM_ERROR @         0 ps: (tlul_assert.sv:301) [ASSERT FAILED] noOutstandingReqsAtEndOfSim_A
UVM_ERROR @         0 ps: (tlul_assert.sv:301) [ASSERT FAILED] noOutstandingReqsAtEndOfSim_A
UVM_ERROR @         0 ps: (tlul_assert.sv:301) [ASSERT FAILED] noOutstandingReqsAtEndOfSim_A
UVM_ERROR @         0 ps: (tlul_assert.sv:301) [ASSERT FAILED] noOutstandingReqsAtEndOfSim_A
UVM_ERROR @         0 ps: (tlul_assert.sv:301) [ASSERT FAILED] noOutstandingReqsAtEndOfSim_A
UVM_ERROR @         0 ps: (tlul_assert.sv:301) [ASSERT FAILED] noOutstandingReqsAtEndOfSim_A
UVM_ERROR @         0 ps: (tlul_assert.sv:301) [ASSERT FAILED] noOutstandingReqsAtEndOfSim_A
UVM_ERROR @         0 ps: (tlul_assert.sv:301) [ASSERT FAILED] noOutstandingReqsAtEndOfSim_A
UVM_ERROR @         0 ps: (tlul_assert.sv:301) [ASSERT FAILED] noOutstandingReqsAtEndOfSim_A
UVM_ERROR @         0 ps: (tlul_assert.sv:301) [ASSERT FAILED] noOutstandingReqsAtEndOfSim_A
UVM_ERROR @         0 ps: (tlul_assert.sv:301) [ASSERT FAILED] noOutstandingReqsAtEndOfSim_A
UVM_ERROR @         0 ps: (tlul_assert.sv:301) [ASSERT FAILED] noOutstandingReqsAtEndOfSim_A
UVM_ERROR @         0 ps: (tlul_assert.sv:301) [ASSERT FAILED] noOutstandingReqsAtEndOfSim_A
UVM_ERROR @         0 ps: (tlul_assert.sv:301) [ASSERT FAILED] noOutstandingReqsAtEndOfSim_A
UVM_ERROR @         0 ps: (tlul_assert.sv:301) [ASSERT FAILED] noOutstandingReqsAtEndOfSim_A
UVM_ERROR @         0 ps: (tlul_assert.sv:301) [ASSERT FAILED] noOutstandingReqsAtEndOfSim_A
UVM_ERROR @         0 ps: (tlul_assert.sv:301) [ASSERT FAILED] noOutstandingReqsAtEndOfSim_A
UVM_ERROR @         0 ps: (tlul_assert.sv:301) [ASSERT FAILED] noOutstandingReqsAtEndOfSim_A
UVM_ERROR @         0 ps: (tlul_assert.sv:301) [ASSERT FAILED] noOutstandingReqsAtEndOfSim_A
UVM_ERROR @         0 ps: (tlul_assert.sv:301) [ASSERT FAILED] noOutstandingReqsAtEndOfSim_A
UVM_ERROR @         0 ps: (tlul_assert.sv:301) [ASSERT FAILED] noOutstandingReqsAtEndOfSim_A
UVM_ERROR @         0 ps: (tlul_assert.sv:301) [ASSERT FAILED] noOutstandingReqsAtEndOfSim_A
UVM_ERROR @         0 ps: (tlul_assert.sv:301) [ASSERT FAILED] noOutstandingReqsAtEndOfSim_A
UVM_ERROR @         0 ps: (tlul_assert.sv:301) [ASSERT FAILED] noOutstandingReqsAtEndOfSim_A
UVM_ERROR @         0 ps: (tlul_assert.sv:301) [ASSERT FAILED] noOutstandingReqsAtEndOfSim_A
UVM_ERROR @         0 ps: (tlul_assert.sv:301) [ASSERT FAILED] noOutstandingReqsAtEndOfSim_A
UVM_ERROR @         0 ps: (tlul_assert.sv:301) [ASSERT FAILED] noOutstandingReqsAtEndOfSim_A
UVM_ERROR @         0 ps: (tlul_assert.sv:301) [ASSERT FAILED] noOutstandingReqsAtEndOfSim_A
UVM_ERROR @         0 ps: (tlul_assert.sv:301) [ASSERT FAILED] noOutstandingReqsAtEndOfSim_A
UVM_ERROR @         0 ps: (tlul_assert.sv:301) [ASSERT FAILED] noOutstandingReqsAtEndOfSim_A
UVM_ERROR @         0 ps: (tlul_assert.sv:301) [ASSERT FAILED] noOutstandingReqsAtEndOfSim_A
UVM_ERROR @         0 ps: (tlul_assert.sv:301) [ASSERT FAILED] noOutstandingReqsAtEndOfSim_A
UVM_ERROR @         0 ps: (tlul_assert.sv:301) [ASSERT FAILED] noOutstandingReqsAtEndOfSim_A
UVM_ERROR @         0 ps: (tlul_assert.sv:301) [ASSERT FAILED] noOutstandingReqsAtEndOfSim_A
UVM_ERROR @         0 ps: (tlul_assert.sv:301) [ASSERT FAILED] noOutstandingReqsAtEndOfSim_A
UVM_ERROR @         0 ps: (tlul_assert.sv:301) [ASSERT FAILED] noOutstandingReqsAtEndOfSim_A
UVM_ERROR @         0 ps: (tlul_assert.sv:301) [ASSERT FAILED] noOutstandingReqsAtEndOfSim_A
UVM_ERROR @         0 ps: (tlul_assert.sv:301) [ASSERT FAILED] noOutstandingReqsAtEndOfSim_A
UVM_ERROR @         0 ps: (tlul_assert.sv:301) [ASSERT FAILED] noOutstandingReqsAtEndOfSim_A
UVM_ERROR @         0 ps: (tlul_assert.sv:301) [ASSERT FAILED] noOutstandingReqsAtEndOfSim_A
UVM_ERROR @         0 ps: (tlul_assert.sv:301) [ASSERT FAILED] noOutstandingReqsAtEndOfSim_A
UVM_ERROR @         0 ps: (tlul_assert.sv:301) [ASSERT FAILED] noOutstandingReqsAtEndOfSim_A
UVM_ERROR @         0 ps: (tlul_assert.sv:301) [ASSERT FAILED] noOutstandingReqsAtEndOfSim_A
UVM_ERROR @         0 ps: (tlul_assert.sv:301) [ASSERT FAILED] noOutstandingReqsAtEndOfSim_A
UVM_ERROR @         0 ps: (tlul_assert.sv:301) [ASSERT FAILED] noOutstandingReqsAtEndOfSim_A
UVM_ERROR @         0 ps: (tlul_assert.sv:301) [ASSERT FAILED] noOutstandingReqsAtEndOfSim_A
UVM_ERROR @         0 ps: (tlul_assert.sv:301) [ASSERT FAILED] noOutstandingReqsAtEndOfSim_A
UVM_ERROR @         0 ps: (tlul_assert.sv:301) [ASSERT FAILED] noOutstandingReqsAtEndOfSim_A
UVM_ERROR @         0 ps: (tlul_assert.sv:301) [ASSERT FAILED] noOutstandingReqsAtEndOfSim_A
UVM_ERROR @         0 ps: (tlul_assert.sv:301) [ASSERT FAILED] noOutstandingReqsAtEndOfSim_A
UVM_ERROR @         0 ps: (tlul_assert.sv:301) [ASSERT FAILED] noOutstandingReqsAtEndOfSim_A
UVM_ERROR @         0 ps: (tlul_assert.sv:301) [ASSERT FAILED] noOutstandingReqsAtEndOfSim_A
UVM_ERROR @         0 ps: (tlul_assert.sv:301) [ASSERT FAILED] noOutstandingReqsAtEndOfSim_A
UVM_ERROR @         0 ps: (tlul_assert.sv:301) [ASSERT FAILED] noOutstandingReqsAtEndOfSim_A
UVM_ERROR @         0 ps: (tlul_assert.sv:301) [ASSERT FAILED] noOutstandingReqsAtEndOfSim_A
UVM_ERROR @         0 ps: (tlul_assert.sv:301) [ASSERT FAILED] noOutstandingReqsAtEndOfSim_A
UVM_ERROR @         0 ps: (tlul_assert.sv:301) [ASSERT FAILED] noOutstandingReqsAtEndOfSim_A
UVM_ERROR @         0 ps: (tlul_assert.sv:301) [ASSERT FAILED] noOutstandingReqsAtEndOfSim_A
UVM_ERROR @         0 ps: (tlul_assert.sv:301) [ASSERT FAILED] noOutstandingReqsAtEndOfSim_A
UVM_ERROR @         0 ps: (tlul_assert.sv:301) [ASSERT FAILED] noOutstandingReqsAtEndOfSim_A
UVM_ERROR @         0 ps: (tlul_assert.sv:301) [ASSERT FAILED] noOutstandingReqsAtEndOfSim_A
UVM_ERROR @         0 ps: (tlul_assert.sv:301) [ASSERT FAILED] noOutstandingReqsAtEndOfSim_A
UVM_ERROR @         0 ps: (tlul_assert.sv:301) [ASSERT FAILED] noOutstandingReqsAtEndOfSim_A
UVM_ERROR @         0 ps: (tlul_assert.sv:301) [ASSERT FAILED] noOutstandingReqsAtEndOfSim_A
UVM_ERROR @         0 ps: (tlul_assert.sv:301) [ASSERT FAILED] noOutstandingReqsAtEndOfSim_A
UVM_ERROR @         0 ps: (tlul_assert.sv:301) [ASSERT FAILED] noOutstandingReqsAtEndOfSim_A
UVM_ERROR @         0 ps: (tlul_assert.sv:301) [ASSERT FAILED] noOutstandingReqsAtEndOfSim_A
UVM_ERROR @         0 ps: (tlul_assert.sv:301) [ASSERT FAILED] noOutstandingReqsAtEndOfSim_A
UVM_ERROR @         0 ps: (tlul_assert.sv:301) [ASSERT FAILED] noOutstandingReqsAtEndOfSim_A
UVM_ERROR @         0 ps: (tlul_assert.sv:301) [ASSERT FAILED] noOutstandingReqsAtEndOfSim_A
UVM_ERROR @         0 ps: (tlul_assert.sv:301) [ASSERT FAILED] noOutstandingReqsAtEndOfSim_A
UVM_ERROR @         0 ps: (tlul_assert.sv:301) [ASSERT FAILED] noOutstandingReqsAtEndOfSim_A
UVM_ERROR @         0 ps: (tlul_assert.sv:301) [ASSERT FAILED] noOutstandingReqsAtEndOfSim_A
UVM_ERROR @         0 ps: (tlul_assert.sv:301) [ASSERT FAILED] noOutstandingReqsAtEndOfSim_A
UVM_ERROR @         0 ps: (tlul_assert.sv:301) [ASSERT FAILED] noOutstandingReqsAtEndOfSim_A
UVM_ERROR @         0 ps: (tlul_assert.sv:301) [ASSERT FAILED] noOutstandingReqsAtEndOfSim_A
UVM_ERROR @         0 ps: (tlul_assert.sv:301) [ASSERT FAILED] noOutstandingReqsAtEndOfSim_A
UVM_ERROR @         0 ps: (tlul_assert.sv:301) [ASSERT FAILED] noOutstandingReqsAtEndOfSim_A
UVM_ERROR @         0 ps: (tlul_assert.sv:301) [ASSERT FAILED] noOutstandingReqsAtEndOfSim_A
UVM_ERROR @         0 ps: (tlul_assert.sv:301) [ASSERT FAILED] noOutstandingReqsAtEndOfSim_A
UVM_ERROR @         0 ps: (tlul_assert.sv:301) [ASSERT FAILED] noOutstandingReqsAtEndOfSim_A
UVM_ERROR @         0 ps: (tlul_assert.sv:301) [ASSERT FAILED] noOutstandingReqsAtEndOfSim_A
UVM_ERROR @         0 ps: (tlul_assert.sv:301) [ASSERT FAILED] noOutstandingReqsAtEndOfSim_A
UVM_ERROR @         0 ps: (tlul_assert.sv:301) [ASSERT FAILED] noOutstandingReqsAtEndOfSim_A
UVM_ERROR @         0 ps: (tlul_assert.sv:301) [ASSERT FAILED] noOutstandingReqsAtEndOfSim_A
UVM_ERROR @         0 ps: (tlul_assert.sv:301) [ASSERT FAILED] noOutstandingReqsAtEndOfSim_A
UVM_ERROR @         0 ps: (tlul_assert.sv:301) [ASSERT FAILED] noOutstandingReqsAtEndOfSim_A
UVM_ERROR @         0 ps: (tlul_assert.sv:301) [ASSERT FAILED] noOutstandingReqsAtEndOfSim_A
UVM_ERROR @         0 ps: (tlul_assert.sv:301) [ASSERT FAILED] noOutstandingReqsAtEndOfSim_A
UVM_ERROR @         0 ps: (tlul_assert.sv:301) [ASSERT FAILED] noOutstandingReqsAtEndOfSim_A
UVM_ERROR @         0 ps: (tlul_assert.sv:301) [ASSERT FAILED] noOutstandingReqsAtEndOfSim_A
UVM_ERROR @         0 ps: (tlul_assert.sv:301) [ASSERT FAILED] noOutstandingReqsAtEndOfSim_A
UVM_ERROR @         0 ps: (tlul_assert.sv:301) [ASSERT FAILED] noOutstandingReqsAtEndOfSim_A
UVM_ERROR @         0 ps: (tlul_assert.sv:301) [ASSERT FAILED] noOutstandingReqsAtEndOfSim_A
UVM_ERROR @         0 ps: (tlul_assert.sv:301) [ASSERT FAILED] noOutstandingReqsAtEndOfSim_A
UVM_ERROR @         0 ps: (tlul_assert.sv:301) [ASSERT FAILED] noOutstandingReqsAtEndOfSim_A
UVM_ERROR @         0 ps: (tlul_assert.sv:301) [ASSERT FAILED] noOutstandingReqsAtEndOfSim_A
UVM_ERROR @         0 ps: (tlul_assert.sv:301) [ASSERT FAILED] noOutstandingReqsAtEndOfSim_A
UVM_ERROR @         0 ps: (tlul_assert.sv:301) [ASSERT FAILED] noOutstandingReqsAtEndOfSim_A
UVM_ERROR @         0 ps: (tlul_assert.sv:301) [ASSERT FAILED] noOutstandingReqsAtEndOfSim_A
UVM_ERROR @         0 ps: (tlul_assert.sv:301) [ASSERT FAILED] noOutstandingReqsAtEndOfSim_A
UVM_ERROR @         0 ps: (tlul_assert.sv:301) [ASSERT FAILED] noOutstandingReqsAtEndOfSim_A
UVM_ERROR @         0 ps: (tlul_assert.sv:301) [ASSERT FAILED] noOutstandingReqsAtEndOfSim_A
UVM_ERROR @         0 ps: (tlul_assert.sv:301) [ASSERT FAILED] noOutstandingReqsAtEndOfSim_A
UVM_ERROR @         0 ps: (tlul_assert.sv:301) [ASSERT FAILED] noOutstandingReqsAtEndOfSim_A
UVM_ERROR @         0 ps: (tlul_assert.sv:301) [ASSERT FAILED] noOutstandingReqsAtEndOfSim_A
UVM_ERROR @         0 ps: (tlul_assert.sv:301) [ASSERT FAILED] noOutstandingReqsAtEndOfSim_A
UVM_ERROR @         0 ps: (tlul_assert.sv:301) [ASSERT FAILED] noOutstandingReqsAtEndOfSim_A
UVM_ERROR @         0 ps: (tlul_assert.sv:301) [ASSERT FAILED] noOutstandingReqsAtEndOfSim_A
UVM_ERROR @         0 ps: (tlul_assert.sv:301) [ASSERT FAILED] noOutstandingReqsAtEndOfSim_A
UVM_ERROR @         0 ps: (tlul_assert.sv:301) [ASSERT FAILED] noOutstandingReqsAtEndOfSim_A
UVM_ERROR @         0 ps: (tlul_assert.sv:301) [ASSERT FAILED] noOutstandingReqsAtEndOfSim_A
UVM_ERROR @         0 ps: (tlul_assert.sv:301) [ASSERT FAILED] noOutstandingReqsAtEndOfSim_A
UVM_ERROR @         0 ps: (tlul_assert.sv:301) [ASSERT FAILED] noOutstandingReqsAtEndOfSim_A
UVM_ERROR @         0 ps: (tlul_assert.sv:301) [ASSERT FAILED] noOutstandingReqsAtEndOfSim_A
UVM_ERROR @         0 ps: (tlul_assert.sv:301) [ASSERT FAILED] noOutstandingReqsAtEndOfSim_A
UVM_ERROR @         0 ps: (tlul_assert.sv:301) [ASSERT FAILED] noOutstandingReqsAtEndOfSim_A
UVM_ERROR @         0 ps: (tlul_assert.sv:301) [ASSERT FAILED] noOutstandingReqsAtEndOfSim_A
UVM_ERROR @         0 ps: (tlul_assert.sv:301) [ASSERT FAILED] noOutstandingReqsAtEndOfSim_A
UVM_ERROR @         0 ps: (tlul_assert.sv:301) [ASSERT FAILED] noOutstandingReqsAtEndOfSim_A
UVM_ERROR @         0 ps: (tlul_assert.sv:301) [ASSERT FAILED] noOutstandingReqsAtEndOfSim_A
UVM_ERROR @         0 ps: (tlul_assert.sv:301) [ASSERT FAILED] noOutstandingReqsAtEndOfSim_A
UVM_ERROR @         0 ps: (tlul_assert.sv:301) [ASSERT FAILED] noOutstandingReqsAtEndOfSim_A
UVM_ERROR @         0 ps: (tlul_assert.sv:301) [ASSERT FAILED] noOutstandingReqsAtEndOfSim_A
UVM_ERROR @         0 ps: (tlul_assert.sv:301) [ASSERT FAILED] noOutstandingReqsAtEndOfSim_A
UVM_ERROR @         0 ps: (tlul_assert.sv:301) [ASSERT FAILED] noOutstandingReqsAtEndOfSim_A
UVM_ERROR @         0 ps: (tlul_assert.sv:301) [ASSERT FAILED] noOutstandingReqsAtEndOfSim_A
UVM_ERROR @         0 ps: (tlul_assert.sv:301) [ASSERT FAILED] noOutstandingReqsAtEndOfSim_A
UVM_ERROR @         0 ps: (tlul_assert.sv:301) [ASSERT FAILED] noOutstandingReqsAtEndOfSim_A
UVM_ERROR @         0 ps: (tlul_assert.sv:301) [ASSERT FAILED] noOutstandingReqsAtEndOfSim_A
UVM_ERROR @         0 ps: (tlul_assert.sv:301) [ASSERT FAILED] noOutstandingReqsAtEndOfSim_A
UVM_ERROR @         0 ps: (tlul_assert.sv:301) [ASSERT FAILED] noOutstandingReqsAtEndOfSim_A
UVM_ERROR @         0 ps: (tlul_assert.sv:301) [ASSERT FAILED] noOutstandingReqsAtEndOfSim_A
UVM_ERROR @         0 ps: (tlul_assert.sv:301) [ASSERT FAILED] noOutstandingReqsAtEndOfSim_A
UVM_ERROR @         0 ps: (tlul_assert.sv:301) [ASSERT FAILED] noOutstandingReqsAtEndOfSim_A
UVM_ERROR @         0 ps: (tlul_assert.sv:301) [ASSERT FAILED] noOutstandingReqsAtEndOfSim_A
UVM_ERROR @         0 ps: (tlul_assert.sv:301) [ASSERT FAILED] noOutstandingReqsAtEndOfSim_A
UVM_ERROR @         0 ps: (tlul_assert.sv:301) [ASSERT FAILED] noOutstandingReqsAtEndOfSim_A
UVM_ERROR @         0 ps: (tlul_assert.sv:301) [ASSERT FAILED] noOutstandingReqsAtEndOfSim_A
UVM_ERROR @         0 ps: (tlul_assert.sv:301) [ASSERT FAILED] noOutstandingReqsAtEndOfSim_A
UVM_ERROR @         0 ps: (tlul_assert.sv:301) [ASSERT FAILED] noOutstandingReqsAtEndOfSim_A
UVM_ERROR @         0 ps: (tlul_assert.sv:301) [ASSERT FAILED] noOutstandingReqsAtEndOfSim_A
UVM_ERROR @         0 ps: (tlul_assert.sv:301) [ASSERT FAILED] noOutstandingReqsAtEndOfSim_A
UVM_ERROR @         0 ps: (tlul_assert.sv:301) [ASSERT FAILED] noOutstandingReqsAtEndOfSim_A
UVM_ERROR @         0 ps: (tlul_assert.sv:301) [ASSERT FAILED] noOutstandingReqsAtEndOfSim_A
UVM_ERROR @         0 ps: (tlul_assert.sv:301) [ASSERT FAILED] noOutstandingReqsAtEndOfSim_A
UVM_ERROR @         0 ps: (tlul_assert.sv:301) [ASSERT FAILED] noOutstandingReqsAtEndOfSim_A
UVM_ERROR @         0 ps: (tlul_assert.sv:301) [ASSERT FAILED] noOutstandingReqsAtEndOfSim_A
UVM_ERROR @         0 ps: (tlul_assert.sv:301) [ASSERT FAILED] noOutstandingReqsAtEndOfSim_A
UVM_ERROR @         0 ps: (tlul_assert.sv:301) [ASSERT FAILED] noOutstandingReqsAtEndOfSim_A
UVM_ERROR @         0 ps: (tlul_assert.sv:301) [ASSERT FAILED] noOutstandingReqsAtEndOfSim_A
UVM_ERROR @         0 ps: (tlul_assert.sv:301) [ASSERT FAILED] noOutstandingReqsAtEndOfSim_A
UVM_ERROR @         0 ps: (tlul_assert.sv:301) [ASSERT FAILED] noOutstandingReqsAtEndOfSim_A
UVM_ERROR @         0 ps: (tlul_assert.sv:301) [ASSERT FAILED] noOutstandingReqsAtEndOfSim_A
UVM_ERROR @         0 ps: (tlul_assert.sv:301) [ASSERT FAILED] noOutstandingReqsAtEndOfSim_A
UVM_ERROR @         0 ps: (tlul_assert.sv:301) [ASSERT FAILED] noOutstandingReqsAtEndOfSim_A
UVM_ERROR @         0 ps: (tlul_assert.sv:301) [ASSERT FAILED] noOutstandingReqsAtEndOfSim_A
UVM_ERROR @         0 ps: (tlul_assert.sv:301) [ASSERT FAILED] noOutstandingReqsAtEndOfSim_A
UVM_ERROR @         0 ps: (tlul_assert.sv:301) [ASSERT FAILED] noOutstandingReqsAtEndOfSim_A
UVM_ERROR @         0 ps: (tlul_assert.sv:301) [ASSERT FAILED] noOutstandingReqsAtEndOfSim_A
UVM_ERROR @         0 ps: (tlul_assert.sv:301) [ASSERT FAILED] noOutstandingReqsAtEndOfSim_A
UVM_ERROR @         0 ps: (tlul_assert.sv:301) [ASSERT FAILED] noOutstandingReqsAtEndOfSim_A
UVM_ERROR @         0 ps: (tlul_assert.sv:301) [ASSERT FAILED] noOutstandingReqsAtEndOfSim_A
UVM_ERROR @         0 ps: (tlul_assert.sv:301) [ASSERT FAILED] noOutstandingReqsAtEndOfSim_A
UVM_ERROR @         0 ps: (tlul_assert.sv:301) [ASSERT FAILED] noOutstandingReqsAtEndOfSim_A
UVM_ERROR @         0 ps: (tlul_assert.sv:301) [ASSERT FAILED] noOutstandingReqsAtEndOfSim_A
UVM_ERROR @         0 ps: (tlul_assert.sv:301) [ASSERT FAILED] noOutstandingReqsAtEndOfSim_A
UVM_ERROR @         0 ps: (tlul_assert.sv:301) [ASSERT FAILED] noOutstandingReqsAtEndOfSim_A
UVM_ERROR @         0 ps: (tlul_assert.sv:301) [ASSERT FAILED] noOutstandingReqsAtEndOfSim_A
UVM_ERROR @         0 ps: (tlul_assert.sv:301) [ASSERT FAILED] noOutstandingReqsAtEndOfSim_A
UVM_ERROR @         0 ps: (tlul_assert.sv:301) [ASSERT FAILED] noOutstandingReqsAtEndOfSim_A
UVM_ERROR @         0 ps: (tlul_assert.sv:301) [ASSERT FAILED] noOutstandingReqsAtEndOfSim_A
UVM_ERROR @         0 ps: (tlul_assert.sv:301) [ASSERT FAILED] noOutstandingReqsAtEndOfSim_A
UVM_ERROR @         0 ps: (tlul_assert.sv:301) [ASSERT FAILED] noOutstandingReqsAtEndOfSim_A
UVM_ERROR @         0 ps: (tlul_assert.sv:301) [ASSERT FAILED] noOutstandingReqsAtEndOfSim_A
UVM_ERROR @         0 ps: (tlul_assert.sv:301) [ASSERT FAILED] noOutstandingReqsAtEndOfSim_A
UVM_ERROR @         0 ps: (tlul_assert.sv:301) [ASSERT FAILED] noOutstandingReqsAtEndOfSim_A
UVM_ERROR @         0 ps: (tlul_assert.sv:301) [ASSERT FAILED] noOutstandingReqsAtEndOfSim_A
UVM_ERROR @         0 ps: (tlul_assert.sv:301) [ASSERT FAILED] noOutstandingReqsAtEndOfSim_A
UVM_ERROR @         0 ps: (tlul_assert.sv:301) [ASSERT FAILED] noOutstandingReqsAtEndOfSim_A
UVM_ERROR @         0 ps: (tlul_assert.sv:301) [ASSERT FAILED] noOutstandingReqsAtEndOfSim_A
UVM_ERROR @         0 ps: (tlul_assert.sv:301) [ASSERT FAILED] noOutstandingReqsAtEndOfSim_A
UVM_ERROR @         0 ps: (tlul_assert.sv:301) [ASSERT FAILED] noOutstandingReqsAtEndOfSim_A
UVM_ERROR @         0 ps: (tlul_assert.sv:301) [ASSERT FAILED] noOutstandingReqsAtEndOfSim_A
UVM_ERROR @         0 ps: (tlul_assert.sv:301) [ASSERT FAILED] noOutstandingReqsAtEndOfSim_A
UVM_ERROR @         0 ps: (tlul_assert.sv:301) [ASSERT FAILED] noOutstandingReqsAtEndOfSim_A
UVM_ERROR @         0 ps: (tlul_assert.sv:301) [ASSERT FAILED] noOutstandingReqsAtEndOfSim_A
UVM_ERROR @         0 ps: (tlul_assert.sv:301) [ASSERT FAILED] noOutstandingReqsAtEndOfSim_A
UVM_ERROR @         0 ps: (tlul_assert.sv:301) [ASSERT FAILED] noOutstandingReqsAtEndOfSim_A
UVM_ERROR @         0 ps: (tlul_assert.sv:301) [ASSERT FAILED] noOutstandingReqsAtEndOfSim_A
UVM_ERROR @         0 ps: (tlul_assert.sv:301) [ASSERT FAILED] noOutstandingReqsAtEndOfSim_A
UVM_ERROR @         0 ps: (tlul_assert.sv:301) [ASSERT FAILED] noOutstandingReqsAtEndOfSim_A
UVM_ERROR @         0 ps: (tlul_assert.sv:301) [ASSERT FAILED] noOutstandingReqsAtEndOfSim_A
UVM_ERROR @         0 ps: (tlul_assert.sv:301) [ASSERT FAILED] noOutstandingReqsAtEndOfSim_A
UVM_ERROR @         0 ps: (tlul_assert.sv:301) [ASSERT FAILED] noOutstandingReqsAtEndOfSim_A
UVM_ERROR @         0 ps: (tlul_assert.sv:301) [ASSERT FAILED] noOutstandingReqsAtEndOfSim_A
UVM_ERROR @         0 ps: (tlul_assert.sv:301) [ASSERT FAILED] noOutstandingReqsAtEndOfSim_A
UVM_ERROR @         0 ps: (tlul_assert.sv:301) [ASSERT FAILED] noOutstandingReqsAtEndOfSim_A
UVM_ERROR @         0 ps: (tlul_assert.sv:301) [ASSERT FAILED] noOutstandingReqsAtEndOfSim_A
UVM_ERROR @         0 ps: (tlul_assert.sv:301) [ASSERT FAILED] noOutstandingReqsAtEndOfSim_A
UVM_ERROR @         0 ps: (tlul_assert.sv:301) [ASSERT FAILED] noOutstandingReqsAtEndOfSim_A
UVM_ERROR @         0 ps: (tlul_assert.sv:301) [ASSERT FAILED] noOutstandingReqsAtEndOfSim_A
UVM_ERROR @         0 ps: (tlul_assert.sv:301) [ASSERT FAILED] noOutstandingReqsAtEndOfSim_A
UVM_ERROR @         0 ps: (tlul_assert.sv:301) [ASSERT FAILED] noOutstandingReqsAtEndOfSim_A
UVM_ERROR @         0 ps: (tlul_assert.sv:301) [ASSERT FAILED] noOutstandingReqsAtEndOfSim_A
UVM_ERROR @         0 ps: (tlul_assert.sv:301) [ASSERT FAILED] noOutstandingReqsAtEndOfSim_A
UVM_ERROR @         0 ps: (tlul_assert.sv:301) [ASSERT FAILED] noOutstandingReqsAtEndOfSim_A
UVM_ERROR @         0 ps: (tlul_assert.sv:301) [ASSERT FAILED] noOutstandingReqsAtEndOfSim_A
UVM_ERROR @         0 ps: (tlul_assert.sv:301) [ASSERT FAILED] noOutstandingReqsAtEndOfSim_A
UVM_ERROR @         0 ps: (tlul_assert.sv:301) [ASSERT FAILED] noOutstandingReqsAtEndOfSim_A
UVM_ERROR @         0 ps: (tlul_assert.sv:301) [ASSERT FAILED] noOutstandingReqsAtEndOfSim_A
UVM_ERROR @         0 ps: (tlul_assert.sv:301) [ASSERT FAILED] noOutstandingReqsAtEndOfSim_A
UVM_ERROR @         0 ps: (tlul_assert.sv:301) [ASSERT FAILED] noOutstandingReqsAtEndOfSim_A
UVM_ERROR @         0 ps: (tlul_assert.sv:301) [ASSERT FAILED] noOutstandingReqsAtEndOfSim_A
UVM_ERROR @         0 ps: (tlul_assert.sv:301) [ASSERT FAILED] noOutstandingReqsAtEndOfSim_A
UVM_ERROR @         0 ps: (tlul_assert.sv:301) [ASSERT FAILED] noOutstandingReqsAtEndOfSim_A
UVM_ERROR @         0 ps: (tlul_assert.sv:301) [ASSERT FAILED] noOutstandingReqsAtEndOfSim_A
UVM_ERROR @         0 ps: (tlul_assert.sv:301) [ASSERT FAILED] noOutstandingReqsAtEndOfSim_A
UVM_ERROR @         0 ps: (tlul_assert.sv:301) [ASSERT FAILED] noOutstandingReqsAtEndOfSim_A
UVM_ERROR @         0 ps: (tlul_assert.sv:301) [ASSERT FAILED] noOutstandingReqsAtEndOfSim_A
