regress-vif-function-focus-legacy.list: exit=0
Running compiler/VVP tests for Icarus Verilog version: 13.
----------------------------------------------------------------------------
                 sv_inherited_class_parameter_vif_task: Passed.
            sv_inherited_class_parameter_vif_task_2023: Passed.
                              sv_vif_function_dispatch: Passed.
                         sv_vif_function_dispatch_2023: Passed.
               sv_vif_function_static_formal_semantics: Passed.
          sv_vif_function_static_formal_semantics_2023: Passed.
                             sv_vif_null_function_fail: Passed - RE.
                        sv_vif_null_function_fail_2023: Passed - RE.
                 sv_vif_null_function_no_instance_fail: Passed - RE.
            sv_vif_null_function_no_instance_fail_2023: Passed - RE.
                     sv_vif_function_statement_discard: Passed.
                sv_vif_function_statement_discard_2023: Passed.
        sv_vif_function_parameterized_candidate_filter: Passed.
   sv_vif_function_parameterized_candidate_filter_2023: Passed.
                    sv_vif_function_recursive_dispatch: Passed.
               sv_vif_function_recursive_dispatch_2023: Passed.
            sv_vif_function_static_object_stack_growth: Passed.
       sv_vif_function_static_object_stack_growth_2023: Passed.
            sv_vif_function_named_then_positional_fail: Passed - CE.
       sv_vif_function_named_then_positional_fail_2023: Passed - CE.
     sv_vif_null_function_no_instance_missing_arg_fail: Passed - CE.
sv_vif_null_function_no_instance_missing_arg_fail_2023: Passed - CE.
                     sv_vif_function_copyback_arg_fail: Passed - CE.
                sv_vif_function_copyback_arg_fail_2023: Passed - CE.
                        sv_vif_function_fixed_arg_fail: Passed - CE.
                   sv_vif_function_fixed_arg_fail_2023: Passed - CE.
                     sv_vif_function_fixed_return_fail: Passed - CE.
                sv_vif_function_fixed_return_fail_2023: Passed - CE.
     sv_interface_port_array_function_sensitivity_2012: Passed.
          sv_interface_port_array_function_sensitivity: Passed.
     sv_interface_port_array_function_sensitivity_2023: Passed.
============================================================================
Test results:
  Total=31, Passed=31, Failed=0, Not Implemented=0, Expected Fail=0

regress-vif-type-context-focus-legacy.list: exit=0
Running compiler/VVP tests for Icarus Verilog version: 13.
----------------------------------------------------------------------------
                sv_vif_explicit_interface_class_property: Passed.
           sv_vif_explicit_interface_class_property_2023: Passed.
                              sv_vif_instance_comparison: Passed.
                         sv_vif_instance_comparison_2023: Passed.
                 sv_vif_instance_runtime_index_extension: Passed.
            sv_vif_instance_runtime_index_extension_2023: Passed.
            sv_vif_explicit_interface_class_modport_fail: Passed - CE.
       sv_vif_explicit_interface_class_modport_fail_2023: Passed - CE.
       sv_vif_explicit_interface_class_noninterface_fail: Passed - CE.
  sv_vif_explicit_interface_class_noninterface_fail_2023: Passed - CE.
            sv_vif_explicit_interface_class_missing_fail: Passed - CE.
       sv_vif_explicit_interface_class_missing_fail_2023: Passed - CE.
            sv_vif_explicit_interface_data_type_contexts: Passed.
       sv_vif_explicit_interface_data_type_contexts_2023: Passed.
                              sv_vif_forbidden_port_fail: Passed - CE.
                         sv_vif_forbidden_port_fail_2023: Passed - CE.
                    sv_vif_forbidden_interface_item_fail: Passed - CE.
               sv_vif_forbidden_interface_item_fail_2023: Passed - CE.
     sv_vif_forbidden_interface_item_type_parameter_fail: Passed - CE.
sv_vif_forbidden_interface_item_type_parameter_fail_2023: Passed - CE.
                      sv_vif_forbidden_union_member_fail: Passed - CE.
                 sv_vif_forbidden_union_member_fail_2023: Passed - CE.
============================================================================
Test results:
  Total=22, Passed=22, Failed=0, Not Implemented=0, Expected Fail=0

regress-vif-event-focus-legacy.list: exit=0
Running compiler/VVP tests for Icarus Verilog version: 13.
----------------------------------------------------------------------------
           sv_vif_event_initialized: Passed.
           sv_vif_null_anyedge_fail: Passed - RE.
           sv_vif_null_posedge_fail: Passed - RE.
           sv_vif_null_negedge_fail: Passed - RE.
             sv_vif_null_multi_fail: Passed - RE.
            sv_vif_null_method_fail: Passed - RE.
sv_vif_null_method_no_instance_fail: Passed - RE.
     sv_vif_task_from_function_fail: Passed - CE.
     sv_vif_input_array_method_fail: Passed - CE.
============================================================================
Test results:
  Total=9, Passed=9, Failed=0, Not Implemented=0, Expected Fail=0

regress-vif-clocking-output-focus-legacy.list: exit=0
Running compiler/VVP tests for Icarus Verilog version: 13.
----------------------------------------------------------------------------
                sv_vif_clocking_partial_member_preserve: Passed.
                sv_vif_clocking_partial_select_preserve: Passed.
                      sv_vif_clocking_output_skew_scope: Passed.
                   sv_clocking_static_output_skew_scope: Passed.
                     sv_clocking_selected_output_static: Passed.
                      sv_clocking_selected_output_alias: Passed.
               sv_clocking_selected_output_dynamic_fail: Passed - CE.
               sv_clocking_class_handle_shadow_selected: Passed.
                   sv_clocking_vif_skew_precision_order: Passed.
                         sv_clocking_vif_skew_type_only: Passed.
                  sv_clocking_vif_selected_dynamic_fail: Passed - CE.
                   sv_vif_clocking_output_complex_alias: Passed.
              sv_vif_clocking_output_target_select_fail: Passed - CE.
                         sv_clocking_vif_modport_output: Passed.
                    sv_clocking_vif_modport_input_event: Passed.
                sv_clocking_vif_modport_raw_member_fail: Passed - CE.
       sv_clocking_vif_modport_unexported_clocking_fail: Passed - CE.
                   sv_clocking_class_vif_modport_output: Passed.
              sv_clocking_class_vif_modport_input_event: Passed.
          sv_clocking_class_vif_modport_raw_member_fail: Passed - CE.
 sv_clocking_class_vif_modport_unexported_clocking_fail: Passed - CE.
  sv_clocking_class_vif_modport_clocking_collision_fail: Passed - CE.
       sv_clocking_class_vif_modport_property_isolation: Passed.
        sv_clocking_vif_modport_typedef_raw_member_fail: Passed - CE.
sv_clocking_class_typeparam_vif_modport_raw_member_fail: Passed - CE.
         sv_clocking_struct_vif_modport_raw_member_fail: Passed - CE.
          sv_clocking_vif_numeric_input_skew_zero_order: Passed.
         sv_clocking_vif_numeric_input_skew_delay_order: Passed.
                  sv_clocking_concat_member_lvalue_fail: Passed - CE.
                sv_clocking_indexed_class_receiver_fail: Passed - CE.
           sv_clocking_root_indexed_class_receiver_fail: Passed - CE.
               sv_clocking_unpacked_output_storage_fail: Passed - CE.
           sv_clocking_selected_decl_assign_target_fail: Passed - CE.
                     sv_clocking_vif_input_sys_task_arg: Passed.
                         sv_clocking_vif_vpi_write_fail: Passed - RE.
               sv_clocking_nonconstant_output_skew_fail: Passed - CE.
============================================================================
Test results:
  Total=36, Passed=36, Failed=0, Not Implemented=0, Expected Fail=0

regress-vif-parameter-specialization-focus-legacy.list: exit=0
Running compiler/VVP tests for Icarus Verilog version: 13.
----------------------------------------------------------------------------
                   sv_vif_parameter_specialization_members: Passed.
              sv_vif_parameter_specialization_members_2023: Passed.
               sv_vif_parameter_specialization_class_cache: Passed.
          sv_vif_parameter_specialization_class_cache_2023: Passed.
          sv_vif_parameter_specialization_cache_provenance: Passed.
     sv_vif_parameter_specialization_cache_provenance_2023: Passed.
                   sv_vif_parameter_specialization_methods: Passed.
              sv_vif_parameter_specialization_methods_2023: Passed.
                      sv_vif_parameter_specialization_pins: Passed.
                 sv_vif_parameter_specialization_pins_2023: Passed.
                             sv_vif_modport_prototype_fail: Passed - CE.
                        sv_vif_modport_prototype_fail_2023: Passed - CE.
           sv_vif_parameter_specialization_assignment_fail: Passed - CE.
      sv_vif_parameter_specialization_assignment_fail_2023: Passed - CE.
           sv_vif_parameter_specialization_comparison_fail: Passed - CE.
      sv_vif_parameter_specialization_comparison_fail_2023: Passed - CE.
             sv_vif_parameter_specialization_defparam_fail: Passed - CE.
        sv_vif_parameter_specialization_defparam_fail_2023: Passed - CE.
                 sv_vif_parameter_specialization_null_fail: Passed - RE.
            sv_vif_parameter_specialization_null_fail_2023: Passed - RE.
      sv_interface_port_selected_actual_unqualified_formal: Passed.
 sv_interface_port_selected_actual_unqualified_formal_2023: Passed.
                          sv_vif_modport_identifier_import: Passed.
                     sv_vif_modport_identifier_import_2023: Passed.
                     sv_modport_tf_prototype_recovery_fail: Passed - CE.
                sv_modport_tf_prototype_recovery_fail_2023: Passed - CE.
                            sv_modport_export_missing_fail: Passed - CE.
                       sv_modport_export_missing_fail_2023: Passed - CE.
           sv_vif_parameter_specialization_allocator_reuse: Passed.
      sv_vif_parameter_specialization_allocator_reuse_2023: Passed.
        sv_vif_parameter_specialization_queue_bound_layout: Passed.
   sv_vif_parameter_specialization_queue_bound_layout_2023: Passed.
                            sv_typed_mailbox_type_identity: Passed.
                       sv_typed_mailbox_type_identity_2023: Passed.
                     sv_typed_mailbox_expression_type_fail: Passed - CE.
                sv_typed_mailbox_expression_type_fail_2023: Passed - CE.
                           sv_typed_mailbox_statement_type: Passed.
                      sv_typed_mailbox_statement_type_2023: Passed.
                      sv_typed_mailbox_statement_type_fail: Passed - CE.
                 sv_typed_mailbox_statement_type_fail_2023: Passed - CE.
              sv_modport_tf_prototype_syntax_recovery_fail: Passed - CE.
         sv_modport_tf_prototype_syntax_recovery_fail_2023: Passed - CE.
             sv_interface_port_selected_actual_access_fail: Passed - CE.
        sv_interface_port_selected_actual_access_fail_2023: Passed - CE.
                         sv_vif_modport_hidden_method_fail: Passed - CE.
                    sv_vif_modport_hidden_method_fail_2023: Passed - CE.
             sv_vif_modport_prototype_earlier_default_fail: Passed - CE.
        sv_vif_modport_prototype_earlier_default_fail_2023: Passed - CE.
               sv_vif_modport_prototype_type_mismatch_fail: Passed - CE.
          sv_vif_modport_prototype_type_mismatch_fail_2023: Passed - CE.
     sv_interface_port_selected_actual_export_missing_fail: Passed - CE.
sv_interface_port_selected_actual_export_missing_fail_2023: Passed - CE.
                  sv_modport_function_implicit_return_fail: Passed - CE.
             sv_modport_function_implicit_return_fail_2023: Passed - CE.
                              sv_modport_tf_duplicate_fail: Passed - CE.
                         sv_modport_tf_duplicate_fail_2023: Passed - CE.
                sv_modport_tf_prototype_file_recovery_fail: Passed - CE.
           sv_modport_tf_prototype_file_recovery_fail_2023: Passed - CE.
                      sv_vif_local_nominal_function_result: Passed.
                 sv_vif_local_nominal_function_result_2023: Passed.
                 sv_vif_local_nominal_function_result_fail: Passed - CE.
            sv_vif_local_nominal_function_result_fail_2023: Passed - CE.
                               sv_vif_task_scalar_copyback: Passed.
                          sv_vif_task_scalar_copyback_2023: Passed.
                          sv_vif_task_scalar_copyback_fail: Passed - CE.
                     sv_vif_task_scalar_copyback_fail_2023: Passed - CE.
                         sv_fixed_container_array_elements: Passed.
                    sv_fixed_container_array_elements_2023: Passed.
============================================================================
Test results:
  Total=68, Passed=68, Failed=0, Not Implemented=0, Expected Fail=0

regress-vif-descendant-2017-legacy.list: exit=0
Running compiler/VVP tests for Icarus Verilog version: 13.
----------------------------------------------------------------------------
  sv_vif_descendant_detached: Passed.
  sv_vif_descendant_retained: Passed.
    sv_vif_descendant_direct: Passed.
sv_vif_descendant_concurrent: Passed.
    sv_vif_descendant_rebind: Passed.
    sv_vif_descendant_nested: Passed.
     sv_vif_descendant_reuse: Passed.
 sv_vif_descendant_recursive: Passed.
 sv_vif_descendant_null_fail: Passed - RE.
============================================================================
Test results:
  Total=9, Passed=9, Failed=0, Not Implemented=0, Expected Fail=0

regress-vif-descendant-2023-legacy.list: exit=0
Running compiler/VVP tests for Icarus Verilog version: 13.
----------------------------------------------------------------------------
  sv_vif_descendant_detached: Passed.
  sv_vif_descendant_retained: Passed.
    sv_vif_descendant_direct: Passed.
sv_vif_descendant_concurrent: Passed.
    sv_vif_descendant_rebind: Passed.
    sv_vif_descendant_nested: Passed.
     sv_vif_descendant_reuse: Passed.
 sv_vif_descendant_recursive: Passed.
 sv_vif_descendant_null_fail: Passed - RE.
============================================================================
Test results:
  Total=9, Passed=9, Failed=0, Not Implemented=0, Expected Fail=0
AGGREGATE Total=184, Passed=184, Failed=0
