../src/lowrisc_dv_dv_lib_0/dv_base_env_cfg.sv:5: warning: Can not find the scope type definition `RAL_T' (compile-progress fallback).
../src/lowrisc_dv_dv_lib_0/dv_base_env_cfg.sv:5: warning: Can not find the scope type definition `RAL_T' (compile-progress fallback).
../src/lowrisc_dv_dv_lib_0/dv_base_env_cfg.sv:5: warning: Can not find the scope type definition `RAL_T' (compile-progress fallback).
../src/lowrisc_dv_dv_lib_0/dv_base_env_cfg.sv:5: warning: Can not find the scope type definition `RAL_T' (compile-progress fallback).
../src/lowrisc_dv_keymgr_sim_0.1/tb.sv:31: warning: input port rst_n is coerced to inout.
../src/lowrisc_fpv_keymgr_csr_assert_0/keymgr_csr_assert_fpv.sv:91: warning: A non-blocking assignment should not be used in an always_comb process.
../src/lowrisc_fpv_keymgr_csr_assert_0/keymgr_csr_assert_fpv.sv:92: warning: A non-blocking assignment should not be used in an always_comb process.
../src/lowrisc_fpv_keymgr_csr_assert_0/keymgr_csr_assert_fpv.sv:93: warning: A non-blocking assignment should not be used in an always_comb process.
../src/lowrisc_fpv_keymgr_csr_assert_0/keymgr_csr_assert_fpv.sv:94: warning: A non-blocking assignment should not be used in an always_comb process.
../src/lowrisc_fpv_keymgr_csr_assert_0/keymgr_csr_assert_fpv.sv:95: warning: A non-blocking assignment should not be used in an always_comb process.
../src/lowrisc_fpv_keymgr_csr_assert_0/keymgr_csr_assert_fpv.sv:96: warning: A non-blocking assignment should not be used in an always_comb process.
../src/lowrisc_fpv_keymgr_csr_assert_0/keymgr_csr_assert_fpv.sv:97: warning: A non-blocking assignment should not be used in an always_comb process.
../src/lowrisc_fpv_keymgr_csr_assert_0/keymgr_csr_assert_fpv.sv:98: warning: A non-blocking assignment should not be used in an always_comb process.
../src/lowrisc_fpv_keymgr_csr_assert_0/keymgr_csr_assert_fpv.sv:99: warning: A non-blocking assignment should not be used in an always_comb process.
../src/lowrisc_fpv_keymgr_csr_assert_0/keymgr_csr_assert_fpv.sv:100: warning: A non-blocking assignment should not be used in an always_comb process.
../src/lowrisc_fpv_keymgr_csr_assert_0/keymgr_csr_assert_fpv.sv:101: warning: A non-blocking assignment should not be used in an always_comb process.
../src/lowrisc_fpv_keymgr_csr_assert_0/keymgr_csr_assert_fpv.sv:102: warning: A non-blocking assignment should not be used in an always_comb process.
../src/lowrisc_fpv_keymgr_csr_assert_0/keymgr_csr_assert_fpv.sv:103: warning: A non-blocking assignment should not be used in an always_comb process.
../src/lowrisc_fpv_keymgr_csr_assert_0/keymgr_csr_assert_fpv.sv:104: warning: A non-blocking assignment should not be used in an always_comb process.
../src/lowrisc_fpv_keymgr_csr_assert_0/keymgr_csr_assert_fpv.sv:105: warning: A non-blocking assignment should not be used in an always_comb process.
../src/lowrisc_fpv_keymgr_csr_assert_0/keymgr_csr_assert_fpv.sv:106: warning: A non-blocking assignment should not be used in an always_comb process.
../src/lowrisc_fpv_keymgr_csr_assert_0/keymgr_csr_assert_fpv.sv:107: warning: A non-blocking assignment should not be used in an always_comb process.
../src/lowrisc_fpv_keymgr_csr_assert_0/keymgr_csr_assert_fpv.sv:108: warning: A non-blocking assignment should not be used in an always_comb process.
../src/lowrisc_fpv_keymgr_csr_assert_0/keymgr_csr_assert_fpv.sv:109: warning: A non-blocking assignment should not be used in an always_comb process.
../src/lowrisc_fpv_keymgr_csr_assert_0/keymgr_csr_assert_fpv.sv:110: warning: A non-blocking assignment should not be used in an always_comb process.
../src/lowrisc_fpv_keymgr_csr_assert_0/keymgr_csr_assert_fpv.sv:111: warning: A non-blocking assignment should not be used in an always_comb process.
../src/lowrisc_fpv_keymgr_csr_assert_0/keymgr_csr_assert_fpv.sv:112: warning: A non-blocking assignment should not be used in an always_comb process.
../src/lowrisc_fpv_keymgr_csr_assert_0/keymgr_csr_assert_fpv.sv:113: warning: A non-blocking assignment should not be used in an always_comb process.
../src/lowrisc_fpv_keymgr_csr_assert_0/keymgr_csr_assert_fpv.sv:114: warning: A non-blocking assignment should not be used in an always_comb process.
../src/lowrisc_fpv_keymgr_csr_assert_0/keymgr_csr_assert_fpv.sv:115: warning: A non-blocking assignment should not be used in an always_comb process.
../src/lowrisc_fpv_keymgr_csr_assert_0/keymgr_csr_assert_fpv.sv:116: warning: A non-blocking assignment should not be used in an always_comb process.
../src/lowrisc_fpv_keymgr_csr_assert_0/keymgr_csr_assert_fpv.sv:117: warning: A non-blocking assignment should not be used in an always_comb process.
../src/lowrisc_fpv_keymgr_csr_assert_0/keymgr_csr_assert_fpv.sv:118: warning: A non-blocking assignment should not be used in an always_comb process.
../src/lowrisc_fpv_keymgr_csr_assert_0/keymgr_csr_assert_fpv.sv:119: warning: A non-blocking assignment should not be used in an always_comb process.
../src/lowrisc_fpv_keymgr_csr_assert_0/keymgr_csr_assert_fpv.sv:120: warning: A non-blocking assignment should not be used in an always_comb process.
../src/lowrisc_fpv_keymgr_csr_assert_0/keymgr_csr_assert_fpv.sv:121: warning: A non-blocking assignment should not be used in an always_comb process.
../src/lowrisc_fpv_keymgr_csr_assert_0/keymgr_csr_assert_fpv.sv:122: warning: A non-blocking assignment should not be used in an always_comb process.
../src/lowrisc_fpv_keymgr_csr_assert_0/keymgr_csr_assert_fpv.sv:123: warning: A non-blocking assignment should not be used in an always_comb process.
../src/lowrisc_fpv_keymgr_csr_assert_0/keymgr_csr_assert_fpv.sv:125: warning: A non-blocking assignment should not be used in an always_comb process.
../src/lowrisc_dv_keymgr_env_0.1/keymgr_if.sv:496: warning: System task ($assertoff) cannot be synthesized in an always_comb process.
../src/lowrisc_dv_keymgr_env_0.1/keymgr_if.sv:498: warning: System task ($asserton) cannot be synthesized in an always_comb process.
