Running VPI tests for Icarus Verilog version: 13.
----------------------------------------------------------------------------
                               br_gh59: Passed.
                              br_gh73a: Passed.
                              br_gh73b: Passed.
                              br_gh117: Passed.
                              br_gh141: Passed.
                             br_gh169a: Passed.
                             br_gh169b: Passed.
                              br_gh184: Passed.
                              br_gh235: Passed.
                              br_gh308: Passed.
                              br_gh317: Passed.
                              br_gh496: Passed.
                             br_gh1037: Passed.
                             br_gh1041: Passed.
                            br_gh1041b: Passed.
                         br_ml20191013: Passed.
                              by_index: Passed.
                               by_name: Passed.
                             callback1: Passed.
                  wide_part_select_vpi: Passed.
                            celldefine: Passed.
                 dumpports_activity_cb: Passed.
                         check_version: Passed.
                         display_array: Passed.
                  class_event_lifetime: Passed.
                                event1: Passed.
                                event2: Passed.
                                 final: Passed.
                              find_sig: Passed.
                             force_reg: Passed.
                          force_reg_pv: Passed.
                        force_reg_real: Passed.
                            force_wire: Passed.
                         force_wire_pv: Passed.
                       force_wire_real: Passed.
                          genblk_named: Passed.
                        genblk_unnamed: Passed.
                         genblk_direct: Passed.
                                  getp: Passed.
                            hello_poke: Passed.
                              hello_tf: Passed.
                             hello_vpi: Passed.
                            hello_vpi2: Passed.
                            listparams: Passed.
                       nextsimtime_cb1: Passed.
                       nextsimtime_cb2: Passed.
                       nextsimtime_cb3: Passed.
                       nextsimtime_cb4: Passed.
                                memmon: Passed.
                               memwide: Passed.
                               mipname: Passed.
                               myscope: Passed.
                              myscope2: Passed.
                                nulls1: Passed.
                          poke_escaped: Passed.
                              pokevent: Passed.
                               pokereg: Passed.
                          ports_params: Passed.
                                 pr521: Passed.
                                 pr686: Passed.
                                 pr723: Passed.
                             pr1693971: Passed.
                             pr2048463: Passed.
                             pr2314742: Passed.
                             pr2966059: Passed.
                             pr2971220: Passed.
                   pure_comb_finish_cb: Passed.
                                  putp: Passed.
                                 putp2: Passed.
                              putvalue: Passed.
                                range1: Passed.
                                realcb: Passed.
                              realtime: Passed.
                             realtime2: Passed.
                              ro_synch: Passed.
                               scanmem: Passed.
                              scanmem2: Passed.
                              scanmem3: Passed.
                                scopes: Passed.
                          sim_time_cb1: Passed.
                          sim_time_cb2: Passed.
                           spec_delays: Passed.
                     start_of_simtime1: Passed.
                  static_class_storage: Passed.
        static_class_storage_callbacks: Passed.
                             timescale: Passed.
                      value_change_cb1: Passed.
                      value_change_cb2: Passed.
                      value_change_cb3: Passed.
                      value_change_cb4: Passed.
                           vpi_control: Passed.
                        m12_sv_objects: Passed.
                       m12_assoc_write: Passed.
                      m12_container_cb: Passed.
                   m12_container_props: Passed.
                    m12_nested_members: Passed.
                      m12_covgrp_drill: Passed.
                      m12_modport_dirs: Passed.
                     m12_decl_lifetime: Passed.
               m12_decl_lifetime_words: Passed.
                          m12_lifetime: Passed.
                    m12_assert_attempt: Passed.
                         m12_bit_force: Passed.
                   m12_force_cb_regbit: Passed.
              m12_force_cb_regbit_2023: Passed.
                 m12_force_cb_stmt_obj: Passed.
            m12_force_cb_stmt_obj_2023: Passed.
                       m12_assert_step: Passed.
             m12_assert_start_identity: Passed.
                          m6b_nba_sync: Passed.
                         m12_sv_scopes: Passed.
                       m12_sv_coverage: Passed.
                       m12b_assert_vpi: Passed.
                      m12bcb_assert_cb: Passed.
                m12_endpoint_fanout_cb: Passed.
              m12_endpoint_fanout_step: Passed.
                              force_cb: Passed.
                      m12br_assert_cb2: Passed.
                 m12_vacuous_action_cb: Passed.
                m12_symbolic_parent_cb: Passed.
                 string_literal_vector: Passed.
            string_literal_vector_2023: Passed.
       sv_assert_long_fixed_antecedent: Passed.
  sv_assert_long_fixed_antecedent_2023: Passed.
                   packed_multidim_api: Passed.
              packed_multidim_api_2023: Passed.
                  packed_force_overlap: Passed.
             packed_force_overlap_2023: Passed.
                    packed_forward_net: Passed.
               packed_forward_net_2023: Passed.
                 event_callback_origin: Passed.
            event_callback_origin_2023: Passed.
          event_callback_parent_atomic: Passed.
     event_callback_parent_atomic_2023: Passed.
     event_callback_parent_atomic_late: Passed.
event_callback_parent_atomic_late_2023: Passed.
     event_callback_parent_atomic_high: Passed.
event_callback_parent_atomic_high_2023: Passed.
           event_callback_nested_depth: Passed.
      event_callback_nested_depth_2023: Passed.
============================================================================
Test results: Total=140, Passed=140, Failed=0, Not Implemented=0
