PASS sv_concat_object_lvalue_unknown_offset
PASS sv_selected_vif_edge_invalid_real_index_2017
PASS sv_selected_vif_edge_invalid_real_index_2023
PASS sv_class_fixed_array_container_packed_select_oob
PASS sv_class_packed_enum_property_2017
PASS sv_class_packed_enum_property_2023
PASS sv_class_enum_container_packed_select_bounds
PASS sv_class_enum_container_packed_select_bounds_2023
PASS sv_class_prop_packed_member_var
PASS sv_class_packed_select_incdec
PASS sv_class_packed_select_incdec_bounds
PASS sv_class_packed_select_incdec_bounds_2023
PASS sv_class_packed_enum_property_index_2017
PASS sv_class_packed_enum_property_index_2023
PASS sv_class_packed_property_2d_index_2017
PASS sv_class_packed_property_2d_index_2023
PASS sv_class_packed_property_2d_range_invalid_2017
PASS sv_class_packed_property_2d_range_invalid_2023
PASS sv_class_packed_property_dynamic_nested_slice_2017
PASS sv_class_packed_property_dynamic_nested_slice_2023
PASS sv_class_packed_property_dynamic_slice_cross_2017
PASS sv_class_packed_property_dynamic_slice_cross_2023
PASS sv_class_packed_property_narrow_cast_cross_2017
PASS sv_class_packed_property_narrow_cast_cross_2023
total=24 failed=0
