../src/lowrisc_dv_dv_utils_0/dv_utils_pkg.sv:205: Warning: Calling system function $system() as a task.
../src/lowrisc_dv_dv_utils_0/dv_utils_pkg.sv:205:          The functions return value will be ignored.
 ... Linking
 ... Removing symbol tables
 ... Compiletf functions
TIMETRACE @ 1003045 ps
TIMETRACE @ 2003121 ps
TIMETRACE @ 3003197 ps
TIMETRACE @ 4003273 ps
TIMETRACE @ 5003349 ps
TIMETRACE @ 6003425 ps
TIMETRACE @ 7003501 ps
TIMETRACE @ 8003577 ps
TIMETRACE @ 9003653 ps
TIMETRACE @ 10003729 ps
TIMETRACE @ 11003805 ps
TIMETRACE @ 12003881 ps
TIMETRACE @ 13003957 ps
TIMETRACE @ 14004033 ps
TIMETRACE @ 15004109 ps
TIMETRACE @ 16004185 ps
TIMETRACE @ 17004261 ps
TIMETRACE @ 18004337 ps
TIMETRACE @ 19004413 ps
TIMETRACE @ 20004489 ps
TIMETRACE @ 21004565 ps
TIMETRACE @ 22004641 ps
TIMETRACE @ 23004717 ps
TIMETRACE @ 24004793 ps
TIMETRACE @ 25004869 ps
TIMETRACE @ 26004945 ps
TIMETRACE @ 27005021 ps
TIMETRACE @ 28005097 ps
TIMETRACE @ 29005173 ps
TIMETRACE @ 30005249 ps
TIMETRACE @ 31005325 ps
TIMETRACE @ 32005401 ps
TIMETRACE @ 33005477 ps
TIMETRACE @ 34005553 ps
TIMETRACE @ 35005629 ps
TIMETRACE @ 36005705 ps
TIMETRACE @ 37005781 ps
TIMETRACE @ 38005857 ps
TIMETRACE @ 39005933 ps
TIMETRACE @ 40005996 ps
TIMETRACE @ 41006004 ps
TIMETRACE @ 42006012 ps
TIMETRACE @ 43006020 ps
TIMETRACE @ 44006028 ps
TIMETRACE @ 45006036 ps
TIMETRACE @ 46006044 ps
TIMETRACE @ 47006052 ps
TIMETRACE @ 48006060 ps
TIMETRACE @ 49006068 ps
TIMETRACE @ 50006076 ps
TIMETRACE @ 51006084 ps
TIMETRACE @ 52006092 ps
TIMETRACE @ 53006100 ps
TIMETRACE @ 54006108 ps
TIMETRACE @ 55006116 ps
TIMETRACE @ 56006124 ps
TIMETRACE @ 57006132 ps
TIMETRACE @ 58006140 ps
TIMETRACE @ 59006148 ps
TIMETRACE @ 60006156 ps
TIMETRACE @ 61006164 ps
TIMETRACE @ 62006172 ps
TIMETRACE @ 63006180 ps
TIMETRACE @ 64006188 ps
TIMETRACE @ 65006196 ps
TIMETRACE @ 66006204 ps
TIMETRACE @ 67006212 ps
TIMETRACE @ 68006220 ps
TIMETRACE @ 69006228 ps
TIMETRACE @ 70006236 ps
TIMETRACE @ 71006244 ps
TIMETRACE @ 72006252 ps
TIMETRACE @ 73006260 ps
TIMETRACE @ 74006268 ps
TIMETRACE @ 75006276 ps
TIMETRACE @ 76006284 ps
TIMETRACE @ 77006292 ps
TIMETRACE @ 78006300 ps
TIMETRACE @ 79006308 ps
TIMETRACE @ 80006316 ps
TIMETRACE @ 81006324 ps
TIMETRACE @ 82006332 ps
TIMETRACE @ 83006340 ps
TIMETRACE @ 84006348 ps
TIMETRACE @ 85006356 ps
TIMETRACE @ 86006364 ps
TIMETRACE @ 87006372 ps
TIMETRACE @ 88006380 ps
TIMETRACE @ 89006388 ps
TIMETRACE @ 90006396 ps
TIMETRACE @ 91006404 ps
TIMETRACE @ 92006412 ps
TIMETRACE @ 93006420 ps
TIMETRACE @ 94006428 ps
TIMETRACE @ 95006436 ps
TIMETRACE @ 96006444 ps
TIMETRACE @ 97006452 ps
TIMETRACE @ 98006460 ps
TIMETRACE @ 99006468 ps
TIMETRACE @ 100006476 ps
TIMETRACE @ 101006484 ps
TIMETRACE @ 102006492 ps
TIMETRACE @ 103006500 ps
TIMETRACE @ 104006508 ps
TIMETRACE @ 105006516 ps
TIMETRACE @ 106006524 ps
TIMETRACE @ 107006532 ps
TIMETRACE @ 108006540 ps
TIMETRACE @ 109006548 ps
TIMETRACE @ 110006556 ps
TIMETRACE @ 111006564 ps
TIMETRACE @ 112006572 ps
TIMETRACE @ 113006580 ps
TIMETRACE @ 114006588 ps
TIMETRACE @ 115006596 ps
TIMETRACE @ 116006604 ps
TIMETRACE @ 117006612 ps
TIMETRACE @ 118006620 ps
TIMETRACE @ 119006628 ps
TIMETRACE @ 120006636 ps
TIMETRACE @ 121006644 ps
TIMETRACE @ 122006652 ps
TIMETRACE @ 123006660 ps
TIMETRACE @ 124006668 ps
TIMETRACE @ 125006676 ps
TIMETRACE @ 126006684 ps
TIMETRACE @ 127006692 ps
TIMETRACE @ 128006700 ps
TIMETRACE @ 129006708 ps
TIMETRACE @ 130006716 ps
TIMETRACE @ 131006724 ps
TIMETRACE @ 132006732 ps
TIMETRACE @ 133006740 ps
TIMETRACE @ 134006748 ps
TIMETRACE @ 135006756 ps
TIMETRACE @ 136006764 ps
TIMETRACE @ 137006772 ps
TIMETRACE @ 138006780 ps
TIMETRACE @ 139006788 ps
TIMETRACE @ 140006796 ps
TIMETRACE @ 141006804 ps
TIMETRACE @ 142006812 ps
TIMETRACE @ 143006820 ps
TIMETRACE @ 144006828 ps
TIMETRACE @ 145006836 ps
TIMETRACE @ 146006844 ps
TIMETRACE @ 147006852 ps
TIMETRACE @ 148006860 ps
TIMETRACE @ 149006868 ps
TIMETRACE @ 150006876 ps
TIMETRACE @ 151006884 ps
TIMETRACE @ 152006892 ps
TIMETRACE @ 153006900 ps
TIMETRACE @ 154006908 ps
TIMETRACE @ 155006916 ps
TIMETRACE @ 156006924 ps
TIMETRACE @ 157006932 ps
TIMETRACE @ 158006940 ps
TIMETRACE @ 159006948 ps
TIMETRACE @ 160006956 ps
TIMETRACE @ 161006964 ps
TIMETRACE @ 162006972 ps
TIMETRACE @ 163006980 ps
TIMETRACE @ 164006988 ps
TIMETRACE @ 165006996 ps
TIMETRACE @ 166007004 ps
TIMETRACE @ 167007012 ps
TIMETRACE @ 168007020 ps
TIMETRACE @ 169007028 ps
TIMETRACE @ 170007036 ps
TIMETRACE @ 171007044 ps
TIMETRACE @ 172007052 ps
TIMETRACE @ 173007060 ps
TIMETRACE @ 174007068 ps
TIMETRACE @ 175007076 ps
TIMETRACE @ 176007084 ps
TIMETRACE @ 177007092 ps
TIMETRACE @ 178007100 ps
TIMETRACE @ 179007108 ps
TIMETRACE @ 180007116 ps
TIMETRACE @ 181007124 ps
TIMETRACE @ 182007132 ps
TIMETRACE @ 183007136 ps
TIMETRACE @ 184007148 ps
TIMETRACE @ 185007156 ps
TIMETRACE @ 186007164 ps
TIMETRACE @ 187007172 ps
TIMETRACE @ 188007180 ps
TIMETRACE @ 189007188 ps
TIMETRACE @ 190007196 ps
TIMETRACE @ 191007204 ps
TIMETRACE @ 192007212 ps
TIMETRACE @ 193007220 ps
TIMETRACE @ 194007228 ps
TIMETRACE @ 195007236 ps
TIMETRACE @ 196007244 ps
TIMETRACE @ 197007252 ps
TIMETRACE @ 198007260 ps
TIMETRACE @ 199007268 ps
TIMETRACE @ 200007276 ps
TIMETRACE @ 201007284 ps
TIMETRACE @ 202007292 ps
TIMETRACE @ 203007300 ps
TIMETRACE @ 204007308 ps
TIMETRACE @ 205007316 ps
TIMETRACE @ 206007324 ps
TIMETRACE @ 207007332 ps
TIMETRACE @ 208007340 ps
TIMETRACE @ 209007348 ps
TIMETRACE @ 210007356 ps
TIMETRACE @ 211007364 ps
TIMETRACE @ 212007372 ps
TIMETRACE @ 213007380 ps
TIMETRACE @ 214007388 ps
TIMETRACE @ 215007396 ps
TIMETRACE @ 216007404 ps
TIMETRACE @ 217007412 ps
TIMETRACE @ 218007420 ps
TIMETRACE @ 219007428 ps
TIMETRACE @ 220007436 ps
TIMETRACE @ 221007444 ps
TIMETRACE @ 222007452 ps
TIMETRACE @ 223007460 ps
TIMETRACE @ 224007468 ps
TIMETRACE @ 225007476 ps
TIMETRACE @ 226007484 ps
TIMETRACE @ 227007492 ps
TIMETRACE @ 228007500 ps
TIMETRACE @ 229007508 ps
TIMETRACE @ 230007516 ps
TIMETRACE @ 231007524 ps
TIMETRACE @ 232007532 ps
TIMETRACE @ 233007540 ps
TIMETRACE @ 234007548 ps
TIMETRACE @ 235007556 ps
TIMETRACE @ 236007564 ps
TIMETRACE @ 237007572 ps
TIMETRACE @ 238007580 ps
TIMETRACE @ 239007588 ps
TIMETRACE @ 240007596 ps
TIMETRACE @ 241007604 ps
TIMETRACE @ 242007612 ps
TIMETRACE @ 243007620 ps
TIMETRACE @ 244007628 ps
TIMETRACE @ 245007636 ps
TIMETRACE @ 246007644 ps
TIMETRACE @ 247007652 ps
TIMETRACE @ 248007660 ps
TIMETRACE @ 249007668 ps
TIMETRACE @ 250007676 ps
TIMETRACE @ 251007684 ps
TIMETRACE @ 252007692 ps
TIMETRACE @ 253007700 ps
TIMETRACE @ 254007708 ps
TIMETRACE @ 255007716 ps
TIMETRACE @ 256007724 ps
TIMETRACE @ 257007732 ps
TIMETRACE @ 258007740 ps
TIMETRACE @ 259007748 ps
TIMETRACE @ 260007756 ps
TIMETRACE @ 261007764 ps
TIMETRACE @ 262007772 ps
TIMETRACE @ 263007780 ps
TIMETRACE @ 264007788 ps
TIMETRACE @ 265007796 ps
TIMETRACE @ 266007804 ps
TIMETRACE @ 267007812 ps
TIMETRACE @ 268007820 ps
TIMETRACE @ 269007828 ps
TIMETRACE @ 270007836 ps
TIMETRACE @ 271007844 ps
TIMETRACE @ 272007852 ps
TIMETRACE @ 273007860 ps
TIMETRACE @ 274007868 ps
TIMETRACE @ 275007876 ps
TIMETRACE @ 276007884 ps
TIMETRACE @ 277007892 ps
TIMETRACE @ 278007900 ps
TIMETRACE @ 279007908 ps
TIMETRACE @ 280007916 ps
TIMETRACE @ 281007924 ps
TIMETRACE @ 282007932 ps
TIMETRACE @ 283007940 ps
TIMETRACE @ 284007948 ps
TIMETRACE @ 285007956 ps
TIMETRACE @ 286007964 ps
TIMETRACE @ 287007972 ps
TIMETRACE @ 288007980 ps
TIMETRACE @ 289007988 ps
TIMETRACE @ 290007996 ps
TIMETRACE @ 291008004 ps
TIMETRACE @ 292008012 ps
TIMETRACE @ 293008020 ps
TIMETRACE @ 294008028 ps
TIMETRACE @ 295008036 ps
TIMETRACE @ 296008044 ps
TIMETRACE @ 297008052 ps
TIMETRACE @ 298008060 ps
TIMETRACE @ 299008068 ps
TIMETRACE @ 300008076 ps
TIMETRACE @ 301008084 ps
TIMETRACE @ 302008092 ps
TIMETRACE @ 303008100 ps
TIMETRACE @ 304008108 ps
TIMETRACE @ 305008116 ps
TIMETRACE @ 306008124 ps
TIMETRACE @ 307008132 ps
TIMETRACE @ 308008140 ps
TIMETRACE @ 309008148 ps
TIMETRACE @ 310008156 ps
TIMETRACE @ 311008164 ps
TIMETRACE @ 312008172 ps
TIMETRACE @ 313008180 ps
TIMETRACE @ 314008188 ps
TIMETRACE @ 315008196 ps
TIMETRACE @ 316008204 ps
TIMETRACE @ 317008212 ps
TIMETRACE @ 318008220 ps
TIMETRACE @ 319008228 ps
TIMETRACE @ 320008236 ps
TIMETRACE @ 321008244 ps
TIMETRACE @ 322008252 ps
TIMETRACE @ 323008260 ps
TIMETRACE @ 324008268 ps
TIMETRACE @ 325008276 ps
TIMETRACE @ 326008284 ps
TIMETRACE @ 327008292 ps
TIMETRACE @ 328008300 ps
TIMETRACE @ 329008308 ps
TIMETRACE @ 330008316 ps
TIMETRACE @ 331008324 ps
TIMETRACE @ 332008332 ps
TIMETRACE @ 333008340 ps
TIMETRACE @ 334008348 ps
TIMETRACE @ 335008356 ps
TIMETRACE @ 336008364 ps
TIMETRACE @ 337008372 ps
TIMETRACE @ 338008380 ps
TIMETRACE @ 339008388 ps
TIMETRACE @ 340008396 ps
TIMETRACE @ 341008404 ps
TIMETRACE @ 342008412 ps
TIMETRACE @ 343008420 ps
TIMETRACE @ 344008428 ps
TIMETRACE @ 345008436 ps
TIMETRACE @ 346008444 ps
TIMETRACE @ 347008452 ps
TIMETRACE @ 348008460 ps
TIMETRACE @ 349008468 ps
TIMETRACE @ 350008476 ps
TIMETRACE @ 351008484 ps
TIMETRACE @ 352008492 ps
TIMETRACE @ 353008500 ps
TIMETRACE @ 354008508 ps
TIMETRACE @ 355008516 ps
TIMETRACE @ 356008524 ps
TIMETRACE @ 357008532 ps
TIMETRACE @ 358008540 ps
TIMETRACE @ 359008548 ps
TIMETRACE @ 360008556 ps
TIMETRACE @ 361008564 ps
TIMETRACE @ 362008572 ps
TIMETRACE @ 363008580 ps
TIMETRACE @ 364008588 ps
TIMETRACE @ 365008596 ps
TIMETRACE @ 366008604 ps
TIMETRACE @ 367008612 ps
TIMETRACE @ 368008620 ps
TIMETRACE @ 369008628 ps
TIMETRACE @ 370008636 ps
TIMETRACE @ 371008644 ps
TIMETRACE @ 372008652 ps
TIMETRACE @ 373008660 ps
TIMETRACE @ 374008664 ps
TIMETRACE @ 375008676 ps
TIMETRACE @ 376008684 ps
TIMETRACE @ 377008692 ps
TIMETRACE @ 378008700 ps
TIMETRACE @ 379008708 ps
TIMETRACE @ 380008716 ps
TIMETRACE @ 381008724 ps
TIMETRACE @ 382008732 ps
TIMETRACE @ 383008740 ps
TIMETRACE @ 384008748 ps
TIMETRACE @ 385008756 ps
TIMETRACE @ 386008764 ps
TIMETRACE @ 387008772 ps
TIMETRACE @ 388008780 ps
TIMETRACE @ 389008788 ps
TIMETRACE @ 390008796 ps
TIMETRACE @ 391008804 ps
TIMETRACE @ 392008812 ps
TIMETRACE @ 393008820 ps
TIMETRACE @ 394008828 ps
TIMETRACE @ 395008836 ps
TIMETRACE @ 396008844 ps
TIMETRACE @ 397008852 ps
TIMETRACE @ 398008860 ps
TIMETRACE @ 399008868 ps
TIMETRACE @ 400008876 ps
TIMETRACE @ 401008884 ps
TIMETRACE @ 402008892 ps
TIMETRACE @ 403008900 ps
TIMETRACE @ 404008908 ps
TIMETRACE @ 405008916 ps
TIMETRACE @ 406008924 ps
TIMETRACE @ 407008932 ps
TIMETRACE @ 408008940 ps
TIMETRACE @ 409008948 ps
TIMETRACE @ 410008956 ps
TIMETRACE @ 411008964 ps
TIMETRACE @ 412008972 ps
TIMETRACE @ 413008980 ps
TIMETRACE @ 414008988 ps
TIMETRACE @ 415008996 ps
TIMETRACE @ 416009004 ps
