/var/folders/kt/49lpgwld33s6v4r2xn718tkh0000gn/T//ccJMRpO3.s: Assembler messages:
/var/folders/kt/49lpgwld33s6v4r2xn718tkh0000gn/T//ccJMRpO3.s:1675: Warning: ignoring changed section attributes for .text
/var/folders/kt/49lpgwld33s6v4r2xn718tkh0000gn/T//cc1g3Lff.s: Assembler messages:
/var/folders/kt/49lpgwld33s6v4r2xn718tkh0000gn/T//cc1g3Lff.s:10081: Warning: ignoring changed section attributes for .text
/var/folders/kt/49lpgwld33s6v4r2xn718tkh0000gn/T//ccHgXZXW.s: Assembler messages:
/var/folders/kt/49lpgwld33s6v4r2xn718tkh0000gn/T//ccHgXZXW.s:8621: Warning: ignoring changed section attributes for .text
/var/folders/kt/49lpgwld33s6v4r2xn718tkh0000gn/T//ccSxReSc.s: Assembler messages:
/var/folders/kt/49lpgwld33s6v4r2xn718tkh0000gn/T//ccSxReSc.s:6355: Warning: ignoring changed section attributes for .text
/var/folders/kt/49lpgwld33s6v4r2xn718tkh0000gn/T//ccxUfpJN.s: Assembler messages:
/var/folders/kt/49lpgwld33s6v4r2xn718tkh0000gn/T//ccxUfpJN.s:7192: Warning: ignoring changed section attributes for .text
/var/folders/kt/49lpgwld33s6v4r2xn718tkh0000gn/T//ccXSHzSv.s: Assembler messages:
/var/folders/kt/49lpgwld33s6v4r2xn718tkh0000gn/T//ccXSHzSv.s:12254: Warning: ignoring changed section attributes for .text
/var/folders/kt/49lpgwld33s6v4r2xn718tkh0000gn/T//cc8HpcbC.s: Assembler messages:
/var/folders/kt/49lpgwld33s6v4r2xn718tkh0000gn/T//cc8HpcbC.s:5151: Warning: ignoring changed section attributes for .text
/var/folders/kt/49lpgwld33s6v4r2xn718tkh0000gn/T//ccubN07G.s: Assembler messages:
/var/folders/kt/49lpgwld33s6v4r2xn718tkh0000gn/T//ccubN07G.s:662: Warning: ignoring changed section attributes for .text
/var/folders/kt/49lpgwld33s6v4r2xn718tkh0000gn/T//cc0DVCvX.s: Assembler messages:
/var/folders/kt/49lpgwld33s6v4r2xn718tkh0000gn/T//cc0DVCvX.s:966: Warning: ignoring changed section attributes for .text
/var/folders/kt/49lpgwld33s6v4r2xn718tkh0000gn/T//ccTcTWTx.s: Assembler messages:
/var/folders/kt/49lpgwld33s6v4r2xn718tkh0000gn/T//ccTcTWTx.s:1421: Warning: ignoring changed section attributes for .text
/var/folders/kt/49lpgwld33s6v4r2xn718tkh0000gn/T//ccbXyOdA.s: Assembler messages:
/var/folders/kt/49lpgwld33s6v4r2xn718tkh0000gn/T//ccbXyOdA.s:1956: Warning: ignoring changed section attributes for .text
/var/folders/kt/49lpgwld33s6v4r2xn718tkh0000gn/T//ccTg73wU.s: Assembler messages:
/var/folders/kt/49lpgwld33s6v4r2xn718tkh0000gn/T//ccTg73wU.s:8658: Warning: ignoring changed section attributes for .text
bash: line 1: nproc: command not found
