
VerilatorTB: Start of sim

DCCM pre-load from 50000000 to 5003ffff
DCCM pre-load completed
ICCM pre-load from 40000000 to 4003ffff
ICCM pre-load completed
MBOX pre-load from 00000000 to 00010000
MBOX pre-load completed
Randomized mode to mode_not_empty

JTAG: Virtual JTAG interface jtag0 is listening on port 63224. Use
OpenOCD and the following configuration to connect:
  interface remote_bitbang
  remote_bitbang_host localhost
  remote_bitbang_port 63224
STRAP_SS_KEY_RELEASE_KEY_SIZE set to default value 0x0040
STRAP_SS_KEY_RELEASE_BASE_ADDR set to default value 0x0000000123440000







CLP: Waiting for cptra_rst_b deassertion

SoC: Asserting cptra_pwrgood and breakpoint. cycleCnt [         15] deassert_hard_rst_flag[0]

SoC: De-Asserting cptra_rst_b. cycleCnt [         20] deassert_rst_flag[0]

CLP: Observed cptra_rst_b deassertion

CLP: Ready for fuse download

SoC: Writing obfuscated UDS to fuse bank

SoC: Writing obfuscated Field Entropy to fuse bank

SoC: Writing obfuscated HEK seed to fuse bank

SoC: Writing SOC Stepping ID to fuse bank

SoC: Writing fuse done register

SoC: Breakpoint not set; skipping BOOTFSM_GO step

CLP: ROM Flow in progress...

5630900 - ----------------------------------
5679900 - ICCM Lock Test from VeeR EL2  !!
5726100 - ----------------------------------
5921700 - Copying code from 50023C80 [through 50023DC8] to 40000000
6215800 - First pass through ICCM LOCK test!
6276900 - Test DCCM at addr: 0x500286B4
6372400 - Rd data (0xAAAAAAAA) after DCCM wr matches exp (0xAAAAAAAA)!
6561600 - Comparing first pass of the copy code from 50023C80 [through 50023DC8] to 40000000
7034300 - Copying code from 50023EB4 [through 500246A8] to 40000000
7208800 - **** NMI ****
7232000 - At the end of first pass through ICCM LOCK test: resetting the core!
12946500 - ----------------------------------
12995500 - ICCM Lock Test from VeeR EL2  !!
13041700 - ----------------------------------
13268000 - Copying code from 50023DC8 [through 50023EB4] to 40000000
13528300 - Second pass through ICCM LOCK test!
13590100 - Test DCCM at addr: 0x500286B4
13685600 - Rd data (0x0) after DCCM wr matches exp (0x0)!
13854600 - Comparing second pass of the copy code from 50023DC8 [through 50023EB4] to 40000000
14320900 - Copying code from 50023EB4 [through 500246A8] to 40000000
14495900 - **** NMI ****
14519000 - Success! Reached end of ICCM lock firmware during second iteration
* TESTCASE PASSED

Finished : minstret = 23411, mcycle = 72838
See "exec.log" for execution trace with register updates..

- /Users/danielellerbrock/projects/iverilog_uvm/iverilog-uvm-campaign-20260908/evidence/caliptra-kv-sva-overlay-20260923/scratch/source/src/integration/tb/caliptra_top_tb_services.sv:2445: Verilog $finish

VerilatorTB: End of sim
