Running compiler/VVP tests for Icarus Verilog version: 13
Using list(s): /tmp/ot-fixed-slice-queue-20260924/neighbor.list
----------------------------------------------------------------------------
           sv_class_fixed_uarray_slice_lval_fail: Passed - CE.
        sv_class_fixed_uarray_slice_lval_pattern: Passed.
       sv_class_scoped_static_queue_slice_lvalue: Passed.
              sv_fixed_uarray_slice_queue_rvalue: Passed.
         sv_fixed_uarray_slice_queue_rvalue_2023: Passed.
         sv_fixed_uarray_slice_queue_rvalue_fail: Passed - CE.
    sv_fixed_uarray_slice_queue_rvalue_fail_2023: Passed - CE.
         sv_fixed_uarray_slice_queue_unsupported: Passed - CE.
    sv_fixed_uarray_slice_queue_unsupported_2023: Passed - CE.
          sv_fixed_uarray_slice_queue_visibility: Passed.
     sv_fixed_uarray_slice_queue_visibility_2023: Passed.
     sv_fixed_uarray_slice_queue_visibility_fail: Passed - CE.
sv_fixed_uarray_slice_queue_visibility_fail_2023: Passed - CE.
                      sv_queue_slice_dollar_left: Passed.
                 sv_queue_slice_dollar_left_2023: Passed.
                 sv_queue_slice_dollar_left_fail: Passed - CE.
            sv_queue_slice_dollar_left_fail_2023: Passed - CE.
          sv_queue_slice_dollar_left_lvalue_fail: Passed - CE.
     sv_queue_slice_dollar_left_lvalue_fail_2023: Passed - CE.
                    sv_queue_slice_dollar_offset: Passed.
           sv_queue_slice_nonintegral_bound_fail: Passed - CE.
                  sv_queue_slice_variable_bounds: Passed.
                    sv_queue_suffix_slice_lvalue: Passed.
            sv_queue_suffix_slice_lvalue_runtime: Passed.
          sv_queue_suffix_slice_lvalue_type_fail: Passed - CE.
                    sv_stream_fixed_uarray_slice: Passed.
               sv_stream_fixed_uarray_slice_2023: Passed.
            sv_stream_fixed_uarray_slice_invalid: Passed - CE.
       sv_stream_fixed_uarray_slice_invalid_2023: Passed - CE.
             sv_subroutine_fixed_slice_direction: Passed.
        sv_subroutine_fixed_slice_direction_2023: Passed.
                     sv_uarray_slice_bounds_fail: Passed - CE.
                  sv_uarray_slice_direction_fail: Passed - CE.
                             sv_uarray_slice_ops: Passed.
                       sv_uarray_slice_size_fail: Passed - CE.
                       sv_uarray_slice_type_fail: Passed - CE.
                      sv_uarray_slice_width_fail: Passed - CE.
============================================================================
Test results: Ran 37, Failed 0.
