UVM_INFO @ 0 ps: reporter [RNTST] Running test pwrmgr_base_test...
UVM_INFO @   8690540 ps: (pwrmgr_scoreboard.sv:345) uvm_test_top.env.scoreboard [uvm_test_top.env.scoreboard] Reading 0x00000000 from pwrmgr_reg_block.wake_status
UVM_INFO @   8770540 ps: (pwrmgr_scoreboard.sv:345) uvm_test_top.env.scoreboard [uvm_test_top.env.scoreboard] Reading 0x00000000 from pwrmgr_reg_block.reset_status
UVM_INFO @   9090540 ps: (pwrmgr_scoreboard.sv:345) uvm_test_top.env.scoreboard [uvm_test_top.env.scoreboard] Reading 0x00000001 from pwrmgr_reg_block.cfg_cdc_sync
UVM_INFO @   9170540 ps: (pwrmgr_scoreboard.sv:345) uvm_test_top.env.scoreboard [uvm_test_top.env.scoreboard] Reading 0x00000001 from pwrmgr_reg_block.cfg_cdc_sync
UVM_INFO @   9250540 ps: (pwrmgr_scoreboard.sv:345) uvm_test_top.env.scoreboard [uvm_test_top.env.scoreboard] Reading 0x00000001 from pwrmgr_reg_block.cfg_cdc_sync
UVM_INFO @   9330540 ps: (pwrmgr_scoreboard.sv:345) uvm_test_top.env.scoreboard [uvm_test_top.env.scoreboard] Reading 0x00000001 from pwrmgr_reg_block.cfg_cdc_sync
UVM_INFO @   9410540 ps: (pwrmgr_scoreboard.sv:345) uvm_test_top.env.scoreboard [uvm_test_top.env.scoreboard] Reading 0x00000001 from pwrmgr_reg_block.cfg_cdc_sync
UVM_INFO @   9490540 ps: (pwrmgr_scoreboard.sv:345) uvm_test_top.env.scoreboard [uvm_test_top.env.scoreboard] Reading 0x00000001 from pwrmgr_reg_block.cfg_cdc_sync
UVM_INFO @   9570540 ps: (pwrmgr_scoreboard.sv:345) uvm_test_top.env.scoreboard [uvm_test_top.env.scoreboard] Reading 0x00000001 from pwrmgr_reg_block.cfg_cdc_sync
UVM_INFO @   9650540 ps: (pwrmgr_scoreboard.sv:345) uvm_test_top.env.scoreboard [uvm_test_top.env.scoreboard] Reading 0x00000001 from pwrmgr_reg_block.cfg_cdc_sync
UVM_INFO @   9730540 ps: (pwrmgr_scoreboard.sv:345) uvm_test_top.env.scoreboard [uvm_test_top.env.scoreboard] Reading 0x00000000 from pwrmgr_reg_block.cfg_cdc_sync
UVM_INFO @  19170540 ps: (pwrmgr_scoreboard.sv:345) uvm_test_top.env.scoreboard [uvm_test_top.env.scoreboard] Reading 0x00000029 from pwrmgr_reg_block.wake_status
UVM_INFO @  19250540 ps: (pwrmgr_scoreboard.sv:345) uvm_test_top.env.scoreboard [uvm_test_top.env.scoreboard] Reading 0x00000000 from pwrmgr_reg_block.reset_status
UVM_INFO @  19330540 ps: (pwrmgr_scoreboard.sv:345) uvm_test_top.env.scoreboard [uvm_test_top.env.scoreboard] Reading 0x00000001 from pwrmgr_reg_block.intr_state
UVM_INFO @  19410540 ps: (pwrmgr_scoreboard.sv:345) uvm_test_top.env.scoreboard [uvm_test_top.env.scoreboard] Reading 0x00000001 from pwrmgr_reg_block.intr_enable
UVM_INFO @  19730540 ps: (pwrmgr_scoreboard.sv:345) uvm_test_top.env.scoreboard [uvm_test_top.env.scoreboard] Reading 0x00000001 from pwrmgr_reg_block.cfg_cdc_sync
UVM_INFO @  19810540 ps: (pwrmgr_scoreboard.sv:345) uvm_test_top.env.scoreboard [uvm_test_top.env.scoreboard] Reading 0x00000001 from pwrmgr_reg_block.cfg_cdc_sync
UVM_INFO @  19890540 ps: (pwrmgr_scoreboard.sv:345) uvm_test_top.env.scoreboard [uvm_test_top.env.scoreboard] Reading 0x00000001 from pwrmgr_reg_block.cfg_cdc_sync
UVM_INFO @  19970540 ps: (pwrmgr_scoreboard.sv:345) uvm_test_top.env.scoreboard [uvm_test_top.env.scoreboard] Reading 0x00000001 from pwrmgr_reg_block.cfg_cdc_sync
UVM_INFO @  20050540 ps: (pwrmgr_scoreboard.sv:345) uvm_test_top.env.scoreboard [uvm_test_top.env.scoreboard] Reading 0x00000001 from pwrmgr_reg_block.cfg_cdc_sync
UVM_INFO @  20130540 ps: (pwrmgr_scoreboard.sv:345) uvm_test_top.env.scoreboard [uvm_test_top.env.scoreboard] Reading 0x00000001 from pwrmgr_reg_block.cfg_cdc_sync
UVM_INFO @  20210540 ps: (pwrmgr_scoreboard.sv:345) uvm_test_top.env.scoreboard [uvm_test_top.env.scoreboard] Reading 0x00000001 from pwrmgr_reg_block.cfg_cdc_sync
UVM_INFO @  20290540 ps: (pwrmgr_scoreboard.sv:345) uvm_test_top.env.scoreboard [uvm_test_top.env.scoreboard] Reading 0x00000000 from pwrmgr_reg_block.cfg_cdc_sync
UVM_INFO @  22450540 ps: (pwrmgr_scoreboard.sv:345) uvm_test_top.env.scoreboard [uvm_test_top.env.scoreboard] Reading 0x00000000 from pwrmgr_reg_block.reset_status
UVM_INFO @  22530540 ps: (pwrmgr_scoreboard.sv:345) uvm_test_top.env.scoreboard [uvm_test_top.env.scoreboard] Reading 0x00000000 from pwrmgr_reg_block.wake_status
UVM_INFO @  24170540 ps: (pwrmgr_scoreboard.sv:345) uvm_test_top.env.scoreboard [uvm_test_top.env.scoreboard] Reading 0x00000000 from pwrmgr_reg_block.intr_state
UVM_INFO @  24250540 ps: (pwrmgr_scoreboard.sv:345) uvm_test_top.env.scoreboard [uvm_test_top.env.scoreboard] Reading 0x00000001 from pwrmgr_reg_block.intr_enable
UVM_INFO @  46010540 ps: (pwrmgr_scoreboard.sv:345) uvm_test_top.env.scoreboard [uvm_test_top.env.scoreboard] Reading 0x00000000 from pwrmgr_reg_block.intr_state
UVM_INFO @  46010540 ps: (pwrmgr_base_vseq.sv:185) uvm_test_top.env.virtual_sequencer [uvm_test_top.env.virtual_sequencer.pwrmgr_smoke_vseq] all local objections are done
UVM_INFO @  51010540 ps: (uvm_report_catcher.svh:705) [UVM/REPORT/CATCHER] 
--- UVM Report catcher Summary ---


Number of demoted UVM_FATAL reports  :    0
Number of demoted UVM_ERROR reports  :    0
Number of demoted UVM_WARNING reports:    0
Number of caught UVM_FATAL reports   :    0
Number of caught UVM_ERROR reports   :    0
Number of caught UVM_WARNING reports :    0

UVM_INFO @  51010540 ps: (uvm_report_server.svh:847) [UVM/REPORT/SERVER] 
--- UVM Report Summary ---

Quit count :     0 of     1
** Report counts by severity
UVM_INFO :   31
UVM_WARNING :    0
UVM_ERROR :    0
UVM_FATAL :    0
** Report counts by id
[RNTST]     1
[UVM/REPORT/CATCHER]     1
[uvm_test_top.env.scoreboard]    28
[uvm_test_top.env.virtual_sequencer.pwrmgr_smoke_vseq]     1


TEST PASSED CHECKS
 _____         _                                  _ _ 
|_   _|__  ___| |_   _ __   __ _ ___ ___  ___  __| | |
  | |/ _ \/ __| __| | '_ \ / _` / __/ __|/ _ \/ _` | |
  | |  __/\__ \ |_  | |_) | (_| \__ \__ \  __/ (_| |_|
  |_|\___||___/\__| | .__/ \__,_|___/___/\___|\__,_(_)
                    |_|                               

/Users/danielellerbrock/projects/iverilog_uvm/iverilog-uvm-campaign-20260908/third_party/uvm-releases/sources/1.2/uvm-1.2/src/base/uvm_root.svh:517: $finish called at 51010540 (1ps)
