../src/lowrisc_dv_otp_ctrl_env_0.1/otp_ctrl_env_cov.sv:63: warning: -gcommercial-unsafe covergroup constructor method bin endpoint evaluated without IEEE 1800 19.5 purity proof; nonstandard compatibility behavior.
../src/lowrisc_dv_otp_ctrl_env_0.1/otp_ctrl_env_cov.sv:64: warning: -gcommercial-unsafe covergroup constructor method bin endpoint evaluated without IEEE 1800 19.5 purity proof; nonstandard compatibility behavior.
../src/lowrisc_dv_otp_ctrl_env_0.1/otp_ctrl_env_cov.sv:65: warning: -gcommercial-unsafe covergroup constructor method bin endpoint evaluated without IEEE 1800 19.5 purity proof; nonstandard compatibility behavior.
../src/lowrisc_dv_otp_ctrl_env_0.1/otp_ctrl_env_cov.sv:66: warning: -gcommercial-unsafe covergroup constructor method bin endpoint evaluated without IEEE 1800 19.5 purity proof; nonstandard compatibility behavior.
../src/lowrisc_dv_otp_ctrl_env_0.1/otp_ctrl_env_cov.sv:67: warning: -gcommercial-unsafe covergroup constructor method bin endpoint evaluated without IEEE 1800 19.5 purity proof; nonstandard compatibility behavior.
../src/lowrisc_dv_otp_ctrl_env_0.1/otp_ctrl_env_cov.sv:68: warning: -gcommercial-unsafe covergroup constructor method bin endpoint evaluated without IEEE 1800 19.5 purity proof; nonstandard compatibility behavior.
../src/lowrisc_dv_otp_ctrl_env_0.1/otp_ctrl_env_cov.sv:69: warning: -gcommercial-unsafe covergroup constructor method bin endpoint evaluated without IEEE 1800 19.5 purity proof; nonstandard compatibility behavior.
../src/lowrisc_dv_otp_ctrl_env_0.1/otp_ctrl_env_cov.sv:70: warning: -gcommercial-unsafe covergroup constructor method bin endpoint evaluated without IEEE 1800 19.5 purity proof; nonstandard compatibility behavior.
../src/lowrisc_dv_otp_ctrl_env_0.1/otp_ctrl_env_cov.sv:71: warning: -gcommercial-unsafe covergroup constructor method bin endpoint evaluated without IEEE 1800 19.5 purity proof; nonstandard compatibility behavior.
../src/lowrisc_dv_otp_ctrl_env_0.1/otp_ctrl_env_cov.sv:72: warning: -gcommercial-unsafe covergroup constructor method bin endpoint evaluated without IEEE 1800 19.5 purity proof; nonstandard compatibility behavior.
../src/lowrisc_dv_otp_ctrl_env_0.1/otp_ctrl_env_cov.sv:75: warning: -gcommercial-unsafe covergroup constructor method bin endpoint evaluated without IEEE 1800 19.5 purity proof; nonstandard compatibility behavior.
../src/lowrisc_dv_otp_ctrl_env_0.1/otp_ctrl_env_cov.sv:76: warning: -gcommercial-unsafe covergroup constructor method bin endpoint evaluated without IEEE 1800 19.5 purity proof; nonstandard compatibility behavior.
../src/lowrisc_dv_otp_ctrl_env_0.1/otp_ctrl_env_cov.sv:77: warning: -gcommercial-unsafe covergroup constructor method bin endpoint evaluated without IEEE 1800 19.5 purity proof; nonstandard compatibility behavior.
../src/lowrisc_dv_otp_ctrl_env_0.1/otp_ctrl_env_cov.sv:78: warning: -gcommercial-unsafe covergroup constructor method bin endpoint evaluated without IEEE 1800 19.5 purity proof; nonstandard compatibility behavior.
../src/lowrisc_dv_otp_ctrl_env_0.1/otp_ctrl_env_cov.sv:81: warning: -gcommercial-unsafe covergroup constructor method bin endpoint evaluated without IEEE 1800 19.5 purity proof; nonstandard compatibility behavior.
../src/lowrisc_dv_otp_ctrl_env_0.1/otp_ctrl_env_cov.sv:82: warning: -gcommercial-unsafe covergroup constructor method bin endpoint evaluated without IEEE 1800 19.5 purity proof; nonstandard compatibility behavior.
../src/lowrisc_dv_otp_ctrl_env_0.1/otp_ctrl_env_cov.sv:83: warning: -gcommercial-unsafe covergroup constructor method bin endpoint evaluated without IEEE 1800 19.5 purity proof; nonstandard compatibility behavior.
../src/lowrisc_dv_otp_ctrl_env_0.1/otp_ctrl_env_cov.sv:84: warning: -gcommercial-unsafe covergroup constructor method bin endpoint evaluated without IEEE 1800 19.5 purity proof; nonstandard compatibility behavior.
../src/lowrisc_dv_otp_ctrl_env_0.1/otp_ctrl_env_cov.sv:85: warning: -gcommercial-unsafe covergroup constructor method bin endpoint evaluated without IEEE 1800 19.5 purity proof; nonstandard compatibility behavior.
../src/lowrisc_dv_otp_ctrl_env_0.1/otp_ctrl_env_cov.sv:86: warning: -gcommercial-unsafe covergroup constructor method bin endpoint evaluated without IEEE 1800 19.5 purity proof; nonstandard compatibility behavior.
../src/lowrisc_dv_otp_ctrl_env_0.1/otp_ctrl_env_cov.sv:89: warning: -gcommercial-unsafe covergroup constructor method bin endpoint evaluated without IEEE 1800 19.5 purity proof; nonstandard compatibility behavior.
../src/lowrisc_dv_otp_ctrl_env_0.1/otp_ctrl_env_cov.sv:90: warning: -gcommercial-unsafe covergroup constructor method bin endpoint evaluated without IEEE 1800 19.5 purity proof; nonstandard compatibility behavior.
../src/lowrisc_dv_otp_ctrl_env_0.1/otp_ctrl_env_cov.sv:93: warning: -gcommercial-unsafe covergroup constructor method bin endpoint evaluated without IEEE 1800 19.5 purity proof; nonstandard compatibility behavior.
../src/lowrisc_dv_otp_ctrl_env_0.1/otp_ctrl_env_cov.sv:96: warning: -gcommercial-unsafe covergroup constructor method bin endpoint evaluated without IEEE 1800 19.5 purity proof; nonstandard compatibility behavior.
../src/lowrisc_dv_otp_ctrl_env_0.1/otp_ctrl_env_cov.sv:97: warning: -gcommercial-unsafe covergroup constructor method bin endpoint evaluated without IEEE 1800 19.5 purity proof; nonstandard compatibility behavior.
../src/lowrisc_dv_otp_ctrl_env_0.1/otp_ctrl_env_cov.sv:98: warning: -gcommercial-unsafe covergroup constructor method bin endpoint evaluated without IEEE 1800 19.5 purity proof; nonstandard compatibility behavior.
../src/lowrisc_dv_otp_ctrl_env_0.1/otp_ctrl_env_cov.sv:99: warning: -gcommercial-unsafe covergroup constructor method bin endpoint evaluated without IEEE 1800 19.5 purity proof; nonstandard compatibility behavior.
../src/lowrisc_dv_otp_ctrl_env_0.1/otp_ctrl_env_cov.sv:100: warning: -gcommercial-unsafe covergroup constructor method bin endpoint evaluated without IEEE 1800 19.5 purity proof; nonstandard compatibility behavior.
../src/lowrisc_dv_otp_ctrl_env_0.1/otp_ctrl_env_cov.sv:101: warning: -gcommercial-unsafe covergroup constructor method bin endpoint evaluated without IEEE 1800 19.5 purity proof; nonstandard compatibility behavior.
../src/lowrisc_dv_otp_ctrl_env_0.1/otp_ctrl_env_cov.sv:102: warning: -gcommercial-unsafe covergroup constructor method bin endpoint evaluated without IEEE 1800 19.5 purity proof; nonstandard compatibility behavior.
../src/lowrisc_dv_otp_ctrl_env_0.1/otp_ctrl_env_cov.sv:103: warning: -gcommercial-unsafe covergroup constructor method bin endpoint evaluated without IEEE 1800 19.5 purity proof; nonstandard compatibility behavior.
../src/lowrisc_dv_otp_ctrl_env_0.1/otp_ctrl_env_cov.sv:104: warning: -gcommercial-unsafe covergroup constructor method bin endpoint evaluated without IEEE 1800 19.5 purity proof; nonstandard compatibility behavior.
../src/lowrisc_dv_otp_ctrl_env_0.1/otp_ctrl_env_cov.sv:105: warning: -gcommercial-unsafe covergroup constructor method bin endpoint evaluated without IEEE 1800 19.5 purity proof; nonstandard compatibility behavior.
../src/lowrisc_dv_otp_ctrl_env_0.1/otp_ctrl_env_cov.sv:106: warning: -gcommercial-unsafe covergroup constructor method bin endpoint evaluated without IEEE 1800 19.5 purity proof; nonstandard compatibility behavior.
../src/lowrisc_dv_otp_ctrl_env_0.1/otp_ctrl_env_cov.sv:107: warning: -gcommercial-unsafe covergroup constructor method bin endpoint evaluated without IEEE 1800 19.5 purity proof; nonstandard compatibility behavior.
../src/lowrisc_dv_otp_ctrl_env_0.1/otp_ctrl_env_cov.sv:108: warning: -gcommercial-unsafe covergroup constructor method bin endpoint evaluated without IEEE 1800 19.5 purity proof; nonstandard compatibility behavior.
/private/tmp/ot-open-range-otp-20260925/tb.sv:69: warning: input port rst_n is coerced to inout.
../src/lowrisc_fpv_otp_ctrl_csr_assert_0/otp_ctrl_core_csr_assert_fpv.sv:91: warning: A non-blocking assignment should not be used in an always_comb process.
../src/lowrisc_fpv_otp_ctrl_csr_assert_0/otp_ctrl_core_csr_assert_fpv.sv:92: warning: A non-blocking assignment should not be used in an always_comb process.
../src/lowrisc_fpv_otp_ctrl_csr_assert_0/otp_ctrl_core_csr_assert_fpv.sv:93: warning: A non-blocking assignment should not be used in an always_comb process.
../src/lowrisc_fpv_otp_ctrl_csr_assert_0/otp_ctrl_core_csr_assert_fpv.sv:94: warning: A non-blocking assignment should not be used in an always_comb process.
../src/lowrisc_fpv_otp_ctrl_csr_assert_0/otp_ctrl_core_csr_assert_fpv.sv:95: warning: A non-blocking assignment should not be used in an always_comb process.
../src/lowrisc_fpv_otp_ctrl_csr_assert_0/otp_ctrl_core_csr_assert_fpv.sv:96: warning: A non-blocking assignment should not be used in an always_comb process.
../src/lowrisc_fpv_otp_ctrl_csr_assert_0/otp_ctrl_core_csr_assert_fpv.sv:97: warning: A non-blocking assignment should not be used in an always_comb process.
../src/lowrisc_fpv_otp_ctrl_csr_assert_0/otp_ctrl_core_csr_assert_fpv.sv:98: warning: A non-blocking assignment should not be used in an always_comb process.
../src/lowrisc_fpv_otp_ctrl_csr_assert_0/otp_ctrl_core_csr_assert_fpv.sv:99: warning: A non-blocking assignment should not be used in an always_comb process.
../src/lowrisc_fpv_otp_ctrl_csr_assert_0/otp_ctrl_core_csr_assert_fpv.sv:100: warning: A non-blocking assignment should not be used in an always_comb process.
../src/lowrisc_fpv_otp_ctrl_csr_assert_0/otp_ctrl_core_csr_assert_fpv.sv:101: warning: A non-blocking assignment should not be used in an always_comb process.
../src/lowrisc_fpv_otp_ctrl_csr_assert_0/otp_ctrl_core_csr_assert_fpv.sv:102: warning: A non-blocking assignment should not be used in an always_comb process.
../src/lowrisc_fpv_otp_ctrl_csr_assert_0/otp_ctrl_core_csr_assert_fpv.sv:103: warning: A non-blocking assignment should not be used in an always_comb process.
../src/lowrisc_fpv_otp_ctrl_csr_assert_0/otp_ctrl_core_csr_assert_fpv.sv:104: warning: A non-blocking assignment should not be used in an always_comb process.
../src/lowrisc_fpv_otp_ctrl_csr_assert_0/otp_ctrl_core_csr_assert_fpv.sv:105: warning: A non-blocking assignment should not be used in an always_comb process.
../src/lowrisc_fpv_otp_ctrl_csr_assert_0/otp_ctrl_core_csr_assert_fpv.sv:106: warning: A non-blocking assignment should not be used in an always_comb process.
../src/lowrisc_fpv_otp_ctrl_csr_assert_0/otp_ctrl_core_csr_assert_fpv.sv:107: warning: A non-blocking assignment should not be used in an always_comb process.
../src/lowrisc_fpv_otp_ctrl_csr_assert_0/otp_ctrl_core_csr_assert_fpv.sv:108: warning: A non-blocking assignment should not be used in an always_comb process.
../src/lowrisc_fpv_otp_ctrl_csr_assert_0/otp_ctrl_core_csr_assert_fpv.sv:110: warning: A non-blocking assignment should not be used in an always_comb process.
../src/lowrisc_prim_arbiter_0/rtl/prim_arbiter_tree.sv:83: vvp.tgt warning: uwire "data_tree" has 3 drivers (compile-progress: treated as wire).
../src/lowrisc_prim_arbiter_0/rtl/prim_arbiter_tree.sv:82: vvp.tgt warning: uwire "idx_tree" has 3 drivers (compile-progress: treated as wire).
../src/lowrisc_prim_arbiter_0/rtl/prim_arbiter_tree.sv:81: vvp.tgt warning: uwire "mask_tree" has 3 drivers (compile-progress: treated as wire).
../src/lowrisc_prim_arbiter_0/rtl/prim_arbiter_tree.sv:79: vvp.tgt warning: uwire "prio_tree" has 3 drivers (compile-progress: treated as wire).
../src/lowrisc_prim_arbiter_0/rtl/prim_arbiter_tree.sv:78: vvp.tgt warning: uwire "req_tree" has 3 drivers (compile-progress: treated as wire).
../src/lowrisc_prim_arbiter_0/rtl/prim_arbiter_tree.sv:80: vvp.tgt warning: uwire "sel_tree" has 3 drivers (compile-progress: treated as wire).
../src/lowrisc_prim_onehot_check_0/rtl/prim_onehot_check.sv:60: vvp.tgt warning: uwire "and_tree" has 15 drivers (compile-progress: treated as wire).
../src/lowrisc_prim_onehot_check_0/rtl/prim_onehot_check.sv:61: vvp.tgt warning: uwire "err_tree" has 15 drivers (compile-progress: treated as wire).
../src/lowrisc_prim_onehot_check_0/rtl/prim_onehot_check.sv:59: vvp.tgt warning: uwire "or_tree" has 15 drivers (compile-progress: treated as wire).
../src/lowrisc_prim_arbiter_0/rtl/prim_arbiter_tree.sv:83: vvp.tgt warning: uwire "data_tree" has 31 drivers (compile-progress: treated as wire).
../src/lowrisc_prim_arbiter_0/rtl/prim_arbiter_tree.sv:82: vvp.tgt warning: uwire "idx_tree" has 31 drivers (compile-progress: treated as wire).
../src/lowrisc_prim_arbiter_0/rtl/prim_arbiter_tree.sv:81: vvp.tgt warning: uwire "mask_tree" has 31 drivers (compile-progress: treated as wire).
../src/lowrisc_prim_arbiter_0/rtl/prim_arbiter_tree.sv:79: vvp.tgt warning: uwire "prio_tree" has 31 drivers (compile-progress: treated as wire).
../src/lowrisc_prim_arbiter_0/rtl/prim_arbiter_tree.sv:78: vvp.tgt warning: uwire "req_tree" has 31 drivers (compile-progress: treated as wire).
../src/lowrisc_prim_arbiter_0/rtl/prim_arbiter_tree.sv:80: vvp.tgt warning: uwire "sel_tree" has 31 drivers (compile-progress: treated as wire).
../src/lowrisc_prim_arbiter_0/rtl/prim_arbiter_tree.sv:83: vvp.tgt warning: uwire "data_tree" has 15 drivers (compile-progress: treated as wire).
../src/lowrisc_prim_arbiter_0/rtl/prim_arbiter_tree.sv:82: vvp.tgt warning: uwire "idx_tree" has 15 drivers (compile-progress: treated as wire).
../src/lowrisc_prim_arbiter_0/rtl/prim_arbiter_tree.sv:81: vvp.tgt warning: uwire "mask_tree" has 15 drivers (compile-progress: treated as wire).
../src/lowrisc_prim_arbiter_0/rtl/prim_arbiter_tree.sv:79: vvp.tgt warning: uwire "prio_tree" has 15 drivers (compile-progress: treated as wire).
../src/lowrisc_prim_arbiter_0/rtl/prim_arbiter_tree.sv:78: vvp.tgt warning: uwire "req_tree" has 15 drivers (compile-progress: treated as wire).
../src/lowrisc_prim_arbiter_0/rtl/prim_arbiter_tree.sv:80: vvp.tgt warning: uwire "sel_tree" has 15 drivers (compile-progress: treated as wire).
../src/lowrisc_prim_cipher_0/rtl/prim_present.sv:57: vvp.tgt warning: uwire "data_state" has 2 drivers (compile-progress: treated as wire).
../src/lowrisc_prim_cipher_0/rtl/prim_present.sv:59: vvp.tgt warning: uwire "round_idx" has 2 drivers (compile-progress: treated as wire).
../src/lowrisc_prim_cipher_0/rtl/prim_present.sv:58: vvp.tgt warning: uwire "round_key" has 2 drivers (compile-progress: treated as wire).
../src/lowrisc_prim_cipher_0/rtl/prim_present.sv:57: vvp.tgt warning: uwire "data_state" has 2 drivers (compile-progress: treated as wire).
../src/lowrisc_prim_cipher_0/rtl/prim_present.sv:59: vvp.tgt warning: uwire "round_idx" has 2 drivers (compile-progress: treated as wire).
../src/lowrisc_prim_cipher_0/rtl/prim_present.sv:58: vvp.tgt warning: uwire "round_key" has 2 drivers (compile-progress: treated as wire).
../src/lowrisc_prim_onehot_check_0/rtl/prim_onehot_check.sv:60: vvp.tgt warning: uwire "and_tree" has 127 drivers (compile-progress: treated as wire).
../src/lowrisc_prim_onehot_check_0/rtl/prim_onehot_check.sv:61: vvp.tgt warning: uwire "err_tree" has 127 drivers (compile-progress: treated as wire).
../src/lowrisc_prim_onehot_check_0/rtl/prim_onehot_check.sv:59: vvp.tgt warning: uwire "or_tree" has 127 drivers (compile-progress: treated as wire).
../src/lowrisc_prim_arbiter_0/rtl/prim_arbiter_tree.sv:83: vvp.tgt warning: uwire "data_tree" has 31 drivers (compile-progress: treated as wire).
../src/lowrisc_prim_arbiter_0/rtl/prim_arbiter_tree.sv:82: vvp.tgt warning: uwire "idx_tree" has 31 drivers (compile-progress: treated as wire).
../src/lowrisc_prim_arbiter_0/rtl/prim_arbiter_tree.sv:81: vvp.tgt warning: uwire "mask_tree" has 31 drivers (compile-progress: treated as wire).
../src/lowrisc_prim_arbiter_0/rtl/prim_arbiter_tree.sv:79: vvp.tgt warning: uwire "prio_tree" has 31 drivers (compile-progress: treated as wire).
../src/lowrisc_prim_arbiter_0/rtl/prim_arbiter_tree.sv:78: vvp.tgt warning: uwire "req_tree" has 31 drivers (compile-progress: treated as wire).
../src/lowrisc_prim_arbiter_0/rtl/prim_arbiter_tree.sv:80: vvp.tgt warning: uwire "sel_tree" has 31 drivers (compile-progress: treated as wire).
../src/lowrisc_dv_otp_ctrl_env_0.1/otp_ctrl_if.sv:270: vvp.tgt sorry: procedural continuous assignments are not yet fully supported. The RHS of this assignment will only be evaluated once, at the time the assignment statement is executed.
../src/lowrisc_dv_otp_ctrl_env_0.1/otp_ctrl_if.sv:271: vvp.tgt sorry: procedural continuous assignments are not yet fully supported. The RHS of this assignment will only be evaluated once, at the time the assignment statement is executed.
../src/lowrisc_dv_otp_ctrl_env_0.1/otp_ctrl_if.sv:274: vvp.tgt sorry: procedural continuous assignments are not yet fully supported. The RHS of this assignment will only be evaluated once, at the time the assignment statement is executed.
../src/lowrisc_dv_otp_ctrl_env_0.1/otp_ctrl_if.sv:275: vvp.tgt sorry: procedural continuous assignments are not yet fully supported. The RHS of this assignment will only be evaluated once, at the time the assignment statement is executed.
../src/lowrisc_dv_otp_ctrl_env_0.1/otp_ctrl_if.sv:271: vvp.tgt sorry: procedural continuous assignments are not yet fully supported. The RHS of this assignment will only be evaluated once, at the time the assignment statement is executed.
../src/lowrisc_dv_otp_ctrl_env_0.1/otp_ctrl_if.sv:272: vvp.tgt sorry: procedural continuous assignments are not yet fully supported. The RHS of this assignment will only be evaluated once, at the time the assignment statement is executed.
../src/lowrisc_dv_otp_ctrl_env_0.1/otp_ctrl_if.sv:275: vvp.tgt sorry: procedural continuous assignments are not yet fully supported. The RHS of this assignment will only be evaluated once, at the time the assignment statement is executed.
../src/lowrisc_dv_otp_ctrl_env_0.1/otp_ctrl_if.sv:276: vvp.tgt sorry: procedural continuous assignments are not yet fully supported. The RHS of this assignment will only be evaluated once, at the time the assignment statement is executed.
../src/lowrisc_dv_otp_ctrl_env_0.1/otp_ctrl_if.sv:272: vvp.tgt sorry: procedural continuous assignments are not yet fully supported. The RHS of this assignment will only be evaluated once, at the time the assignment statement is executed.
../src/lowrisc_dv_otp_ctrl_env_0.1/otp_ctrl_if.sv:273: vvp.tgt sorry: procedural continuous assignments are not yet fully supported. The RHS of this assignment will only be evaluated once, at the time the assignment statement is executed.
../src/lowrisc_dv_otp_ctrl_env_0.1/otp_ctrl_if.sv:276: vvp.tgt sorry: procedural continuous assignments are not yet fully supported. The RHS of this assignment will only be evaluated once, at the time the assignment statement is executed.
../src/lowrisc_dv_otp_ctrl_env_0.1/otp_ctrl_if.sv:277: vvp.tgt sorry: procedural continuous assignments are not yet fully supported. The RHS of this assignment will only be evaluated once, at the time the assignment statement is executed.
../src/lowrisc_dv_otp_ctrl_env_0.1/otp_ctrl_if.sv:273: vvp.tgt sorry: procedural continuous assignments are not yet fully supported. The RHS of this assignment will only be evaluated once, at the time the assignment statement is executed.
../src/lowrisc_dv_otp_ctrl_env_0.1/otp_ctrl_if.sv:274: vvp.tgt sorry: procedural continuous assignments are not yet fully supported. The RHS of this assignment will only be evaluated once, at the time the assignment statement is executed.
../src/lowrisc_dv_otp_ctrl_env_0.1/otp_ctrl_if.sv:277: vvp.tgt sorry: procedural continuous assignments are not yet fully supported. The RHS of this assignment will only be evaluated once, at the time the assignment statement is executed.
../src/lowrisc_dv_otp_ctrl_env_0.1/otp_ctrl_if.sv:278: vvp.tgt sorry: procedural continuous assignments are not yet fully supported. The RHS of this assignment will only be evaluated once, at the time the assignment statement is executed.
../src/lowrisc_dv_otp_ctrl_env_0.1/otp_ctrl_if.sv:274: vvp.tgt sorry: procedural continuous assignments are not yet fully supported. The RHS of this assignment will only be evaluated once, at the time the assignment statement is executed.
../src/lowrisc_dv_otp_ctrl_env_0.1/otp_ctrl_if.sv:275: vvp.tgt sorry: procedural continuous assignments are not yet fully supported. The RHS of this assignment will only be evaluated once, at the time the assignment statement is executed.
../src/lowrisc_dv_otp_ctrl_env_0.1/otp_ctrl_if.sv:278: vvp.tgt sorry: procedural continuous assignments are not yet fully supported. The RHS of this assignment will only be evaluated once, at the time the assignment statement is executed.
../src/lowrisc_dv_otp_ctrl_env_0.1/otp_ctrl_if.sv:279: vvp.tgt sorry: procedural continuous assignments are not yet fully supported. The RHS of this assignment will only be evaluated once, at the time the assignment statement is executed.
../src/lowrisc_dv_otp_ctrl_env_0.1/otp_ctrl_if.sv:275: vvp.tgt sorry: procedural continuous assignments are not yet fully supported. The RHS of this assignment will only be evaluated once, at the time the assignment statement is executed.
../src/lowrisc_dv_otp_ctrl_env_0.1/otp_ctrl_if.sv:276: vvp.tgt sorry: procedural continuous assignments are not yet fully supported. The RHS of this assignment will only be evaluated once, at the time the assignment statement is executed.
../src/lowrisc_dv_otp_ctrl_env_0.1/otp_ctrl_if.sv:279: vvp.tgt sorry: procedural continuous assignments are not yet fully supported. The RHS of this assignment will only be evaluated once, at the time the assignment statement is executed.
../src/lowrisc_dv_otp_ctrl_env_0.1/otp_ctrl_if.sv:280: vvp.tgt sorry: procedural continuous assignments are not yet fully supported. The RHS of this assignment will only be evaluated once, at the time the assignment statement is executed.
../src/lowrisc_dv_otp_ctrl_env_0.1/otp_ctrl_if.sv:276: vvp.tgt sorry: procedural continuous assignments are not yet fully supported. The RHS of this assignment will only be evaluated once, at the time the assignment statement is executed.
../src/lowrisc_dv_otp_ctrl_env_0.1/otp_ctrl_if.sv:277: vvp.tgt sorry: procedural continuous assignments are not yet fully supported. The RHS of this assignment will only be evaluated once, at the time the assignment statement is executed.
../src/lowrisc_dv_otp_ctrl_env_0.1/otp_ctrl_if.sv:280: vvp.tgt sorry: procedural continuous assignments are not yet fully supported. The RHS of this assignment will only be evaluated once, at the time the assignment statement is executed.
../src/lowrisc_dv_otp_ctrl_env_0.1/otp_ctrl_if.sv:281: vvp.tgt sorry: procedural continuous assignments are not yet fully supported. The RHS of this assignment will only be evaluated once, at the time the assignment statement is executed.
../src/lowrisc_dv_otp_ctrl_env_0.1/otp_ctrl_if.sv:277: vvp.tgt sorry: procedural continuous assignments are not yet fully supported. The RHS of this assignment will only be evaluated once, at the time the assignment statement is executed.
../src/lowrisc_dv_otp_ctrl_env_0.1/otp_ctrl_if.sv:278: vvp.tgt sorry: procedural continuous assignments are not yet fully supported. The RHS of this assignment will only be evaluated once, at the time the assignment statement is executed.
../src/lowrisc_dv_otp_ctrl_env_0.1/otp_ctrl_if.sv:281: vvp.tgt sorry: procedural continuous assignments are not yet fully supported. The RHS of this assignment will only be evaluated once, at the time the assignment statement is executed.
../src/lowrisc_dv_otp_ctrl_env_0.1/otp_ctrl_if.sv:282: vvp.tgt sorry: procedural continuous assignments are not yet fully supported. The RHS of this assignment will only be evaluated once, at the time the assignment statement is executed.
../src/lowrisc_dv_otp_ctrl_env_0.1/otp_ctrl_if.sv:278: vvp.tgt sorry: procedural continuous assignments are not yet fully supported. The RHS of this assignment will only be evaluated once, at the time the assignment statement is executed.
../src/lowrisc_dv_otp_ctrl_env_0.1/otp_ctrl_if.sv:279: vvp.tgt sorry: procedural continuous assignments are not yet fully supported. The RHS of this assignment will only be evaluated once, at the time the assignment statement is executed.
../src/lowrisc_dv_otp_ctrl_env_0.1/otp_ctrl_if.sv:282: vvp.tgt sorry: procedural continuous assignments are not yet fully supported. The RHS of this assignment will only be evaluated once, at the time the assignment statement is executed.
../src/lowrisc_dv_otp_ctrl_env_0.1/otp_ctrl_if.sv:283: vvp.tgt sorry: procedural continuous assignments are not yet fully supported. The RHS of this assignment will only be evaluated once, at the time the assignment statement is executed.
../src/lowrisc_dv_otp_ctrl_env_0.1/otp_ctrl_if.sv:279: vvp.tgt sorry: procedural continuous assignments are not yet fully supported. The RHS of this assignment will only be evaluated once, at the time the assignment statement is executed.
../src/lowrisc_dv_otp_ctrl_env_0.1/otp_ctrl_if.sv:280: vvp.tgt sorry: procedural continuous assignments are not yet fully supported. The RHS of this assignment will only be evaluated once, at the time the assignment statement is executed.
../src/lowrisc_dv_otp_ctrl_env_0.1/otp_ctrl_if.sv:283: vvp.tgt sorry: procedural continuous assignments are not yet fully supported. The RHS of this assignment will only be evaluated once, at the time the assignment statement is executed.
../src/lowrisc_dv_otp_ctrl_env_0.1/otp_ctrl_if.sv:284: vvp.tgt sorry: procedural continuous assignments are not yet fully supported. The RHS of this assignment will only be evaluated once, at the time the assignment statement is executed.
iverilog: note: wrote DPI export C stubs to /private/tmp/ot-open-range-otp-20260925/otp_compat.dpiexport.c (compile it into your DPI object).
