UVM DPI library built (/tmp/uvm_dpi_iv.vpi via iverilog-vpi): running WITHOUT UVM_NO_DPI
  a1_modport_port_test           PASS
  a3_lhs_streaming_test          PASS
  a4_cast_to_queue_test          PASS
  a5_uvm_internal_typedef_test   PASS
  aa_first_obj_test              PASS
  always_comb_break_sensitivity_test PASS
  analysis_test                  PASS
  array_param_test               PASS
  array_parameter_concat_test    PASS
  array_parameter_nested_struct_pattern_test PASS
  array_parameter_package_passthrough_test PASS
  array_word_init_prop_test      PASS
  assert_property_test           PASS
  assoc_compound_assign_test     PASS
  auto_block_var_init_test       PASS
  auto_task_bitselect_event_test PASS
  auto_task_concurrent_frame_test PASS
  auto_task_frame_sharing_test   PASS
  b1_queue_find_real_test        PASS
  b1_queue_find_test             PASS
  b2_compare_warning_test        PASS
  b3_uvm_pair_copy_test          PASS
  b4_rgtry_initialize_test       PASS
  b5_queue_sort_test             PASS
  b6_copy_out_real_test          PASS
  b6_copy_out_warning_test       PASS
  b7_tagged_real_test            PASS
  b7_tagged_union_warn_test      PASS
  b8_std_randomize_real_test     PASS
  b8_std_randomize_warn_test     PASS
  b9_detached_fork_context_test  PASS
  b9_detached_fork_method_args_test PASS
  bind_conditional_generate_test PASS
  block_const_typedef_initializer_test PASS
  c3_assoc_of_queue_class_test   PASS
  c4_cmdline_processor_test      PASS
  cfgdb_iface_shadow_test        PASS
  class_array_packed_slice_test  PASS
  class_array_test               PASS
  class_constraint_nested_state_test PASS
  class_darray_from_fixed_array_test PASS
  class_handle_logical_not_test  PASS
  class_helper_fork_return_test  PASS
  class_method_fork_restart_test PASS
  class_packed_dynamic_nested_slice_test PASS
  class_property_ascending_variable_write_test PASS
  class_property_compound_width_test PASS
  class_property_constraint_mode_test PASS
  class_property_wait_method_test PASS
  class_scoped_new_test          PASS
  class_soft_candidate_fastpath_test PASS
  class_str_prop_display_test    PASS
  class_typedef_specialization_member_type_test PASS
  clocking_simple_test           PASS
  clocking_test                  PASS
  configdb_assoc_test            PASS
  configdb_classprop_test        PASS
  configdb_int_test              PASS
  configdb_opentitan_pattern     PASS
  configdb_string_test           PASS
  configdb_wildcard_test         PASS
  constant_function_fixed_array_formal_test PASS
  constraint_imported_constants_test PASS
  constraint_mode_test           PASS
  constraint_nested_solve_before_test PASS
  constraint_test                PASS
  coverage_basic_test            PASS
  coverage_cross_test            PASS
  coverage_full_test             PASS
  coverage_transition_set_test   PASS
  coverage_vals_test             PASS
  covergroup_sample_default_formal_test PASS
  covergroup_struct_sample_test  PASS
  cross_var_test                 PASS
  darray_class_pattern_test      PASS
  darray_concat_struct_test      PASS
  darray_copy_from_queue_test    PASS
  delay_arg_timescale_test       PASS
  detached_class_queue_mutation_test PASS
  detached_local_scope_randomize_test PASS
  dist_constraint_test           PASS
  dist_open_range_test           PASS
  dist_runtime_weight_test       PASS
  dist_test                      PASS
  dpi_basic_test                 PASS
  dpi_export_generate_scope_test PASS
  dpi_real_test                  PASS
  empty_parameter_port_list_test PASS
  enum_in_block_test             PASS
  enum_method_test               PASS
  event_decl_order_test          PASS
  factory_param_cast_test        PASS
  factory_typename_test          PASS
  finish_completes_timestep_test PASS
  foreach_selected_class_property_test PASS
  foreach_selected_dimension_test PASS
  fork_disable_detached_test     PASS
  g01_cycle_delay_test           PASS
  g01_module_clocking_test       PASS
  g09_darray_store2_test         PASS
  g09_elem_methods_test          PASS
  g09_nested_container_test      PASS
  g10_array_methods_test         PASS
  g10_iter_index_test            PASS
  g10_ordering_methods_test      PASS
  g12_streaming_concat_test      PASS
  g12_streaming_dynamic_test     PASS
  g19_dist_slash_test            PASS
  g26_interface_ports_test       PASS
  g35_uarray_ordering_test       PASS
  g38_string_putc_test           PASS
  g44_unique_case_test           PASS
  g49_warning_suppress_test      PASS
  g68_process_status_test        PASS
  g69_inside_precedence_test     PASS
  g71_foreach_prop_darray_test   PASS
  i1_illegal_ignore_bins_test    PASS
  i2_uvm_object_print_test       PASS
  i5_uvm_callbacks_register_test PASS
  iface_arg_pass_test            PASS
  iface_member_assign_test       PASS
  iface_name_shadow_test         PASS
  imported_enum_parameter_override_test PASS
  inout_chain_test               PASS
  inout_classprop_test           PASS
  inout_nested_prop_test         PASS
  inside_runtime_test            PASS
  inside_string_func_test        PASS
  interface_imported_parameter_test PASS
  labeled_statement_block_test   PASS
  local_scope_randomize_test     PASS
  m10_dpi_export_output_logic_default_test PASS
  m10_dpi_export_small_abi_test  PASS
  m10_dpi_export_void_function_task_context_test PASS
  m10_dpi_fixed_array_marshal_test PASS
  m10_dpi_fixed_descending_int_abi_test PASS
  m10_dpi_fixed_integer_time_array_abi_test PASS
  m10_dpi_fixed_multidim_array_abi_test PASS
  m10_dpi_fixed_multidim_direction_abi_test PASS
  m10_dpi_fixed_packed_array_abi_test PASS
  m10_dpi_fixed_scalar_array_abi_test PASS
  m10_dpi_fixed_wide_element_abi_test PASS
  m10_dpi_mixed_test             PASS
  m10_dpi_narrow_return_abi_test PASS
  m10_dpi_open_array_bounds_test PASS
  m10_dpi_open_array_copy_api_test PASS
  m10_dpi_open_array_layout_range_test PASS
  m10_dpi_openarray_test         PASS
  m10_dpi_opentitan_sha384_abi_test PASS
  m10_dpi_output_open_array_test PASS
  m10_dpi_output_test            PASS
  m10_dpi_packed_queue_pointer_test PASS
  m10_dpi_shortreal_abi_test     PASS
  m10_dpi_task_alias_test        PASS
  m10_dpi_wide_vector_test       PASS
  m10_subroutine_array_slice_test PASS
  m10bmd_open_array_2d_test      PASS
  m10c_dpi_export_test           PASS
  m10d_dpi_export_multiinst_test PASS
  m10e_dpi_export_context_test   PASS
  m10f_dpi_export_timeconsuming_test PASS
  m10g_dpi_export_blocking_diag_test PASS
  m10h_dpi_export_automatic_test PASS
  m10i_dpi_export_automatic_nested_test PASS
  m10j_dpi_chandle_abi_test      PASS
  m10k_dpi_reentrancy_test       PASS
  m10l_dpi_disable_protocol_test PASS
  m11_coverage_bins_test         PASS
  m11_coverage_cross_query_test  PASS
  m11_coverage_ctor_option_test  PASS
  m11_coverage_ctor_range_test   PASS
  m11_coverage_ctor_scope_test   PASS
  m11_coverage_select_cross_test PASS
  m11_coverage_set_bins_test     PASS
  m11_coverage_trans_test        PASS
  m13_bind_hier_parameter_test   PASS
  m13_bind_target_parameter_test PASS
  m13_bind_test                  PASS
  m13_let_test                   PASS
  m13_rare_constructs_test       PASS
  m13_specify_paths_test         PASS
  m13_static_class_member_new_test PASS
  m13_timing_test                PASS
  m13b_bind_instance_test        PASS
  m13b_timing_checks_test        PASS
  m14_assoc_int_key_test         PASS
  m14_case_inside_test           PASS
  m14_class_bit_display_test     PASS
  m1_enum_method_chain_test      PASS
  m1_method_chain_builder_test   PASS
  m1_method_on_call_result_test  PASS
  m1_nested_class_string_darray_read_test PASS
  m1_param_class_identity_test   PASS
  m1_static_accessor_chain_test  PASS
  m1_uvm_cfgdb_class_test        PASS
  m1_uvm_factory_by_name_test    PASS
  m1_uvm_sequence_factory_by_name_test PASS
  m1_virtual_dispatch_chain_test PASS
  m1b_assoc_obj_prop_store_test  PASS
  m1b_darray_elem_partsel_test   PASS
  m1b_typeparam_member_call_test PASS
  m1b_virtual_output_copyback_test PASS
  m1c_virtual_function_io_test   PASS
  m2_uarray_assign_test          PASS
  m2_uvm_field_array_dyn_test    PASS
  m2_uvm_field_sarray_copy_test  PASS
  m2_uvm_register_cb_test        PASS
  m3_constraint_array_test       PASS
  m3_constraint_assoc_foreach_test PASS
  m3_constraint_dynforeach_test  PASS
  m3_constraint_nonzero_range_test PASS
  m3_constraint_semantics_test   PASS
  m3_constraint_signed_test      PASS
  m3_constraint_solve_before_test PASS
  m3b5_object_random_state_test  PASS
  m3b5b_swrite_return_var_test   PASS
  m3rm_rand_mode_field_test      PASS
  m4_closeout_test               PASS
  m4av_assoc_value_types_test    PASS
  m4b_struct_array_member_open_test PASS
  m6_call_atomicity_test         PASS
  m6_event_triggered_test        PASS
  m6_process_identity_test       PASS
  m6_reactive_region_test        PASS
  m6_sched_litmus_test           PASS
  m6_sync_call_characterization_test PASS
  m6b4_assert_preponed_sample_test PASS
  m6b_dpi_import_kill_test       PASS
  m6b_exit_test                  PASS
  m6b_program_finish_test        PASS
  m6b_scheduler_litmus_test      PASS
  m7_indexed_property_store_test PASS
  m7_objection_stress_test       PASS
  m7_post_run_phases_test        PASS
  m7_ref_arg_copyout_test        PASS
  m7_reg_frontdoor_stress_test   PASS
  m7_reg_model_semantics_test    PASS
  m7_reg_named_map_test          PASS
  m8_clocking_cycle_drive_test   PASS
  m8_clocking_drive_test         PASS
  m8_clocking_sample_test        PASS
  m8_clocking_skew_test          PASS
  m8_decl_assign_test            PASS
  m8_global_clocking_test        PASS
  m8_vif_clocking_drive_test     PASS
  m8_vif_clocking_packed_member_nba_test PASS
  m8_vif_clocking_sample_test    PASS
  m8_vif_deep_property_wait_test PASS
  m8_vif_modport_clocking_event_test PASS
  m9_expect_test                 PASS
  m9_sva_algebra_test            PASS
  m9_sva_engine_test             PASS
  m9_sva_unbounded_test          PASS
  m9b_intersect_test             PASS
  m9c_live_test                  PASS
  m9c_throughout_test            PASS
  m9c_until_live_test            PASS
  m9c_until_test                 PASS
  m9c_within_test                PASS
  m9d_param_test                 PASS
  m9e_assert_control_test        PASS
  m9f_bounded_live_test          PASS
  m9g_abort_test                 PASS
  m9h_combinator_test            PASS
  method_default_argument_this_test PASS
  no_rand_test                   PASS
  opentitan_initial_generate_order_test PASS
  packed_array_pattern_port_context_test PASS
  packed_array_struct_continuous_assign_test PASS
  packed_struct_array_member_test PASS
  packed_struct_array_output_slices_test PASS
  packed_struct_enum_array_member_select_test PASS
  packed_struct_enum_method_test PASS
  packed_vector_slice_assignment_pattern_test PASS
  param_static_property_test     PASS
  parameterized_implicit_virtual_dispatch_test PASS
  phase_hook_count_test          PASS
  pkg_func_in_class_test         PASS
  pkg_func_simple_test           PASS
  plusargs_class_integral_nested_test PASS
  plusargs_class_integral_test   PASS
  plusargs_class_string_nested_test PASS
  plusargs_class_string_test     PASS
  procedural_one_step_delay_test PASS
  program_block_test             PASS
  qualified_inline_constraint_test PASS
  queue_reverse_shuffle_test     PASS
  queue_sort_test                PASS
  queue_sort_with_test           PASS
  queue_unique_expr_test         PASS
  r20_tagged_union_void_test     PASS
  r3_random_stability_test       PASS
  rand_assoc_object_recursive_test PASS
  rand_enum_test                 PASS
  rand_inh_constraint_test       PASS
  rand_mode_test                 PASS
  randomize_dynamic_post_hook_test PASS
  randomize_with_test            PASS
  reg_basic_test                 PASS
  runtime_function_fixed_array_formal_test PASS
  seq_trace_test                 PASS
  simple_rand_test               PASS
  singleton_unpacked_array_continuous_assign_test PASS
  static_init_order_test         PASS
  std_randomize_class_handle_test PASS
  std_randomize_conditional_soft_test PASS
  std_randomize_function_return_test PASS
  std_randomize_opentitan_constraints_test PASS
  std_randomize_queue_struct_field_test PASS
  std_randomize_this_property_test PASS
  str_strip_pattern_test         PASS
  string_no_paren_method_test    PASS
  string_plus_concat_test        PASS
  string_ternary_test            PASS
  subroutine_local_enum_test     PASS
  super_paramclass_test          PASS
  super_recurse_test             PASS
  sva_contextual_constants_clock_test PASS
  sva_default_test               PASS
  sva_fixed_uarray_equality_test PASS
  sva_forward_declared_struct_member_test PASS
  sva_funcs_test                 PASS
  sva_nonoverlap_unbounded_window_test PASS
  sva_param_inside_property_test PASS
  sva_parameter_select_sampling_test PASS
  sva_recursive_consequent_local_var_test PASS
  sva_recursive_consequent_test  PASS
  sva_sampled_signedness_test    PASS
  sva_sequence_test              PASS
  sva_typed_past_uarray_sampled_test PASS
  sva_unbounded_delay_shorthand_test PASS
  sysfunc_string_context_test    PASS
  system_task_selected_scope_test PASS
  task_fixed_array_argument_test PASS
  task_nonansi_direction_test    PASS
  tlm_debug_test                 PASS
  typedef_class_global_test      PASS
  typedef_init_shadow_test       PASS
  unique_case_large_dispatch_test PASS
  unpacked_array_parameter_port_test PASS
  unpacked_array_runtime_conditional_test PASS
  unpacked_array_slice_port_test PASS
  unpacked_struct_enum_method_test PASS
  uvm_process_guard_join_test    PASS
  uvm_regex_legacy_glob_test     PASS
  uvm_tlm_fifo_detached_blocking_test PASS
  uvm_tlm_fifo_detached_object_test PASS
  uvm_tlm_fifo_io_test           PASS
  vif_basic                      PASS
  vif_clocking_output_alias_test PASS
  vif_config_db_test             PASS
  vif_method_args_test           PASS
  vif_method_test                PASS
  vif_negedge_test               PASS
  vif_probe                      PASS
  vif_smoke                      PASS
  vif_smoke_v2                   PASS

DPI mode: REAL DPI umbrella loaded (/tmp/uvm_dpi_iv.vpi)
UVM regression: 357 passed, 0 failed, 0 skipped
