Running compiler/VVP tests for Icarus Verilog version: 13
Using list(s): regress-caliptra-interface-driver-focus-vvp.list
----------------------------------------------------------------------------
            sv_interface_task_mixed_driver_alias_unsafe: Passed - CE.
       sv_interface_task_mixed_driver_alias_unsafe_2023: Passed - CE.
           sv_interface_task_mixed_driver_called_unsafe: Passed - CE.
      sv_interface_task_mixed_driver_called_unsafe_2023: Passed - CE.
      sv_interface_task_mixed_driver_double_cont_unsafe: Passed - CE.
 sv_interface_task_mixed_driver_double_cont_unsafe_2023: Passed - CE.
         sv_interface_task_mixed_driver_indirect_unsafe: Passed - CE.
    sv_interface_task_mixed_driver_indirect_unsafe_2023: Passed - CE.
     sv_interface_task_mixed_driver_live_process_unsafe: Passed - CE.
sv_interface_task_mixed_driver_live_process_unsafe_2023: Passed - CE.
        sv_interface_task_mixed_driver_nb_called_unsafe: Passed - CE.
   sv_interface_task_mixed_driver_nb_called_unsafe_2023: Passed - CE.
               sv_interface_task_mixed_driver_nb_strict: Passed - CE.
          sv_interface_task_mixed_driver_nb_strict_2023: Passed - CE.
        sv_interface_task_mixed_driver_nb_unused_unsafe: Passed.
   sv_interface_task_mixed_driver_nb_unused_unsafe_2023: Passed.
        sv_interface_task_mixed_driver_ref_class_strict: Passed - CE.
   sv_interface_task_mixed_driver_ref_class_strict_2023: Passed - CE.
        sv_interface_task_mixed_driver_ref_class_unsafe: Passed - CE.
   sv_interface_task_mixed_driver_ref_class_unsafe_2023: Passed - CE.
              sv_interface_task_mixed_driver_ref_strict: Passed - CE.
         sv_interface_task_mixed_driver_ref_strict_2023: Passed - CE.
              sv_interface_task_mixed_driver_ref_unsafe: Passed - CE.
         sv_interface_task_mixed_driver_ref_unsafe_2023: Passed - CE.
          sv_interface_task_mixed_driver_sibling_unsafe: Passed - CE.
     sv_interface_task_mixed_driver_sibling_unsafe_2023: Passed - CE.
      sv_interface_task_mixed_driver_static_init_strict: Passed - CE.
 sv_interface_task_mixed_driver_static_init_strict_2023: Passed - CE.
      sv_interface_task_mixed_driver_static_init_unsafe: Passed - CE.
 sv_interface_task_mixed_driver_static_init_unsafe_2023: Passed - CE.
                  sv_interface_task_mixed_driver_strict: Passed - CE.
             sv_interface_task_mixed_driver_strict_2023: Passed - CE.
           sv_interface_task_mixed_driver_unused_unsafe: Passed.
      sv_interface_task_mixed_driver_unused_unsafe_2023: Passed.
   sv_interface_task_no_candidate_same_type_unsafe_2017: Passed - CE.
   sv_interface_task_no_candidate_same_type_unsafe_2023: Passed - CE.
   sv_interface_task_no_candidate_unrelated_strict_2017: Passed - CE.
   sv_interface_task_no_candidate_unrelated_strict_2023: Passed - CE.
   sv_interface_task_no_candidate_unrelated_unsafe_2017: Passed.
   sv_interface_task_no_candidate_unrelated_unsafe_2023: Passed.
============================================================================
Test results: Ran 40, Failed 0.
