Running compiler/VVP tests for Icarus Verilog version: 13
Using list(s): regress-caliptra-port-driver-focus-vvp.list
----------------------------------------------------------------------------
              sv_interface_port_mixed_driver_called_unsafe: Passed - CE.
         sv_interface_port_mixed_driver_called_unsafe_2023: Passed - CE.
        sv_interface_port_mixed_driver_class_handle_unsafe: Passed - CE.
   sv_interface_port_mixed_driver_class_handle_unsafe_2023: Passed - CE.
               sv_interface_port_mixed_driver_clean_strict: Passed.
          sv_interface_port_mixed_driver_clean_strict_2023: Passed.
         sv_interface_port_mixed_driver_direct_port_strict: Passed - CE.
    sv_interface_port_mixed_driver_direct_port_strict_2023: Passed - CE.
         sv_interface_port_mixed_driver_direct_port_unsafe: Passed - CE.
    sv_interface_port_mixed_driver_direct_port_unsafe_2023: Passed - CE.
             sv_interface_port_mixed_driver_dynamic_unsafe: Passed - CE.
        sv_interface_port_mixed_driver_dynamic_unsafe_2023: Passed - CE.
     sv_interface_port_mixed_driver_modport_dynamic_unsafe: Passed - CE.
sv_interface_port_mixed_driver_modport_dynamic_unsafe_2023: Passed - CE.
            sv_interface_port_mixed_driver_ref_port_strict: Passed - CE.
       sv_interface_port_mixed_driver_ref_port_strict_2023: Passed - CE.
            sv_interface_port_mixed_driver_ref_port_unsafe: Passed - CE.
       sv_interface_port_mixed_driver_ref_port_unsafe_2023: Passed - CE.
             sv_interface_port_mixed_driver_sibling_unsafe: Passed - CE.
        sv_interface_port_mixed_driver_sibling_unsafe_2023: Passed - CE.
            sv_interface_port_mixed_driver_two_port_strict: Passed - CE.
       sv_interface_port_mixed_driver_two_port_strict_2023: Passed - CE.
            sv_interface_port_mixed_driver_two_port_unsafe: Passed - CE.
       sv_interface_port_mixed_driver_two_port_unsafe_2023: Passed - CE.
              sv_interface_port_mixed_driver_unused_strict: Passed - CE.
         sv_interface_port_mixed_driver_unused_strict_2023: Passed - CE.
              sv_interface_port_mixed_driver_unused_unsafe: Passed.
         sv_interface_port_mixed_driver_unused_unsafe_2023: Passed.
============================================================================
Test results: Ran 28, Failed 0.
