UVM DPI library built (/tmp/uvm_dpi_iv.vpi via iverilog-vpi): running WITHOUT UVM_NO_DPI
  a1_modport_port_test           PASS
  a3_lhs_streaming_test          PASS
  a4_cast_to_queue_test          PASS
  a5_uvm_internal_typedef_test   PASS
  aa_first_obj_test              PASS
  always_comb_break_sensitivity_test PASS
  analysis_test                  PASS
  array_param_test               PASS
  array_parameter_concat_test    PASS
  array_parameter_nested_struct_pattern_test PASS
  array_parameter_package_passthrough_test PASS
  array_word_init_prop_test      PASS
  assert_property_test           PASS
  assoc_compound_assign_test     PASS
  auto_block_var_init_test       PASS
  auto_task_bitselect_event_test PASS
  auto_task_concurrent_frame_test PASS
  auto_task_frame_sharing_test   PASS
  b1_queue_find_real_test        PASS
  b1_queue_find_test             PASS
  b2_compare_warning_test        PASS
  b3_uvm_pair_copy_test          PASS
  b4_rgtry_initialize_test       PASS
  b5_queue_sort_test             PASS
  b6_copy_out_real_test          PASS
  b6_copy_out_warning_test       PASS
  b7_tagged_real_test            PASS
  b7_tagged_union_warn_test      PASS
  b8_std_randomize_real_test     PASS
  b8_std_randomize_warn_test     PASS
  b9_detached_fork_context_test  PASS
  b9_detached_fork_method_args_test PASS
  bind_conditional_generate_test PASS
  block_const_typedef_initializer_test PASS
  c3_assoc_of_queue_class_test   PASS
  c4_cmdline_processor_test      PASS
  cfgdb_iface_shadow_test        PASS
  class_array_packed_slice_test  PASS
  class_array_test               PASS
  class_constraint_nested_state_test PASS
  class_darray_from_fixed_array_test PASS
  class_handle_logical_not_test  PASS
  class_helper_fork_return_test  PASS
  class_method_fork_restart_test PASS
  class_packed_dynamic_nested_slice_test PASS
  class_property_ascending_variable_write_test PASS
  class_property_compound_width_test PASS
  class_property_constraint_mode_test PASS
  class_property_wait_method_test PASS
  class_scoped_new_test          PASS
  class_soft_candidate_fastpath_test PASS
  class_str_prop_display_test    PASS
  class_typedef_specialization_member_type_test PASS
  clocking_simple_test           PASS
  clocking_test                  PASS
  configdb_assoc_test            PASS
  configdb_classprop_test        PASS
  configdb_int_test              PASS
  configdb_opentitan_pattern     PASS
  configdb_string_test           PASS
  configdb_wildcard_test         PASS
  constant_function_fixed_array_formal_test PASS
  constraint_imported_constants_test PASS
  constraint_mode_test           PASS
  constraint_nested_solve_before_test PASS
  constraint_test                PASS
  coverage_basic_test            PASS
  coverage_cross_test            PASS
  coverage_full_test             PASS
  coverage_transition_set_test   