/Users/danielellerbrock/projects/iverilog_uvm/caliptra-rtl/src/integration/asserts/caliptra_top_sva.sv:584: warning: Anachronistic use of named begin/end to surround generate schemes.
/Users/danielellerbrock/projects/iverilog_uvm/caliptra-rtl/src/integration/asserts/caliptra_top_sva.sv:597: warning: Anachronistic use of named begin/end to surround generate schemes.
/Users/danielellerbrock/projects/iverilog_uvm/caliptra-rtl/src/integration/asserts/caliptra_top_sva.sv:610: warning: Anachronistic use of named begin/end to surround generate schemes.
/Users/danielellerbrock/projects/iverilog_uvm/caliptra-rtl/src/integration/asserts/caliptra_top_sva.sv:624: warning: Anachronistic use of named begin/end to surround generate schemes.
/Users/danielellerbrock/projects/iverilog_uvm/caliptra-rtl/src/integration/tb/dma_testcase_generator.sv:49: warning: Static variable initialization requires explicit lifetime in this context.
/Users/danielellerbrock/projects/iverilog_uvm/caliptra-rtl/src/integration/tb/dma_testcase_generator.sv:52: warning: Static variable initialization requires explicit lifetime in this context.
/Users/danielellerbrock/projects/iverilog_uvm/caliptra-rtl/src/integration/tb/dma_testcase_generator.sv:105: warning: Static variable initialization requires explicit lifetime in this context.
/Users/danielellerbrock/projects/iverilog_uvm/caliptra-rtl/src/integration/tb/caliptra_veer_sram_export.sv:40: warning: Static variable initialization requires explicit lifetime in this context.
/Users/danielellerbrock/projects/iverilog_uvm/caliptra-rtl/src/integration/tb/caliptra_veer_sram_export.sv:41: warning: Static variable initialization requires explicit lifetime in this context.
/Users/danielellerbrock/projects/iverilog_uvm/caliptra-rtl/src/integration/tb/caliptra_top_tb_axi_fifo.sv:238: warning: Static variable initialization requires explicit lifetime in this context.
/Users/danielellerbrock/projects/iverilog_uvm/caliptra-rtl/src/integration/tb/caliptra_top_tb_pkg.sv:40: warning: method function 'randomize' is being called as a task.
/Users/danielellerbrock/projects/iverilog_uvm/caliptra-rtl/src/integration/tb/caliptra_top_tb_pkg.sv:40: warning: method function 'randomize' is being called as a task.
/Users/danielellerbrock/projects/iverilog_uvm/caliptra-rtl/src/integration/tb/caliptra_top_tb_axi_complex.sv:427: error: Variable 'arvalid' cannot have continuous and procedural drivers on the same bits.
/Users/danielellerbrock/projects/iverilog_uvm/caliptra-rtl/src/integration/tb/caliptra_top_tb_axi_complex.sv:430: error: Variable 'araddr' cannot have continuous and procedural drivers on the same bits.
/Users/danielellerbrock/projects/iverilog_uvm/caliptra-rtl/src/integration/tb/caliptra_top_tb_axi_complex.sv:431: error: Variable 'arburst' cannot have continuous and procedural drivers on the same bits.
/Users/danielellerbrock/projects/iverilog_uvm/caliptra-rtl/src/integration/tb/caliptra_top_tb_axi_complex.sv:432: error: Variable 'arsize' cannot have continuous and procedural drivers on the same bits.
/Users/danielellerbrock/projects/iverilog_uvm/caliptra-rtl/src/integration/tb/caliptra_top_tb_axi_complex.sv:433: error: Variable 'arlen' cannot have continuous and procedural drivers on the same bits.
/Users/danielellerbrock/projects/iverilog_uvm/caliptra-rtl/src/integration/tb/caliptra_top_tb_axi_complex.sv:434: error: Variable 'aruser' cannot have continuous and procedural drivers on the same bits.
/Users/danielellerbrock/projects/iverilog_uvm/caliptra-rtl/src/integration/tb/caliptra_top_tb_axi_complex.sv:435: error: Variable 'arid' cannot have continuous and procedural drivers on the same bits.
/Users/danielellerbrock/projects/iverilog_uvm/caliptra-rtl/src/integration/tb/caliptra_top_tb_axi_complex.sv:436: error: Variable 'arlock' cannot have continuous and procedural drivers on the same bits.
/Users/danielellerbrock/projects/iverilog_uvm/caliptra-rtl/src/integration/tb/caliptra_top_tb_axi_complex.sv:439: error: Variable 'rready' cannot have continuous and procedural drivers on the same bits.
/Users/danielellerbrock/projects/iverilog_uvm/caliptra-rtl/src/integration/tb/caliptra_top_tb_axi_complex.sv:442: error: Variable 'awvalid' cannot have continuous and procedural drivers on the same bits.
/Users/danielellerbrock/projects/iverilog_uvm/caliptra-rtl/src/integration/tb/caliptra_top_tb_axi_complex.sv:446: error: Variable 'awaddr' cannot have continuous and procedural drivers on the same bits.
/Users/danielellerbrock/projects/iverilog_uvm/caliptra-rtl/src/integration/tb/caliptra_top_tb_axi_complex.sv:447: error: Variable 'awburst' cannot have continuous and procedural drivers on the same bits.
/Users/danielellerbrock/projects/iverilog_uvm/caliptra-rtl/src/integration/tb/caliptra_top_tb_axi_complex.sv:448: error: Variable 'awsize' cannot have continuous and procedural drivers on the same bits.
/Users/danielellerbrock/projects/iverilog_uvm/caliptra-rtl/src/integration/tb/caliptra_top_tb_axi_complex.sv:449: error: Variable 'awlen' cannot have continuous and procedural drivers on the same bits.
/Users/danielellerbrock/projects/iverilog_uvm/caliptra-rtl/src/integration/tb/caliptra_top_tb_axi_complex.sv:450: error: Variable 'awuser' cannot have continuous and procedural drivers on the same bits.
/Users/danielellerbrock/projects/iverilog_uvm/caliptra-rtl/src/integration/tb/caliptra_top_tb_axi_complex.sv:451: error: Variable 'awid' cannot have continuous and procedural drivers on the same bits.
/Users/danielellerbrock/projects/iverilog_uvm/caliptra-rtl/src/integration/tb/caliptra_top_tb_axi_complex.sv:452: error: Variable 'awlock' cannot have continuous and procedural drivers on the same bits.
/Users/danielellerbrock/projects/iverilog_uvm/caliptra-rtl/src/integration/tb/caliptra_top_tb_axi_complex.sv:457: error: Variable 'wvalid' cannot have continuous and procedural drivers on the same bits.
/Users/danielellerbrock/projects/iverilog_uvm/caliptra-rtl/src/integration/tb/caliptra_top_tb_axi_complex.sv:458: error: Variable 'wdata' cannot have continuous and procedural drivers on the same bits.
/Users/danielellerbrock/projects/iverilog_uvm/caliptra-rtl/src/integration/tb/caliptra_top_tb_axi_complex.sv:459: error: Variable 'wstrb' cannot have continuous and procedural drivers on the same bits.
/Users/danielellerbrock/projects/iverilog_uvm/caliptra-rtl/src/integration/tb/caliptra_top_tb_axi_complex.sv:460: error: Variable 'wuser' cannot have continuous and procedural drivers on the same bits.
/Users/danielellerbrock/projects/iverilog_uvm/caliptra-rtl/src/integration/tb/caliptra_top_tb_axi_complex.sv:461: error: Variable 'wlast' cannot have continuous and procedural drivers on the same bits.
/Users/danielellerbrock/projects/iverilog_uvm/caliptra-rtl/src/integration/tb/caliptra_top_tb_axi_complex.sv:464: error: Variable 'bready' cannot have continuous and procedural drivers on the same bits.
/Users/danielellerbrock/projects/iverilog_uvm/caliptra-rtl/src/integration/tb/caliptra_top_tb_axi_complex.sv:596: error: Variable 'arvalid' cannot have continuous and procedural drivers on the same bits.
/Users/danielellerbrock/projects/iverilog_uvm/caliptra-rtl/src/integration/tb/caliptra_top_tb_axi_complex.sv:597: error: Variable 'araddr' cannot have continuous and procedural drivers on the same bits.
/Users/danielellerbrock/projects/iverilog_uvm/caliptra-rtl/src/integration/tb/caliptra_top_tb_axi_complex.sv:598: error: Variable 'arburst' cannot have continuous and procedural drivers on the same bits.
/Users/danielellerbrock/projects/iverilog_uvm/caliptra-rtl/src/integration/tb/caliptra_top_tb_axi_complex.sv:599: error: Variable 'arsize' cannot have continuous and procedural drivers on the same bits.
/Users/danielellerbrock/projects/iverilog_uvm/caliptra-rtl/src/integration/tb/caliptra_top_tb_axi_complex.sv:600: error: Variable 'arlen' cannot have continuous and procedural drivers on the same bits.
/Users/danielellerbrock/projects/iverilog_uvm/caliptra-rtl/src/integration/tb/caliptra_top_tb_axi_complex.sv:601: error: Variable 'aruser' cannot have continuous and procedural drivers on the same bits.
/Users/danielellerbrock/projects/iverilog_uvm/caliptra-rtl/src/integration/tb/caliptra_top_tb_axi_complex.sv:602: error: Variable 'arid' cannot have continuous and procedural drivers on the same bits.
/Users/danielellerbrock/projects/iverilog_uvm/caliptra-rtl/src/integration/tb/caliptra_top_tb_axi_complex.sv:603: error: Variable 'arlock' cannot have continuous and procedural drivers on the same bits.
/Users/danielellerbrock/projects/iverilog_uvm/caliptra-rtl/src/integration/tb/caliptra_top_tb_axi_complex.sv:606: error: Variable 'rready' cannot have continuous and procedural drivers on the same bits.
/Users/danielellerbrock/projects/iverilog_uvm/caliptra-rtl/src/integration/tb/caliptra_top_tb_axi_complex.sv:609: error: Variable 'awvalid' cannot have continuous and procedural drivers on the same bits.
/Users/danielellerbrock/projects/iverilog_uvm/caliptra-rtl/src/integration/tb/caliptra_top_tb_axi_complex.sv:613: error: Variable 'awaddr' cannot have continuous and procedural drivers on the same bits.
/Users/danielellerbrock/projects/iverilog_uvm/caliptra-rtl/src/integration/tb/caliptra_top_tb_axi_complex.sv:614: error: Variable 'awburst' cannot have continuous and procedural drivers on the same bits.
/Users/danielellerbrock/projects/iverilog_uvm/caliptra-rtl/src/integration/tb/caliptra_top_tb_axi_complex.sv:615: error: Variable 'awsize' cannot have continuous and procedural drivers on the same bits.
/Users/danielellerbrock/projects/iverilog_uvm/caliptra-rtl/src/integration/tb/caliptra_top_tb_axi_complex.sv:616: error: Variable 'awlen' cannot have continuous and procedural drivers on the same bits.
/Users/danielellerbrock/projects/iverilog_uvm/caliptra-rtl/src/integration/tb/caliptra_top_tb_axi_complex.sv:617: error: Variable 'awuser' cannot have continuous and procedural drivers on the same bits.
/Users/danielellerbrock/projects/iverilog_uvm/caliptra-rtl/src/integration/tb/caliptra_top_tb_axi_complex.sv:618: error: Variable 'awid' cannot have continuous and procedural drivers on the same bits.
/Users/danielellerbrock/projects/iverilog_uvm/caliptra-rtl/src/integration/tb/caliptra_top_tb_axi_complex.sv:619: error: Variable 'awlock' cannot have continuous and procedural drivers on the same bits.
/Users/danielellerbrock/projects/iverilog_uvm/caliptra-rtl/src/integration/tb/caliptra_top_tb_axi_complex.sv:624: error: Variable 'wvalid' cannot have continuous and procedural drivers on the same bits.
/Users/danielellerbrock/projects/iverilog_uvm/caliptra-rtl/src/integration/tb/caliptra_top_tb_axi_complex.sv:625: error: Variable 'wdata' cannot have continuous and procedural drivers on the same bits.
/Users/danielellerbrock/projects/iverilog_uvm/caliptra-rtl/src/integration/tb/caliptra_top_tb_axi_complex.sv:626: error: Variable 'wstrb' cannot have continuous and procedural drivers on the same bits.
/Users/danielellerbrock/projects/iverilog_uvm/caliptra-rtl/src/integration/tb/caliptra_top_tb_axi_complex.sv:627: error: Variable 'wuser' cannot have continuous and procedural drivers on the same bits.
/Users/danielellerbrock/projects/iverilog_uvm/caliptra-rtl/src/integration/tb/caliptra_top_tb_axi_complex.sv:628: error: Variable 'wlast' cannot have continuous and procedural drivers on the same bits.
/Users/danielellerbrock/projects/iverilog_uvm/caliptra-rtl/src/integration/tb/caliptra_top_tb_axi_complex.sv:631: error: Variable 'bready' cannot have continuous and procedural drivers on the same bits.
/Users/danielellerbrock/projects/iverilog_uvm/caliptra-rtl/src/integration/tb/caliptra_top_tb_axi_complex.sv:530: warning: System task ($fatal) cannot be synthesized in an always_ff process.
/Users/danielellerbrock/projects/iverilog_uvm/caliptra-rtl/src/integration/tb/caliptra_top_tb_axi_complex.sv:505: warning: System task ($fatal) cannot be synthesized in an always_ff process.
/Users/danielellerbrock/projects/iverilog_uvm/caliptra-rtl/src/integration/tb/caliptra_top_tb_axi_complex.sv:411: warning: System task ($fatal) cannot be synthesized in an always_ff process.
/Users/danielellerbrock/projects/iverilog_uvm/caliptra-rtl/src/integration/tb/caliptra_top_tb_axi_complex.sv:386: warning: System task ($fatal) cannot be synthesized in an always_ff process.
/Users/danielellerbrock/projects/iverilog_uvm/caliptra-rtl/src/integration/tb/caliptra_top_tb_axi_complex.sv:253: warning: System task ($display) cannot be synthesized in an always_ff process.
/Users/danielellerbrock/projects/iverilog_uvm/caliptra-rtl/src/integration/tb/caliptra_top_tb_axi_complex.sv:262: warning: System task ($display) cannot be synthesized in an always_ff process.
/Users/danielellerbrock/projects/iverilog_uvm/caliptra-rtl/src/integration/tb/caliptra_top_tb_axi_complex.sv:270: warning: System task ($display) cannot be synthesized in an always_ff process.
/Users/danielellerbrock/projects/iverilog_uvm/caliptra-rtl/src/integration/tb/caliptra_top_tb_axi_fifo.sv:322: warning: System task ($display) cannot be synthesized in an always_ff process.
/Users/danielellerbrock/projects/iverilog_uvm/caliptra-rtl/src/integration/tb/caliptra_top_tb_services.sv:1170: warning: System task ($display) cannot be synthesized in an always_ff process.
/Users/danielellerbrock/projects/iverilog_uvm/caliptra-rtl/src/integration/tb/caliptra_top_tb_services.sv:1176: warning: System task ($display) cannot be synthesized in an always_ff process.
/Users/danielellerbrock/projects/iverilog_uvm/caliptra-rtl/src/integration/tb/caliptra_top_tb_services.sv:1182: warning: System task ($display) cannot be synthesized in an always_ff process.
/Users/danielellerbrock/projects/iverilog_uvm/caliptra-rtl/src/integration/test_suites/libs/jtagdpi/jtagdpi.sv:24: warning: user task (jtagdpi_tick) must be automatic to be synthesized in an always_ff process.
46 error(s) during elaboration.
