[1/84] uvm lowrisc:dv:aes_sim:0.1 -> FAIL
[2/84] uvm lowrisc:dv:aon_timer_sim:0.1 -> DEBT
[3/84] uvm lowrisc:dv:adc_ctrl_sim:0.1 -> DEBT
[4/84] uvm lowrisc:dv:clkmgr_sim:0.1 -> FAIL
[5/84] uvm lowrisc:dv:csrng_sim:0.1 -> FAIL
[6/84] uvm lowrisc:dv:entropy_src_sim:0.1 -> FAIL
[7/84] uvm lowrisc:dv:edn_sim:0.1 -> FAIL
[8/84] uvm lowrisc:dv:flash_ctrl_sim:0.1 -> FAIL
[9/84] uvm lowrisc:dv:gpio_sim:0.1 -> DEBT
[10/84] uvm lowrisc:dv:hmac_sim:0.1 -> DEBT
[11/84] uvm lowrisc:dv:ibex_icache_sim:0.1 -> FAIL
[12/84] uvm lowrisc:dv:i2c_sim:0.1 -> FAIL
[13/84] uvm lowrisc:dv:keymgr_sim:0.1 -> FAIL
[14/84] uvm lowrisc:dv:kmac_sim:0.1 -> FAIL
[15/84] uvm lowrisc:dv:lc_ctrl_sim:0.1 -> FAIL
[16/84] uvm lowrisc:dv:chip_sim:0.1 -> FAIL
[17/84] uvm lowrisc:dv:otbn_sim:0.1 -> FAIL
[18/84] uvm lowrisc:dv:pattgen_sim:0.1 -> DEBT
[19/84] uvm lowrisc:dv:otp_ctrl_sim:0.1 -> FAIL
[20/84] uvm lowrisc:dv:pwm_sim:0.1 -> FAIL
[21/84] uvm lowrisc:dv:rom_ctrl_sim:0.1 -> FAIL
[22/84] uvm lowrisc:dv:pwrmgr_sim:0.1 -> DEBT
[23/84] uvm lowrisc:dv:rstmgr_sim:0.1 -> FAIL
[24/84] uvm lowrisc:dv:rv_dm_sim:0.1 -> FAIL
[25/84] uvm lowrisc:dv:rv_timer_sim:0.1 -> FAIL
[26/84] uvm lowrisc:dv:spi_device_sim:0.1 -> FAIL
[27/84] uvm lowrisc:dv:sram_ctrl_sim:0.1 -> FAIL
[28/84] uvm lowrisc:dv:spi_host_sim:1.0 -> FAIL
[29/84] uvm lowrisc:dv:tl_agent_sim:0.1 -> DEBT
[30/84] uvm lowrisc:dv:sysrst_ctrl_sim:0.1 -> FAIL
[31/84] uvm lowrisc:dv:uart_sim:0.1 -> FAIL
[32/84] uvm lowrisc:dv:top_earlgrey_xbar_main_sim:0.1 -> DEBT
[33/84] uvm lowrisc:dv:top_earlgrey_xbar_peri_sim:0.1 -> DEBT
[34/84] uvm lowrisc:dv:usbdev_sim:0.1 -> FAIL
[35/84] uvm lowrisc:opentitan:top_earlgrey_alert_handler_sim:0.1 -> FAIL
[36/84] runtime lowrisc:dv:aes_sim:0.1 -> FAIL
[37/84] runtime lowrisc:dv:adc_ctrl_sim:0.1 -> RUNTIME_FAIL
[38/84] runtime lowrisc:dv:clkmgr_sim:0.1 -> FAIL
[39/84] runtime lowrisc:dv:csrng_sim:0.1 -> FAIL
[40/84] runtime lowrisc:dv:edn_sim:0.1 -> FAIL
[41/84] runtime lowrisc:dv:aon_timer_sim:0.1 -> DEBT
[42/84] runtime lowrisc:dv:entropy_src_sim:0.1 -> FAIL
[43/84] runtime lowrisc:dv:flash_ctrl_sim:0.1 -> FAIL
[44/84] runtime lowrisc:dv:chip_sim:0.1 -> FAIL
[45/84] runtime lowrisc:dv:i2c_sim:0.1 -> FAIL
[46/84] runtime lowrisc:dv:gpio_sim:0.1 -> DEBT
[47/84] runtime lowrisc:dv:ibex_icache_sim:0.1 -> FAIL
[48/84] runtime lowrisc:dv:hmac_sim:0.1 -> RUNTIME_FAIL
[49/84] runtime lowrisc:dv:keymgr_sim:0.1 -> FAIL
[50/84] runtime lowrisc:dv:kmac_sim:0.1 -> FAIL
[51/84] runtime lowrisc:dv:lc_ctrl_sim:0.1 -> FAIL
[52/84] runtime lowrisc:dv:otbn_sim:0.1 -> FAIL
[53/84] runtime lowrisc:dv:otp_ctrl_sim:0.1 -> FAIL
[54/84] runtime lowrisc:dv:prim_alert_sim:0.1 -> DEBT
[55/84] runtime lowrisc:dv:prim_esc_sim:0.1 -> DEBT
[56/84] runtime lowrisc:dv:pattgen_sim:0.1 -> RUNTIME_FAIL
[57/84] runtime lowrisc:dv:prim_flop_2sync_sim:0.1 -> FAIL
[58/84] runtime lowrisc:dv:prim_lfsr_sim:0.1 -> FAIL
[59/84] runtime lowrisc:dv:prim_present_sim:0.1 -> RUNTIME_FAIL
[60/84] runtime lowrisc:dv:prim_prince_sim:0.1 -> RUNTIME_FAIL
[61/84] runtime lowrisc:dv:pwm_sim:0.1 -> FAIL
[62/84] runtime lowrisc:dv:rstmgr_cnsty_chk_sim:0.1 -> FAIL
[63/84] runtime lowrisc:dv:rom_ctrl_sim:0.1 -> FAIL
[64/84] runtime lowrisc:dv:rstmgr_sim:0.1 -> FAIL
[65/84] runtime lowrisc:dv:rv_dm_sim:0.1 -> FAIL
[66/84] runtime lowrisc:dv:rv_timer_sim:0.1 -> FAIL
[67/84] runtime lowrisc:dv:spi_device_sim:0.1 -> FAIL
[68/84] runtime lowrisc:dv:pwrmgr_sim:0.1 -> DEBT
[69/84] runtime lowrisc:dv:spi_host_sim:1.0 -> FAIL
[70/84] runtime lowrisc:dv:spi_tpm_sim:0.1 -> FAIL
[71/84] runtime lowrisc:dv:spid_jedec_sim:0.1 -> FAIL
[72/84] runtime lowrisc:dv:spid_passthrough_sim:0.1 -> FAIL
[73/84] runtime lowrisc:dv:spid_readcmd_sim:0.1 -> FAIL
[74/84] runtime lowrisc:dv:spid_status_sim:0.1 -> FAIL
[75/84] runtime lowrisc:dv:spid_upload_sim:0.1 -> FAIL
[76/84] runtime lowrisc:dv:sram_ctrl_sim:0.1 -> FAIL
[77/84] runtime lowrisc:dv:sysrst_ctrl_sim:0.1 -> FAIL
[78/84] runtime lowrisc:dv:top_earlgrey_xbar_peri_sim:0.1 -> DEBT
[79/84] runtime lowrisc:dv:uart_sim:0.1 -> FAIL
[80/84] runtime lowrisc:dv:usbdev_sim:0.1 -> FAIL
[81/84] runtime lowrisc:ip:trial1_sim:0.1 -> RUNTIME_FAIL
[82/84] runtime lowrisc:opentitan:top_earlgrey_alert_handler_sim:0.1 -> FAIL
[83/84] runtime lowrisc:dv:tl_agent_sim:0.1 -> RUNTIME_TIMEOUT
[84/84] runtime lowrisc:dv:top_earlgrey_xbar_main_sim:0.1 -> DEBT
JSON: /Users/danielellerbrock/projects/iverilog_uvm/iverilog-uvm-opentitan-cover-open-range-20260925/evidence/opentitan-cover-open-range-20260925/latest-unsafe-matrix.json
Markdown: /Users/danielellerbrock/projects/iverilog_uvm/iverilog-uvm-opentitan-cover-open-range-20260925/evidence/opentitan-cover-open-range-20260925/latest-unsafe-matrix.md
